[INFO] [launch]: All log files can be found below /home/robot/.ros/log/2026-08-10-22-04-38-589937-robot-5714
[INFO] [launch]: Default logging verbosity is set to INFO
[INFO] [fastlio_bridge_node-1]: process started with pid [5717]
[INFO] [frame_transform_node-2]: process started with pid [5719]
[INFO] [map_io_node-3]: process started with pid [5721]
[INFO] [mapping_manager_node-4]: process started with pid [5723]
[mapping_manager_node-4] [INFO] [1786370678.650187944] [mapping_manager_node]: mapping_manager_node started
[mapping_manager_node-4] [INFO] [1786370678.650336834] [mapping_manager_node]:   auto_load_on_start: false
[mapping_manager_node-4] [INFO] [1786370678.650349565] [mapping_manager_node]:   auto_save_on_land: true
[frame_transform_node-2] [INFO] [1786370678.650562177] [frame_transform_node]: frame_transform_node started
[frame_transform_node-2] [INFO] [1786370678.650619331] [frame_transform_node]:   Published static TF: map -> odom (identity)
[frame_transform_node-2] [INFO] [1786370678.650624019] [frame_transform_node]:   Published static TF: camera_init -> map (identity, RViz display only)
[fastlio_bridge_node-1] [INFO] [1786370678.656231916] [fastlio_bridge_node]: FAST-LIO2 里程计桥接已启动：订阅 /Odometry -> /race/odom, /race/pose
[map_io_node-3] [INFO] [1786370678.665309367] [map_io_node]: map_io_node started
[map_io_node-3] [INFO] [1786370678.665384842] [map_io_node]:   map_file: /home/robot/rong_ws/ws_offboard_control/maps/现场扫图/20260810/扫图_20260810_220415/现场地图.pcd
[map_io_node-3] [INFO] [1786370678.665389967] [map_io_node]:   publish_topic: /saved_map
[map_io_node-3] [INFO] [1786370678.665393027] [map_io_node]:   display_leaf_size: 0.10 m
[map_io_node-3] [INFO] [1786370678.665398750] [map_io_node]:   max_display_points: 3000000
[fastlio_bridge_node-1] [INFO] [1786370680.020779782] [fastlio_bridge_node]: 已桥接并转换里程计: ENU(0.01, 0.02, -0.00) -> NED(-0.01, 0.02, 0.00)
[fastlio_bridge_node-1] [INFO] [1786370682.020275995] [fastlio_bridge_node]: 已桥接并转换里程计: ENU(0.02, 0.02, -0.00) -> NED(-0.02, 0.02, 0.00)
[fastlio_bridge_node-1] [INFO] [1786370684.021953733] [fastlio_bridge_node]: 已桥接并转换里程计: ENU(0.01, 0.02, 0.00) -> NED(-0.01, 0.02, -0.00)
[fastlio_bridge_node-1] [INFO] [1786370686.023658950] [fastlio_bridge_node]: 已桥接并转换里程计: ENU(0.02, 0.02, 0.00) -> NED(-0.02, 0.02, -0.00)
[fastlio_bridge_node-1] [INFO] [1786370688.021065912] [fastlio_bridge_node]: 已桥接并转换里程计: ENU(0.02, 0.02, 0.00) -> NED(-0.02, 0.02, -0.00)
[fastlio_bridge_node-1] [INFO] [1786370690.019846259] [fastlio_bridge_node]: 已桥接并转换里程计: ENU(0.02, 0.02, -0.00) -> NED(-0.02, 0.02, 0.00)
[fastlio_bridge_node-1] [INFO] [1786370692.020785401] [fastlio_bridge_node]: 已桥接并转换里程计: ENU(0.02, 0.02, 0.00) -> NED(-0.02, 0.02, -0.00)
[fastlio_bridge_node-1] [INFO] [1786370694.022023156] [fastlio_bridge_node]: 已桥接并转换里程计: ENU(0.02, 0.02, 0.00) -> NED(-0.02, 0.02, -0.00)
[fastlio_bridge_node-1] [INFO] [1786370696.021992233] [fastlio_bridge_node]: 已桥接并转换里程计: ENU(0.02, 0.02, -0.00) -> NED(-0.02, 0.02, 0.00)
[fastlio_bridge_node-1] [INFO] [1786370698.023815642] [fastlio_bridge_node]: 已桥接并转换里程计: ENU(0.02, 0.02, -0.00) -> NED(-0.02, 0.02, 0.00)
[fastlio_bridge_node-1] [INFO] [1786370700.022308666] [fastlio_bridge_node]: 已桥接并转换里程计: ENU(0.02, 0.03, -0.00) -> NED(-0.02, 0.03, 0.00)
[fastlio_bridge_node-1] [INFO] [1786370702.020772238] [fastlio_bridge_node]: 已桥接并转换里程计: ENU(0.02, 0.02, -0.00) -> NED(-0.02, 0.02, 0.00)
[fastlio_bridge_node-1] [INFO] [1786370704.020082313] [fastlio_bridge_node]: 已桥接并转换里程计: ENU(0.03, 0.02, -0.00) -> NED(-0.03, 0.02, 0.00)
[fastlio_bridge_node-1] [INFO] [1786370706.021454206] [fastlio_bridge_node]: 已桥接并转换里程计: ENU(0.02, 0.03, 0.00) -> NED(-0.02, 0.03, -0.00)
[fastlio_bridge_node-1] [INFO] [1786370708.021826190] [fastlio_bridge_node]: 已桥接并转换里程计: ENU(0.03, 0.02, -0.00) -> NED(-0.03, 0.02, 0.00)
[mapping_manager_node-4] [INFO] [1786370708.654525291] [mapping_manager_node]: Mapping status: in_flight=false, map_loaded=false, map_saved=false
[fastlio_bridge_node-1] [INFO] [1786370710.021796211] [fastlio_bridge_node]: 已桥接并转换里程计: ENU(0.03, 0.03, -0.00) -> NED(-0.03, 0.03, 0.00)
[fastlio_bridge_node-1] [INFO] [1786370712.020876052] [fastlio_bridge_node]: 已桥接并转换里程计: ENU(0.03, 0.03, -0.00) -> NED(-0.03, 0.03, 0.00)
[fastlio_bridge_node-1] [INFO] [1786370714.021546334] [fastlio_bridge_node]: 已桥接并转换里程计: ENU(0.03, 0.03, -0.01) -> NED(-0.03, 0.03, 0.01)
[fastlio_bridge_node-1] [INFO] [1786370716.022541893] [fastlio_bridge_node]: 已桥接并转换里程计: ENU(0.03, 0.03, -0.00) -> NED(-0.03, 0.03, 0.00)
[frame_transform_node-2] [INFO] [1786370717.613784519] [rclcpp]: signal_handler(SIGINT/SIGTERM)
[map_io_node-3] [INFO] [1786370717.613784425] [rclcpp]: signal_handler(SIGINT/SIGTERM)
[mapping_manager_node-4] [INFO] [1786370717.613784617] [rclcpp]: signal_handler(SIGINT/SIGTERM)
[fastlio_bridge_node-1] [INFO] [1786370717.614534633] [rclcpp]: signal_handler(SIGINT/SIGTERM)
[INFO] [frame_transform_node-2]: process has finished cleanly [pid 5719]
[INFO] [mapping_manager_node-4]: process has finished cleanly [pid 5723]
[INFO] [map_io_node-3]: process has finished cleanly [pid 5721]
[INFO] [fastlio_bridge_node-1]: process has finished cleanly [pid 5717]
