[INFO] [launch]: All log files can be found below /home/robot/.ros/log/2026-08-10-22-03-19-438424-robot-4607
[INFO] [launch]: Default logging verbosity is set to INFO
[INFO] [fastlio_bridge_node-1]: process started with pid [4610]
[INFO] [frame_transform_node-2]: process started with pid [4612]
[INFO] [map_io_node-3]: process started with pid [4614]
[INFO] [mapping_manager_node-4]: process started with pid [4616]
[mapping_manager_node-4] [INFO] [1786370599.505986026] [mapping_manager_node]: mapping_manager_node started
[mapping_manager_node-4] [INFO] [1786370599.506078910] [mapping_manager_node]:   auto_load_on_start: false
[mapping_manager_node-4] [INFO] [1786370599.506085070] [mapping_manager_node]:   auto_save_on_land: true
[frame_transform_node-2] [INFO] [1786370599.507728688] [frame_transform_node]: frame_transform_node started
[frame_transform_node-2] [INFO] [1786370599.507829453] [frame_transform_node]:   Published static TF: map -> odom (identity)
[frame_transform_node-2] [INFO] [1786370599.507843442] [frame_transform_node]:   Published static TF: camera_init -> map (identity, RViz display only)
[fastlio_bridge_node-1] [INFO] [1786370599.509324811] [fastlio_bridge_node]: FAST-LIO2 里程计桥接已启动：订阅 /Odometry -> /race/odom, /race/pose
[map_io_node-3] [INFO] [1786370599.529780928] [map_io_node]: map_io_node started
[map_io_node-3] [INFO] [1786370599.529920808] [map_io_node]:   map_file: /home/robot/rong_ws/ws_offboard_control/maps/现场扫图/20260810/扫图_20260810_220302/现场地图.pcd
[map_io_node-3] [INFO] [1786370599.529926972] [map_io_node]:   publish_topic: /saved_map
[map_io_node-3] [INFO] [1786370599.529930007] [map_io_node]:   display_leaf_size: 0.10 m
[map_io_node-3] [INFO] [1786370599.529936707] [map_io_node]:   max_display_points: 3000000
[fastlio_bridge_node-1] [INFO] [1786370600.074719987] [fastlio_bridge_node]: 已桥接并转换里程计: ENU(0.01, 0.01, -0.03) -> NED(-0.01, 0.01, 0.03)
[fastlio_bridge_node-1] [INFO] [1786370602.086037327] [fastlio_bridge_node]: 已桥接并转换里程计: ENU(0.01, 0.01, -0.03) -> NED(-0.01, 0.01, 0.03)
[fastlio_bridge_node-1] [INFO] [1786370604.084558832] [fastlio_bridge_node]: 已桥接并转换里程计: ENU(0.01, 0.01, -0.03) -> NED(-0.01, 0.01, 0.03)
[fastlio_bridge_node-1] [INFO] [1786370606.083871466] [fastlio_bridge_node]: 已桥接并转换里程计: ENU(0.01, 0.02, -0.03) -> NED(-0.01, 0.02, 0.03)
[fastlio_bridge_node-1] [INFO] [1786370608.073442330] [fastlio_bridge_node]: 已桥接并转换里程计: ENU(0.01, 0.01, -0.04) -> NED(-0.01, 0.01, 0.04)
[fastlio_bridge_node-1] [INFO] [1786370610.073885990] [fastlio_bridge_node]: 已桥接并转换里程计: ENU(0.01, 0.02, -0.03) -> NED(-0.01, 0.02, 0.03)
[fastlio_bridge_node-1] [INFO] [1786370612.073418167] [fastlio_bridge_node]: 已桥接并转换里程计: ENU(0.00, 0.02, -0.04) -> NED(-0.00, 0.02, 0.04)
[fastlio_bridge_node-1] [INFO] [1786370614.075897073] [fastlio_bridge_node]: 已桥接并转换里程计: ENU(0.01, 0.02, -0.03) -> NED(-0.01, 0.02, 0.03)
[fastlio_bridge_node-1] [INFO] [1786370616.075381005] [fastlio_bridge_node]: 已桥接并转换里程计: ENU(0.00, 0.02, -0.03) -> NED(-0.00, 0.02, 0.03)
[fastlio_bridge_node-1] [INFO] [1786370618.073497910] [fastlio_bridge_node]: 已桥接并转换里程计: ENU(0.00, 0.02, -0.03) -> NED(-0.00, 0.02, 0.03)
[fastlio_bridge_node-1] [INFO] [1786370620.073363329] [fastlio_bridge_node]: 已桥接并转换里程计: ENU(0.00, 0.02, -0.03) -> NED(-0.00, 0.02, 0.03)
[fastlio_bridge_node-1] [INFO] [1786370622.077421915] [fastlio_bridge_node]: 已桥接并转换里程计: ENU(0.00, 0.02, -0.03) -> NED(-0.00, 0.02, 0.03)
[fastlio_bridge_node-1] [INFO] [1786370624.084211744] [fastlio_bridge_node]: 已桥接并转换里程计: ENU(0.00, 0.02, -0.03) -> NED(-0.00, 0.02, 0.03)
[fastlio_bridge_node-1] [INFO] [1786370626.074962863] [fastlio_bridge_node]: 已桥接并转换里程计: ENU(-0.00, 0.02, -0.04) -> NED(0.00, 0.02, 0.04)
[fastlio_bridge_node-1] [INFO] [1786370628.074125282] [fastlio_bridge_node]: 已桥接并转换里程计: ENU(0.00, 0.02, -0.04) -> NED(-0.00, 0.02, 0.04)
[mapping_manager_node-4] [INFO] [1786370629.508452652] [mapping_manager_node]: Mapping status: in_flight=false, map_loaded=false, map_saved=false
[fastlio_bridge_node-1] [INFO] [1786370630.075027767] [fastlio_bridge_node]: 已桥接并转换里程计: ENU(0.01, 0.02, -0.03) -> NED(-0.01, 0.02, 0.03)
[fastlio_bridge_node-1] [INFO] [1786370632.084573831] [fastlio_bridge_node]: 已桥接并转换里程计: ENU(0.00, 0.02, -0.04) -> NED(-0.00, 0.02, 0.04)
[fastlio_bridge_node-1] [INFO] [1786370634.073931181] [fastlio_bridge_node]: 已桥接并转换里程计: ENU(0.00, 0.01, -0.03) -> NED(-0.00, 0.01, 0.03)
[fastlio_bridge_node-1] [INFO] [1786370636.074906615] [fastlio_bridge_node]: 已桥接并转换里程计: ENU(0.00, 0.02, -0.04) -> NED(-0.00, 0.02, 0.04)
[fastlio_bridge_node-1] [INFO] [1786370638.074166596] [fastlio_bridge_node]: 已桥接并转换里程计: ENU(0.01, 0.02, -0.03) -> NED(-0.01, 0.02, 0.03)
[fastlio_bridge_node-1] [INFO] [1786370640.074603578] [fastlio_bridge_node]: 已桥接并转换里程计: ENU(0.00, 0.02, -0.03) -> NED(-0.00, 0.02, 0.03)
[fastlio_bridge_node-1] [INFO] [1786370642.075947224] [fastlio_bridge_node]: 已桥接并转换里程计: ENU(0.00, 0.02, -0.03) -> NED(-0.00, 0.02, 0.03)
[fastlio_bridge_node-1] [INFO] [1786370644.074907925] [fastlio_bridge_node]: 已桥接并转换里程计: ENU(-0.00, 0.02, -0.04) -> NED(0.00, 0.02, 0.04)
[fastlio_bridge_node-1] [INFO] [1786370646.085055505] [fastlio_bridge_node]: 已桥接并转换里程计: ENU(0.00, 0.02, -0.03) -> NED(-0.00, 0.02, 0.03)
[fastlio_bridge_node-1] [INFO] [1786370648.084332021] [fastlio_bridge_node]: 已桥接并转换里程计: ENU(0.00, 0.02, -0.04) -> NED(-0.00, 0.02, 0.04)
[frame_transform_node-2] [INFO] [1786370648.737539623] [rclcpp]: signal_handler(SIGINT/SIGTERM)
[mapping_manager_node-4] [INFO] [1786370648.737548566] [rclcpp]: signal_handler(SIGINT/SIGTERM)
[map_io_node-3] [INFO] [1786370648.737550482] [rclcpp]: signal_handler(SIGINT/SIGTERM)
[fastlio_bridge_node-1] [INFO] [1786370648.737563592] [rclcpp]: signal_handler(SIGINT/SIGTERM)
[INFO] [frame_transform_node-2]: process has finished cleanly [pid 4612]
[INFO] [fastlio_bridge_node-1]: process has finished cleanly [pid 4610]
[INFO] [mapping_manager_node-4]: process has finished cleanly [pid 4616]
[INFO] [map_io_node-3]: process has finished cleanly [pid 4614]
