[debug rosbag] starting
[debug rosbag] command: env FLIGHT_TIMESTAMP=20260811_212524 FLIGHT_RUN_DIR=/home/robot/rong_ws/ws_offboard_control/flight_records/20260811/flight_20260811_212524 /home/robot/rong_ws/ws_offboard_control/tools/rosbag/开始录包.sh
[debug rosbag] pid=18930 pgid=18930 log=/home/robot/rong_ws/ws_offboard_control/flight_records/20260811/flight_20260811_212524/logs/rosbag_debug.log
本场次目录：/home/robot/rong_ws/ws_offboard_control/flight_records/20260811/flight_20260811_212524
参数快照目录：/home/robot/rong_ws/ws_offboard_control/flight_records/20260811/flight_20260811_212524/snapshot
录包输出目录：/home/robot/rong_ws/ws_offboard_control/flight_records/20260811/flight_20260811_212524/rosbag
是否录制完整配准点云：false
在本终端按 Ctrl+C 停止录包。
stdin is not a terminal device. Keyboard handling disabled.[INFO] [1786454798.677493408] [rosbag2_recorder]: Press SPACE for pausing/resuming
[INFO] [1786454798.679548258] [rosbag2_storage]: Opened database '/home/robot/rong_ws/ws_offboard_control/flight_records/20260811/flight_20260811_212524/rosbag/rosbag_0.db3' for READ_WRITE.
[INFO] [1786454798.682414050] [rosbag2_recorder]: Listening for topics...
[INFO] [1786454798.682424631] [rosbag2_recorder]: Event publisher thread: Starting
[INFO] [1786454798.687667933] [rosbag2_recorder]: Subscribed to topic '/race/ego/odom'
[INFO] [1786454798.687759137] [rosbag2_recorder]: Recording...
[INFO] [1786454798.791264206] [rosbag2_recorder]: Subscribed to topic '/Odometry/healthy'
[INFO] [1786454798.794021367] [rosbag2_recorder]: Subscribed to topic '/ev_health/fault'
[INFO] [1786454798.797012855] [rosbag2_recorder]: Subscribed to topic '/ev_health/status'
[INFO] [1786454798.799007241] [rosbag2_recorder]: Subscribed to topic '/ev_health/diagnostics'
[INFO] [1786454798.800437469] [rosbag2_recorder]: Subscribed to topic '/race/global_planner/status'
[INFO] [1786454798.801451973] [rosbag2_recorder]: Subscribed to topic '/ev_health/velocity_ned'
[INFO] [1786454798.803848466] [rosbag2_recorder]: Subscribed to topic '/race/ego/local_goal'
[INFO] [1786454798.805641786] [rosbag2_recorder]: Subscribed to topic '/race/ego/local_path_reference'
[INFO] [1786454798.807058331] [rosbag2_recorder]: Subscribed to topic '/race/global_path'
[INFO] [1786454798.809086023] [rosbag2_recorder]: Subscribed to topic '/race/planner/status'
[INFO] [1786454798.811672008] [rosbag2_recorder]: Subscribed to topic '/race/super_planner/raw_path'
[INFO] [1786454798.914116024] [rosbag2_recorder]: Subscribed to topic '/mavros/vision_speed/speed_twist_cov'
[INFO] [1786454798.921161136] [rosbag2_recorder]: Subscribed to topic '/mavros/vision_pose/pose_cov'
[INFO] [1786454799.029502541] [rosbag2_recorder]: Subscribed to topic '/mavros/state'
[INFO] [1786454799.034045616] [rosbag2_recorder]: Subscribed to topic '/mavros/local_position/velocity_body'
[INFO] [1786454799.035360298] [rosbag2_recorder]: Subscribed to topic '/mavros/local_position/pose'
[INFO] [1786454799.038493889] [rosbag2_recorder]: Subscribed to topic '/mavros/estimator_status'
[INFO] [1786454799.044063513] [rosbag2_recorder]: Subscribed to topic '/mavros/setpoint_raw/target_local'
[INFO] [1786454799.046058574] [rosbag2_recorder]: Subscribed to topic '/mavros/local_position/velocity_local'
[INFO] [1786454799.047569000] [rosbag2_recorder]: Subscribed to topic '/mavros/local_position/odom'
[INFO] [1786454799.051391147] [rosbag2_recorder]: Subscribed to topic '/Odometry/guarded'
[INFO] [1786454800.508569341] [rosbag2_recorder]: Subscribed to topic '/race/ego/command_local_goal_seq'
[INFO] [1786454800.511391995] [rosbag2_recorder]: Subscribed to topic '/race/ego/status'
[INFO] [1786454800.515172035] [rosbag2_recorder]: Subscribed to topic '/race/ego/position_command'
[INFO] [1786454800.519475815] [rosbag2_recorder]: Subscribed to topic '/race/odom'
[INFO] [1786454800.521789686] [rosbag2_recorder]: Subscribed to topic '/race/ego/trajectory_setpoint'
[INFO] [1786454800.523830927] [rosbag2_recorder]: Subscribed to topic '/race/pose'
[INFO] [1786454800.528116075] [rosbag2_recorder]: Subscribed to topic '/race/control/status'
[INFO] [1786454800.533331907] [rosbag2_recorder]: Subscribed to topic '/race/ego/validated_bspline'
[INFO] [1786454800.535841899] [rosbag2_recorder]: Subscribed to topic '/mavros/setpoint_raw/local'
[INFO] [1786454800.643765814] [rosbag2_recorder]: Subscribed to topic '/race/ego/bspline'
[INFO] [1786454800.753219774] [rosbag2_recorder]: Subscribed to topic '/path'
[INFO] [1786454800.755924924] [rosbag2_recorder]: Subscribed to topic '/Odometry'
[INFO] [1786454800.759048323] [rosbag2_recorder]: Subscribed to topic '/goal_pose'
[INFO] [1786454850.517707584] [rosbag2_cpp]: Writing remaining messages from cache to the bag. It may take a while
[INFO] [1786454850.521852806] [rosbag2_recorder]: Event publisher thread: Exiting
[INFO] [1786454850.521958222] [rosbag2_recorder]: Recording stopped
[debug rosbag] 已退出，状态码 143
