[INFO] [launch]: All log files can be found below /home/robot/.ros/log/2026-08-09-14-57-30-673285-robot-35244
[INFO] [launch]: Default logging verbosity is set to INFO
[INFO] [mavros_node-1]: process started with pid [35264]
[INFO] [fastlio_odometry_guard-2]: process started with pid [35266]
[INFO] [fastlio_ev_health_monitor.py-3]: process started with pid [35268]
[INFO] [fix_mavros_odometry_frames.py-4]: process started with pid [35270]
[INFO] [fastlio_mavros_vision_bridge-5]: process started with pid [35272]
[INFO] [static_transform_publisher-6]: process started with pid [35274]
[INFO] [static_transform_publisher-7]: process started with pid [35276]
[INFO] [static_transform_publisher-8]: process started with pid [35278]
[INFO] [static_transform_publisher-9]: process started with pid [35280]
[fastlio_mavros_vision_bridge-5] [INFO] [1786258650.897956681] [fastlio_mavros_vision_bridge]: Bridging /Odometry/healthy -> /mavros/vision_pose/pose_cov + vision_speed for MAVROS vision input; body->FAST-LIO origin in body FLU=(0.0000, 0.0000, 0.0800) m, R_FASTLIO_body yaw=0.000000 rad, world yaw alignment=0.000000 rad
[static_transform_publisher-6] [INFO] [1786258650.904938242] [odom_to_camera_init]: Spinning until stopped - publishing transform
[static_transform_publisher-6] translation: ('0.000000', '0.000000', '0.000000')
[static_transform_publisher-6] rotation: ('0.000000', '0.000000', '0.000000', '1.000000')
[static_transform_publisher-6] from 'odom' to 'camera_init'
[static_transform_publisher-9] [INFO] [1786258650.918986060] [body_to_body_frd]: Spinning until stopped - publishing transform
[static_transform_publisher-9] translation: ('0.000000', '0.000000', '0.000000')
[static_transform_publisher-9] rotation: ('1.000000', '0.000000', '0.000000', '0.000000')
[static_transform_publisher-9] from 'body' to 'body_frd'
[mavros_node-1] [INFO] [1786258650.923951171] [mavros.mavros_node]: Starting mavros_node container
[mavros_node-1] [INFO] [1786258650.924140798] [mavros.mavros_node]: FCU URL: serial:///dev/ttyUSB0:921600?ids=255,190
[mavros_node-1] [INFO] [1786258650.924155008] [mavros.mavros_node]: GCS URL: 
[mavros_node-1] [INFO] [1786258650.924164495] [mavros.mavros_node]: UAS Prefix: /uas1
[mavros_node-1] [INFO] [1786258650.924173560] [mavros.mavros_node]: Starting mavros router node
[static_transform_publisher-8] [INFO] [1786258650.924724167] [camera_init_to_camera_init_ned]: Spinning until stopped - publishing transform
[static_transform_publisher-8] translation: ('0.000000', '0.000000', '0.000000')
[static_transform_publisher-8] rotation: ('0.707107', '0.707107', '0.000000', '0.000000')
[static_transform_publisher-8] from 'camera_init' to 'camera_init_ned'
[static_transform_publisher-7] [INFO] [1786258650.927720959] [base_link_to_body]: Spinning until stopped - publishing transform
[static_transform_publisher-7] translation: ('0.000000', '0.000000', '0.080000')
[static_transform_publisher-7] rotation: ('0.000000', '0.000000', '-0.000000', '1.000000')
[static_transform_publisher-7] from 'base_link' to 'body'
[fastlio_odometry_guard-2] [INFO] [1786258650.928612392] [fastlio_odometry_guard]: Guarding odometry /Odometry -> /Odometry/guarded (jump=0.30m, xy=0.20m, z=0.10m, speed=1.20m/s, unknown angular variance>=100000)
[mavros_node-1] [INFO] [1786258650.937651789] [mavros.mavros_router]: Built-in SIMD instructions: SSE, SSE2
[mavros_node-1] [INFO] [1786258650.937691002] [mavros.mavros_router]: Built-in MAVLink package version: 2026.3.3
[mavros_node-1] [INFO] [1786258650.937698990] [mavros.mavros_router]: Known MAVLink dialects: common ardupilotmega ASLUAV AVSSUAS all csAirLink cubepilot development icarous loweheiser marsh matrixpilot paparazzi standard stemstudios storm32 uAvionix ualberta
[mavros_node-1] [INFO] [1786258650.937702502] [mavros.mavros_router]: MAVROS Router started
[mavros_node-1] [INFO] [1786258650.937762650] [mavros.mavros_node]: Starting mavros uas node
[mavros_node-1] [INFO] [1786258650.994081969] [mavros.mavros_router]: Requested to add endpoint: type: 0, url: serial:///dev/ttyUSB0:921600?ids=255,190
[mavros_node-1] [INFO] [1786258650.994161769] [mavros.mavros_router]: Endpoint link[1000] created
[mavros_node-1] [INFO] [1786258650.994943452] [mavros.mavros_router]: link[1000] opened successfully
[mavros_node-1] [INFO] [1786258650.994986484] [mavros.mavros_router]: Requested to add endpoint: type: 2, url: /uas1
[mavros_node-1] [INFO] [1786258650.995008889] [mavros.mavros_router]: Endpoint link[1001] created
[mavros_node-1] [INFO] [1786258650.998652103] [mavros.mavros_router]: link[1000] detected remote address 1.1
[mavros_node-1] [INFO] [1786258650.999797898] [mavros.mavros_router]: link[1001] opened successfully
[mavros_node-1] [INFO] [1786258651.004200588] [mavros.mavros]: UAS Executor started, threads: 16
[mavros_node-1] [INFO] [1786258651.044484194] [mavros.mavros]: Plugin actuator_control created
[mavros_node-1] [INFO] [1786258651.044695616] [mavros.mavros]: Plugin actuator_control initialized
[fix_mavros_odometry_frames.py-4] Traceback (most recent call last):
[fix_mavros_odometry_frames.py-4]   File "/home/robot/rong_ws/ws_offboard_control/install/px4_ros_com/lib/px4_ros_com/fix_mavros_odometry_frames.py", line 9, in <module>
[fix_mavros_odometry_frames.py-4]     from rclpy.parameter_client import AsyncParameterClient
[fix_mavros_odometry_frames.py-4] ModuleNotFoundError: No module named 'rclpy.parameter_client'
[mavros_node-1] [INFO] [1786258651.079320347] [mavros.mavros]: Plugin adsb created
[mavros_node-1] [INFO] [1786258651.079394269] [mavros.mavros]: Plugin adsb initialized
[ERROR] [fix_mavros_odometry_frames.py-4]: process has died [pid 35270, exit code 1, cmd '/home/robot/rong_ws/ws_offboard_control/install/px4_ros_com/lib/px4_ros_com/fix_mavros_odometry_frames.py --ros-args -r __node:=fix_mavros_odometry_frames --params-file /tmp/launch_params_6it8zdyr'].
[mavros_node-1] [INFO] [1786258651.088193010] [mavros.mavros]: Plugin altitude created
[mavros_node-1] [INFO] [1786258651.088251687] [mavros.mavros]: Plugin altitude initialized
[mavros_node-1] [INFO] [1786258651.099586683] [mavros.mavros]: Plugin cam_imu_sync created
[mavros_node-1] [INFO] [1786258651.099712507] [mavros.mavros]: Plugin cam_imu_sync initialized
[mavros_node-1] [INFO] [1786258651.106749650] [mavros.mavros]: Plugin camera created
[mavros_node-1] [INFO] [1786258651.106814804] [mavros.mavros]: Plugin camera initialized
[mavros_node-1] [INFO] [1786258651.117407307] [mavros.mavros]: Plugin cellular_status created
[mavros_node-1] [INFO] [1786258651.117476180] [mavros.mavros]: Plugin cellular_status initialized
[mavros_node-1] [INFO] [1786258651.128566953] [mavros.mavros]: Plugin command created
[mavros_node-1] [INFO] [1786258651.128655442] [mavros.mavros]: Plugin command initialized
[mavros_node-1] [INFO] [1786258651.139446923] [mavros.mavros]: Plugin companion_process_status created
[mavros_node-1] [INFO] [1786258651.139537923] [mavros.mavros]: Plugin companion_process_status initialized
[mavros_node-1] [INFO] [1786258651.157893564] [mavros.mavros]: Plugin debug_value created
[mavros_node-1] [INFO] [1786258651.157974755] [mavros.mavros]: Plugin debug_value initialized
[mavros_node-1] [INFO] [1786258651.157991247] [mavros.mavros]: Plugin distance_sensor ignored
[mavros_node-1] [INFO] [1786258651.172595771] [mavros.mavros]: Plugin esc_status created
[mavros_node-1] [INFO] [1786258651.172708508] [mavros.mavros]: Plugin esc_status initialized
[mavros_node-1] [INFO] [1786258651.187124531] [mavros.mavros]: Plugin esc_telemetry created
[mavros_node-1] [INFO] [1786258651.187219773] [mavros.mavros]: Plugin esc_telemetry initialized
[mavros_node-1] [INFO] [1786258651.200892242] [mavros.mavros]: Plugin fake_gps created
[mavros_node-1] [INFO] [1786258651.201040258] [mavros.mavros]: Plugin fake_gps initialized
[mavros_node-1] [INFO] [1786258651.220793304] [mavros.mavros]: Plugin ftp created
[mavros_node-1] [INFO] [1786258651.220869806] [mavros.mavros]: Plugin ftp initialized
[mavros_node-1] [INFO] [1786258651.289992898] [mavros.mavros]: Plugin geofence created
[mavros_node-1] [INFO] [1786258651.290060115] [mavros.mavros]: Plugin geofence initialized
[fastlio_ev_health_monitor.py-3] [INFO] [1786258651.316529890] [fastlio_ev_health_monitor]: EV health gate /Odometry -> /Odometry/healthy; compare /mavros/local_position/velocity_local in PX4 local NED; status=/ev_health/status, diagnostics=/ev_health/diagnostics
[mavros_node-1] [INFO] [1786258651.319743787] [mavros.mavros]: Plugin gimbal_control created
[mavros_node-1] [INFO] [1786258651.319796753] [mavros.mavros]: Plugin gimbal_control initialized
[mavros_node-1] [INFO] [1786258651.337020213] [mavros.mavros]: Plugin global_position created
[mavros_node-1] [INFO] [1786258651.337128920] [mavros.mavros]: Plugin global_position initialized
[mavros_node-1] [INFO] [1786258651.349619873] [mavros.mavros]: Plugin gps_input created
[mavros_node-1] [INFO] [1786258651.349707139] [mavros.mavros]: Plugin gps_input initialized
[mavros_node-1] [INFO] [1786258651.364092854] [mavros.mavros]: Plugin gps_rtk created
[mavros_node-1] [INFO] [1786258651.364306403] [mavros.mavros]: Plugin gps_rtk initialized
[fastlio_ev_health_monitor.py-3] [WARN] [1786258651.367993860] [fastlio_ev_health_monitor]: EV health state=SUSPECT: px4_velocity_unaligned
[mavros_node-1] [INFO] [1786258651.377953222] [mavros.mavros]: Plugin gps_status created
[mavros_node-1] [INFO] [1786258651.378031629] [mavros.mavros]: Plugin gps_status initialized
[mavros_node-1] [INFO] [1786258651.393257058] [mavros.mavros]: Plugin guided_target created
[mavros_node-1] [INFO] [1786258651.393313620] [mavros.mavros]: Plugin guided_target initialized
[mavros_node-1] [INFO] [1786258651.415994684] [mavros.mavros]: Plugin hil created
[mavros_node-1] [INFO] [1786258651.416147884] [mavros.mavros]: Plugin hil initialized
[mavros_node-1] [INFO] [1786258651.436479765] [mavros.mavros]: Plugin home_position created
[mavros_node-1] [INFO] [1786258651.436639964] [mavros.mavros]: Plugin home_position initialized
[mavros_node-1] [INFO] [1786258651.453358804] [mavros.mavros]: Plugin imu created
[mavros_node-1] [INFO] [1786258651.453412666] [mavros.mavros]: Plugin imu initialized
[mavros_node-1] [INFO] [1786258651.468764303] [mavros.mavros]: Plugin landing_target created
[mavros_node-1] [INFO] [1786258651.468935117] [mavros.mavros]: Plugin landing_target initialized
[mavros_node-1] [INFO] [1786258651.494340062] [mavros.mavros]: Plugin local_position created
[mavros_node-1] [INFO] [1786258651.494431330] [mavros.mavros]: Plugin local_position initialized
[mavros_node-1] [INFO] [1786258651.520855548] [mavros.mavros]: Plugin log_transfer created
[mavros_node-1] [INFO] [1786258651.520909003] [mavros.mavros]: Plugin log_transfer initialized
[mavros_node-1] [INFO] [1786258651.538692293] [mavros.mavros]: Plugin mag_calibration_status created
[mavros_node-1] [INFO] [1786258651.538754522] [mavros.mavros]: Plugin mag_calibration_status initialized
[mavros_node-1] [INFO] [1786258651.558742023] [mavros.mavros]: Plugin manual_control created
[mavros_node-1] [INFO] [1786258651.558789584] [mavros.mavros]: Plugin manual_control initialized
[mavros_node-1] [INFO] [1786258651.574343130] [mavros.mavros]: Plugin mocap_pose_estimate created
[mavros_node-1] [INFO] [1786258651.574465458] [mavros.mavros]: Plugin mocap_pose_estimate initialized
[mavros_node-1] [INFO] [1786258651.599073407] [mavros.mavros]: Plugin mount_control created
[mavros_node-1] [INFO] [1786258651.599197659] [mavros.mavros]: Plugin mount_control initialized
[mavros_node-1] [INFO] [1786258651.611331536] [mavros.mavros]: Plugin nav_controller_output created
[mavros_node-1] [INFO] [1786258651.611407051] [mavros.mavros]: Plugin nav_controller_output initialized
[mavros_node-1] [INFO] [1786258651.626869866] [mavros.mavros]: Plugin obstacle_distance created
[mavros_node-1] [INFO] [1786258651.627021142] [mavros.mavros]: Plugin obstacle_distance initialized
[mavros_node-1] [INFO] [1786258651.645246459] [mavros.mavros]: Plugin obstacle_distance_3d created
[mavros_node-1] [INFO] [1786258651.645306014] [mavros.mavros]: Plugin obstacle_distance_3d initialized
[mavros_node-1] [INFO] [1786258651.659177082] [mavros.mavros]: Plugin odometry created
[mavros_node-1] [INFO] [1786258651.659251027] [mavros.mavros]: Plugin odometry initialized
[fastlio_ev_health_monitor.py-3] [WARN] [1786258651.667173046] [fastlio_ev_health_monitor]: EV health state=FAULT: px4_velocity_unaligned
[mavros_node-1] [INFO] [1786258651.682166111] [mavros.mavros]: Plugin onboard_computer_status created
[mavros_node-1] [INFO] [1786258651.682359003] [mavros.mavros]: Plugin onboard_computer_status initialized
[mavros_node-1] [INFO] [1786258651.701660878] [mavros.mavros]: Plugin open_drone_id created
[mavros_node-1] [INFO] [1786258651.701736596] [mavros.mavros]: Plugin open_drone_id initialized
[mavros_node-1] [INFO] [1786258651.722570564] [mavros.mavros]: Plugin optical_flow created
[mavros_node-1] [INFO] [1786258651.722626080] [mavros.mavros]: Plugin optical_flow initialized
[mavros_node-1] [INFO] [1786258651.738554545] [mavros.mavros]: Plugin param created
[mavros_node-1] [INFO] [1786258651.738623588] [mavros.mavros]: Plugin param initialized
[mavros_node-1] [INFO] [1786258651.768072947] [mavros.mavros]: Plugin play_tune created
[mavros_node-1] [INFO] [1786258651.768138249] [mavros.mavros]: Plugin play_tune initialized
[mavros_node-1] [INFO] [1786258651.785611853] [mavros.mavros]: Plugin px4flow created
[mavros_node-1] [INFO] [1786258651.785728118] [mavros.mavros]: Plugin px4flow initialized
[mavros_node-1] [INFO] [1786258651.810093776] [mavros.mavros]: Plugin rallypoint created
[mavros_node-1] [INFO] [1786258651.810179162] [mavros.mavros]: Plugin rallypoint initialized
[mavros_node-1] [INFO] [1786258651.810188795] [mavros.mavros]: Plugin rangefinder ignored
[mavros_node-1] [INFO] [1786258651.834937707] [mavros.mavros]: Plugin rc_io created
[mavros_node-1] [INFO] [1786258651.835121190] [mavros.mavros]: Plugin rc_io initialized
[mavros_node-1] [INFO] [1786258651.853813577] [mavros.mavros]: Plugin setpoint_accel created
[mavros_node-1] [INFO] [1786258651.853880798] [mavros.mavros]: Plugin setpoint_accel initialized
[mavros_node-1] [INFO] [1786258651.875180558] [mavros.mavros]: Plugin setpoint_attitude created
[mavros_node-1] [INFO] [1786258651.875246763] [mavros.mavros]: Plugin setpoint_attitude initialized
[mavros_node-1] [INFO] [1786258651.905728476] [mavros.mavros]: Plugin setpoint_position created
[mavros_node-1] [INFO] [1786258651.905839449] [mavros.mavros]: Plugin setpoint_position initialized
[mavros_node-1] [INFO] [1786258651.935104940] [mavros.mavros]: Plugin setpoint_raw created
[mavros_node-1] [INFO] [1786258651.935172333] [mavros.mavros]: Plugin setpoint_raw initialized
[mavros_node-1] [INFO] [1786258651.957268604] [mavros.mavros]: Plugin setpoint_trajectory created
[mavros_node-1] [INFO] [1786258651.957328781] [mavros.mavros]: Plugin setpoint_trajectory initialized
[mavros_node-1] [INFO] [1786258651.978504198] [mavros.mavros]: Plugin setpoint_velocity created
[mavros_node-1] [INFO] [1786258651.978562423] [mavros.mavros]: Plugin setpoint_velocity initialized
[mavros_node-1] [INFO] [1786258652.005792019] [mavros.mavros]: Plugin sim_state created
[mavros_node-1] [INFO] [1786258652.005854638] [mavros.mavros]: Plugin sim_state initialized
[mavros_node-1] [INFO] [1786258652.044231705] [mavros.mavros]: Plugin sys_status created
[mavros_node-1] [INFO] [1786258652.044381312] [mavros.mavros]: Plugin sys_status initialized
[mavros_node-1] [INFO] [1786258652.078229987] [mavros.time]: TM: Timesync mode: MAVLINK
[mavros_node-1] [INFO] [1786258652.084915189] [mavros.mavros]: Plugin sys_time created
[mavros_node-1] [INFO] [1786258652.084994847] [mavros.mavros]: Plugin sys_time initialized
[mavros_node-1] [INFO] [1786258652.121240442] [mavros.mavros]: Plugin tdr_radio created
[mavros_node-1] [INFO] [1786258652.121379948] [mavros.mavros]: Plugin tdr_radio initialized
[mavros_node-1] [INFO] [1786258652.161704517] [mavros.mavros]: Plugin terrain created
[mavros_node-1] [INFO] [1786258652.161793934] [mavros.mavros]: Plugin terrain initialized
[mavros_node-1] [INFO] [1786258652.200640965] [mavros.mavros]: Plugin trajectory created
[mavros_node-1] [INFO] [1786258652.200745341] [mavros.mavros]: Plugin trajectory initialized
[mavros_node-1] [INFO] [1786258652.222723381] [mavros.mavros]: Plugin tunnel created
[mavros_node-1] [INFO] [1786258652.222887335] [mavros.mavros]: Plugin tunnel initialized
[mavros_node-1] [INFO] [1786258652.255126313] [mavros.mavros]: Plugin vfr_hud created
[mavros_node-1] [INFO] [1786258652.255202700] [mavros.mavros]: Plugin vfr_hud initialized
[mavros_node-1] [INFO] [1786258652.255209349] [mavros.mavros]: Plugin vibration ignored
[mavros_node-1] [INFO] [1786258652.289442837] [mavros.mavros]: Plugin vision_pose created
[mavros_node-1] [INFO] [1786258652.289537341] [mavros.mavros]: Plugin vision_pose initialized
[mavros_node-1] [INFO] [1786258652.327750191] [mavros.mavros]: Plugin vision_speed created
[mavros_node-1] [INFO] [1786258652.327809461] [mavros.mavros]: Plugin vision_speed initialized
[mavros_node-1] [INFO] [1786258652.373037576] [mavros.mavros]: Plugin waypoint created
[mavros_node-1] [INFO] [1786258652.373124394] [mavros.mavros]: Plugin waypoint initialized
[mavros_node-1] [INFO] [1786258652.373131004] [mavros.mavros]: Plugin wheel_odometry ignored
[mavros_node-1] [INFO] [1786258652.402392370] [mavros.mavros]: Plugin wind_estimation created
[mavros_node-1] [INFO] [1786258652.402474377] [mavros.mavros]: Plugin wind_estimation initialized
[mavros_node-1] [INFO] [1786258652.405924330] [mavros.mavros]: Built-in SIMD instructions: SSE, SSE2
[mavros_node-1] [INFO] [1786258652.405957660] [mavros.mavros]: Built-in MAVLink package version: 2026.3.3
[mavros_node-1] [INFO] [1786258652.405962934] [mavros.mavros]: Known MAVLink dialects: common ardupilotmega ASLUAV AVSSUAS all csAirLink cubepilot development icarous loweheiser marsh matrixpilot paparazzi standard stemstudios storm32 uAvionix ualberta
[mavros_node-1] [INFO] [1786258652.405967432] [mavros.mavros]: MAVROS UAS via /uas1 started. MY ID 255.190, TARGET ID 1.1
[mavros_node-1] [INFO] [1786258652.410187698] [mavros.imu]: IMU: High resolution IMU detected!
[mavros_node-1] [INFO] [1786258652.415876078] [mavros.imu]: IMU: Attitude quaternion IMU detected!
[mavros_node-1] [INFO] [1786258652.446744676] [mavros.rc]: RC_CHANNELS message detected!
[mavros_node-1] [INFO] [1786258652.493030010] [mavros.mavros_router]: link[1001] detected remote address 255.190
[mavros_node-1] [INFO] [1786258652.893249732] [mavros.mavros]: CON: Got HEARTBEAT, connected. FCU: PX4 Autopilot
[mavros_node-1] [INFO] [1786258652.893374188] [mavros.mission]: WP: detected enable_partial_push: 0
[mavros_node-1] [INFO] [1786258652.896419894] [mavros.rc]: RC_CHANNELS message detected!
[mavros_node-1] [INFO] [1786258652.909445119] [mavros.imu]: IMU: Attitude quaternion IMU detected!
[mavros_node-1] [INFO] [1786258652.910462693] [mavros.imu]: IMU: High resolution IMU detected!
[mavros_node-1] [WARN] [1786258653.915837199] [mavros.cmd]: CMD: Unexpected command 520, result 3
[fastlio_ev_health_monitor.py-3] [INFO] [1786258654.566448871] [fastlio_ev_health_monitor]: EV health state=HEALTHY: ok
[mavros_node-1] [WARN] [1786258654.935445603] [mavros.sys]: FCU: UNK(8): EVENT 11047904 with args -0-128-0-18-1-0-0-0-0-0-0-0-0-131-191-1-128-0-0-0-0-0-0-0-0-0-0-0-0-0-0-0-0-0-0-0-0-0-0-0-
[mavros_node-1] [ERROR] [1786258654.935781693] [mavros.sys]: FCU: EVENT 16642797 with args -124-0-126-0-17-0-0-0-0-0-0-0-0-0-0-0-0-0-0-0-0-0-0-0-0-0-0-0-0-0-0-0-0-0-0-0-0-0-0-0-
[mavros_node-1] [ERROR] [1786258654.936158221] [mavros.sys]: FCU: EVENT 9077977 with args -255-255-255-255-7-0-0-0-0-0-0-0-0-0-0-0-0-0-0-0-0-0-0-0-0-0-0-0-0-0-0-0-0-0-0-0-0-0-0-0-
[mavros_node-1] [ERROR] [1786258654.936493782] [mavros.sys]: FCU: EVENT 11464574 with args -0-64-0-0-20-0-0-0-0-0-0-0-0-0-0-0-0-0-0-0-0-0-0-0-0-0-0-0-0-0-0-0-0-0-0-0-0-0-0-0-
[mavros_node-1] [ERROR] [1786258654.936804372] [mavros.sys]: FCU: EVENT 13835193 with args -124-0-126-0-17-0-0-0-0-0-0-0-0-0-0-0-0-0-0-0-0-0-0-0-0-0-0-0-0-0-0-0-0-0-0-0-0-0-0-0-
[mavros_node-1] [ERROR] [1786258654.937150920] [mavros.sys]: FCU: EVENT 10011251 with args -56-0-0-0-24-0-0-0-0-0-0-0-0-0-0-0-0-0-0-0-0-0-0-0-0-0-0-0-0-0-0-0-0-0-0-0-0-0-0-0-
[mavros_node-1] [INFO] [1786258654.937472320] [mavros.sys]: FCU: EVENT 377561 with args -8-0-0-0-20-0-0-0-0-0-0-0-0-0-0-0-0-0-0-0-0-0-0-0-0-0-0-0-0-0-0-0-0-0-0-0-0-0-0-0-
[mavros_node-1] [INFO] [1786258654.937834890] [mavros.sys]: FCU: EVENT 79408 with args -32-0-0-0-20-0-0-0-0-0-0-0-0-0-0-0-0-0-0-0-0-0-0-0-0-0-0-0-0-0-0-0-0-0-0-0-0-0-0-0-
[mavros_node-1] [WARN] [1786258654.938225529] [mavros.sys]: FCU: UNK(8): EVENT 1914663 with args -0-130-16-2-48-0-0-0-0-0-0-0-0-0-0-0-0-0-0-0-0-0-0-0-0-0-0-0-0-0-0-0-0-0-0-0-0-0-0-0-
[mavros_node-1] [WARN] [1786258655.001507997] [mavros.sys]: VER: broadcast request timeout, retries left 4
[mavros_node-1] [WARN] [1786258655.901899658] [mavros.sys]: VER: broadcast request timeout, retries left 3
[mavros_node-1] [ERROR] [1786258656.933118434] [mavros.sys]: VER: command plugin service call failed!
[mavros_node-1] [WARN] [1786258656.933295560] [mavros.sys]: VER: unicast request timeout, retries left 2
[mavros_node-1] [WARN] [1786258656.998256497] [mavros.sys]: FCU: UNK(8): EVENT 11047904 with args -0-128-0-16-1-0-0-0-0-0-0-0-0-199-191-127-128-0-0-0-0-0-0-0-0-0-0-0-0-0-0-0-0-0-0-0-0-0-0-0-
[mavros_node-1] [ERROR] [1786258656.998592680] [mavros.sys]: FCU: EVENT 9077977 with args -255-255-255-255-7-0-0-0-0-0-0-0-0-0-0-0-0-0-0-0-0-0-0-0-0-0-0-0-0-0-0-0-0-0-0-0-0-0-0-0-
[mavros_node-1] [ERROR] [1786258656.999004290] [mavros.sys]: FCU: EVENT 11464574 with args -0-64-0-0-20-0-0-0-0-0-0-0-0-0-0-0-0-0-0-0-0-0-0-0-0-0-0-0-0-0-0-0-0-0-0-0-0-0-0-0-
[mavros_node-1] [ERROR] [1786258656.999312863] [mavros.sys]: FCU: EVENT 10011251 with args -56-0-0-0-24-0-0-0-0-0-0-0-0-0-0-0-0-0-0-0-0-0-0-0-0-0-0-0-0-0-0-0-0-0-0-0-0-0-0-0-
[mavros_node-1] [INFO] [1786258656.999633526] [mavros.sys]: FCU: EVENT 377561 with args -8-0-0-0-20-0-0-0-0-0-0-0-0-0-0-0-0-0-0-0-0-0-0-0-0-0-0-0-0-0-0-0-0-0-0-0-0-0-0-0-
[mavros_node-1] [INFO] [1786258656.999962598] [mavros.sys]: FCU: EVENT 79408 with args -32-0-0-0-20-0-0-0-0-0-0-0-0-0-0-0-0-0-0-0-0-0-0-0-0-0-0-0-0-0-0-0-0-0-0-0-0-0-0-0-
[mavros_node-1] [WARN] [1786258657.002108270] [mavros.sys]: FCU: UNK(8): EVENT 1914663 with args -0-130-16-2-48-0-0-0-0-0-0-0-0-0-0-0-0-0-0-0-0-0-0-0-0-0-0-0-0-0-0-0-0-0-0-0-0-0-0-0-
[mavros_node-1] [ERROR] [1786258657.920130094] [mavros.sys]: VER: command plugin service call failed!
[mavros_node-1] [WARN] [1786258657.920207908] [mavros.sys]: VER: unicast request timeout, retries left 1
[mavros_node-1] [ERROR] [1786258658.911868724] [mavros.sys]: VER: command plugin service call failed!
[mavros_node-1] [WARN] [1786258658.911995861] [mavros.sys]: VER: unicast request timeout, retries left 0
[mavros_node-1] [ERROR] [1786258659.925463557] [mavros.sys]: VER: command plugin service call failed!
[mavros_node-1] [WARN] [1786258659.925539749] [mavros.sys]: VER: your FCU don't support AUTOPILOT_VERSION, switched to default capabilities
[mavros_node-1] [INFO] [1786258662.894221118] [mavros.home_position]: HP: requesting home position
[mavros_node-1] [INFO] [1786258667.898125731] [mavros.mission]: WP: mission received
[mavros_node-1] [INFO] [1786258672.902131468] [mavros.rallypoint]: RP: mission received
[mavros_node-1] [WARN] [1786258676.709644288] [mavros.local_position]: New subscription discovered on topic '/mavros/local_position/odom', requesting incompatible QoS. No messages will be sent to it. Last incompatible policy: RELIABILITY_QOS_POLICY
[mavros_node-1] [WARN] [1786258676.957074830] [mavros.sys]: FCU: UNK(8): EVENT 11047904 with args -0-128-0-0-1-0-0-0-0-0-0-0-0-199-255-127-128-0-0-0-0-0-0-0-0-0-0-0-0-0-0-0-0-0-0-0-0-0-0-0-
[mavros_node-1] [ERROR] [1786258676.957417412] [mavros.sys]: FCU: EVENT 9077977 with args -255-255-255-255-7-0-0-0-0-0-0-0-0-0-0-0-0-0-0-0-0-0-0-0-0-0-0-0-0-0-0-0-0-0-0-0-0-0-0-0-
[mavros_node-1] [ERROR] [1786258676.957757225] [mavros.sys]: FCU: EVENT 10011251 with args -56-0-0-0-24-0-0-0-0-0-0-0-0-0-0-0-0-0-0-0-0-0-0-0-0-0-0-0-0-0-0-0-0-0-0-0-0-0-0-0-
[mavros_node-1] [INFO] [1786258676.958072686] [mavros.sys]: FCU: EVENT 377561 with args -8-0-0-0-20-0-0-0-0-0-0-0-0-0-0-0-0-0-0-0-0-0-0-0-0-0-0-0-0-0-0-0-0-0-0-0-0-0-0-0-
[mavros_node-1] [INFO] [1786258676.958432985] [mavros.sys]: FCU: EVENT 79408 with args -32-0-0-0-20-0-0-0-0-0-0-0-0-0-0-0-0-0-0-0-0-0-0-0-0-0-0-0-0-0-0-0-0-0-0-0-0-0-0-0-
[mavros_node-1] [WARN] [1786258676.960624295] [mavros.sys]: FCU: UNK(8): EVENT 1914663 with args -0-130-16-2-48-0-0-0-0-0-0-0-0-0-0-0-0-0-0-0-0-0-0-0-0-0-0-0-0-0-0-0-0-0-0-0-0-0-0-0-
[mavros_node-1] [INFO] [1786258677.898114706] [mavros.geofence]: GF: mission received
[mavros_node-1] [WARN] [1786258679.653320997] [mavros.cmd]: CMD: Unexpected command 512, result 2
