Flight run directory: /home/robot/rong_ws/ws_offboard_control/flight_records/20260809/flight_20260809_145716
Parameter snapshot: /home/robot/rong_ws/ws_offboard_control/flight_records/20260809/flight_20260809_145716/snapshot
Recording rosbag to: /home/robot/rong_ws/ws_offboard_control/flight_records/20260809/flight_20260809_145716/rosbag
Record full registered point cloud: false
Press Ctrl+C in this terminal to stop recording.
stdin is not a terminal device. Keyboard handling disabled.[INFO] [1786258669.852649398] [rosbag2_recorder]: Press SPACE for pausing/resuming
[INFO] [1786258669.853626439] [rosbag2_storage]: Opened database '/home/robot/rong_ws/ws_offboard_control/flight_records/20260809/flight_20260809_145716/rosbag/rosbag_0.db3' for READ_WRITE.
[INFO] [1786258669.854038940] [rosbag2_recorder]: Listening for topics...
[INFO] [1786258669.854056106] [rosbag2_recorder]: Event publisher thread: Starting
[INFO] [1786258669.854134820] [rosbag2_recorder]: Recording...
[INFO] [1786258670.557637954] [rosbag2_recorder]: Subscribed to topic '/Odometry'
[INFO] [1786258670.558202618] [rosbag2_recorder]: Subscribed to topic '/path'
[INFO] [1786258672.275930959] [rosbag2_recorder]: Subscribed to topic '/Odometry/guarded'
[INFO] [1786258672.383107607] [rosbag2_recorder]: Subscribed to topic '/mavros/local_position/pose'
[INFO] [1786258672.384849347] [rosbag2_recorder]: Subscribed to topic '/Odometry/healthy'
[INFO] [1786258672.386261842] [rosbag2_recorder]: Subscribed to topic '/ev_health/fault'
[INFO] [1786258672.387911399] [rosbag2_recorder]: Subscribed to topic '/ev_health/status'
[INFO] [1786258672.389037502] [rosbag2_recorder]: Subscribed to topic '/mavros/local_position/odom'
[INFO] [1786258672.390108760] [rosbag2_recorder]: Subscribed to topic '/mavros/local_position/velocity_local'
[INFO] [1786258672.391634479] [rosbag2_recorder]: Subscribed to topic '/ev_health/diagnostics'
[INFO] [1786258672.392818272] [rosbag2_recorder]: Subscribed to topic '/ev_health/velocity_ned'
[INFO] [1786258672.394818132] [rosbag2_recorder]: Subscribed to topic '/mavros/vision_pose/pose_cov'
[INFO] [1786258672.396408395] [rosbag2_recorder]: Subscribed to topic '/mavros/vision_speed/speed_twist_cov'
[INFO] [1786258672.504162332] [rosbag2_recorder]: Subscribed to topic '/mavros/state'
[INFO] [1786258672.505109900] [rosbag2_recorder]: Subscribed to topic '/race/ego/status'
[INFO] [1786258672.506319956] [rosbag2_recorder]: Subscribed to topic '/mavros/setpoint_raw/target_local'
[INFO] [1786258672.507660815] [rosbag2_recorder]: Subscribed to topic '/race/ego/trajectory_setpoint'
[INFO] [1786258672.509824182] [rosbag2_recorder]: Subscribed to topic '/race/ego/validated_bspline'
[INFO] [1786258672.511311128] [rosbag2_recorder]: Subscribed to topic '/race/ego/command_local_goal_seq'
[INFO] [1786258672.985180180] [rosbag2_recorder]: Subscribed to topic '/race/odom'
[INFO] [1786258672.991805988] [rosbag2_recorder]: Subscribed to topic '/race/pose'
[INFO] [1786258672.995555108] [rosbag2_recorder]: Subscribed to topic '/mavros/setpoint_raw/local'
[INFO] [1786258672.997529901] [rosbag2_recorder]: Subscribed to topic '/race/control/status'
[INFO] [1786258673.000043464] [rosbag2_recorder]: Subscribed to topic '/race/ego/odom'
[INFO] [1786258673.239222224] [rosbag2_recorder]: Subscribed to topic '/race/ego/bspline'
[INFO] [1786258673.439032769] [rosbag2_recorder]: Subscribed to topic '/race/ego/position_command'
[INFO] [1786258673.717430801] [rosbag2_recorder]: Subscribed to topic '/race/global_path'
[INFO] [1786258673.719649336] [rosbag2_recorder]: Subscribed to topic '/race/global_planner/status'
[INFO] [1786258673.722719894] [rosbag2_recorder]: Subscribed to topic '/race/ego/local_path_reference'
[INFO] [1786258673.725184102] [rosbag2_recorder]: Subscribed to topic '/race/ego/local_goal'
[INFO] [1786258673.728105426] [rosbag2_recorder]: Subscribed to topic '/race/navigation_setpoint'
[INFO] [1786258673.730900685] [rosbag2_recorder]: Subscribed to topic '/race/super_planner/raw_path'
[INFO] [1786258673.733820195] [rosbag2_recorder]: Subscribed to topic '/race/planner/status'
[INFO] [1786258776.498696922] [rosbag2_cpp]: Writing remaining messages from cache to the bag. It may take a while
[INFO] [1786258776.503301836] [rosbag2_recorder]: Event publisher thread: Exiting
[INFO] [1786258776.503574556] [rosbag2_recorder]: Recording stopped
