[debug rosbag] starting
[debug rosbag] command: env FLIGHT_TIMESTAMP=20260809_190128 FLIGHT_RUN_DIR=/home/robot/rong_ws/ws_offboard_control/flight_records/20260809/flight_20260809_190128 /home/robot/rong_ws/ws_offboard_control/tools/rosbag/record_takeoff_debug_bag.sh
[debug rosbag] pid=126050 pgid=126050 log=/home/robot/rong_ws/ws_offboard_control/flight_records/20260809/flight_20260809_190128/logs/rosbag_debug.log
Flight run directory: /home/robot/rong_ws/ws_offboard_control/flight_records/20260809/flight_20260809_190128
Parameter snapshot: /home/robot/rong_ws/ws_offboard_control/flight_records/20260809/flight_20260809_190128/snapshot
Recording rosbag to: /home/robot/rong_ws/ws_offboard_control/flight_records/20260809/flight_20260809_190128/rosbag
Record full registered point cloud: false
Press Ctrl+C in this terminal to stop recording.
stdin is not a terminal device. Keyboard handling disabled.[INFO] [1786273324.998878674] [rosbag2_recorder]: Press SPACE for pausing/resuming
[INFO] [1786273325.006940257] [rosbag2_storage]: Opened database '/home/robot/rong_ws/ws_offboard_control/flight_records/20260809/flight_20260809_190128/rosbag/rosbag_0.db3' for READ_WRITE.
[INFO] [1786273325.008894375] [rosbag2_recorder]: Listening for topics...
[INFO] [1786273325.009027123] [rosbag2_recorder]: Event publisher thread: Starting
[INFO] [1786273325.012116589] [rosbag2_recorder]: Subscribed to topic '/race/ego/command_local_goal_seq'
[INFO] [1786273325.014295575] [rosbag2_recorder]: Subscribed to topic '/race/ego/local_goal'
[INFO] [1786273325.017040727] [rosbag2_recorder]: Subscribed to topic '/race/ego/local_path_reference'
[INFO] [1786273325.019289509] [rosbag2_recorder]: Subscribed to topic '/race/ego/bspline'
[INFO] [1786273325.020964917] [rosbag2_recorder]: Subscribed to topic '/race/ego/status'
[INFO] [1786273325.024421209] [rosbag2_recorder]: Subscribed to topic '/race/ego/trajectory_setpoint'
[INFO] [1786273325.025452833] [rosbag2_recorder]: Subscribed to topic '/race/ego/validated_bspline'
[INFO] [1786273325.026781599] [rosbag2_recorder]: Subscribed to topic '/race/super_planner/raw_path'
[INFO] [1786273325.027314521] [rosbag2_recorder]: Subscribed to topic '/race/global_path'
[INFO] [1786273325.027834299] [rosbag2_recorder]: Subscribed to topic '/race/odom'
[INFO] [1786273325.028341788] [rosbag2_recorder]: Subscribed to topic '/race/global_planner/status'
[INFO] [1786273325.028932413] [rosbag2_recorder]: Subscribed to topic '/race/navigation_setpoint'
[INFO] [1786273325.029433768] [rosbag2_recorder]: Subscribed to topic '/race/planner/status'
[INFO] [1786273325.029841790] [rosbag2_recorder]: Subscribed to topic '/race/pose'
[INFO] [1786273325.029915475] [rosbag2_recorder]: Recording...
[INFO] [1786273325.849234602] [rosbag2_recorder]: Subscribed to topic '/Odometry/guarded'
[INFO] [1786273325.957592037] [rosbag2_recorder]: Subscribed to topic '/mavros/local_position/pose'
[INFO] [1786273325.961824472] [rosbag2_recorder]: Subscribed to topic '/mavros/local_position/velocity_local'
[INFO] [1786273325.966597447] [rosbag2_recorder]: Subscribed to topic '/mavros/local_position/odom'
[INFO] [1786273326.085397504] [rosbag2_recorder]: Subscribed to topic '/mavros/vision_speed/speed_twist_cov'
[INFO] [1786273326.095121732] [rosbag2_recorder]: Subscribed to topic '/path'
[INFO] [1786273326.101133366] [rosbag2_recorder]: Subscribed to topic '/mavros/vision_pose/pose_cov'
[INFO] [1786273326.105366804] [rosbag2_recorder]: Subscribed to topic '/race/control/status'
[INFO] [1786273326.113028784] [rosbag2_recorder]: Subscribed to topic '/mavros/setpoint_raw/local'
[INFO] [1786273326.114830754] [rosbag2_recorder]: Subscribed to topic '/mavros/setpoint_raw/target_local'
[INFO] [1786273326.118807961] [rosbag2_recorder]: Subscribed to topic '/Odometry'
[INFO] [1786273326.121779598] [rosbag2_recorder]: Subscribed to topic '/race/ego/position_command'
[INFO] [1786273326.227305279] [rosbag2_recorder]: Subscribed to topic '/mavros/state'
[INFO] [1786273326.442307146] [rosbag2_recorder]: Subscribed to topic '/Odometry/healthy'
[INFO] [1786273326.445236679] [rosbag2_recorder]: Subscribed to topic '/ev_health/fault'
[INFO] [1786273326.448363858] [rosbag2_recorder]: Subscribed to topic '/ev_health/status'
[INFO] [1786273326.452522234] [rosbag2_recorder]: Subscribed to topic '/ev_health/diagnostics'
[INFO] [1786273326.456910962] [rosbag2_recorder]: Subscribed to topic '/ev_health/velocity_ned'
[INFO] [1786273327.017584809] [rosbag2_recorder]: Subscribed to topic '/race/ego/odom'
[INFO] [1786273348.201014697] [rosbag2_cpp]: Writing remaining messages from cache to the bag. It may take a while
[INFO] [1786273348.207146329] [rosbag2_recorder]: Event publisher thread: Exiting
[INFO] [1786273348.207530017] [rosbag2_recorder]: Recording stopped
[debug rosbag] exited with status 143
