Flight run directory: /home/robot/ws_offboard_control/flight_records/20260721/flight_20260721_183313
Parameter snapshot: /home/robot/ws_offboard_control/flight_records/20260721/flight_20260721_183313/snapshot
Recording rosbag to: /home/robot/ws_offboard_control/flight_records/20260721/flight_20260721_183313/rosbag
Record full registered point cloud: false
Press Ctrl+C in this terminal to stop recording.
stdin is not a terminal device. Keyboard handling disabled.[INFO] [1784630015.885563324] [rosbag2_recorder]: Press SPACE for pausing/resuming
[INFO] [1784630015.888161013] [rosbag2_storage]: Opened database '/home/robot/ws_offboard_control/flight_records/20260721/flight_20260721_183313/rosbag/rosbag_0.db3' for READ_WRITE.
[INFO] [1784630015.889571685] [rosbag2_recorder]: Listening for topics...
[INFO] [1784630015.889594869] [rosbag2_recorder]: Event publisher thread: Starting
[INFO] [1784630015.889879550] [rosbag2_recorder]: Recording...
[INFO] [1784630016.395017550] [rosbag2_recorder]: Subscribed to topic '/Odometry/healthy'
[INFO] [1784630016.395752472] [rosbag2_recorder]: Subscribed to topic '/ev_health/fault'
[INFO] [1784630016.396124005] [rosbag2_recorder]: Subscribed to topic '/ev_health/status'
[INFO] [1784630016.396865073] [rosbag2_recorder]: Subscribed to topic '/ev_health/diagnostics'
[INFO] [1784630016.397595085] [rosbag2_recorder]: Subscribed to topic '/ev_health/velocity_ned'
[INFO] [1784630016.701953212] [rosbag2_recorder]: Subscribed to topic '/Odometry'
[INFO] [1784630016.703235830] [rosbag2_recorder]: Subscribed to topic '/path'
[INFO] [1784630017.711479108] [rosbag2_recorder]: Subscribed to topic '/mavros/setpoint_raw/local'
[INFO] [1784630017.712190525] [rosbag2_recorder]: Subscribed to topic '/route_tracker/lookahead_target'
[INFO] [1784630017.712731392] [rosbag2_recorder]: Subscribed to topic '/minipc_mavros_offboard/mpc_setpoint_debug'
[INFO] [1784630017.713123506] [rosbag2_recorder]: Subscribed to topic '/route_tracker/reference_path_3d'
[INFO] [1784630019.231121786] [rosbag2_recorder]: Subscribed to topic '/mavros/vision_speed/speed_twist_cov'
[INFO] [1784630019.232952107] [rosbag2_recorder]: Subscribed to topic '/mavros/vision_pose/pose_cov'
[INFO] [1784630019.238577810] [rosbag2_recorder]: Subscribed to topic '/Odometry/guarded'
[INFO] [1784630019.963540415] [rosbag2_recorder]: Subscribed to topic '/mavros/state'
[INFO] [1784630019.965850452] [rosbag2_recorder]: Subscribed to topic '/mavros/setpoint_raw/target_local'
[INFO] [1784630019.971018595] [rosbag2_recorder]: Subscribed to topic '/mavros/local_position/velocity_local'
[INFO] [1784630019.972137289] [rosbag2_recorder]: Subscribed to topic '/mavros/local_position/odom'
[INFO] [1784630019.973251271] [rosbag2_recorder]: Subscribed to topic '/mavros/local_position/pose'
