[INFO] [1784630005.217513106] [minipc_mavros_offboard]: Started minipc_mavros_offboard with arm_only=False, takeoff_height_m=0.8, hover_seconds=10.0, offboard_stabilize_seconds=20.0, use_rc_offboard=True, hold_after_arm_reject=True, ignore_z_in_arm_only=True, debug_hold_after_mode_drop=True, recent_pose_samples=30, require_vision_pose=True, vision_freshness_s=1.0, require_ev_health=True, ev_health_topic=/ev_health/status, ev_health_required_s=7.5, ev_health_freshness_s=1.0, lift_only_seconds=0.0, z_ramp_seconds=2.5, target_xyz=(0.0, 0.0, -0.5), xy_move_unlock_height_m=0.5, yaw_deg=0.0, auto_land=False, land_on_offboard_loss=True, offboard_land=True, offboard_land_speed_mps=0.07, offboard_land_auto_handoff_height_m=0.1, auto_disarm_after_land=True, disarm_after_land_delay_s=2.0, land_wait_timeout_s=45.0, land_mode_retry_s=1.0, land_mode_confirm_timeout_s=2.0, landed_ground_tolerance_m=0.06, target_reached_tolerance_m=0.15, landed_hold_seconds=0.0, drift_guard_enabled=True, drift_warning_m=0.2, drift_land_m=0.5, drift_emergency_m=0.6, drift_land_trigger_duration_s=0.3, drift_emergency_trigger_duration_s=0.1, takeoff_transient_guard_enabled=True, takeoff_transient_window_s=3.0, takeoff_transient_trigger_duration_s=0.2, takeoff_transient_limits=(displacement=0.5, speed=0.5, roll=10.0, pitch=10.0), legacy_max_horizontal_drift_m=0.5, mavros_state_freshness_s=1.5, control_mode=ramp, enable_route_tracking=False, route_path_topic=/nav2_stage1/path, route_fixed_flight_height_m=1.0, route_start_tolerance_m=0.4, route_goal_tolerance_m=0.2, route_lookahead_m=0.4, route_max_vxy_mps=0.25, route_max_vz_mps=0.15, route_setpoint_rate_hz=30.0, route_path_timeout_s=2.0, route_fail_action=hold, route_final_hold_seconds=3.0
[ERROR] [1784630005.223470523] [minipc_mavros_offboard]: EV health changed to FAULT: EV health state is FAULT
[INFO] [1784630005.224948887] [minipc_mavros_offboard]: EV health is HEALTHY; continuous pre-arm timer restarted
[INFO] [1784630005.226484353] [minipc_mavros_offboard]: Waiting for MAVROS connection
[INFO] [1784630005.626050984] [minipc_mavros_offboard]: Waiting for MAVROS local odometry before arming
[WARN] [1784630005.626365674] [minipc_mavros_offboard]: Waiting for continuous healthy EV before prestream: EV healthy duration 0.4s / required 7.5s
[WARN] [1784630006.660476148] [minipc_mavros_offboard]: Waiting for continuous healthy EV before prestream: EV healthy duration 1.4s / required 7.5s
[WARN] [1784630007.662304515] [minipc_mavros_offboard]: Waiting for continuous healthy EV before prestream: EV healthy duration 2.4s / required 7.5s
[WARN] [1784630008.693028631] [minipc_mavros_offboard]: Waiting for continuous healthy EV before prestream: EV healthy duration 3.5s / required 7.5s
[WARN] [1784630009.516473121] [minipc_mavros_offboard]: EV health changed to SUSPECT
[WARN] [1784630009.694402156] [minipc_mavros_offboard]: Waiting for continuous healthy EV before prestream: EV health state is SUSPECT
[WARN] [1784630010.727287980] [minipc_mavros_offboard]: Waiting for continuous healthy EV before prestream: EV health state is SUSPECT
[INFO] [1784630011.594673178] [minipc_mavros_offboard]: EV health is HEALTHY; continuous pre-arm timer restarted
[WARN] [1784630011.760288466] [minipc_mavros_offboard]: Waiting for continuous healthy EV before prestream: EV healthy duration 0.2s / required 7.5s
[WARN] [1784630012.792850845] [minipc_mavros_offboard]: Waiting for continuous healthy EV before prestream: EV healthy duration 1.2s / required 7.5s
[WARN] [1784630013.793430856] [minipc_mavros_offboard]: Waiting for continuous healthy EV before prestream: EV healthy duration 2.2s / required 7.5s
[WARN] [1784630014.827389954] [minipc_mavros_offboard]: Waiting for continuous healthy EV before prestream: EV healthy duration 3.2s / required 7.5s
[WARN] [1784630015.827919299] [minipc_mavros_offboard]: Waiting for continuous healthy EV before prestream: EV healthy duration 4.2s / required 7.5s
[WARN] [1784630016.827789538] [minipc_mavros_offboard]: Waiting for continuous healthy EV before prestream: EV healthy duration 5.2s / required 7.5s
[WARN] [1784630017.859429652] [minipc_mavros_offboard]: Waiting for continuous healthy EV before prestream: EV healthy duration 6.3s / required 7.5s
[WARN] [1784630018.893633953] [minipc_mavros_offboard]: Waiting for continuous healthy EV before prestream: EV healthy duration 7.3s / required 7.5s
[INFO] [1784630019.126478814] [minipc_mavros_offboard]: Averaged MAVROS local odometry for prestream x=-0.26, y=0.17, z=-0.01
[INFO] [1784630019.126765502] [minipc_mavros_offboard]: Provisional prestream target in MAVROS local ENU x=-0.26, y=0.17, z_start=-0.01, z_final=0.49
[INFO] [1784630019.160331323] [minipc_mavros_offboard]: Streaming pre-arm MAVROS setpoints
[INFO] [1784630022.495096879] [minipc_mavros_offboard]: Streaming setpoints and waiting for RC to switch OFFBOARD
[INFO] [1784630027.593381346] [minipc_mavros_offboard]: Locked takeoff reference at first OFFBOARD activation: current_enu=(-0.261, 0.175, -0.010), target_enu=(-0.261, 0.175, 0.490)
[INFO] [1784630027.593721378] [minipc_mavros_offboard]: OFFBOARD reported by MAVROS state
[INFO] [1784630047.660923710] [minipc_mavros_offboard]: Arming vehicle
[INFO] [1784630047.662321595] [minipc_mavros_offboard]: Requested arming
[INFO] [1784630047.693182537] [minipc_mavros_offboard]: Locked hold yaw to current MAVROS local yaw 4.9 deg
[INFO] [1784630047.726987219] [minipc_mavros_offboard]: Holding MAVROS setpoint
[INFO] [1784630047.728060130] [minipc_mavros_offboard]: Vehicle left armed/OFFBOARD state; continuing debug hold
[INFO] [1784630047.728507708] [minipc_mavros_offboard]: Debug hold after OFFBOARD/armed drop: connected=True, armed=False, guided=False, manual_input=False, mode=OFFBOARD
[INFO] [1784630047.760313851] [minipc_mavros_offboard]: Holding MAVROS setpoint
[INFO] [1784630047.763058786] [minipc_mavros_offboard]: Vehicle left armed/OFFBOARD state; continuing debug hold
[INFO] [1784630047.764007166] [minipc_mavros_offboard]: Debug hold after OFFBOARD/armed drop: connected=True, armed=False, guided=False, manual_input=False, mode=OFFBOARD
[INFO] [1784630047.793321354] [minipc_mavros_offboard]: Holding MAVROS setpoint
[INFO] [1784630047.794283450] [minipc_mavros_offboard]: Vehicle left armed/OFFBOARD state; continuing debug hold
[INFO] [1784630047.794533885] [minipc_mavros_offboard]: Debug hold after OFFBOARD/armed drop: connected=True, armed=False, guided=False, manual_input=False, mode=OFFBOARD
[INFO] [1784630047.826877477] [minipc_mavros_offboard]: Holding MAVROS setpoint
[INFO] [1784630047.827941314] [minipc_mavros_offboard]: Vehicle left armed/OFFBOARD state; continuing debug hold
[INFO] [1784630047.828164569] [minipc_mavros_offboard]: Debug hold after OFFBOARD/armed drop: connected=True, armed=False, guided=False, manual_input=False, mode=OFFBOARD
[INFO] [1784630047.859710754] [minipc_mavros_offboard]: Holding MAVROS setpoint
[INFO] [1784630047.860669682] [minipc_mavros_offboard]: Vehicle left armed/OFFBOARD state; continuing debug hold
[INFO] [1784630047.860979001] [minipc_mavros_offboard]: Debug hold after OFFBOARD/armed drop: connected=True, armed=False, guided=False, manual_input=False, mode=OFFBOARD
[INFO] [1784630047.893461542] [minipc_mavros_offboard]: Holding MAVROS setpoint
[INFO] [1784630047.894493653] [minipc_mavros_offboard]: Vehicle left armed/OFFBOARD state; continuing debug hold
[INFO] [1784630047.894706620] [minipc_mavros_offboard]: Debug hold after OFFBOARD/armed drop: connected=True, armed=False, guided=False, manual_input=False, mode=OFFBOARD
[INFO] [1784630047.927637643] [minipc_mavros_offboard]: Holding MAVROS setpoint
[INFO] [1784630047.928891491] [minipc_mavros_offboard]: Vehicle left armed/OFFBOARD state; continuing debug hold
[INFO] [1784630047.929394326] [minipc_mavros_offboard]: Debug hold after OFFBOARD/armed drop: connected=True, armed=False, guided=False, manual_input=False, mode=OFFBOARD
[INFO] [1784630047.959770921] [minipc_mavros_offboard]: Holding MAVROS setpoint
[INFO] [1784630047.961544458] [minipc_mavros_offboard]: Vehicle left armed/OFFBOARD state; continuing debug hold
[INFO] [1784630047.961805093] [minipc_mavros_offboard]: Debug hold after OFFBOARD/armed drop: connected=True, armed=False, guided=False, manual_input=False, mode=OFFBOARD
[INFO] [1784630047.995491074] [minipc_mavros_offboard]: Holding MAVROS setpoint
[INFO] [1784630047.996802693] [minipc_mavros_offboard]: Vehicle left armed/OFFBOARD state; continuing debug hold
[INFO] [1784630047.997298666] [minipc_mavros_offboard]: Debug hold after OFFBOARD/armed drop: connected=True, armed=False, guided=False, manual_input=False, mode=OFFBOARD
[INFO] [1784630048.027239447] [minipc_mavros_offboard]: Holding MAVROS setpoint
[INFO] [1784630048.028633478] [minipc_mavros_offboard]: Vehicle left armed/OFFBOARD state; continuing debug hold
[INFO] [1784630048.029132599] [minipc_mavros_offboard]: Debug hold after OFFBOARD/armed drop: connected=True, armed=False, guided=False, manual_input=False, mode=OFFBOARD
[INFO] [1784630048.060391331] [minipc_mavros_offboard]: Holding MAVROS setpoint
[INFO] [1784630048.061577247] [minipc_mavros_offboard]: Vehicle left armed/OFFBOARD state; continuing debug hold
[INFO] [1784630048.062029904] [minipc_mavros_offboard]: Debug hold after OFFBOARD/armed drop: connected=True, armed=False, guided=False, manual_input=False, mode=OFFBOARD
[INFO] [1784630048.097015390] [minipc_mavros_offboard]: Holding MAVROS setpoint
[INFO] [1784630048.101104480] [minipc_mavros_offboard]: Vehicle left armed/OFFBOARD state; continuing debug hold
[INFO] [1784630048.102254328] [minipc_mavros_offboard]: Debug hold after OFFBOARD/armed drop: connected=True, armed=False, guided=False, manual_input=False, mode=OFFBOARD
[INFO] [1784630048.126450346] [minipc_mavros_offboard]: Holding MAVROS setpoint
[INFO] [1784630048.127663380] [minipc_mavros_offboard]: Vehicle left armed/OFFBOARD state; continuing debug hold
[INFO] [1784630048.127905897] [minipc_mavros_offboard]: Debug hold after OFFBOARD/armed drop: connected=True, armed=False, guided=False, manual_input=False, mode=OFFBOARD
[INFO] [1784630048.160014270] [minipc_mavros_offboard]: Holding MAVROS setpoint
[INFO] [1784630048.161756231] [minipc_mavros_offboard]: Vehicle left armed/OFFBOARD state; continuing debug hold
[INFO] [1784630048.161988648] [minipc_mavros_offboard]: Debug hold after OFFBOARD/armed drop: connected=True, armed=False, guided=False, manual_input=False, mode=OFFBOARD
[INFO] [1784630048.195328928] [minipc_mavros_offboard]: Holding MAVROS setpoint
[INFO] [1784630048.196351064] [minipc_mavros_offboard]: Vehicle left armed/OFFBOARD state; continuing debug hold
[INFO] [1784630048.196617006] [minipc_mavros_offboard]: Debug hold after OFFBOARD/armed drop: connected=True, armed=False, guided=False, manual_input=False, mode=OFFBOARD
[INFO] [1784630048.226424614] [minipc_mavros_offboard]: Holding MAVROS setpoint
[INFO] [1784630048.227070378] [minipc_mavros_offboard]: Vehicle left armed/OFFBOARD state; continuing debug hold
[INFO] [1784630048.227252185] [minipc_mavros_offboard]: Debug hold after OFFBOARD/armed drop: connected=True, armed=False, guided=False, manual_input=False, mode=OFFBOARD
[INFO] [1784630048.259581857] [minipc_mavros_offboard]: Holding MAVROS setpoint
[INFO] [1784630048.260199643] [minipc_mavros_offboard]: Vehicle left armed/OFFBOARD state; continuing debug hold
[INFO] [1784630048.260568100] [minipc_mavros_offboard]: Debug hold after OFFBOARD/armed drop: connected=True, armed=False, guided=False, manual_input=False, mode=OFFBOARD
[INFO] [1784630048.295700149] [minipc_mavros_offboard]: Holding MAVROS setpoint
[INFO] [1784630048.297400232] [minipc_mavros_offboard]: Vehicle left armed/OFFBOARD state; continuing debug hold
[INFO] [1784630048.297703892] [minipc_mavros_offboard]: Debug hold after OFFBOARD/armed drop: connected=True, armed=False, guided=False, manual_input=False, mode=OFFBOARD
[INFO] [1784630048.327938182] [minipc_mavros_offboard]: Holding MAVROS setpoint
[INFO] [1784630048.329523934] [minipc_mavros_offboard]: Vehicle left armed/OFFBOARD state; continuing debug hold
[INFO] [1784630048.329996488] [minipc_mavros_offboard]: Debug hold after OFFBOARD/armed drop: connected=True, armed=False, guided=False, manual_input=False, mode=OFFBOARD
[INFO] [1784630048.359455790] [minipc_mavros_offboard]: Holding MAVROS setpoint
[INFO] [1784630048.360052924] [minipc_mavros_offboard]: Vehicle left armed/OFFBOARD state; continuing debug hold
[INFO] [1784630048.360269716] [minipc_mavros_offboard]: Debug hold after OFFBOARD/armed drop: connected=True, armed=False, guided=False, manual_input=False, mode=OFFBOARD
[INFO] [1784630048.393004138] [minipc_mavros_offboard]: Holding MAVROS setpoint
[INFO] [1784630048.394179824] [minipc_mavros_offboard]: Vehicle left armed/OFFBOARD state; continuing debug hold
[INFO] [1784630048.394656561] [minipc_mavros_offboard]: Debug hold after OFFBOARD/armed drop: connected=True, armed=False, guided=False, manual_input=False, mode=OFFBOARD
[INFO] [1784630048.426897640] [minipc_mavros_offboard]: Holding MAVROS setpoint
[INFO] [1784630048.427466712] [minipc_mavros_offboard]: Vehicle left armed/OFFBOARD state; continuing debug hold
[INFO] [1784630048.427913273] [minipc_mavros_offboard]: Debug hold after OFFBOARD/armed drop: connected=True, armed=False, guided=False, manual_input=False, mode=OFFBOARD
[INFO] [1784630048.460909035] [minipc_mavros_offboard]: Holding MAVROS setpoint
[INFO] [1784630048.462015699] [minipc_mavros_offboard]: Vehicle left armed/OFFBOARD state; continuing debug hold
[INFO] [1784630048.462245408] [minipc_mavros_offboard]: Debug hold after OFFBOARD/armed drop: connected=True, armed=False, guided=False, manual_input=False, mode=OFFBOARD
[INFO] [1784630048.492562962] [minipc_mavros_offboard]: Holding MAVROS setpoint
[INFO] [1784630048.493542306] [minipc_mavros_offboard]: Vehicle left armed/OFFBOARD state; continuing debug hold
[INFO] [1784630048.493783411] [minipc_mavros_offboard]: Debug hold after OFFBOARD/armed drop: connected=True, armed=False, guided=False, manual_input=False, mode=OFFBOARD
[INFO] [1784630048.527953818] [minipc_mavros_offboard]: Holding MAVROS setpoint
[INFO] [1784630048.529738698] [minipc_mavros_offboard]: Vehicle left armed/OFFBOARD state; continuing debug hold
[INFO] [1784630048.530051283] [minipc_mavros_offboard]: Debug hold after OFFBOARD/armed drop: connected=True, armed=False, guided=False, manual_input=False, mode=OFFBOARD
[INFO] [1784630048.560065134] [minipc_mavros_offboard]: Holding MAVROS setpoint
[INFO] [1784630048.560949936] [minipc_mavros_offboard]: Vehicle left armed/OFFBOARD state; continuing debug hold
[INFO] [1784630048.561237693] [minipc_mavros_offboard]: Debug hold after OFFBOARD/armed drop: connected=True, armed=False, guided=False, manual_input=False, mode=OFFBOARD
[INFO] [1784630048.593470630] [minipc_mavros_offboard]: Holding MAVROS setpoint
[WARN] [1784630049.962652038] [minipc_mavros_offboard]: Horizontal error warning: error=0.20 m >= warning=0.20 m
[INFO] [1784630066.060622631] [minipc_mavros_offboard]: Target reached; starting hover timer before landing
[INFO] [1784630076.126820381] [minipc_mavros_offboard]: Landing with OFFBOARD position setpoints
[INFO] [1784630076.129485795] [minipc_mavros_offboard]: Starting OFFBOARD controlled landing: z_start=0.36, z_end=-0.01, speed=0.07 m/s
[INFO] [1784630080.797271585] [minipc_mavros_offboard]: OFFBOARD landing reached AUTO.LAND handoff height; requesting AUTO.LAND
[INFO] [1784630080.826898185] [minipc_mavros_offboard]: Requesting AUTO.LAND while holding a no-climb setpoint
[INFO] [1784630080.830958192] [minipc_mavros_offboard]: Requested AUTO.LAND mode
[INFO] [1784630080.896645900] [minipc_mavros_offboard]: Waiting for MAVROS to confirm AUTO.LAND; maintaining safe handoff setpoints
[INFO] [1784630081.595392217] [minipc_mavros_offboard]: AUTO.LAND confirmed by MAVROS state
[INFO] [1784630081.626270086] [minipc_mavros_offboard]: Waiting for landing completion before disarm
[INFO] [1784630083.193931001] [minipc_mavros_offboard]: Landing detected; waiting before disarm request
[INFO] [1784630085.226371888] [minipc_mavros_offboard]: Disarming after landing
[INFO] [1784630085.227720385] [minipc_mavros_offboard]: Requested disarm after landing
[INFO] [1784630085.294457535] [minipc_mavros_offboard]: Waiting for disarm confirmation
[INFO] [1784630085.594707115] [minipc_mavros_offboard]: Vehicle disarmed; motors should be stopped
[INFO] [1784630085.627132117] [minipc_mavros_offboard]: MAVROS offboard control completed; stopping node
