[INFO] [launch]: All log files can be found below /home/robot/.ros/log/2026-08-10-21-27-22-704788-robot-16760
[INFO] [launch]: Default logging verbosity is set to INFO
[INFO] [fastlio_bridge_node-1]: process started with pid [16764]
[INFO] [frame_transform_node-2]: process started with pid [16767]
[INFO] [map_io_node-3]: process started with pid [16769]
[INFO] [mapping_manager_node-4]: process started with pid [16771]
[fastlio_bridge_node-1] [INFO] [1786368442.903574374] [fastlio_bridge_node]: FAST-LIO2 里程计桥接已启动：订阅 /Odometry -> /race/odom, /race/pose
[frame_transform_node-2] [INFO] [1786368442.933411093] [frame_transform_node]: frame_transform_node started
[frame_transform_node-2] [INFO] [1786368442.933806341] [frame_transform_node]:   Published static TF: map -> odom (identity)
[frame_transform_node-2] [INFO] [1786368442.933832200] [frame_transform_node]:   Published static TF: camera_init -> map (identity, RViz display only)
[mapping_manager_node-4] [INFO] [1786368442.952450080] [mapping_manager_node]: mapping_manager_node started
[mapping_manager_node-4] [INFO] [1786368442.952706340] [mapping_manager_node]:   auto_load_on_start: false
[mapping_manager_node-4] [INFO] [1786368442.952723599] [mapping_manager_node]:   auto_save_on_land: true
[map_io_node-3] [INFO] [1786368442.973091043] [map_io_node]: map_io_node started
[map_io_node-3] [INFO] [1786368442.973382457] [map_io_node]:   map_file: /home/robot/rong_ws/ws_offboard_control/maps/现场扫图/20260810/扫图_20260810_212654/现场地图.pcd
[map_io_node-3] [INFO] [1786368442.973393204] [map_io_node]:   publish_topic: /saved_map
[map_io_node-3] [INFO] [1786368442.973398934] [map_io_node]:   display_leaf_size: 0.10 m
[map_io_node-3] [INFO] [1786368442.973414872] [map_io_node]:   max_display_points: 3000000
[fastlio_bridge_node-1] [INFO] [1786368444.074365583] [fastlio_bridge_node]: 已桥接并转换里程计: ENU(0.00, 0.00, -0.00) -> NED(-0.00, 0.00, 0.00)
[fastlio_bridge_node-1] [INFO] [1786368446.069057012] [fastlio_bridge_node]: 已桥接并转换里程计: ENU(0.00, -0.00, -0.00) -> NED(-0.00, -0.00, 0.00)
[fastlio_bridge_node-1] [INFO] [1786368448.069891707] [fastlio_bridge_node]: 已桥接并转换里程计: ENU(0.00, 0.01, -0.00) -> NED(-0.00, 0.01, 0.00)
[fastlio_bridge_node-1] [INFO] [1786368450.070803204] [fastlio_bridge_node]: 已桥接并转换里程计: ENU(0.00, 0.00, -0.00) -> NED(-0.00, 0.00, 0.00)
[fastlio_bridge_node-1] [INFO] [1786368452.069917524] [fastlio_bridge_node]: 已桥接并转换里程计: ENU(0.01, 0.00, -0.00) -> NED(-0.01, 0.00, 0.00)
[fastlio_bridge_node-1] [INFO] [1786368454.068738730] [fastlio_bridge_node]: 已桥接并转换里程计: ENU(0.00, 0.01, -0.00) -> NED(-0.00, 0.01, 0.00)
[fastlio_bridge_node-1] [INFO] [1786368456.068804401] [fastlio_bridge_node]: 已桥接并转换里程计: ENU(0.00, 0.01, -0.00) -> NED(-0.00, 0.01, 0.00)
[fastlio_bridge_node-1] [INFO] [1786368458.069322008] [fastlio_bridge_node]: 已桥接并转换里程计: ENU(0.00, 0.00, 0.00) -> NED(-0.00, 0.00, -0.00)
[fastlio_bridge_node-1] [INFO] [1786368460.069507765] [fastlio_bridge_node]: 已桥接并转换里程计: ENU(0.00, 0.00, 0.00) -> NED(-0.00, 0.00, -0.00)
[fastlio_bridge_node-1] [INFO] [1786368462.070295844] [fastlio_bridge_node]: 已桥接并转换里程计: ENU(0.01, 0.01, 0.00) -> NED(-0.01, 0.01, -0.00)
[fastlio_bridge_node-1] [INFO] [1786368464.068636652] [fastlio_bridge_node]: 已桥接并转换里程计: ENU(0.00, 0.00, 0.00) -> NED(-0.00, 0.00, -0.00)
[fastlio_bridge_node-1] [INFO] [1786368466.071610755] [fastlio_bridge_node]: 已桥接并转换里程计: ENU(0.01, 0.00, 0.00) -> NED(-0.01, 0.00, -0.00)
[fastlio_bridge_node-1] [INFO] [1786368468.068397439] [fastlio_bridge_node]: 已桥接并转换里程计: ENU(0.01, 0.01, 0.01) -> NED(-0.01, 0.01, -0.01)
[fastlio_bridge_node-1] [INFO] [1786368470.069876817] [fastlio_bridge_node]: 已桥接并转换里程计: ENU(0.01, 0.01, 0.01) -> NED(-0.01, 0.01, -0.01)
[fastlio_bridge_node-1] [INFO] [1786368472.069799186] [fastlio_bridge_node]: 已桥接并转换里程计: ENU(0.01, 0.00, 0.01) -> NED(-0.01, 0.00, -0.01)
[mapping_manager_node-4] [INFO] [1786368472.952924955] [mapping_manager_node]: Mapping status: in_flight=false, map_loaded=false, map_saved=false
[fastlio_bridge_node-1] [INFO] [1786368474.069005853] [fastlio_bridge_node]: 已桥接并转换里程计: ENU(0.01, 0.01, 0.01) -> NED(-0.01, 0.01, -0.01)
[fastlio_bridge_node-1] [INFO] [1786368476.068188901] [fastlio_bridge_node]: 已桥接并转换里程计: ENU(0.01, 0.01, 0.01) -> NED(-0.01, 0.01, -0.01)
[fastlio_bridge_node-1] [INFO] [1786368478.071105436] [fastlio_bridge_node]: 已桥接并转换里程计: ENU(0.01, 0.01, 0.01) -> NED(-0.01, 0.01, -0.01)
[fastlio_bridge_node-1] [INFO] [1786368480.069056033] [fastlio_bridge_node]: 已桥接并转换里程计: ENU(0.01, 0.01, 0.01) -> NED(-0.01, 0.01, -0.01)
[fastlio_bridge_node-1] [INFO] [1786368482.068947515] [fastlio_bridge_node]: 已桥接并转换里程计: ENU(0.01, 0.01, 0.01) -> NED(-0.01, 0.01, -0.01)
[map_io_node-3] [INFO] [1786368482.422512104] [rclcpp]: signal_handler(SIGINT/SIGTERM)
[mapping_manager_node-4] [INFO] [1786368482.422516294] [rclcpp]: signal_handler(SIGINT/SIGTERM)
[fastlio_bridge_node-1] [INFO] [1786368482.422528547] [rclcpp]: signal_handler(SIGINT/SIGTERM)
[frame_transform_node-2] [INFO] [1786368482.422510354] [rclcpp]: signal_handler(SIGINT/SIGTERM)
[INFO] [mapping_manager_node-4]: process has finished cleanly [pid 16771]
[INFO] [frame_transform_node-2]: process has finished cleanly [pid 16767]
[INFO] [fastlio_bridge_node-1]: process has finished cleanly [pid 16764]
[INFO] [map_io_node-3]: process has finished cleanly [pid 16769]
