[INFO] [launch]: All log files can be found below /home/robot/.ros/log/2026-08-09-16-01-35-957214-robot-65442
[INFO] [launch]: Default logging verbosity is set to INFO
[INFO] [mavros_node-1]: process started with pid [65462]
[INFO] [fastlio_odometry_guard-2]: process started with pid [65464]
[INFO] [fastlio_ev_health_monitor.py-3]: process started with pid [65466]
[INFO] [fix_mavros_odometry_frames.py-4]: process started with pid [65468]
[INFO] [fastlio_mavros_vision_bridge-5]: process started with pid [65470]
[INFO] [static_transform_publisher-6]: process started with pid [65472]
[INFO] [static_transform_publisher-7]: process started with pid [65474]
[INFO] [static_transform_publisher-8]: process started with pid [65476]
[INFO] [static_transform_publisher-9]: process started with pid [65478]
[fastlio_mavros_vision_bridge-5] [INFO] [1786262496.249671808] [fastlio_mavros_vision_bridge]: Bridging /Odometry/healthy -> /mavros/vision_pose/pose_cov + vision_speed for MAVROS vision input; body->FAST-LIO origin in body FLU=(0.0000, 0.0000, 0.0800) m, R_FASTLIO_body yaw=0.000000 rad, world yaw alignment=0.000000 rad
[static_transform_publisher-6] [INFO] [1786262496.259455232] [odom_to_camera_init]: Spinning until stopped - publishing transform
[static_transform_publisher-6] translation: ('0.000000', '0.000000', '0.000000')
[static_transform_publisher-6] rotation: ('0.000000', '0.000000', '0.000000', '1.000000')
[static_transform_publisher-6] from 'odom' to 'camera_init'
[mavros_node-1] [INFO] [1786262496.275411917] [mavros.mavros_node]: Starting mavros_node container
[mavros_node-1] [INFO] [1786262496.277407984] [mavros.mavros_node]: FCU URL: serial:///dev/ttyUSB0:921600?ids=255,190
[mavros_node-1] [INFO] [1786262496.277428349] [mavros.mavros_node]: GCS URL: 
[mavros_node-1] [INFO] [1786262496.277437348] [mavros.mavros_node]: UAS Prefix: /uas1
[mavros_node-1] [INFO] [1786262496.277445391] [mavros.mavros_node]: Starting mavros router node
[fastlio_odometry_guard-2] [INFO] [1786262496.339807994] [fastlio_odometry_guard]: Guarding odometry /Odometry -> /Odometry/guarded (jump=0.30m, xy=0.20m, z=0.10m, speed=1.20m/s, unknown angular variance>=100000)
[static_transform_publisher-9] [INFO] [1786262496.339918063] [body_to_body_frd]: Spinning until stopped - publishing transform
[static_transform_publisher-9] translation: ('0.000000', '0.000000', '0.000000')
[static_transform_publisher-9] rotation: ('1.000000', '0.000000', '0.000000', '0.000000')
[static_transform_publisher-9] from 'body' to 'body_frd'
[static_transform_publisher-8] [INFO] [1786262496.358580754] [camera_init_to_camera_init_ned]: Spinning until stopped - publishing transform
[static_transform_publisher-8] translation: ('0.000000', '0.000000', '0.000000')
[static_transform_publisher-8] rotation: ('0.707107', '0.707107', '0.000000', '0.000000')
[static_transform_publisher-8] from 'camera_init' to 'camera_init_ned'
[static_transform_publisher-7] [INFO] [1786262496.367071161] [base_link_to_body]: Spinning until stopped - publishing transform
[static_transform_publisher-7] translation: ('0.000000', '0.000000', '0.080000')
[static_transform_publisher-7] rotation: ('0.000000', '0.000000', '-0.000000', '1.000000')
[static_transform_publisher-7] from 'base_link' to 'body'
[mavros_node-1] [INFO] [1786262496.421415566] [mavros.mavros_router]: Built-in SIMD instructions: SSE, SSE2
[mavros_node-1] [INFO] [1786262496.421530364] [mavros.mavros_router]: Built-in MAVLink package version: 2026.3.3
[mavros_node-1] [INFO] [1786262496.421737866] [mavros.mavros_router]: Known MAVLink dialects: common ardupilotmega ASLUAV AVSSUAS all csAirLink cubepilot development icarous loweheiser marsh matrixpilot paparazzi standard stemstudios storm32 uAvionix ualberta
[mavros_node-1] [INFO] [1786262496.421763006] [mavros.mavros_router]: MAVROS Router started
[mavros_node-1] [INFO] [1786262496.427624529] [mavros.mavros_node]: Starting mavros uas node
[mavros_node-1] [INFO] [1786262496.520880078] [mavros.mavros_router]: Requested to add endpoint: type: 0, url: serial:///dev/ttyUSB0:921600?ids=255,190
[mavros_node-1] [INFO] [1786262496.520936778] [mavros.mavros_router]: Endpoint link[1000] created
[mavros_node-1] [INFO] [1786262496.521606587] [mavros.mavros_router]: link[1000] opened successfully
[mavros_node-1] [INFO] [1786262496.521639288] [mavros.mavros_router]: Requested to add endpoint: type: 2, url: /uas1
[mavros_node-1] [INFO] [1786262496.521656200] [mavros.mavros_router]: Endpoint link[1001] created
[mavros_node-1] [INFO] [1786262496.521684332] [mavros.mavros_router]: link[1000] detected remote address 1.1
[mavros_node-1] [INFO] [1786262496.525238692] [mavros.mavros_router]: link[1001] opened successfully
[mavros_node-1] [INFO] [1786262496.531125271] [mavros.mavros]: UAS Executor started, threads: 16
[mavros_node-1] [INFO] [1786262496.565165682] [mavros.mavros]: Plugin actuator_control created
[mavros_node-1] [INFO] [1786262496.565251531] [mavros.mavros]: Plugin actuator_control initialized
[fix_mavros_odometry_frames.py-4] [INFO] [1786262496.599482507] [fix_mavros_odometry_frames]: Waiting for /mavros/odometry parameter service...
[mavros_node-1] [INFO] [1786262496.604860283] [mavros.mavros]: Plugin adsb created
[mavros_node-1] [INFO] [1786262496.604942541] [mavros.mavros]: Plugin adsb initialized
[mavros_node-1] [INFO] [1786262496.626586864] [mavros.mavros]: Plugin altitude created
[mavros_node-1] [INFO] [1786262496.626761288] [mavros.mavros]: Plugin altitude initialized
[mavros_node-1] [INFO] [1786262496.658847655] [mavros.mavros]: Plugin cam_imu_sync created
[mavros_node-1] [INFO] [1786262496.658945492] [mavros.mavros]: Plugin cam_imu_sync initialized
[mavros_node-1] [INFO] [1786262496.691054900] [mavros.mavros]: Plugin camera created
[mavros_node-1] [INFO] [1786262496.691161435] [mavros.mavros]: Plugin camera initialized
[mavros_node-1] [INFO] [1786262496.719209396] [mavros.mavros]: Plugin cellular_status created
[mavros_node-1] [INFO] [1786262496.719273060] [mavros.mavros]: Plugin cellular_status initialized
[fastlio_ev_health_monitor.py-3] [INFO] [1786262496.720756022] [fastlio_ev_health_monitor]: EV health gate /Odometry -> /Odometry/healthy; compare /mavros/local_position/velocity_local in PX4 local NED; status=/ev_health/status, diagnostics=/ev_health/diagnostics
[mavros_node-1] [INFO] [1786262496.773492431] [mavros.mavros]: Plugin command created
[mavros_node-1] [INFO] [1786262496.773616564] [mavros.mavros]: Plugin command initialized
[mavros_node-1] [INFO] [1786262496.790638787] [mavros.mavros]: Plugin companion_process_status created
[mavros_node-1] [INFO] [1786262496.791141389] [mavros.mavros]: Plugin companion_process_status initialized
[fastlio_ev_health_monitor.py-3] [WARN] [1786262496.805288718] [fastlio_ev_health_monitor]: EV health state=SUSPECT: waiting_for_ev
[mavros_node-1] [INFO] [1786262496.816522466] [mavros.mavros]: Plugin debug_value created
[mavros_node-1] [INFO] [1786262496.816600904] [mavros.mavros]: Plugin debug_value initialized
[mavros_node-1] [INFO] [1786262496.816618080] [mavros.mavros]: Plugin distance_sensor ignored
[mavros_node-1] [INFO] [1786262496.836836400] [mavros.mavros]: Plugin esc_status created
[mavros_node-1] [INFO] [1786262496.836887707] [mavros.mavros]: Plugin esc_status initialized
[mavros_node-1] [INFO] [1786262496.850905196] [mavros.mavros]: Plugin esc_telemetry created
[mavros_node-1] [INFO] [1786262496.850992785] [mavros.mavros]: Plugin esc_telemetry initialized
[mavros_node-1] [INFO] [1786262496.876574212] [mavros.mavros]: Plugin fake_gps created
[mavros_node-1] [INFO] [1786262496.876709303] [mavros.mavros]: Plugin fake_gps initialized
[mavros_node-1] [INFO] [1786262496.922234112] [mavros.mavros]: Plugin ftp created
[mavros_node-1] [INFO] [1786262496.922312198] [mavros.mavros]: Plugin ftp initialized
[mavros_node-1] [INFO] [1786262496.940755343] [mavros.mavros]: Plugin geofence created
[mavros_node-1] [INFO] [1786262496.940884403] [mavros.mavros]: Plugin geofence initialized
[mavros_node-1] [INFO] [1786262496.974679794] [mavros.mavros]: Plugin gimbal_control created
[mavros_node-1] [INFO] [1786262496.974759018] [mavros.mavros]: Plugin gimbal_control initialized
[mavros_node-1] [INFO] [1786262497.011859201] [mavros.mavros]: Plugin global_position created
[mavros_node-1] [INFO] [1786262497.012157650] [mavros.mavros]: Plugin global_position initialized
[mavros_node-1] [INFO] [1786262497.027857033] [mavros.mavros]: Plugin gps_input created
[mavros_node-1] [INFO] [1786262497.027941364] [mavros.mavros]: Plugin gps_input initialized
[mavros_node-1] [INFO] [1786262497.054267767] [mavros.mavros]: Plugin gps_rtk created
[mavros_node-1] [INFO] [1786262497.054346832] [mavros.mavros]: Plugin gps_rtk initialized
[mavros_node-1] [INFO] [1786262497.076769353] [mavros.mavros]: Plugin gps_status created
[mavros_node-1] [INFO] [1786262497.076869417] [mavros.mavros]: Plugin gps_status initialized
[mavros_node-1] [INFO] [1786262497.101369383] [mavros.mavros]: Plugin guided_target created
[mavros_node-1] [INFO] [1786262497.101436793] [mavros.mavros]: Plugin guided_target initialized
[fastlio_ev_health_monitor.py-3] [WARN] [1786262497.106093885] [fastlio_ev_health_monitor]: EV health state=FAULT: waiting_for_ev
[mavros_node-1] [INFO] [1786262497.129379873] [mavros.mavros]: Plugin hil created
[mavros_node-1] [INFO] [1786262497.129512287] [mavros.mavros]: Plugin hil initialized
[mavros_node-1] [INFO] [1786262497.153256744] [mavros.mavros]: Plugin home_position created
[mavros_node-1] [INFO] [1786262497.153392464] [mavros.mavros]: Plugin home_position initialized
[mavros_node-1] [INFO] [1786262497.195758766] [mavros.mavros]: Plugin imu created
[mavros_node-1] [INFO] [1786262497.195957979] [mavros.mavros]: Plugin imu initialized
[mavros_node-1] [INFO] [1786262497.220255590] [mavros.mavros]: Plugin landing_target created
[mavros_node-1] [INFO] [1786262497.220333612] [mavros.mavros]: Plugin landing_target initialized
[mavros_node-1] [INFO] [1786262497.249925166] [mavros.mavros]: Plugin local_position created
[mavros_node-1] [INFO] [1786262497.249993666] [mavros.mavros]: Plugin local_position initialized
[mavros_node-1] [INFO] [1786262497.288158054] [mavros.mavros]: Plugin log_transfer created
[mavros_node-1] [INFO] [1786262497.288224850] [mavros.mavros]: Plugin log_transfer initialized
[mavros_node-1] [INFO] [1786262497.309866785] [mavros.mavros]: Plugin mag_calibration_status created
[mavros_node-1] [INFO] [1786262497.310054874] [mavros.mavros]: Plugin mag_calibration_status initialized
[mavros_node-1] [INFO] [1786262497.333877211] [mavros.mavros]: Plugin manual_control created
[mavros_node-1] [INFO] [1786262497.333947088] [mavros.mavros]: Plugin manual_control initialized
[mavros_node-1] [INFO] [1786262497.355502430] [mavros.mavros]: Plugin mocap_pose_estimate created
[mavros_node-1] [INFO] [1786262497.355616222] [mavros.mavros]: Plugin mocap_pose_estimate initialized
[mavros_node-1] [INFO] [1786262497.384733199] [mavros.mavros]: Plugin mount_control created
[mavros_node-1] [INFO] [1786262497.384845653] [mavros.mavros]: Plugin mount_control initialized
[mavros_node-1] [INFO] [1786262497.417805865] [mavros.mavros]: Plugin nav_controller_output created
[mavros_node-1] [INFO] [1786262497.417887629] [mavros.mavros]: Plugin nav_controller_output initialized
[mavros_node-1] [INFO] [1786262497.438051058] [mavros.mavros]: Plugin obstacle_distance created
[mavros_node-1] [INFO] [1786262497.438136954] [mavros.mavros]: Plugin obstacle_distance initialized
[mavros_node-1] [INFO] [1786262497.460873530] [mavros.mavros]: Plugin obstacle_distance_3d created
[mavros_node-1] [INFO] [1786262497.460949542] [mavros.mavros]: Plugin obstacle_distance_3d initialized
[mavros_node-1] [INFO] [1786262497.491556929] [mavros.mavros]: Plugin odometry created
[mavros_node-1] [INFO] [1786262497.491651932] [mavros.mavros]: Plugin odometry initialized
[mavros_node-1] [INFO] [1786262497.518319254] [mavros.mavros]: Plugin onboard_computer_status created
[mavros_node-1] [INFO] [1786262497.518400529] [mavros.mavros]: Plugin onboard_computer_status initialized
[mavros_node-1] [INFO] [1786262497.552009934] [mavros.mavros]: Plugin open_drone_id created
[mavros_node-1] [INFO] [1786262497.552075316] [mavros.mavros]: Plugin open_drone_id initialized
[mavros_node-1] [INFO] [1786262497.586296353] [mavros.mavros]: Plugin optical_flow created
[mavros_node-1] [INFO] [1786262497.586467733] [mavros.mavros]: Plugin optical_flow initialized
[fix_mavros_odometry_frames.py-4] [INFO] [1786262497.606165407] [fix_mavros_odometry_frames]: Setting MAVROS odometry target frames to odom/base_link.
[fix_mavros_odometry_frames.py-4] [INFO] [1786262497.616813888] [fix_mavros_odometry_frames]: MAVROS odometry frame targets updated successfully.
[mavros_node-1] [INFO] [1786262497.645641959] [mavros.mavros]: Plugin param created
[mavros_node-1] [INFO] [1786262497.645946916] [mavros.mavros]: Plugin param initialized
[mavros_node-1] [INFO] [1786262497.672759301] [mavros.mavros]: Plugin play_tune created
[mavros_node-1] [INFO] [1786262497.672846418] [mavros.mavros]: Plugin play_tune initialized
[mavros_node-1] [INFO] [1786262497.704762653] [mavros.mavros]: Plugin px4flow created
[mavros_node-1] [INFO] [1786262497.704974553] [mavros.mavros]: Plugin px4flow initialized
[mavros_node-1] [INFO] [1786262497.738065213] [mavros.mavros]: Plugin rallypoint created
[mavros_node-1] [INFO] [1786262497.738147258] [mavros.mavros]: Plugin rallypoint initialized
[mavros_node-1] [INFO] [1786262497.738154840] [mavros.mavros]: Plugin rangefinder ignored
[mavros_node-1] [INFO] [1786262497.768781838] [mavros.mavros]: Plugin rc_io created
[mavros_node-1] [INFO] [1786262497.768902624] [mavros.mavros]: Plugin rc_io initialized
[INFO] [fix_mavros_odometry_frames.py-4]: process has finished cleanly [pid 65468]
[mavros_node-1] [INFO] [1786262497.798520701] [mavros.mavros]: Plugin setpoint_accel created
[mavros_node-1] [INFO] [1786262497.798615425] [mavros.mavros]: Plugin setpoint_accel initialized
[mavros_node-1] [INFO] [1786262497.837432137] [mavros.mavros]: Plugin setpoint_attitude created
[mavros_node-1] [INFO] [1786262497.837477426] [mavros.mavros]: Plugin setpoint_attitude initialized
[mavros_node-1] [INFO] [1786262497.876661017] [mavros.mavros]: Plugin setpoint_position created
[mavros_node-1] [INFO] [1786262497.876768794] [mavros.mavros]: Plugin setpoint_position initialized
[mavros_node-1] [INFO] [1786262497.924170795] [mavros.mavros]: Plugin setpoint_raw created
[mavros_node-1] [INFO] [1786262497.924329517] [mavros.mavros]: Plugin setpoint_raw initialized
[mavros_node-1] [INFO] [1786262497.975050256] [mavros.mavros]: Plugin setpoint_trajectory created
[mavros_node-1] [INFO] [1786262497.975393934] [mavros.mavros]: Plugin setpoint_trajectory initialized
[mavros_node-1] [INFO] [1786262498.016521556] [mavros.mavros]: Plugin setpoint_velocity created
[mavros_node-1] [INFO] [1786262498.016600202] [mavros.mavros]: Plugin setpoint_velocity initialized
[mavros_node-1] [INFO] [1786262498.065819703] [mavros.mavros]: Plugin sim_state created
[mavros_node-1] [INFO] [1786262498.065913726] [mavros.mavros]: Plugin sim_state initialized
[mavros_node-1] [INFO] [1786262498.125834930] [mavros.mavros]: Plugin sys_status created
[mavros_node-1] [INFO] [1786262498.126220251] [mavros.mavros]: Plugin sys_status initialized
[mavros_node-1] [INFO] [1786262498.171001012] [mavros.time]: TM: Timesync mode: MAVLINK
[mavros_node-1] [INFO] [1786262498.186488902] [mavros.mavros]: Plugin sys_time created
[mavros_node-1] [INFO] [1786262498.186778395] [mavros.mavros]: Plugin sys_time initialized
[mavros_node-1] [INFO] [1786262498.240097136] [mavros.mavros]: Plugin tdr_radio created
[mavros_node-1] [INFO] [1786262498.240432608] [mavros.mavros]: Plugin tdr_radio initialized
[mavros_node-1] [INFO] [1786262498.282838173] [mavros.mavros]: Plugin terrain created
[mavros_node-1] [INFO] [1786262498.282967674] [mavros.mavros]: Plugin terrain initialized
[mavros_node-1] [INFO] [1786262498.323586062] [mavros.mavros]: Plugin trajectory created
[mavros_node-1] [INFO] [1786262498.323675042] [mavros.mavros]: Plugin trajectory initialized
[mavros_node-1] [INFO] [1786262498.362768428] [mavros.mavros]: Plugin tunnel created
[mavros_node-1] [INFO] [1786262498.363011193] [mavros.mavros]: Plugin tunnel initialized
[mavros_node-1] [INFO] [1786262498.407645531] [mavros.mavros]: Plugin vfr_hud created
[mavros_node-1] [INFO] [1786262498.407735654] [mavros.mavros]: Plugin vfr_hud initialized
[mavros_node-1] [INFO] [1786262498.407745929] [mavros.mavros]: Plugin vibration ignored
[mavros_node-1] [INFO] [1786262498.450147253] [mavros.mavros]: Plugin vision_pose created
[mavros_node-1] [INFO] [1786262498.450326214] [mavros.mavros]: Plugin vision_pose initialized
[mavros_node-1] [INFO] [1786262498.491650691] [mavros.mavros]: Plugin vision_speed created
[mavros_node-1] [INFO] [1786262498.491781695] [mavros.mavros]: Plugin vision_speed initialized
[mavros_node-1] [INFO] [1786262498.548187902] [mavros.mavros]: Plugin waypoint created
[mavros_node-1] [INFO] [1786262498.548308062] [mavros.mavros]: Plugin waypoint initialized
[mavros_node-1] [INFO] [1786262498.548329880] [mavros.mavros]: Plugin wheel_odometry ignored
[mavros_node-1] [INFO] [1786262498.589372834] [mavros.mavros]: Plugin wind_estimation created
[mavros_node-1] [INFO] [1786262498.589580503] [mavros.mavros]: Plugin wind_estimation initialized
[mavros_node-1] [INFO] [1786262498.594591144] [mavros.mavros]: Built-in SIMD instructions: SSE, SSE2
[mavros_node-1] [INFO] [1786262498.594660009] [mavros.mavros]: Built-in MAVLink package version: 2026.3.3
[mavros_node-1] [INFO] [1786262498.594687556] [mavros.mavros]: Known MAVLink dialects: common ardupilotmega ASLUAV AVSSUAS all csAirLink cubepilot development icarous loweheiser marsh matrixpilot paparazzi standard stemstudios storm32 uAvionix ualberta
[mavros_node-1] [INFO] [1786262498.594698679] [mavros.mavros]: MAVROS UAS via /uas1 started. MY ID 255.190, TARGET ID 1.1
[mavros_node-1] [INFO] [1786262498.597343264] [mavros.imu]: IMU: Attitude quaternion IMU detected!
[mavros_node-1] [INFO] [1786262498.607759686] [mavros.imu]: IMU: High resolution IMU detected!
[mavros_node-1] [INFO] [1786262498.608405524] [mavros.mavros_router]: link[1001] detected remote address 255.190
[mavros_node-1] [INFO] [1786262498.611886257] [mavros.rc]: RC_CHANNELS message detected!
[mavros_node-1] [INFO] [1786262498.807361718] [mavros.mavros]: CON: Got HEARTBEAT, connected. FCU: PX4 Autopilot
[mavros_node-1] [INFO] [1786262498.807516208] [mavros.mission]: WP: detected enable_partial_push: 0
[mavros_node-1] [INFO] [1786262498.810483890] [mavros.imu]: IMU: High resolution IMU detected!
[mavros_node-1] [INFO] [1786262498.813684991] [mavros.rc]: RC_CHANNELS message detected!
[mavros_node-1] [INFO] [1786262498.818524138] [mavros.imu]: IMU: Attitude quaternion IMU detected!
[mavros_node-1] [WARN] [1786262499.820549375] [mavros.cmd]: CMD: Unexpected command 520, result 3
[fastlio_ev_health_monitor.py-3] [INFO] [1786262500.793700925] [fastlio_ev_health_monitor]: EV health state=HEALTHY: ok
[mavros_node-1] [WARN] [1786262500.819452027] [mavros.sys]: VER: broadcast request timeout, retries left 4
[mavros_node-1] [WARN] [1786262501.111599055] [mavros.sys]: FCU: UNK(8): EVENT 11047904 with args -0-128-0-18-1-0-0-0-0-0-0-0-0-131-191-1-128-0-0-0-0-0-0-0-0-0-0-0-0-0-0-0-0-0-0-0-0-0-0-0-
[mavros_node-1] [ERROR] [1786262501.111720883] [mavros.sys]: FCU: EVENT 16642797 with args -124-0-126-0-17-0-0-0-0-0-0-0-0-0-0-0-0-0-0-0-0-0-0-0-0-0-0-0-0-0-0-0-0-0-0-0-0-0-0-0-
[mavros_node-1] [ERROR] [1786262501.112013909] [mavros.sys]: FCU: EVENT 9077977 with args -255-255-255-255-7-0-0-0-0-0-0-0-0-0-0-0-0-0-0-0-0-0-0-0-0-0-0-0-0-0-0-0-0-0-0-0-0-0-0-0-
[mavros_node-1] [ERROR] [1786262501.112426228] [mavros.sys]: FCU: EVENT 13679014 with args -0-64-0-0-20-0-0-0-0-0-0-0-0-0-0-0-0-0-0-0-0-0-0-0-0-0-0-0-0-0-0-0-0-0-0-0-0-0-0-0-
[mavros_node-1] [ERROR] [1786262501.112703215] [mavros.sys]: FCU: EVENT 13835193 with args -124-0-126-0-17-0-0-0-0-0-0-0-0-0-0-0-0-0-0-0-0-0-0-0-0-0-0-0-0-0-0-0-0-0-0-0-0-0-0-0-
[mavros_node-1] [ERROR] [1786262501.113013816] [mavros.sys]: FCU: EVENT 10011251 with args -56-0-0-0-24-0-0-0-0-0-0-0-0-0-0-0-0-0-0-0-0-0-0-0-0-0-0-0-0-0-0-0-0-0-0-0-0-0-0-0-
[mavros_node-1] [INFO] [1786262501.113342665] [mavros.sys]: FCU: EVENT 377561 with args -8-0-0-0-20-0-0-0-0-0-0-0-0-0-0-0-0-0-0-0-0-0-0-0-0-0-0-0-0-0-0-0-0-0-0-0-0-0-0-0-
[mavros_node-1] [INFO] [1786262501.113791500] [mavros.sys]: FCU: EVENT 79408 with args -32-0-0-0-20-0-0-0-0-0-0-0-0-0-0-0-0-0-0-0-0-0-0-0-0-0-0-0-0-0-0-0-0-0-0-0-0-0-0-0-
[mavros_node-1] [WARN] [1786262501.114046302] [mavros.sys]: FCU: UNK(8): EVENT 1914663 with args -0-130-16-2-48-0-0-0-0-0-0-0-0-0-0-0-0-0-0-0-0-0-0-0-0-0-0-0-0-0-0-0-0-0-0-0-0-0-0-0-
[mavros_node-1] [WARN] [1786262501.817888333] [mavros.sys]: VER: broadcast request timeout, retries left 3
[mavros_node-1] [ERROR] [1786262502.826547804] [mavros.sys]: VER: command plugin service call failed!
[mavros_node-1] [WARN] [1786262502.826686484] [mavros.sys]: VER: unicast request timeout, retries left 2
[mavros_node-1] [WARN] [1786262503.186510187] [mavros.sys]: FCU: UNK(8): EVENT 11047904 with args -0-128-0-0-1-0-0-0-0-0-0-0-0-199-255-127-128-0-0-0-0-0-0-0-0-0-0-0-0-0-0-0-0-0-0-0-0-0-0-0-
[mavros_node-1] [ERROR] [1786262503.186889016] [mavros.sys]: FCU: EVENT 9077977 with args -255-255-255-255-7-0-0-0-0-0-0-0-0-0-0-0-0-0-0-0-0-0-0-0-0-0-0-0-0-0-0-0-0-0-0-0-0-0-0-0-
[mavros_node-1] [ERROR] [1786262503.187243575] [mavros.sys]: FCU: EVENT 10011251 with args -56-0-0-0-24-0-0-0-0-0-0-0-0-0-0-0-0-0-0-0-0-0-0-0-0-0-0-0-0-0-0-0-0-0-0-0-0-0-0-0-
[mavros_node-1] [INFO] [1786262503.187592953] [mavros.sys]: FCU: EVENT 377561 with args -8-0-0-0-20-0-0-0-0-0-0-0-0-0-0-0-0-0-0-0-0-0-0-0-0-0-0-0-0-0-0-0-0-0-0-0-0-0-0-0-
[mavros_node-1] [INFO] [1786262503.187885483] [mavros.sys]: FCU: EVENT 79408 with args -32-0-0-0-20-0-0-0-0-0-0-0-0-0-0-0-0-0-0-0-0-0-0-0-0-0-0-0-0-0-0-0-0-0-0-0-0-0-0-0-
[mavros_node-1] [WARN] [1786262503.190259173] [mavros.sys]: FCU: UNK(8): EVENT 1914663 with args -0-130-16-2-48-0-0-0-0-0-0-0-0-0-0-0-0-0-0-0-0-0-0-0-0-0-0-0-0-0-0-0-0-0-0-0-0-0-0-0-
[mavros_node-1] [ERROR] [1786262503.848521935] [mavros.sys]: VER: command plugin service call failed!
[mavros_node-1] [WARN] [1786262503.848620987] [mavros.sys]: VER: unicast request timeout, retries left 1
[mavros_node-1] [ERROR] [1786262504.839051006] [mavros.sys]: VER: command plugin service call failed!
[mavros_node-1] [WARN] [1786262504.839151186] [mavros.sys]: VER: unicast request timeout, retries left 0
[mavros_node-1] [ERROR] [1786262505.825093405] [mavros.sys]: VER: command plugin service call failed!
[mavros_node-1] [WARN] [1786262505.825216916] [mavros.sys]: VER: your FCU don't support AUTOPILOT_VERSION, switched to default capabilities
[mavros_node-1] [INFO] [1786262508.808459244] [mavros.home_position]: HP: requesting home position
[mavros_node-1] [INFO] [1786262513.812182576] [mavros.mission]: WP: mission received
[mavros_node-1] [INFO] [1786262518.817268864] [mavros.rallypoint]: RP: mission received
[mavros_node-1] [INFO] [1786262523.816011141] [mavros.geofence]: GF: mission received
