[INFO] [launch]: All log files can be found below /home/robot/.ros/log/2026-08-11-14-05-09-091177-robot-15461
[INFO] [launch]: Default logging verbosity is set to INFO
[INFO] [livox_ros_driver2_node-1]: process started with pid [15483]
[livox_ros_driver2_node-1] [INFO] [1786428309.186116282] [livox_lidar_publisher]: Livox Ros Driver2 Version: 1.2.6
[livox_ros_driver2_node-1] [INFO] [1786428309.186397753] [livox_lidar_publisher]: Data Source is raw lidar.
[livox_ros_driver2_node-1] [INFO] [1786428309.186407745] [livox_lidar_publisher]: Config file : /home/robot/livox_mid360_env/ws_livox/install/livox_ros_driver2/share/livox_ros_driver2/launch_ROS2/../config/MID360_config.json
[livox_ros_driver2_node-1] LdsLidar *GetInstance
[livox_ros_driver2_node-1] config lidar type: 8
[livox_ros_driver2_node-1] successfully parse base config, counts: 1
[livox_ros_driver2_node-1] bind failed
[livox_ros_driver2_node-1] Failed to init livox lidar sdk.
[livox_ros_driver2_node-1] [ERROR] [1786428309.187750808] [livox_lidar_publisher]: Init lds lidar fail!
[livox_ros_driver2_node-1] [INFO] [1786428311.606342202] [rclcpp]: signal_handler(SIGINT/SIGTERM)
[livox_ros_driver2_node-1] [INFO] [1786428311.606501502] [livox_lidar_publisher]: LIDAR_TEARDOWN_PHASE=NODE_SHUTDOWN_REQUEST_EXIT
[livox_ros_driver2_node-1] [INFO] [1786428311.606515307] [livox_lidar_publisher]: LIDAR_TEARDOWN_PHASE=NODE_SIGNAL_THREADS
[livox_ros_driver2_node-1] DistributeImuData is RequestExit
[livox_ros_driver2_node-1] DistributePointCloudData is RequestExit
[livox_ros_driver2_node-1] LiDAR data source is not exitLIDAR_TEARDOWN_PHASE=LDDC_DESTRUCTOR_EXIT
[livox_ros_driver2_node-1] lddc destory!!!!!!!!!!!!!!!!!!!!!!!!!!!!!!!!!!!!!!!!!!!!!
[livox_ros_driver2_node-1] [INFO] [1786428312.188086943] [livox_lidar_publisher]: LIDAR_TEARDOWN_PHASE=NODE_THREADS_JOINED
[livox_ros_driver2_node-1] LIDAR_TEARDOWN_PHASE=SDK_DEINIT_BEGIN
[livox_ros_driver2_node-1] LIDAR_TEARDOWN_PHASE=SDK_DEINIT_END
[livox_ros_driver2_node-1] lds destory!!!!!!!!!!!!!!!!!!!!!!!!!!!!!!!!!!!!!!!!!!!!!
[INFO] [livox_ros_driver2_node-1]: process has finished cleanly [pid 15483]
