[INFO] [launch]: All log files can be found below /home/robot/.ros/log/2026-08-10-21-25-19-679644-robot-16019
[INFO] [launch]: Default logging verbosity is set to INFO
[INFO] [fastlio_bridge_node-1]: process started with pid [16041]
[INFO] [frame_transform_node-2]: process started with pid [16043]
[INFO] [map_io_node-3]: process started with pid [16045]
[INFO] [mapping_manager_node-4]: process started with pid [16047]
[mapping_manager_node-4] [INFO] [1786368319.928750640] [mapping_manager_node]: mapping_manager_node started
[mapping_manager_node-4] [INFO] [1786368319.929117434] [mapping_manager_node]:   auto_load_on_start: false
[mapping_manager_node-4] [INFO] [1786368319.929130892] [mapping_manager_node]:   auto_save_on_land: true
[frame_transform_node-2] [INFO] [1786368319.929267920] [frame_transform_node]: frame_transform_node started
[frame_transform_node-2] [INFO] [1786368319.929450012] [frame_transform_node]:   Published static TF: map -> odom (identity)
[frame_transform_node-2] [INFO] [1786368319.929465475] [frame_transform_node]:   Published static TF: camera_init -> map (identity, RViz display only)
[fastlio_bridge_node-1] [INFO] [1786368319.940719058] [fastlio_bridge_node]: FAST-LIO2 里程计桥接已启动：订阅 /Odometry -> /race/odom, /race/pose
[map_io_node-3] [INFO] [1786368319.996530795] [map_io_node]: map_io_node started
[map_io_node-3] [INFO] [1786368319.996887649] [map_io_node]:   map_file: /home/robot/rong_ws/ws_offboard_control/maps/现场扫图/20260810/扫图_20260810_212448/现场地图.pcd
[map_io_node-3] [INFO] [1786368319.996896251] [map_io_node]:   publish_topic: /saved_map
[map_io_node-3] [INFO] [1786368319.996900907] [map_io_node]:   display_leaf_size: 0.10 m
[map_io_node-3] [INFO] [1786368319.996918380] [map_io_node]:   max_display_points: 3000000
[fastlio_bridge_node-1] [INFO] [1786368320.043196570] [fastlio_bridge_node]: 已桥接并转换里程计: ENU(0.00, 0.01, -0.00) -> NED(-0.00, 0.01, 0.00)
[fastlio_bridge_node-1] [INFO] [1786368322.034863212] [fastlio_bridge_node]: 已桥接并转换里程计: ENU(-0.00, 0.00, -0.00) -> NED(0.00, 0.00, 0.00)
[fastlio_bridge_node-1] [INFO] [1786368324.037422914] [fastlio_bridge_node]: 已桥接并转换里程计: ENU(-0.00, 0.01, -0.00) -> NED(0.00, 0.01, 0.00)
[map_io_node-3] [INFO] [1786368324.861933155] [rclcpp]: signal_handler(SIGINT/SIGTERM)
[fastlio_bridge_node-1] [INFO] [1786368324.861932441] [rclcpp]: signal_handler(SIGINT/SIGTERM)
[frame_transform_node-2] [INFO] [1786368324.861948515] [rclcpp]: signal_handler(SIGINT/SIGTERM)
[mapping_manager_node-4] [INFO] [1786368324.861966357] [rclcpp]: signal_handler(SIGINT/SIGTERM)
[INFO] [frame_transform_node-2]: process has finished cleanly [pid 16043]
[INFO] [fastlio_bridge_node-1]: process has finished cleanly [pid 16041]
[INFO] [mapping_manager_node-4]: process has finished cleanly [pid 16047]
[INFO] [map_io_node-3]: process has finished cleanly [pid 16045]
