[INFO] 启动前环境清理...
[清理] 环境干净：所选类别下没有遗留进程。
MID360 杆臂校验通过（机体 FLU，控制中心 -> FAST-LIO 原点）：x=0.0 m y=0.0 m z=0.08 m；R_FASTLIO_body yaw=0.0 rad
[INFO] Running canonical preflight check...
Checking offboard autostart prerequisites...
MID360 杆臂校验通过（机体 FLU，控制中心 -> FAST-LIO 原点）：x=0.0 m y=0.0 m z=0.08 m；R_FASTLIO_body yaw=0.0 rad
STRUCTURAL_EV_ENTRY_CONTRACT=PASS
LAUNCH_AST_PARSE_RESULT=PASS
SELECTED_VISION_NODE_IDENTITY=package=px4_ros_com,executable=fastlio_mavros_vision_bridge,name=fastlio_mavros_vision_bridge
VISION_CONDITION_BINDING_RESULT=PASS
VISION_INPUT_BINDING_RESULT=PASS:/Odometry/healthy
VISION_RESTAMP_RESULT=PASS:false
VISION_LEVER_ARM_BINDING_RESULT=PASS:body_FLU_control_center_to_FAST_LIO
VISION_WORLD_YAW_BINDING_RESULT=PASS:one_alignment_for_position_and_attitude
PHYSICAL_BODY_TF_RESULT=PASS:base_link_to_FAST_LIO_body
LAUNCH_DEFAULTS_RESULT=PASS:start_mavros_vision_bridge=true
SINGLE_EV_WRITER_RESULT=PASS:single_ev_node_in_source
STACK_COMMAND_TOKEN_BINDING_RESULT=PASS
Autostart prerequisites look ready.
[INFO] Flight run directory: /home/robot/rong_ws/ws_offboard_control/flight_records/20260811/flight_20260811_220648
[INFO] Planner=astar_ego, mission=false, output=true, manual_handover=true, rviz=true
[INFO] Recognition=false, rosbag=true, readiness_timeout=90s
[INFO] MID-360 to FAST-LIO minimum startup delay=4s
[INFO] Component windows=false (one GNOME Terminal window per component)
[INFO] Map: /home/robot/rong_ws/ws_offboard_control/maps/fastlio_global_3d_20260810/GlobalMap_去顶端_z3m.pcd (auto_load=true)
[INFO] MID360 body-to-sensor FLU: x=0.0 m, y=0.0 m, z=0.08 m, yaw=0.0 rad
[WARN] Horizontal-drift and takeoff-transient guards are absent. Keep manual RC takeover available.
[INFO] Starting navigation stack (prewarm) in its own terminal window; log=/home/robot/rong_ws/ws_offboard_control/flight_records/20260811/flight_20260811_220648/logs/navigation.log
正在等待 message：/race/control/status（超时 90s）
已就绪：收到来自 /race/control/status 的真实消息
正在等待 topic：/saved_map（超时 90s）
Ready: topic /saved_map has a publisher
正在等待 node：/rviz2（超时 90s）
Ready: node /rviz2 exists
[INFO] Starting MID-360 driver in its own terminal window; log=/home/robot/rong_ws/ws_offboard_control/flight_records/20260811/flight_20260811_220648/logs/mid360_driver.log
[INFO] Waiting 4s after MID-360 startup before FAST-LIO...
正在等待 message：/livox/imu（超时 90s）
已就绪：收到来自 /livox/imu 的真实消息
正在等待 message：/livox/lidar（超时 90s）
已就绪：收到来自 /livox/lidar 的真实消息
[INFO] Starting FAST-LIO in its own terminal window; log=/home/robot/rong_ws/ws_offboard_control/flight_records/20260811/flight_20260811_220648/logs/fastlio.log
正在等待 message：/Odometry（超时 90s）
已就绪：收到来自 /Odometry 的真实消息
正在等待 message：/cloud_registered_body（超时 90s）
就绪等待超时：mode=message, topic=/cloud_registered_body, timeout=90s
[WARN] Received TERM; shutting down the complete stack.
[WARN] Stopping components started by this run...
