[INFO] [launch]: All log files can be found below /home/robot/.ros/log/2026-07-21-17-32-16-790316-robot-6011
[INFO] [launch]: Default logging verbosity is set to INFO
[INFO] [fastlio_mapping-1]: process started with pid [6012]
[fastlio_mapping-1] [INFO] [1784626337.055391214] [laser_mapping]: p_pre->lidar_type 1
[fastlio_mapping-1] Multi thread started 
[fastlio_mapping-1] ~~~~/home/robot/livox_mid360_env/ws_fastlio/src/fast_lio/ file opened
[fastlio_mapping-1] [INFO] [1784626337.073427620] [laser_mapping]: Node init finished.
[fastlio_mapping-1] [WARN] [1784626338.803660747] [laser_mapping]: No point, skip this scan!
[fastlio_mapping-1] 
[fastlio_mapping-1] [WARN] [1784626338.815441416] [laser_mapping]: No point, skip this scan!
[fastlio_mapping-1] 
[fastlio_mapping-1] [WARN] [1784626338.822667001] [laser_mapping]: No point, skip this scan!
[fastlio_mapping-1] 
[fastlio_mapping-1] [WARN] [1784626338.832651562] [laser_mapping]: No point, skip this scan!
[fastlio_mapping-1] 
[fastlio_mapping-1] [WARN] [1784626338.842607604] [laser_mapping]: No point, skip this scan!
[fastlio_mapping-1] 
[fastlio_mapping-1] [WARN] [1784626338.852537624] [laser_mapping]: No point, skip this scan!
[fastlio_mapping-1] 
[fastlio_mapping-1] [WARN] [1784626338.867094976] [laser_mapping]: No point, skip this scan!
[fastlio_mapping-1] 
[fastlio_mapping-1] [WARN] [1784626338.876923558] [laser_mapping]: No point, skip this scan!
[fastlio_mapping-1] 
[fastlio_mapping-1] [WARN] [1784626338.882513474] [laser_mapping]: No point, skip this scan!
[fastlio_mapping-1] 
[fastlio_mapping-1] [WARN] [1784626338.892588374] [laser_mapping]: No point, skip this scan!
[fastlio_mapping-1] 
[fastlio_mapping-1] [WARN] [1784626338.902547934] [laser_mapping]: No point, skip this scan!
[fastlio_mapping-1] 
[fastlio_mapping-1] [WARN] [1784626338.912644773] [laser_mapping]: No point, skip this scan!
[fastlio_mapping-1] 
[fastlio_mapping-1] [WARN] [1784626338.922567998] [laser_mapping]: No point, skip this scan!
[fastlio_mapping-1] 
[fastlio_mapping-1] [WARN] [1784626338.932546840] [laser_mapping]: No point, skip this scan!
[fastlio_mapping-1] 
[fastlio_mapping-1] [WARN] [1784626338.942554071] [laser_mapping]: No point, skip this scan!
[fastlio_mapping-1] 
[fastlio_mapping-1] [WARN] [1784626338.952804659] [laser_mapping]: No point, skip this scan!
[fastlio_mapping-1] 
[fastlio_mapping-1] IMU Initial Done
[fastlio_mapping-1] [WARN] [1784626338.962984918] [laser_mapping]: No point, skip this scan!
[fastlio_mapping-1] 
[fastlio_mapping-1] [INFO] [1784626338.987669771] [laser_mapping]: Initialize the map kdtree
