Flight run directory: /home/robot/ws_offboard_control/flight_records/20260721/flight_20260721_173212
Parameter snapshot: /home/robot/ws_offboard_control/flight_records/20260721/flight_20260721_173212/snapshot
Recording rosbag to: /home/robot/ws_offboard_control/flight_records/20260721/flight_20260721_173212/rosbag
Record full registered point cloud: false
Press Ctrl+C in this terminal to stop recording.
stdin is not a terminal device. Keyboard handling disabled.[INFO] [1784626356.424097852] [rosbag2_recorder]: Press SPACE for pausing/resuming
[INFO] [1784626356.426573881] [rosbag2_storage]: Opened database '/home/robot/ws_offboard_control/flight_records/20260721/flight_20260721_173212/rosbag/rosbag_0.db3' for READ_WRITE.
[INFO] [1784626356.429649720] [rosbag2_recorder]: Listening for topics...
[INFO] [1784626356.429681939] [rosbag2_recorder]: Event publisher thread: Starting
[INFO] [1784626356.433116357] [rosbag2_recorder]: Subscribed to topic '/path'
[INFO] [1784626356.436324654] [rosbag2_recorder]: Subscribed to topic '/Odometry'
[INFO] [1784626356.437662062] [rosbag2_recorder]: Recording...
[INFO] [1784626356.544047296] [rosbag2_recorder]: Subscribed to topic '/minipc_mavros_offboard/mpc_setpoint_debug'
[INFO] [1784626356.545472350] [rosbag2_recorder]: Subscribed to topic '/mavros/vision_speed/speed_twist_cov'
[INFO] [1784626356.546454480] [rosbag2_recorder]: Subscribed to topic '/mavros/vision_pose/pose_cov'
[INFO] [1784626356.547366881] [rosbag2_recorder]: Subscribed to topic '/route_tracker/lookahead_target'
[INFO] [1784626356.548436041] [rosbag2_recorder]: Subscribed to topic '/mavros/setpoint_raw/local'
[INFO] [1784626356.549361758] [rosbag2_recorder]: Subscribed to topic '/ev_health/velocity_ned'
[INFO] [1784626356.552102684] [rosbag2_recorder]: Subscribed to topic '/ev_health/diagnostics'
[INFO] [1784626356.554728838] [rosbag2_recorder]: Subscribed to topic '/ev_health/fault'
[INFO] [1784626356.556001292] [rosbag2_recorder]: Subscribed to topic '/ev_health/status'
[INFO] [1784626356.556855859] [rosbag2_recorder]: Subscribed to topic '/Odometry/healthy'
[INFO] [1784626356.557800163] [rosbag2_recorder]: Subscribed to topic '/Odometry/guarded'
[INFO] [1784626356.558875767] [rosbag2_recorder]: Subscribed to topic '/route_tracker/reference_path_3d'
[INFO] [1784626356.663885704] [rosbag2_recorder]: Subscribed to topic '/mavros/local_position/velocity_local'
[INFO] [1784626356.664768631] [rosbag2_recorder]: Subscribed to topic '/mavros/local_position/odom'
[INFO] [1784626356.665641614] [rosbag2_recorder]: Subscribed to topic '/mavros/local_position/pose'
[INFO] [1784626357.500994499] [rosbag2_recorder]: Subscribed to topic '/mavros/state'
[INFO] [1784626357.501706463] [rosbag2_recorder]: Subscribed to topic '/mavros/setpoint_raw/target_local'
