[INFO] [1784626344.449103835] [minipc_mavros_offboard]: Started minipc_mavros_offboard with arm_only=False, takeoff_height_m=0.8, hover_seconds=10.0, offboard_stabilize_seconds=20.0, use_rc_offboard=True, hold_after_arm_reject=True, ignore_z_in_arm_only=True, debug_hold_after_mode_drop=True, recent_pose_samples=30, require_vision_pose=True, vision_freshness_s=1.0, require_ev_health=True, ev_health_topic=/ev_health/status, ev_health_required_s=7.5, ev_health_freshness_s=1.0, lift_only_seconds=0.0, z_ramp_seconds=2.5, target_xyz=(0.0, 0.0, -0.5), xy_move_unlock_height_m=0.5, yaw_deg=0.0, auto_land=False, land_on_offboard_loss=True, offboard_land=True, offboard_land_speed_mps=0.1, offboard_land_auto_handoff_height_m=0.1, auto_disarm_after_land=True, disarm_after_land_delay_s=2.0, land_wait_timeout_s=45.0, land_mode_retry_s=1.0, land_mode_confirm_timeout_s=2.0, landed_ground_tolerance_m=0.06, target_reached_tolerance_m=0.15, landed_hold_seconds=0.0, drift_guard_enabled=True, drift_warning_m=0.2, drift_land_m=0.3, drift_emergency_m=0.5, legacy_max_horizontal_drift_m=0.5, mavros_state_freshness_s=1.5, control_mode=ramp, enable_route_tracking=False, route_path_topic=/nav2_stage1/path, route_fixed_flight_height_m=1.0, route_start_tolerance_m=0.4, route_goal_tolerance_m=0.2, route_lookahead_m=0.4, route_max_vxy_mps=0.25, route_max_vz_mps=0.15, route_setpoint_rate_hz=30.0, route_path_timeout_s=2.0, route_fail_action=hold, route_final_hold_seconds=3.0
[INFO] [1784626344.455998704] [minipc_mavros_offboard]: Waiting for MAVROS connection
[INFO] [1784626344.488231324] [minipc_mavros_offboard]: EV health is HEALTHY; continuous pre-arm timer restarted
[INFO] [1784626345.555732547] [minipc_mavros_offboard]: Waiting for MAVROS local odometry before arming
[WARN] [1784626345.556427829] [minipc_mavros_offboard]: Waiting for continuous healthy EV before prestream: EV healthy duration 1.1s / required 7.5s
[WARN] [1784626346.588588358] [minipc_mavros_offboard]: Waiting for continuous healthy EV before prestream: EV healthy duration 2.1s / required 7.5s
[WARN] [1784626347.589140722] [minipc_mavros_offboard]: Waiting for continuous healthy EV before prestream: EV healthy duration 3.1s / required 7.5s
[WARN] [1784626348.590457032] [minipc_mavros_offboard]: Waiting for continuous healthy EV before prestream: EV healthy duration 4.1s / required 7.5s
[WARN] [1784626349.623376559] [minipc_mavros_offboard]: Waiting for continuous healthy EV before prestream: EV healthy duration 5.1s / required 7.5s
[WARN] [1784626350.655408360] [minipc_mavros_offboard]: Waiting for continuous healthy EV before prestream: EV healthy duration 6.2s / required 7.5s
[WARN] [1784626351.588944129] [minipc_mavros_offboard]: EV health changed to SUSPECT
[WARN] [1784626351.658280732] [minipc_mavros_offboard]: Waiting for continuous healthy EV before prestream: EV health state is SUSPECT
[WARN] [1784626352.688389468] [minipc_mavros_offboard]: Waiting for continuous healthy EV before prestream: EV health state is SUSPECT
[INFO] [1784626353.686828661] [minipc_mavros_offboard]: EV health is HEALTHY; continuous pre-arm timer restarted
[WARN] [1784626353.688744060] [minipc_mavros_offboard]: Waiting for continuous healthy EV before prestream: EV healthy duration 0.0s / required 7.5s
[WARN] [1784626354.556677296] [minipc_mavros_offboard]: EV health changed to SUSPECT
[WARN] [1784626354.689081992] [minipc_mavros_offboard]: Waiting for continuous healthy EV before prestream: EV health state is SUSPECT
[WARN] [1784626355.689156128] [minipc_mavros_offboard]: Waiting for continuous healthy EV before prestream: EV health state is SUSPECT
[INFO] [1784626356.686522459] [minipc_mavros_offboard]: EV health is HEALTHY; continuous pre-arm timer restarted
[WARN] [1784626356.721687982] [minipc_mavros_offboard]: Waiting for continuous healthy EV before prestream: EV healthy duration 0.0s / required 7.5s
[WARN] [1784626357.723004483] [minipc_mavros_offboard]: Waiting for continuous healthy EV before prestream: EV healthy duration 1.0s / required 7.5s
[WARN] [1784626358.755225943] [minipc_mavros_offboard]: Waiting for continuous healthy EV before prestream: EV healthy duration 2.1s / required 7.5s
[WARN] [1784626359.755600424] [minipc_mavros_offboard]: Waiting for continuous healthy EV before prestream: EV healthy duration 3.1s / required 7.5s
[WARN] [1784626360.788300745] [minipc_mavros_offboard]: Waiting for continuous healthy EV before prestream: EV healthy duration 4.1s / required 7.5s
[WARN] [1784626361.789231950] [minipc_mavros_offboard]: Waiting for continuous healthy EV before prestream: EV healthy duration 5.1s / required 7.5s
[WARN] [1784626362.822541726] [minipc_mavros_offboard]: Waiting for continuous healthy EV before prestream: EV healthy duration 6.1s / required 7.5s
[WARN] [1784626363.856421510] [minipc_mavros_offboard]: Waiting for continuous healthy EV before prestream: EV healthy duration 7.2s / required 7.5s
[INFO] [1784626364.189730912] [minipc_mavros_offboard]: Averaged MAVROS local odometry for prestream x=-0.02, y=0.00, z=-0.04
[INFO] [1784626364.190296974] [minipc_mavros_offboard]: Provisional prestream target in MAVROS local ENU x=-0.02, y=0.00, z_start=-0.04, z_final=0.46
[INFO] [1784626364.222136383] [minipc_mavros_offboard]: Streaming pre-arm MAVROS setpoints
[INFO] [1784626367.554795018] [minipc_mavros_offboard]: Streaming setpoints and waiting for RC to switch OFFBOARD
[INFO] [1784626379.521696292] [minipc_mavros_offboard]: Locked takeoff reference at first OFFBOARD activation: current_enu=(-0.024, 0.005, -0.053), target_enu=(-0.024, 0.005, 0.447)
[INFO] [1784626379.521947762] [minipc_mavros_offboard]: OFFBOARD reported by MAVROS state
[INFO] [1784626399.554973111] [minipc_mavros_offboard]: Arming vehicle
[INFO] [1784626399.556980663] [minipc_mavros_offboard]: Requested arming
[INFO] [1784626399.592385492] [minipc_mavros_offboard]: Locked hold yaw to current MAVROS local yaw -0.4 deg
[INFO] [1784626399.623471973] [minipc_mavros_offboard]: Holding MAVROS setpoint
[INFO] [1784626399.624290345] [minipc_mavros_offboard]: Vehicle left armed/OFFBOARD state; continuing debug hold
[INFO] [1784626399.624526760] [minipc_mavros_offboard]: Debug hold after OFFBOARD/armed drop: connected=True, armed=False, guided=False, manual_input=False, mode=OFFBOARD
[INFO] [1784626399.656440117] [minipc_mavros_offboard]: Holding MAVROS setpoint
[INFO] [1784626399.658625171] [minipc_mavros_offboard]: Vehicle left armed/OFFBOARD state; continuing debug hold
[INFO] [1784626399.658839414] [minipc_mavros_offboard]: Debug hold after OFFBOARD/armed drop: connected=True, armed=False, guided=False, manual_input=False, mode=OFFBOARD
[INFO] [1784626399.689948564] [minipc_mavros_offboard]: Holding MAVROS setpoint
[INFO] [1784626399.691162057] [minipc_mavros_offboard]: Vehicle left armed/OFFBOARD state; continuing debug hold
[INFO] [1784626399.691438881] [minipc_mavros_offboard]: Debug hold after OFFBOARD/armed drop: connected=True, armed=False, guided=False, manual_input=False, mode=OFFBOARD
[INFO] [1784626399.721736176] [minipc_mavros_offboard]: Holding MAVROS setpoint
[INFO] [1784626399.722282749] [minipc_mavros_offboard]: Vehicle left armed/OFFBOARD state; continuing debug hold
[INFO] [1784626399.722478451] [minipc_mavros_offboard]: Debug hold after OFFBOARD/armed drop: connected=True, armed=False, guided=False, manual_input=False, mode=OFFBOARD
[INFO] [1784626399.757369408] [minipc_mavros_offboard]: Holding MAVROS setpoint
[INFO] [1784626399.760488853] [minipc_mavros_offboard]: Vehicle left armed/OFFBOARD state; continuing debug hold
[INFO] [1784626399.762240291] [minipc_mavros_offboard]: Debug hold after OFFBOARD/armed drop: connected=True, armed=False, guided=False, manual_input=False, mode=OFFBOARD
[INFO] [1784626399.790662739] [minipc_mavros_offboard]: Holding MAVROS setpoint
[INFO] [1784626399.792281378] [minipc_mavros_offboard]: Vehicle left armed/OFFBOARD state; continuing debug hold
[INFO] [1784626399.792835129] [minipc_mavros_offboard]: Debug hold after OFFBOARD/armed drop: connected=True, armed=False, guided=False, manual_input=False, mode=OFFBOARD
[INFO] [1784626399.821758843] [minipc_mavros_offboard]: Holding MAVROS setpoint
[INFO] [1784626399.822845398] [minipc_mavros_offboard]: Vehicle left armed/OFFBOARD state; continuing debug hold
[INFO] [1784626399.823060129] [minipc_mavros_offboard]: Debug hold after OFFBOARD/armed drop: connected=True, armed=False, guided=False, manual_input=False, mode=OFFBOARD
[INFO] [1784626399.854843780] [minipc_mavros_offboard]: Holding MAVROS setpoint
[INFO] [1784626399.855392422] [minipc_mavros_offboard]: Vehicle left armed/OFFBOARD state; continuing debug hold
[INFO] [1784626399.855605261] [minipc_mavros_offboard]: Debug hold after OFFBOARD/armed drop: connected=True, armed=False, guided=False, manual_input=False, mode=OFFBOARD
[INFO] [1784626399.889668509] [minipc_mavros_offboard]: Holding MAVROS setpoint
[INFO] [1784626399.890989986] [minipc_mavros_offboard]: Vehicle left armed/OFFBOARD state; continuing debug hold
[INFO] [1784626399.891288236] [minipc_mavros_offboard]: Debug hold after OFFBOARD/armed drop: connected=True, armed=False, guided=False, manual_input=False, mode=OFFBOARD
[INFO] [1784626399.923401368] [minipc_mavros_offboard]: Holding MAVROS setpoint
[INFO] [1784626399.926711401] [minipc_mavros_offboard]: Vehicle left armed/OFFBOARD state; continuing debug hold
[INFO] [1784626399.927330284] [minipc_mavros_offboard]: Debug hold after OFFBOARD/armed drop: connected=True, armed=False, guided=False, manual_input=False, mode=OFFBOARD
[INFO] [1784626399.955090011] [minipc_mavros_offboard]: Holding MAVROS setpoint
[INFO] [1784626399.955835997] [minipc_mavros_offboard]: Vehicle left armed/OFFBOARD state; continuing debug hold
[INFO] [1784626399.956274444] [minipc_mavros_offboard]: Debug hold after OFFBOARD/armed drop: connected=True, armed=False, guided=False, manual_input=False, mode=OFFBOARD
[INFO] [1784626399.989036173] [minipc_mavros_offboard]: Holding MAVROS setpoint
[INFO] [1784626399.990530393] [minipc_mavros_offboard]: Vehicle left armed/OFFBOARD state; continuing debug hold
[INFO] [1784626399.991161008] [minipc_mavros_offboard]: Debug hold after OFFBOARD/armed drop: connected=True, armed=False, guided=False, manual_input=False, mode=OFFBOARD
[INFO] [1784626400.021867858] [minipc_mavros_offboard]: Holding MAVROS setpoint
[INFO] [1784626400.022684627] [minipc_mavros_offboard]: Vehicle left armed/OFFBOARD state; continuing debug hold
[INFO] [1784626400.022866675] [minipc_mavros_offboard]: Debug hold after OFFBOARD/armed drop: connected=True, armed=False, guided=False, manual_input=False, mode=OFFBOARD
[INFO] [1784626400.056263938] [minipc_mavros_offboard]: Holding MAVROS setpoint
[INFO] [1784626400.056726545] [minipc_mavros_offboard]: Vehicle left armed/OFFBOARD state; continuing debug hold
[INFO] [1784626400.056899557] [minipc_mavros_offboard]: Debug hold after OFFBOARD/armed drop: connected=True, armed=False, guided=False, manual_input=False, mode=OFFBOARD
[INFO] [1784626400.089642317] [minipc_mavros_offboard]: Holding MAVROS setpoint
[INFO] [1784626400.090930966] [minipc_mavros_offboard]: Vehicle left armed/OFFBOARD state; continuing debug hold
[INFO] [1784626400.091277754] [minipc_mavros_offboard]: Debug hold after OFFBOARD/armed drop: connected=True, armed=False, guided=False, manual_input=False, mode=OFFBOARD
[INFO] [1784626400.122120124] [minipc_mavros_offboard]: Holding MAVROS setpoint
[INFO] [1784626400.123137510] [minipc_mavros_offboard]: Vehicle left armed/OFFBOARD state; continuing debug hold
[INFO] [1784626400.123593046] [minipc_mavros_offboard]: Debug hold after OFFBOARD/armed drop: connected=True, armed=False, guided=False, manual_input=False, mode=OFFBOARD
[INFO] [1784626400.155148864] [minipc_mavros_offboard]: Holding MAVROS setpoint
[INFO] [1784626400.155887107] [minipc_mavros_offboard]: Vehicle left armed/OFFBOARD state; continuing debug hold
[INFO] [1784626400.156296852] [minipc_mavros_offboard]: Debug hold after OFFBOARD/armed drop: connected=True, armed=False, guided=False, manual_input=False, mode=OFFBOARD
[INFO] [1784626400.189777063] [minipc_mavros_offboard]: Holding MAVROS setpoint
[INFO] [1784626400.191386974] [minipc_mavros_offboard]: Vehicle left armed/OFFBOARD state; continuing debug hold
[INFO] [1784626400.192103964] [minipc_mavros_offboard]: Debug hold after OFFBOARD/armed drop: connected=True, armed=False, guided=False, manual_input=False, mode=OFFBOARD
[INFO] [1784626400.221703779] [minipc_mavros_offboard]: Holding MAVROS setpoint
[INFO] [1784626400.222376939] [minipc_mavros_offboard]: Vehicle left armed/OFFBOARD state; continuing debug hold
[INFO] [1784626400.222779618] [minipc_mavros_offboard]: Debug hold after OFFBOARD/armed drop: connected=True, armed=False, guided=False, manual_input=False, mode=OFFBOARD
[INFO] [1784626400.255278413] [minipc_mavros_offboard]: Holding MAVROS setpoint
[INFO] [1784626400.256062311] [minipc_mavros_offboard]: Vehicle left armed/OFFBOARD state; continuing debug hold
[INFO] [1784626400.256599490] [minipc_mavros_offboard]: Debug hold after OFFBOARD/armed drop: connected=True, armed=False, guided=False, manual_input=False, mode=OFFBOARD
[INFO] [1784626400.288747879] [minipc_mavros_offboard]: Holding MAVROS setpoint
[INFO] [1784626400.289987266] [minipc_mavros_offboard]: Vehicle left armed/OFFBOARD state; continuing debug hold
[INFO] [1784626400.290438580] [minipc_mavros_offboard]: Debug hold after OFFBOARD/armed drop: connected=True, armed=False, guided=False, manual_input=False, mode=OFFBOARD
[INFO] [1784626400.321865653] [minipc_mavros_offboard]: Holding MAVROS setpoint
[INFO] [1784626400.323021427] [minipc_mavros_offboard]: Vehicle left armed/OFFBOARD state; continuing debug hold
[INFO] [1784626400.323291118] [minipc_mavros_offboard]: Debug hold after OFFBOARD/armed drop: connected=True, armed=False, guided=False, manual_input=False, mode=OFFBOARD
[INFO] [1784626400.354773797] [minipc_mavros_offboard]: Holding MAVROS setpoint
[INFO] [1784626400.355221856] [minipc_mavros_offboard]: Vehicle left armed/OFFBOARD state; continuing debug hold
[INFO] [1784626400.355388909] [minipc_mavros_offboard]: Debug hold after OFFBOARD/armed drop: connected=True, armed=False, guided=False, manual_input=False, mode=OFFBOARD
[INFO] [1784626400.388599842] [minipc_mavros_offboard]: Holding MAVROS setpoint
[INFO] [1784626400.389801665] [minipc_mavros_offboard]: Vehicle left armed/OFFBOARD state; continuing debug hold
[INFO] [1784626400.390055678] [minipc_mavros_offboard]: Debug hold after OFFBOARD/armed drop: connected=True, armed=False, guided=False, manual_input=False, mode=OFFBOARD
[INFO] [1784626400.423044668] [minipc_mavros_offboard]: Holding MAVROS setpoint
[INFO] [1784626400.424306363] [minipc_mavros_offboard]: Vehicle left armed/OFFBOARD state; continuing debug hold
[INFO] [1784626400.424499714] [minipc_mavros_offboard]: Debug hold after OFFBOARD/armed drop: connected=True, armed=False, guided=False, manual_input=False, mode=OFFBOARD
[INFO] [1784626400.455350341] [minipc_mavros_offboard]: Holding MAVROS setpoint
[INFO] [1784626400.456222491] [minipc_mavros_offboard]: Vehicle left armed/OFFBOARD state; continuing debug hold
[INFO] [1784626400.456439429] [minipc_mavros_offboard]: Debug hold after OFFBOARD/armed drop: connected=True, armed=False, guided=False, manual_input=False, mode=OFFBOARD
[INFO] [1784626400.488277661] [minipc_mavros_offboard]: Holding MAVROS setpoint
[INFO] [1784626400.488939113] [minipc_mavros_offboard]: Vehicle left armed/OFFBOARD state; continuing debug hold
[INFO] [1784626400.489139356] [minipc_mavros_offboard]: Debug hold after OFFBOARD/armed drop: connected=True, armed=False, guided=False, manual_input=False, mode=OFFBOARD
[INFO] [1784626400.521845460] [minipc_mavros_offboard]: Holding MAVROS setpoint
[WARN] [1784626401.826479410] [minipc_mavros_offboard]: Horizontal error warning: error=0.20 m >= warning=0.20 m
[ERROR] [1784626402.091374419] [minipc_mavros_offboard]: Horizontal drift guard triggered: error=0.31 m >= limit=0.30 m. Holding remains active unless the emergency threshold is reached.
[INFO] [1784626414.790195896] [minipc_mavros_offboard]: Target reached; starting hover timer before landing
[INFO] [1784626424.825445594] [minipc_mavros_offboard]: Landing with OFFBOARD position setpoints
[INFO] [1784626424.826018208] [minipc_mavros_offboard]: Starting OFFBOARD controlled landing: z_start=0.33, z_end=-0.05, speed=0.10 m/s
[INFO] [1784626429.356987213] [minipc_mavros_offboard]: OFFBOARD landing reached AUTO.LAND handoff height; requesting AUTO.LAND
[INFO] [1784626429.388552731] [minipc_mavros_offboard]: Requesting AUTO.LAND while holding a no-climb setpoint
[INFO] [1784626429.391929893] [minipc_mavros_offboard]: Requested AUTO.LAND mode
[INFO] [1784626429.457563128] [minipc_mavros_offboard]: Waiting for MAVROS to confirm AUTO.LAND; maintaining no-climb setpoints
[INFO] [1784626429.523662278] [minipc_mavros_offboard]: AUTO.LAND confirmed by MAVROS state
[INFO] [1784626429.556083468] [minipc_mavros_offboard]: Waiting for landing completion before disarm
[INFO] [1784626431.521858317] [minipc_mavros_offboard]: Landing detected; waiting before disarm request
[INFO] [1784626433.522057475] [minipc_mavros_offboard]: Vehicle is already disarmed after AUTO.LAND
[INFO] [1784626433.555089241] [minipc_mavros_offboard]: MAVROS offboard control completed; stopping node
