Waiting for mavros_connected: /mavros/state (timeout=90s)
Ready: MAVROS connected
Waiting for topic: /ev_health/status (timeout=90s)
Ready: topic /ev_health/status has a publisher
Flight run directory: /home/robot/ws_offboard_control/flight_records/20260806/flight_20260806_223416
Parameter snapshot: /home/robot/ws_offboard_control/flight_records/20260806/flight_20260806_223416/snapshot
Recording rosbag to: /home/robot/ws_offboard_control/flight_records/20260806/flight_20260806_223416/rosbag
Record full registered point cloud: false
Press Ctrl+C in this terminal to stop recording.
stdin is not a terminal device. Keyboard handling disabled.[INFO] [1786026881.599568503] [rosbag2_recorder]: Press SPACE for pausing/resuming
[INFO] [1786026881.600818380] [rosbag2_storage]: Opened database '/home/robot/ws_offboard_control/flight_records/20260806/flight_20260806_223416/rosbag/rosbag_0.db3' for READ_WRITE.
[INFO] [1786026881.604487903] [rosbag2_recorder]: Listening for topics...
[INFO] [1786026881.604494726] [rosbag2_recorder]: Event publisher thread: Starting
[INFO] [1786026881.607269181] [rosbag2_recorder]: Subscribed to topic '/route_tracker/reference_path_3d'
[INFO] [1786026881.609012380] [rosbag2_recorder]: Subscribed to topic '/minipc_mavros_offboard/mpc_setpoint_debug'
[INFO] [1786026881.610405369] [rosbag2_recorder]: Subscribed to topic '/mavros/vision_speed/speed_twist_cov'
[INFO] [1786026881.611184445] [rosbag2_recorder]: Subscribed to topic '/path'
[INFO] [1786026881.612041229] [rosbag2_recorder]: Subscribed to topic '/mavros/vision_pose/pose_cov'
[INFO] [1786026881.612915452] [rosbag2_recorder]: Subscribed to topic '/route_tracker/lookahead_target'
[INFO] [1786026881.613666796] [rosbag2_recorder]: Subscribed to topic '/mavros/setpoint_raw/local'
[INFO] [1786026881.614394222] [rosbag2_recorder]: Subscribed to topic '/ev_health/velocity_ned'
[INFO] [1786026881.615816612] [rosbag2_recorder]: Subscribed to topic '/ev_health/diagnostics'
[INFO] [1786026881.616994593] [rosbag2_recorder]: Subscribed to topic '/ev_health/status'
[INFO] [1786026881.618838594] [rosbag2_recorder]: Subscribed to topic '/ev_health/fault'
[INFO] [1786026881.621321400] [rosbag2_recorder]: Subscribed to topic '/Odometry/healthy'
[INFO] [1786026881.623236447] [rosbag2_recorder]: Subscribed to topic '/Odometry'
[INFO] [1786026881.623382494] [rosbag2_recorder]: Recording...
[INFO] [1786026881.626383808] [rosbag2_recorder]: Subscribed to topic '/mavros/local_position/velocity_local'
[INFO] [1786026881.626979792] [rosbag2_recorder]: Subscribed to topic '/mavros/local_position/odom'
[INFO] [1786026881.627587392] [rosbag2_recorder]: Subscribed to topic '/mavros/local_position/pose'
[INFO] [1786026881.731508148] [rosbag2_recorder]: Subscribed to topic '/mavros/state'
[INFO] [1786026881.732285712] [rosbag2_recorder]: Subscribed to topic '/mavros/setpoint_raw/target_local'
[INFO] [1786026882.658670041] [rosbag2_recorder]: Subscribed to topic '/Odometry/guarded'
