Navigation backend: ego-shadow
Mission sequencer:  false
Map file:           <disabled for validation>
Map auto-load:      false
Recognition:        false
Navigation output:  false
[INFO] [launch]: All log files can be found below /home/robot/.ros/log/2026-08-09-15-11-09-189500-robot-42059
[INFO] [launch]: Default logging verbosity is set to INFO
[INFO] [launch.user]: [TUNING_FILE]
[INFO] [launch.user]: path=/home/robot/rong_ws/ws_offboard_control/install/race_bringup/share/race_bringup/config/astar_ego_tuning.yaml
[INFO] [launch.user]: schema_version=1
[INFO] [launch.user]: [EGO_MAP_SOURCE]
[INFO] [launch.user]: ego_map_source=static_live_px4
[INFO] [launch.user]: [EGO_MAP_TUNING]
[INFO] [launch.user]: {'live_obstacle_memory_sec': 1.0, 'live_obstacle_voxel_size_m': 0.1, 'live_obstacle_min_observations': 2, 'minimum_reliable_detection_range_m': 0.725, 'pose_sync_max_skew_sec': 0.3, 'pose_buffer_duration_sec': 1.0}
[INFO] [launch.user]: [SHARED_BOUNDS]
[INFO] [launch.user]: x=[-0.85,11.9] y=[-1.3,12.4] z=[0.5,0.85] margin=0.15
[INFO] [launch.user]: [GLOBAL_PLANNER_TUNING]
[INFO] [launch.user]: {'grid_resolution': 0.15, 'planning_resolution': 0.05, 'hard_inflation_radius': 0.28, 'min_planning_inflation_radius': 0.28, 'soft_obstacle_cost_radius': 0.54, 'clearance_cost_weight': 3.0, 'tracking_lookahead_distance': 0.3, 'max_local_goal_distance': 1.7, 'smoothing_min_clearance': 0.1, 'allow_direct_path': False, 'enable_path_shortcut': False}
[INFO] [launch.user]: [EGO_TUNING]
[INFO] [launch.user]: {'planning_horizon': 5.0, 'local_update_range_x': 6.0, 'local_update_range_y': 6.0, 'local_update_range_z': 1.25, 'occupancy_map_size_x': 24.0, 'occupancy_map_size_y': 26.0, 'occupancy_publish_max_height': 2.5, 'max_velocity': 0.6, 'max_acceleration': 0.8, 'control_point_spacing': 0.25, 'planning_clearance_m': 0.34, 'constrained_clearance_enable': False, 'constrained_clearance_m': 0.24, 'constrained_optimization_clearance_m': 0.3, 'far_end_clearance_extra_m': 0.06, 'optimization_clearance_m': 0.42, 'max_reference_deviation_m': 0.8, 'use_distinctive_trajectories': True, 'replan_start_position_error_m': 0.25, 'handover_position_tolerance_m': 0.01, 'handover_velocity_tolerance_mps': 0.005, 'handover_acceleration_tolerance_mps2': 0.01, 'fixed_flight_height': 0.78}
[INFO] [launch.user]: [BRIDGE_TUNING]
[INFO] [launch.user]: {'occupancy_timeout_sec': 1.0, 'active_recheck_history_sec': 0.5, 'bspline_timeout_sec': 0.2, 'command_timeout_sec': 0.2, 'dynamic_invalid_grace_sec': 0.75, 'replan_hold_timeout_sec': 3.0, 'collision_sample_spacing_m': 0.04, 'braking_deceleration_mps2': 0.8, 'reaction_time_sec': 0.15, 'dynamic_limit_margin': 1.1, 'max_yaw_rate_rad_s': 0.8}
[INFO] [launch.user]: [OFFBOARD_TUNING]
[INFO] [launch.user]: {'takeoff_height_m': 0.55, 'ego_goal_release_height_m': 0.5, 'ego_goal_stable_height_tolerance_m': 0.05, 'ego_goal_stable_horizontal_speed_mps': 0.08, 'ego_goal_stable_vertical_speed_mps': 0.05, 'ego_goal_stable_duration_sec': 0.5, 'fixed_flight_height_m': 0.78, 'max_safe_height_m': 0.85, 'goal_tolerance_xy_m': 0.1, 'goal_tolerance_z_m': 0.05, 'setpoint_rate_hz': 20.0, 'trusted_position_max_speed_mps': 4.0, 'trusted_position_jump_allowance_m': 0.4, 'ego_setpoint_max_lead_m': 2.0, 'ego_setpoint_timeout_sec': 2.5, 'same_goal_retry_on_safety_latch': True, 'ego_yaw_rate_limit_rad_s': 0.8, 'initial_position_stabilization_sec': 0.5, 'initial_position_max_spread_m': 0.08, 'initial_position_max_speed_mps': 0.2}
[INFO] [offboard_waypoint_node-1]: process started with pid [42100]
[INFO] [fastlio_bridge_node-2]: process started with pid [42102]
[INFO] [frame_transform_node-3]: process started with pid [42104]
[INFO] [map_io_node-4]: process started with pid [42106]
[INFO] [mapping_manager_node-5]: process started with pid [42108]
[INFO] [super_planner_ros2_node-6]: process started with pid [42110]
[INFO] [race_ego_odom_bridge-7]: process started with pid [42112]
[INFO] [race_ego_cloud_bridge-8]: process started with pid [42114]
[INFO] [race_ego_goal_bridge-9]: process started with pid [42125]
[INFO] [ego_planner_node-10]: process started with pid [42134]
[INFO] [traj_server-11]: process started with pid [42148]
[INFO] [race_ego_trajectory_bridge-12]: process started with pid [42179]
[race_ego_trajectory_bridge-12] [INFO] [1786259469.690763579] [race_ego_trajectory_bridge]: [BRIDGE_CLEARANCE_THRESHOLD] hard_clearance=0.290000000
[race_ego_trajectory_bridge-12] [INFO] [1786259469.691114904] [race_ego_trajectory_bridge]: [BRIDGE_BRAKING_CONTRACT] max_speed=0.600 deceleration=0.800 reaction=0.150 clearance=0.290 braking_horizon=0.605 detection_range=0.725
[frame_transform_node-3] [INFO] [1786259469.744334752] [frame_transform_node]: frame_transform_node started
[frame_transform_node-3] [INFO] [1786259469.744518749] [frame_transform_node]:   Published static TF: map -> odom (identity)
[frame_transform_node-3] [INFO] [1786259469.744528830] [frame_transform_node]:   Published static TF: camera_init -> map (identity, RViz display only)
[fastlio_bridge_node-2] [INFO] [1786259469.760196228] [fastlio_bridge_node]: FAST-LIO2 里程计桥接已启动：订阅 /Odometry -> /race/odom, /race/pose
[race_ego_cloud_bridge-8] [INFO] [1786259469.777518562] [race_ego_cloud_bridge]: EGO cloud bridge: source=static_live_px4 input=/saved_map+/fast_lio/cloud_registered_body output=/race/ego/cloud required_frame=map frame_transform=px4_pose_projection
[mapping_manager_node-5] [INFO] [1786259469.886787592] [mapping_manager_node]: mapping_manager_node started
[mapping_manager_node-5] [INFO] [1786259469.888017372] [mapping_manager_node]:   auto_load_on_start: false
[mapping_manager_node-5] [INFO] [1786259469.888034912] [mapping_manager_node]:   auto_save_on_land: true
[map_io_node-4] [INFO] [1786259469.933651073] [map_io_node]: map_io_node started
[map_io_node-4] [INFO] [1786259469.937250650] [map_io_node]:   map_file: /home/robot/rong_ws/ws_offboard_control/maps/fastlio_global_3d/GlobalMap.pcd
[map_io_node-4] [INFO] [1786259469.937350499] [map_io_node]:   publish_topic: /saved_map
[map_io_node-4] [INFO] [1786259469.937355555] [map_io_node]:   display_leaf_size: 0.10 m
[map_io_node-4] [INFO] [1786259469.937368062] [map_io_node]:   max_display_points: 3000000
[race_ego_odom_bridge-7] [INFO] [1786259469.948306277] [race_ego_odom_bridge]: EGO odom bridge: /mavros/local_position/odom -> /race/ego/odom frame=map conversion=enuToMap(-y,x,z) strict=false
[race_ego_trajectory_bridge-12] [INFO] [1786259469.965682092] [race_ego_trajectory_bridge]: [EGO_STATUS] state=WAIT_MAP control_enabled=false map=missing odom=missing goal=missing trajectory=missing
[offboard_waypoint_node-1] [INFO] [1786259470.129465294] [offboard_waypoint_node]: Offboard adapter: control_source=navigation navigation_topic=/race/navigation_setpoint ego_topic=/race/ego/trajectory_setpoint frame=px4_ned timeout=0.80s ego_timeout=0.20s height=[0.50, 0.85]m warmup=1.0s stabilization=3.0s takeoff_complete=0.55m strict_health=false
[offboard_waypoint_node-1] [INFO] [1786259470.129582542] [offboard_waypoint_node]: [PLANNER_SOURCE] backend=navigation
[offboard_waypoint_node-1] [INFO] [1786259470.129588353] [offboard_waypoint_node]: [TRAJECTORY_SOURCE] selected=navigation timeout=2.50s
[offboard_waypoint_node-1] [INFO] [1786259470.129836295] [offboard_waypoint_node]: [EV_HEALTH] state=HEALTHY continuous_healthy=0.00s
[offboard_waypoint_node-1] [INFO] [1786259470.183494594] [offboard_waypoint_node]: [CONTROL_ARBITER] selected_source=safety_hold state=WAITING_FOR_ODOM
[ego_planner_node-10] [INFO] [1786259470.242473020] [race_ego_planner]: [EGO_RECOVERY_GEOMETRY_CONFIG] search_distance=0.600 minimum_forward_progress=0.150 extra_clearance=0.060 max_reference_deviation=0.780 max_lateral_offset=0.750 lateral_offset_step=0.150
[super_planner_ros2_node-6] [INFO] [1786259470.261170960] [super_planner_ros2_node]: MODE_INIT enable_output=false setpoint_topic=/race/navigation_setpoint setpoint_frame=px4_ned control_rate=20.0 replan_rate=2.0 tracking_lookahead=0.30 heading_lookahead=0.80 max_yaw_rate=1.00 odom_topic=/mavros/local_position/odom odom_input_frame=map_enu require_mavros_connected=false mavros_state_topic=/mavros/state cloud_topic=/saved_map PLANNER_INTERNAL_FRAME=map hard_inflation=0.28 soft_cost_radius=0.54 clearance_cost_weight=3.00 smoothing=true method=chaikin iterations=2 sample_resolution=0.10 allow_direct_path=false enable_path_shortcut=false
[super_planner_ros2_node-6] [INFO] [1786259470.261456395] [super_planner_ros2_node]: GLOBAL_MODE global_only=false control_output=false global_path=/race/global_path local_goal=/race/ego/local_goal
[super_planner_ros2_node-6] [INFO] [1786259470.261473571] [super_planner_ros2_node]: [SUPER_MODE] global_only=false max_planning_distance=9.000 segment_chaining=false
[super_planner_ros2_node-6] [INFO] [1786259470.261486687] [super_planner_ros2_node]: [SUPER_DIRECT_MODE] enabled=false
[super_planner_ros2_node-6] [INFO] [1786259470.261495373] [super_planner_ros2_node]: [SHARED_BOUNDS] x=[-0.85,11.90] y=[-1.30,12.40] z=[0.50,0.85] margin=0.15
[ego_planner_node-10] [INFO] [1786259470.272205541] [race_ego_planner]: [EGO_HANDOVER_TOLERANCE] position_m=0.010 velocity_mps=0.005 acceleration_mps2=0.010
[ego_planner_node-10] [INFO] [1786259470.272270864] [race_ego_planner]: [EGO_REFERENCE_GEOMETRY_LIMIT] max_reference_deviation_m=0.800
[ego_planner_node-10] [INFO] [1786259470.278840977] [race_ego_planner]: [EGO_OCCUPANCY_SAFETY_MODEL] required_center_clearance=0.290 planning_clearance=0.340 resolution=0.150 coarse_inflation_steps=2 coarse_voxel_clearance=0.300 continuous_query=true
[ego_planner_node-10] hit: 0.619039
[ego_planner_node-10] miss: -0.619039
[ego_planner_node-10] min log: -1.99243
[ego_planner_node-10] max: 2.19722
[ego_planner_node-10] thresh log: 1.38629
[ego_planner_node-10] [INFO] [1786259470.305693110] [race_ego_planner]: [EGO_OBSTACLE_CLEARANCE_CONTRACT] required_center_clearance=0.290000000 planning_clearance=0.340000000 optimization_target_clearance=0.420000000 far_end_clearance_extra=0.060000000 far_end_target_clearance=0.480000000 collision_weight=1.200000000 valid=true
[ego_planner_node-10] [INFO] [1786259470.306698748] [race_ego_planner]: [EGO_ACTIVE_OPTIMIZATION_TERMS] smoothness=true obstacle=true feasibility=true reference=false endpoint=true smoothness_weight=1.000000 obstacle_weight=1.200000 feasibility_weight=0.400000 reference_weight=0.000000 configured_fitness_weight=1.000000 obstacle_clearance=0.420000
[super_planner_ros2_node-6] [INFO] [1786259470.312057546] [super_planner_ros2_node]: SUPER_ROS2 mode=NO_ODOM enable_output=false reason=NO_ODOM odom=(0.00,0.00,0.00) goal=none tracking_setpoint_enu=(0.00,0.00,0.00) setpoint_ned=none yaw(desired/cmd/rate)=(0.00/0.00/0.00) cross_track=0.00 frame_id=px4_ned path_points=0 odom_source=none cloud_source=none mavros_connected=false
[ego_planner_node-10] [INFO] [1786259470.433366583] [race_ego_planner]: [EGO_CONSTRAINED_CLEARANCE_CONFIG] enabled=false normal=0.340 constrained=0.240 optimization=0.300
[ego_planner_node-10] [INFO] [1786259470.443093708] [race_ego_planner]: single drone:-1
[traj_server-11] [WARN] [1786259470.793959373] [race_ego_traj_server]: [Traj server]: ready.
[offboard_waypoint_node-1] [INFO] [1786259471.066572081] [offboard_waypoint_node]: [EV_HEALTH] state=SUSPECT continuous_healthy=0.00s
[offboard_waypoint_node-1] [INFO] [1786259471.229635738] [offboard_waypoint_node]: [CONTROL_ARBITER] selected_source=safety_hold state=WAITING_FOR_ODOM
[super_planner_ros2_node-6] [INFO] [1786259471.361374273] [super_planner_ros2_node]: SUPER_ROS2 mode=NO_ODOM enable_output=false reason=NO_ODOM odom=(0.00,0.00,0.00) goal=none tracking_setpoint_enu=(0.00,0.00,0.00) setpoint_ned=none yaw(desired/cmd/rate)=(0.00/0.00/0.00) cross_track=0.00 frame_id=px4_ned path_points=0 odom_source=none cloud_source=none mavros_connected=false
[ego_planner_node-10] [FSM]: state: INIT
[ego_planner_node-10] no odom.
[ego_planner_node-10] wait for goal or trigger.
[super_planner_ros2_node-6] [WARN] [1786259471.720350010] [super_planner_ros2_node]: Using odom source: /mavros/local_position/odom odom_input_frame=map_enu planner_enu=(0.01, -0.02, -0.11)
[fastlio_bridge_node-2] [INFO] [1786259472.064221672] [fastlio_bridge_node]: 已桥接并转换里程计: ENU(0.01, -0.02, -0.04) -> NED(-0.01, -0.02, 0.04)
[offboard_waypoint_node-1] [INFO] [1786259472.229805862] [offboard_waypoint_node]: [CONTROL_ARBITER] selected_source=safety_hold state=WAITING_FOR_ODOM
[super_planner_ros2_node-6] [INFO] [1786259472.361429213] [super_planner_ros2_node]: SUPER_ROS2 mode=IDLE enable_output=false reason=NO_GOAL odom=(0.01,-0.02,-0.11) goal=none tracking_setpoint_enu=(0.01,-0.02,0.78) setpoint_ned=none yaw(desired/cmd/rate)=(0.00/0.00/0.00) cross_track=0.00 frame_id=px4_ned path_points=0 odom_source=/mavros/local_position/odom cloud_source=none mavros_connected=false
[ego_planner_node-10] [FSM]: state: INIT
[ego_planner_node-10] no odom.
[ego_planner_node-10] wait for goal or trigger.
[offboard_waypoint_node-1] [WARN] [1786259472.620921013] [offboard_waypoint_node]: [POSE_WAIT] no local velocity sample yet on /mavros/local_position/velocity_local
[offboard_waypoint_node-1] [INFO] [1786259473.159641903] [offboard_waypoint_node]: [POSE_TRUSTED] stable_for=0.51s position_ned=(-0.020,0.015,0.108)
[offboard_waypoint_node-1] [WARN] [1786259473.179620811] [offboard_waypoint_node]: [HOLD_POSITION] x=-0.020 y=0.015 z=0.108 yaw=1.572 reason=startup idle hold
[offboard_waypoint_node-1] [WARN] [1786259473.179713078] [offboard_waypoint_node]: [CONTROL_STATE] WAITING_FOR_ODOM -> IDLE_HOLD: no active goal
[offboard_waypoint_node-1] [INFO] [1786259473.179808737] [offboard_waypoint_node]: [HOLD_ERROR] position_error=0.000 velocity=0.006 state=IDLE_HOLD
[offboard_waypoint_node-1] [INFO] [1786259473.230687226] [offboard_waypoint_node]: [CONTROL_ARBITER] selected_source=safety_hold state=IDLE_HOLD
[super_planner_ros2_node-6] [INFO] [1786259473.361552599] [super_planner_ros2_node]: SUPER_ROS2 mode=IDLE enable_output=false reason=NO_GOAL odom=(0.02,-0.02,-0.11) goal=none tracking_setpoint_enu=(0.02,-0.02,0.78) setpoint_ned=none yaw(desired/cmd/rate)=(0.00/0.00/0.00) cross_track=0.00 frame_id=px4_ned path_points=0 odom_source=/mavros/local_position/odom cloud_source=none mavros_connected=true
[ego_planner_node-10] [FSM]: state: INIT
[ego_planner_node-10] no odom.
[ego_planner_node-10] wait for goal or trigger.
[ego_planner_node-10] [FSM]: from INIT to WAIT_TARGET
[fastlio_bridge_node-2] [INFO] [1786259474.065454747] [fastlio_bridge_node]: 已桥接并转换里程计: ENU(0.01, -0.02, -0.03) -> NED(-0.01, -0.02, 0.03)
[offboard_waypoint_node-1] [INFO] [1786259474.229634774] [offboard_waypoint_node]: [HOLD_ERROR] position_error=0.003 velocity=0.011 state=IDLE_HOLD
[offboard_waypoint_node-1] [INFO] [1786259474.268977656] [offboard_waypoint_node]: [EV_HEALTH] state=HEALTHY continuous_healthy=0.00s
[offboard_waypoint_node-1] [INFO] [1786259474.280057410] [offboard_waypoint_node]: [CONTROL_ARBITER] selected_source=safety_hold state=IDLE_HOLD
[super_planner_ros2_node-6] [INFO] [1786259474.411376591] [super_planner_ros2_node]: SUPER_ROS2 mode=IDLE enable_output=false reason=NO_GOAL odom=(0.02,-0.02,-0.11) goal=none tracking_setpoint_enu=(0.02,-0.02,0.78) setpoint_ned=none yaw(desired/cmd/rate)=(0.00/0.00/0.00) cross_track=0.00 frame_id=px4_ned path_points=0 odom_source=/mavros/local_position/odom cloud_source=none mavros_connected=true
[ego_planner_node-10] [FSM]: state: WAIT_TARGET
[ego_planner_node-10] wait for goal or trigger.
[offboard_waypoint_node-1] [INFO] [1786259475.229876017] [offboard_waypoint_node]: [HOLD_ERROR] position_error=0.004 velocity=0.010 state=IDLE_HOLD
[offboard_waypoint_node-1] [INFO] [1786259475.329771815] [offboard_waypoint_node]: [CONTROL_ARBITER] selected_source=safety_hold state=IDLE_HOLD
[super_planner_ros2_node-6] [INFO] [1786259475.411478120] [super_planner_ros2_node]: SUPER_ROS2 mode=IDLE enable_output=false reason=NO_GOAL odom=(0.02,-0.02,-0.11) goal=none tracking_setpoint_enu=(0.02,-0.02,0.78) setpoint_ned=none yaw(desired/cmd/rate)=(0.00/0.00/0.00) cross_track=0.00 frame_id=px4_ned path_points=0 odom_source=/mavros/local_position/odom cloud_source=none mavros_connected=true
[ego_planner_node-10] [FSM]: state: WAIT_TARGET
[ego_planner_node-10] wait for goal or trigger.
[fastlio_bridge_node-2] [INFO] [1786259476.065107454] [fastlio_bridge_node]: 已桥接并转换里程计: ENU(0.02, -0.02, -0.03) -> NED(-0.02, -0.02, 0.03)
[offboard_waypoint_node-1] [INFO] [1786259476.279950437] [offboard_waypoint_node]: [HOLD_ERROR] position_error=0.007 velocity=0.010 state=IDLE_HOLD
[offboard_waypoint_node-1] [INFO] [1786259476.379790462] [offboard_waypoint_node]: [CONTROL_ARBITER] selected_source=safety_hold state=IDLE_HOLD
[super_planner_ros2_node-6] [INFO] [1786259476.411620359] [super_planner_ros2_node]: SUPER_ROS2 mode=IDLE enable_output=false reason=NO_GOAL odom=(0.02,-0.03,-0.11) goal=none tracking_setpoint_enu=(0.02,-0.03,0.78) setpoint_ned=none yaw(desired/cmd/rate)=(0.00/0.00/0.00) cross_track=0.00 frame_id=px4_ned path_points=0 odom_source=/mavros/local_position/odom cloud_source=none mavros_connected=true
[ego_planner_node-10] [FSM]: state: WAIT_TARGET
[ego_planner_node-10] wait for goal or trigger.
[offboard_waypoint_node-1] [INFO] [1786259477.329699867] [offboard_waypoint_node]: [HOLD_ERROR] position_error=0.004 velocity=0.003 state=IDLE_HOLD
[offboard_waypoint_node-1] [INFO] [1786259477.379853312] [offboard_waypoint_node]: [CONTROL_ARBITER] selected_source=safety_hold state=IDLE_HOLD
[super_planner_ros2_node-6] [INFO] [1786259477.411651508] [super_planner_ros2_node]: SUPER_ROS2 mode=IDLE enable_output=false reason=NO_GOAL odom=(0.02,-0.02,-0.11) goal=none tracking_setpoint_enu=(0.02,-0.02,0.78) setpoint_ned=none yaw(desired/cmd/rate)=(0.00/0.00/0.00) cross_track=0.00 frame_id=px4_ned path_points=0 odom_source=/mavros/local_position/odom cloud_source=none mavros_connected=true
[ego_planner_node-10] [FSM]: state: WAIT_TARGET
[ego_planner_node-10] wait for goal or trigger.
[offboard_waypoint_node-1] [INFO] [1786259478.167661182] [offboard_waypoint_node]: [EV_HEALTH] state=SUSPECT continuous_healthy=0.00s
[offboard_waypoint_node-1] [INFO] [1786259478.330081268] [offboard_waypoint_node]: [HOLD_ERROR] position_error=0.005 velocity=0.003 state=IDLE_HOLD
[offboard_waypoint_node-1] [INFO] [1786259478.429855306] [offboard_waypoint_node]: [CONTROL_ARBITER] selected_source=safety_hold state=IDLE_HOLD
[super_planner_ros2_node-6] [INFO] [1786259478.461470434] [super_planner_ros2_node]: SUPER_ROS2 mode=IDLE enable_output=false reason=NO_GOAL odom=(0.02,-0.02,-0.11) goal=none tracking_setpoint_enu=(0.02,-0.02,0.78) setpoint_ned=none yaw(desired/cmd/rate)=(0.00/0.00/0.00) cross_track=0.00 frame_id=px4_ned path_points=0 odom_source=/mavros/local_position/odom cloud_source=none mavros_connected=true
[offboard_waypoint_node-1] [INFO] [1786259478.467206883] [offboard_waypoint_node]: [EV_HEALTH] state=FAULT continuous_healthy=0.00s
[ego_planner_node-10] [FSM]: state: WAIT_TARGET
[ego_planner_node-10] wait for goal or trigger.
[offboard_waypoint_node-1] [INFO] [1786259479.379991301] [offboard_waypoint_node]: [HOLD_ERROR] position_error=0.004 velocity=0.002 state=IDLE_HOLD
[super_planner_ros2_node-6] [INFO] [1786259479.461597779] [super_planner_ros2_node]: SUPER_ROS2 mode=IDLE enable_output=false reason=NO_GOAL odom=(0.02,-0.02,-0.11) goal=none tracking_setpoint_enu=(0.02,-0.02,0.78) setpoint_ned=none yaw(desired/cmd/rate)=(0.00/0.00/0.00) cross_track=0.00 frame_id=px4_ned path_points=0 odom_source=/mavros/local_position/odom cloud_source=none mavros_connected=true
[offboard_waypoint_node-1] [INFO] [1786259479.479772653] [offboard_waypoint_node]: [CONTROL_ARBITER] selected_source=safety_hold state=IDLE_HOLD
[ego_planner_node-10] [FSM]: state: WAIT_TARGET
[ego_planner_node-10] wait for goal or trigger.
[offboard_waypoint_node-1] [INFO] [1786259480.429859461] [offboard_waypoint_node]: [HOLD_ERROR] position_error=0.003 velocity=0.001 state=IDLE_HOLD
[offboard_waypoint_node-1] [INFO] [1786259480.479808181] [offboard_waypoint_node]: [CONTROL_ARBITER] selected_source=safety_hold state=IDLE_HOLD
[super_planner_ros2_node-6] [INFO] [1786259480.511398366] [super_planner_ros2_node]: SUPER_ROS2 mode=IDLE enable_output=false reason=NO_GOAL odom=(0.02,-0.02,-0.11) goal=none tracking_setpoint_enu=(0.02,-0.02,0.78) setpoint_ned=none yaw(desired/cmd/rate)=(0.00/0.00/0.00) cross_track=0.00 frame_id=px4_ned path_points=0 odom_source=/mavros/local_position/odom cloud_source=none mavros_connected=true
[ego_planner_node-10] [FSM]: state: WAIT_TARGET
[ego_planner_node-10] wait for goal or trigger.
[offboard_waypoint_node-1] [INFO] [1786259481.480050767] [offboard_waypoint_node]: [HOLD_ERROR] position_error=0.002 velocity=0.000 state=IDLE_HOLD
[offboard_waypoint_node-1] [INFO] [1786259481.480144066] [offboard_waypoint_node]: [CONTROL_ARBITER] selected_source=safety_hold state=IDLE_HOLD
[super_planner_ros2_node-6] [INFO] [1786259481.511502446] [super_planner_ros2_node]: SUPER_ROS2 mode=IDLE enable_output=false reason=NO_GOAL odom=(0.02,-0.02,-0.11) goal=none tracking_setpoint_enu=(0.02,-0.02,0.78) setpoint_ned=none yaw(desired/cmd/rate)=(0.00/0.00/0.00) cross_track=0.00 frame_id=px4_ned path_points=0 odom_source=/mavros/local_position/odom cloud_source=none mavros_connected=true
[ego_planner_node-10] [FSM]: state: WAIT_TARGET
[ego_planner_node-10] wait for goal or trigger.
[offboard_waypoint_node-1] [INFO] [1786259482.529822931] [offboard_waypoint_node]: [HOLD_ERROR] position_error=0.004 velocity=0.005 state=IDLE_HOLD
[offboard_waypoint_node-1] [INFO] [1786259482.529967512] [offboard_waypoint_node]: [CONTROL_ARBITER] selected_source=safety_hold state=IDLE_HOLD
[super_planner_ros2_node-6] [INFO] [1786259482.561441561] [super_planner_ros2_node]: SUPER_ROS2 mode=IDLE enable_output=false reason=NO_GOAL odom=(0.02,-0.02,-0.11) goal=none tracking_setpoint_enu=(0.02,-0.02,0.78) setpoint_ned=none yaw(desired/cmd/rate)=(0.00/0.00/0.00) cross_track=0.00 frame_id=px4_ned path_points=0 odom_source=/mavros/local_position/odom cloud_source=none mavros_connected=true
[ego_planner_node-10] [FSM]: state: WAIT_TARGET
[ego_planner_node-10] wait for goal or trigger.
[offboard_waypoint_node-1] [INFO] [1786259483.529843328] [offboard_waypoint_node]: [HOLD_ERROR] position_error=0.006 velocity=0.008 state=IDLE_HOLD
[super_planner_ros2_node-6] [INFO] [1786259483.561688793] [super_planner_ros2_node]: SUPER_ROS2 mode=IDLE enable_output=false reason=NO_GOAL odom=(0.02,-0.02,-0.10) goal=none tracking_setpoint_enu=(0.02,-0.02,0.78) setpoint_ned=none yaw(desired/cmd/rate)=(0.00/0.00/0.00) cross_track=0.00 frame_id=px4_ned path_points=0 odom_source=/mavros/local_position/odom cloud_source=none mavros_connected=true
[offboard_waypoint_node-1] [INFO] [1786259483.579925187] [offboard_waypoint_node]: [CONTROL_ARBITER] selected_source=safety_hold state=IDLE_HOLD
[ego_planner_node-10] [FSM]: state: WAIT_TARGET
[ego_planner_node-10] wait for goal or trigger.
[fastlio_bridge_node-2] [INFO] [1786259484.094164084] [fastlio_bridge_node]: 已桥接并转换里程计: ENU(0.03, -0.00, -0.03) -> NED(-0.03, -0.00, 0.03)
[offboard_waypoint_node-1] [INFO] [1786259484.579837633] [offboard_waypoint_node]: [HOLD_ERROR] position_error=0.009 velocity=0.002 state=IDLE_HOLD
[offboard_waypoint_node-1] [INFO] [1786259484.579928464] [offboard_waypoint_node]: [CONTROL_ARBITER] selected_source=safety_hold state=IDLE_HOLD
[super_planner_ros2_node-6] [INFO] [1786259484.611831999] [super_planner_ros2_node]: SUPER_ROS2 mode=IDLE enable_output=false reason=NO_GOAL odom=(0.02,-0.02,-0.10) goal=none tracking_setpoint_enu=(0.02,-0.02,0.78) setpoint_ned=none yaw(desired/cmd/rate)=(0.00/0.00/0.00) cross_track=0.00 frame_id=px4_ned path_points=0 odom_source=/mavros/local_position/odom cloud_source=none mavros_connected=true
[ego_planner_node-10] [FSM]: state: WAIT_TARGET
[ego_planner_node-10] wait for goal or trigger.
[offboard_waypoint_node-1] [INFO] [1786259485.629896647] [offboard_waypoint_node]: [HOLD_ERROR] position_error=0.013 velocity=0.001 state=IDLE_HOLD
[offboard_waypoint_node-1] [INFO] [1786259485.630067083] [offboard_waypoint_node]: [CONTROL_ARBITER] selected_source=safety_hold state=IDLE_HOLD
[super_planner_ros2_node-6] [INFO] [1786259485.661515429] [super_planner_ros2_node]: SUPER_ROS2 mode=IDLE enable_output=false reason=NO_GOAL odom=(0.02,-0.02,-0.09) goal=none tracking_setpoint_enu=(0.02,-0.02,0.78) setpoint_ned=none yaw(desired/cmd/rate)=(0.00/0.00/0.00) cross_track=0.00 frame_id=px4_ned path_points=0 odom_source=/mavros/local_position/odom cloud_source=none mavros_connected=true
[ego_planner_node-10] [FSM]: state: WAIT_TARGET
[ego_planner_node-10] wait for goal or trigger.
[fastlio_bridge_node-2] [INFO] [1786259486.034756634] [fastlio_bridge_node]: 已桥接并转换里程计: ENU(0.02, -0.02, -0.03) -> NED(-0.02, -0.02, 0.03)
[fastlio_bridge_node-2] [INFO] [1786259486.045252860] [fastlio_bridge_node]: 已桥接并转换里程计: ENU(0.02, -0.02, -0.03) -> NED(-0.02, -0.02, 0.03)
[offboard_waypoint_node-1] [INFO] [1786259486.630274581] [offboard_waypoint_node]: [HOLD_ERROR] position_error=0.017 velocity=0.004 state=IDLE_HOLD
[offboard_waypoint_node-1] [INFO] [1786259486.630597765] [offboard_waypoint_node]: [CONTROL_ARBITER] selected_source=safety_hold state=IDLE_HOLD
[super_planner_ros2_node-6] [INFO] [1786259486.661537907] [super_planner_ros2_node]: SUPER_ROS2 mode=IDLE enable_output=false reason=NO_GOAL odom=(0.02,-0.02,-0.09) goal=none tracking_setpoint_enu=(0.02,-0.02,0.78) setpoint_ned=none yaw(desired/cmd/rate)=(0.00/0.00/0.00) cross_track=0.00 frame_id=px4_ned path_points=0 odom_source=/mavros/local_position/odom cloud_source=none mavros_connected=true
[ego_planner_node-10] [FSM]: state: WAIT_TARGET
[ego_planner_node-10] wait for goal or trigger.
[super_planner_ros2_node-6] [INFO] [1786259487.661572685] [super_planner_ros2_node]: SUPER_ROS2 mode=IDLE enable_output=false reason=NO_GOAL odom=(0.02,-0.02,-0.09) goal=none tracking_setpoint_enu=(0.02,-0.02,0.78) setpoint_ned=none yaw(desired/cmd/rate)=(0.00/0.00/0.00) cross_track=0.00 frame_id=px4_ned path_points=0 odom_source=/mavros/local_position/odom cloud_source=none mavros_connected=true
[offboard_waypoint_node-1] [INFO] [1786259487.679796830] [offboard_waypoint_node]: [HOLD_ERROR] position_error=0.021 velocity=0.004 state=IDLE_HOLD
[offboard_waypoint_node-1] [INFO] [1786259487.679896361] [offboard_waypoint_node]: [CONTROL_ARBITER] selected_source=safety_hold state=IDLE_HOLD
[ego_planner_node-10] [FSM]: state: WAIT_TARGET
[ego_planner_node-10] wait for goal or trigger.
[super_planner_ros2_node-6] [INFO] [1786259488.661598423] [super_planner_ros2_node]: SUPER_ROS2 mode=IDLE enable_output=false reason=NO_GOAL odom=(0.02,-0.02,-0.08) goal=none tracking_setpoint_enu=(0.02,-0.02,0.78) setpoint_ned=none yaw(desired/cmd/rate)=(0.00/0.00/0.00) cross_track=0.00 frame_id=px4_ned path_points=0 odom_source=/mavros/local_position/odom cloud_source=none mavros_connected=true
[offboard_waypoint_node-1] [INFO] [1786259488.729766942] [offboard_waypoint_node]: [HOLD_ERROR] position_error=0.024 velocity=0.003 state=IDLE_HOLD
[offboard_waypoint_node-1] [INFO] [1786259488.729837235] [offboard_waypoint_node]: [CONTROL_ARBITER] selected_source=safety_hold state=IDLE_HOLD
[ego_planner_node-10] [FSM]: state: WAIT_TARGET
[ego_planner_node-10] wait for goal or trigger.
[super_planner_ros2_node-6] [INFO] [1786259489.711584861] [super_planner_ros2_node]: SUPER_ROS2 mode=IDLE enable_output=false reason=NO_GOAL odom=(0.02,-0.02,-0.08) goal=none tracking_setpoint_enu=(0.02,-0.02,0.78) setpoint_ned=none yaw(desired/cmd/rate)=(0.00/0.00/0.00) cross_track=0.00 frame_id=px4_ned path_points=0 odom_source=/mavros/local_position/odom cloud_source=none mavros_connected=true
[offboard_waypoint_node-1] [INFO] [1786259489.730314119] [offboard_waypoint_node]: [HOLD_ERROR] position_error=0.025 velocity=0.001 state=IDLE_HOLD
[offboard_waypoint_node-1] [INFO] [1786259489.730413570] [offboard_waypoint_node]: [CONTROL_ARBITER] selected_source=safety_hold state=IDLE_HOLD
[ego_planner_node-10] [FSM]: state: WAIT_TARGET
[ego_planner_node-10] wait for goal or trigger.
[fastlio_bridge_node-2] [INFO] [1786259490.064308585] [fastlio_bridge_node]: 已桥接并转换里程计: ENU(0.02, -0.02, -0.03) -> NED(-0.02, -0.02, 0.03)
[super_planner_ros2_node-6] [INFO] [1786259490.761691815] [super_planner_ros2_node]: SUPER_ROS2 mode=IDLE enable_output=false reason=NO_GOAL odom=(0.02,-0.02,-0.09) goal=none tracking_setpoint_enu=(0.02,-0.02,0.78) setpoint_ned=none yaw(desired/cmd/rate)=(0.00/0.00/0.00) cross_track=0.00 frame_id=px4_ned path_points=0 odom_source=/mavros/local_position/odom cloud_source=none mavros_connected=true
[offboard_waypoint_node-1] [INFO] [1786259490.779901708] [offboard_waypoint_node]: [HOLD_ERROR] position_error=0.022 velocity=0.002 state=IDLE_HOLD
[offboard_waypoint_node-1] [INFO] [1786259490.780058999] [offboard_waypoint_node]: [CONTROL_ARBITER] selected_source=safety_hold state=IDLE_HOLD
[ego_planner_node-10] [FSM]: state: WAIT_TARGET
[ego_planner_node-10] wait for goal or trigger.
[offboard_waypoint_node-1] [INFO] [1786259491.780084459] [offboard_waypoint_node]: [HOLD_ERROR] position_error=0.019 velocity=0.003 state=IDLE_HOLD
[offboard_waypoint_node-1] [INFO] [1786259491.780146047] [offboard_waypoint_node]: [CONTROL_ARBITER] selected_source=safety_hold state=IDLE_HOLD
[super_planner_ros2_node-6] [INFO] [1786259491.811686533] [super_planner_ros2_node]: SUPER_ROS2 mode=IDLE enable_output=false reason=NO_GOAL odom=(0.02,-0.02,-0.09) goal=none tracking_setpoint_enu=(0.02,-0.02,0.78) setpoint_ned=none yaw(desired/cmd/rate)=(0.00/0.00/0.00) cross_track=0.00 frame_id=px4_ned path_points=0 odom_source=/mavros/local_position/odom cloud_source=none mavros_connected=true
[ego_planner_node-10] [FSM]: state: WAIT_TARGET
[ego_planner_node-10] wait for goal or trigger.
[fastlio_bridge_node-2] [INFO] [1786259492.024572631] [fastlio_bridge_node]: 已桥接并转换里程计: ENU(0.02, -0.01, -0.03) -> NED(-0.02, -0.01, 0.03)
[fastlio_bridge_node-2] [INFO] [1786259492.033366048] [fastlio_bridge_node]: 已桥接并转换里程计: ENU(0.02, -0.01, -0.03) -> NED(-0.02, -0.01, 0.03)
[offboard_waypoint_node-1] [INFO] [1786259492.780100455] [offboard_waypoint_node]: [HOLD_ERROR] position_error=0.015 velocity=0.003 state=IDLE_HOLD
[offboard_waypoint_node-1] [INFO] [1786259492.780284066] [offboard_waypoint_node]: [CONTROL_ARBITER] selected_source=safety_hold state=IDLE_HOLD
[super_planner_ros2_node-6] [INFO] [1786259492.861538505] [super_planner_ros2_node]: SUPER_ROS2 mode=IDLE enable_output=false reason=NO_GOAL odom=(0.02,-0.02,-0.09) goal=none tracking_setpoint_enu=(0.02,-0.02,0.78) setpoint_ned=none yaw(desired/cmd/rate)=(0.00/0.00/0.00) cross_track=0.00 frame_id=px4_ned path_points=0 odom_source=/mavros/local_position/odom cloud_source=none mavros_connected=true
[ego_planner_node-10] [FSM]: state: WAIT_TARGET
[ego_planner_node-10] wait for goal or trigger.
[offboard_waypoint_node-1] [INFO] [1786259493.829882737] [offboard_waypoint_node]: [HOLD_ERROR] position_error=0.015 velocity=0.005 state=IDLE_HOLD
[offboard_waypoint_node-1] [INFO] [1786259493.829971744] [offboard_waypoint_node]: [CONTROL_ARBITER] selected_source=safety_hold state=IDLE_HOLD
[super_planner_ros2_node-6] [INFO] [1786259493.861655602] [super_planner_ros2_node]: SUPER_ROS2 mode=IDLE enable_output=false reason=NO_GOAL odom=(0.02,-0.02,-0.09) goal=none tracking_setpoint_enu=(0.02,-0.02,0.78) setpoint_ned=none yaw(desired/cmd/rate)=(0.00/0.00/0.00) cross_track=0.00 frame_id=px4_ned path_points=0 odom_source=/mavros/local_position/odom cloud_source=none mavros_connected=true
[ego_planner_node-10] [FSM]: state: WAIT_TARGET
[ego_planner_node-10] wait for goal or trigger.
[offboard_waypoint_node-1] [INFO] [1786259494.829896258] [offboard_waypoint_node]: [HOLD_ERROR] position_error=0.014 velocity=0.003 state=IDLE_HOLD
[offboard_waypoint_node-1] [INFO] [1786259494.830029267] [offboard_waypoint_node]: [CONTROL_ARBITER] selected_source=safety_hold state=IDLE_HOLD
[super_planner_ros2_node-6] [INFO] [1786259494.911751517] [super_planner_ros2_node]: SUPER_ROS2 mode=IDLE enable_output=false reason=NO_GOAL odom=(0.02,-0.02,-0.09) goal=none tracking_setpoint_enu=(0.02,-0.02,0.78) setpoint_ned=none yaw(desired/cmd/rate)=(0.00/0.00/0.00) cross_track=0.00 frame_id=px4_ned path_points=0 odom_source=/mavros/local_position/odom cloud_source=none mavros_connected=true
[ego_planner_node-10] [FSM]: state: WAIT_TARGET
[ego_planner_node-10] wait for goal or trigger.
[offboard_waypoint_node-1] [INFO] [1786259495.829931864] [offboard_waypoint_node]: [HOLD_ERROR] position_error=0.011 velocity=0.002 state=IDLE_HOLD
[offboard_waypoint_node-1] [INFO] [1786259495.830046850] [offboard_waypoint_node]: [CONTROL_ARBITER] selected_source=safety_hold state=IDLE_HOLD
[super_planner_ros2_node-6] [INFO] [1786259495.912040172] [super_planner_ros2_node]: SUPER_ROS2 mode=IDLE enable_output=false reason=NO_GOAL odom=(0.02,-0.02,-0.10) goal=none tracking_setpoint_enu=(0.02,-0.02,0.78) setpoint_ned=none yaw(desired/cmd/rate)=(0.00/0.00/0.00) cross_track=0.00 frame_id=px4_ned path_points=0 odom_source=/mavros/local_position/odom cloud_source=none mavros_connected=true
[ego_planner_node-10] [FSM]: state: WAIT_TARGET
[ego_planner_node-10] wait for goal or trigger.
[fastlio_bridge_node-2] [INFO] [1786259496.056476518] [fastlio_bridge_node]: 已桥接并转换里程计: ENU(0.04, -0.00, -0.03) -> NED(-0.04, -0.00, 0.03)
[fastlio_bridge_node-2] [INFO] [1786259496.063609887] [fastlio_bridge_node]: 已桥接并转换里程计: ENU(0.04, -0.00, -0.03) -> NED(-0.04, -0.00, 0.03)
[offboard_waypoint_node-1] [INFO] [1786259496.830061178] [offboard_waypoint_node]: [HOLD_ERROR] position_error=0.006 velocity=0.001 state=IDLE_HOLD
[offboard_waypoint_node-1] [INFO] [1786259496.830208980] [offboard_waypoint_node]: [CONTROL_ARBITER] selected_source=safety_hold state=IDLE_HOLD
[ego_planner_node-10] [FSM]: state: WAIT_TARGET
[ego_planner_node-10] wait for goal or trigger.
[super_planner_ros2_node-6] [INFO] [1786259496.961745454] [super_planner_ros2_node]: SUPER_ROS2 mode=IDLE enable_output=false reason=NO_GOAL odom=(0.02,-0.02,-0.10) goal=none tracking_setpoint_enu=(0.02,-0.02,0.78) setpoint_ned=none yaw(desired/cmd/rate)=(0.00/0.00/0.00) cross_track=0.00 frame_id=px4_ned path_points=0 odom_source=/mavros/local_position/odom cloud_source=none mavros_connected=true
[offboard_waypoint_node-1] [INFO] [1786259497.879889518] [offboard_waypoint_node]: [HOLD_ERROR] position_error=0.004 velocity=0.002 state=IDLE_HOLD
[offboard_waypoint_node-1] [INFO] [1786259497.879964657] [offboard_waypoint_node]: [CONTROL_ARBITER] selected_source=safety_hold state=IDLE_HOLD
[super_planner_ros2_node-6] [INFO] [1786259497.961866300] [super_planner_ros2_node]: SUPER_ROS2 mode=IDLE enable_output=false reason=NO_GOAL odom=(0.02,-0.02,-0.11) goal=none tracking_setpoint_enu=(0.02,-0.02,0.78) setpoint_ned=none yaw(desired/cmd/rate)=(0.00/0.00/0.00) cross_track=0.00 frame_id=px4_ned path_points=0 odom_source=/mavros/local_position/odom cloud_source=none mavros_connected=true
[ego_planner_node-10] [FSM]: state: WAIT_TARGET
[ego_planner_node-10] wait for goal or trigger.
[offboard_waypoint_node-1] [INFO] [1786259498.880020136] [offboard_waypoint_node]: [HOLD_ERROR] position_error=0.015 velocity=0.001 state=IDLE_HOLD
[offboard_waypoint_node-1] [INFO] [1786259498.880134981] [offboard_waypoint_node]: [CONTROL_ARBITER] selected_source=safety_hold state=IDLE_HOLD
[super_planner_ros2_node-6] [INFO] [1786259498.962046629] [super_planner_ros2_node]: SUPER_ROS2 mode=IDLE enable_output=false reason=NO_GOAL odom=(0.02,-0.02,-0.12) goal=none tracking_setpoint_enu=(0.02,-0.02,0.78) setpoint_ned=none yaw(desired/cmd/rate)=(0.00/0.00/0.00) cross_track=0.00 frame_id=px4_ned path_points=0 odom_source=/mavros/local_position/odom cloud_source=none mavros_connected=true
[ego_planner_node-10] [FSM]: state: WAIT_TARGET
[ego_planner_node-10] wait for goal or trigger.
[mapping_manager_node-5] [INFO] [1786259499.892729752] [mapping_manager_node]: Mapping status: in_flight=false, map_loaded=false, map_saved=false
[offboard_waypoint_node-1] [INFO] [1786259499.929934831] [offboard_waypoint_node]: [HOLD_ERROR] position_error=0.025 velocity=0.006 state=IDLE_HOLD
[offboard_waypoint_node-1] [INFO] [1786259499.930066205] [offboard_waypoint_node]: [CONTROL_ARBITER] selected_source=safety_hold state=IDLE_HOLD
[ego_planner_node-10] [FSM]: state: WAIT_TARGET
[ego_planner_node-10] wait for goal or trigger.
[super_planner_ros2_node-6] [INFO] [1786259500.011586909] [super_planner_ros2_node]: SUPER_ROS2 mode=IDLE enable_output=false reason=NO_GOAL odom=(0.02,-0.02,-0.13) goal=none tracking_setpoint_enu=(0.02,-0.02,0.78) setpoint_ned=none yaw(desired/cmd/rate)=(0.00/0.00/0.00) cross_track=0.00 frame_id=px4_ned path_points=0 odom_source=/mavros/local_position/odom cloud_source=none mavros_connected=true
[offboard_waypoint_node-1] [INFO] [1786259500.979928376] [offboard_waypoint_node]: [HOLD_ERROR] position_error=0.039 velocity=0.005 state=IDLE_HOLD
[offboard_waypoint_node-1] [INFO] [1786259500.980014169] [offboard_waypoint_node]: [CONTROL_ARBITER] selected_source=safety_hold state=IDLE_HOLD
[super_planner_ros2_node-6] [INFO] [1786259501.011775233] [super_planner_ros2_node]: SUPER_ROS2 mode=IDLE enable_output=false reason=NO_GOAL odom=(0.01,-0.02,-0.15) goal=none tracking_setpoint_enu=(0.01,-0.02,0.78) setpoint_ned=none yaw(desired/cmd/rate)=(0.00/0.00/0.00) cross_track=0.00 frame_id=px4_ned path_points=0 odom_source=/mavros/local_position/odom cloud_source=none mavros_connected=true
[ego_planner_node-10] [FSM]: state: WAIT_TARGET
[ego_planner_node-10] wait for goal or trigger.
[offboard_waypoint_node-1] [INFO] [1786259501.980196360] [offboard_waypoint_node]: [HOLD_ERROR] position_error=0.053 velocity=0.003 state=IDLE_HOLD
[offboard_waypoint_node-1] [INFO] [1786259501.980571811] [offboard_waypoint_node]: [CONTROL_ARBITER] selected_source=safety_hold state=IDLE_HOLD
[ego_planner_node-10] [FSM]: state: WAIT_TARGET
[ego_planner_node-10] wait for goal or trigger.
[super_planner_ros2_node-6] [INFO] [1786259502.061739578] [super_planner_ros2_node]: SUPER_ROS2 mode=IDLE enable_output=false reason=NO_GOAL odom=(0.02,-0.02,-0.16) goal=none tracking_setpoint_enu=(0.02,-0.02,0.78) setpoint_ned=none yaw(desired/cmd/rate)=(0.00/0.00/0.00) cross_track=0.00 frame_id=px4_ned path_points=0 odom_source=/mavros/local_position/odom cloud_source=none mavros_connected=true
[offboard_waypoint_node-1] [INFO] [1786259503.030043701] [offboard_waypoint_node]: [HOLD_ERROR] position_error=0.068 velocity=0.002 state=IDLE_HOLD
[offboard_waypoint_node-1] [INFO] [1786259503.030123436] [offboard_waypoint_node]: [CONTROL_ARBITER] selected_source=safety_hold state=IDLE_HOLD
[ego_planner_node-10] [FSM]: state: WAIT_TARGET
[ego_planner_node-10] wait for goal or trigger.
[super_planner_ros2_node-6] [INFO] [1786259503.061895858] [super_planner_ros2_node]: SUPER_ROS2 mode=IDLE enable_output=false reason=NO_GOAL odom=(0.02,-0.02,-0.18) goal=none tracking_setpoint_enu=(0.02,-0.02,0.78) setpoint_ned=none yaw(desired/cmd/rate)=(0.00/0.00/0.00) cross_track=0.00 frame_id=px4_ned path_points=0 odom_source=/mavros/local_position/odom cloud_source=none mavros_connected=true
[offboard_waypoint_node-1] [INFO] [1786259504.030239347] [offboard_waypoint_node]: [HOLD_ERROR] position_error=0.085 velocity=0.003 state=IDLE_HOLD
[offboard_waypoint_node-1] [INFO] [1786259504.030447580] [offboard_waypoint_node]: [CONTROL_ARBITER] selected_source=safety_hold state=IDLE_HOLD
[fastlio_bridge_node-2] [INFO] [1786259504.056053314] [fastlio_bridge_node]: 已桥接并转换里程计: ENU(0.02, -0.01, -0.03) -> NED(-0.02, -0.01, 0.03)
[fastlio_bridge_node-2] [INFO] [1786259504.063994021] [fastlio_bridge_node]: 已桥接并转换里程计: ENU(0.02, -0.01, -0.03) -> NED(-0.02, -0.01, 0.03)
[ego_planner_node-10] [FSM]: state: WAIT_TARGET
[ego_planner_node-10] wait for goal or trigger.
[fastlio_bridge_node-2] [INFO] [1786259504.073948467] [fastlio_bridge_node]: 已桥接并转换里程计: ENU(0.02, -0.01, -0.03) -> NED(-0.02, -0.01, 0.03)
[fastlio_bridge_node-2] [INFO] [1786259504.083303367] [fastlio_bridge_node]: 已桥接并转换里程计: ENU(0.02, -0.01, -0.03) -> NED(-0.02, -0.01, 0.03)
[super_planner_ros2_node-6] [INFO] [1786259504.111816918] [super_planner_ros2_node]: SUPER_ROS2 mode=IDLE enable_output=false reason=NO_GOAL odom=(0.02,-0.02,-0.19) goal=none tracking_setpoint_enu=(0.02,-0.02,0.78) setpoint_ned=none yaw(desired/cmd/rate)=(0.00/0.00/0.00) cross_track=0.00 frame_id=px4_ned path_points=0 odom_source=/mavros/local_position/odom cloud_source=none mavros_connected=true
[offboard_waypoint_node-1] [INFO] [1786259505.080048034] [offboard_waypoint_node]: [HOLD_ERROR] position_error=0.102 velocity=0.001 state=IDLE_HOLD
[offboard_waypoint_node-1] [INFO] [1786259505.080138199] [offboard_waypoint_node]: [CONTROL_ARBITER] selected_source=safety_hold state=IDLE_HOLD
[ego_planner_node-10] [FSM]: state: WAIT_TARGET
[ego_planner_node-10] wait for goal or trigger.
[super_planner_ros2_node-6] [INFO] [1786259505.161935331] [super_planner_ros2_node]: SUPER_ROS2 mode=IDLE enable_output=false reason=NO_GOAL odom=(0.02,-0.02,-0.21) goal=none tracking_setpoint_enu=(0.02,-0.02,0.78) setpoint_ned=none yaw(desired/cmd/rate)=(0.00/0.00/0.00) cross_track=0.00 frame_id=px4_ned path_points=0 odom_source=/mavros/local_position/odom cloud_source=none mavros_connected=true
[offboard_waypoint_node-1] [INFO] [1786259506.080154588] [offboard_waypoint_node]: [HOLD_ERROR] position_error=0.119 velocity=0.003 state=IDLE_HOLD
[offboard_waypoint_node-1] [INFO] [1786259506.080321944] [offboard_waypoint_node]: [CONTROL_ARBITER] selected_source=safety_hold state=IDLE_HOLD
[ego_planner_node-10] [FSM]: state: WAIT_TARGET
[ego_planner_node-10] wait for goal or trigger.
[super_planner_ros2_node-6] [INFO] [1786259506.162012711] [super_planner_ros2_node]: SUPER_ROS2 mode=IDLE enable_output=false reason=NO_GOAL odom=(0.02,-0.02,-0.23) goal=none tracking_setpoint_enu=(0.02,-0.02,0.78) setpoint_ned=none yaw(desired/cmd/rate)=(0.00/0.00/0.00) cross_track=0.00 frame_id=px4_ned path_points=0 odom_source=/mavros/local_position/odom cloud_source=none mavros_connected=true
[ego_planner_node-10] [FSM]: state: WAIT_TARGET
[ego_planner_node-10] wait for goal or trigger.
[offboard_waypoint_node-1] [INFO] [1786259507.130003774] [offboard_waypoint_node]: [HOLD_ERROR] position_error=0.137 velocity=0.006 state=IDLE_HOLD
[offboard_waypoint_node-1] [INFO] [1786259507.130107679] [offboard_waypoint_node]: [CONTROL_ARBITER] selected_source=safety_hold state=IDLE_HOLD
[super_planner_ros2_node-6] [INFO] [1786259507.211735948] [super_planner_ros2_node]: SUPER_ROS2 mode=IDLE enable_output=false reason=NO_GOAL odom=(0.01,-0.02,-0.25) goal=none tracking_setpoint_enu=(0.01,-0.02,0.78) setpoint_ned=none yaw(desired/cmd/rate)=(0.00/0.00/0.00) cross_track=0.00 frame_id=px4_ned path_points=0 odom_source=/mavros/local_position/odom cloud_source=none mavros_connected=true
[fastlio_bridge_node-2] [INFO] [1786259508.055120058] [fastlio_bridge_node]: 已桥接并转换里程计: ENU(0.01, -0.02, -0.04) -> NED(-0.01, -0.02, 0.04)
[offboard_waypoint_node-1] [INFO] [1786259508.130025690] [offboard_waypoint_node]: [HOLD_ERROR] position_error=0.154 velocity=0.001 state=IDLE_HOLD
[offboard_waypoint_node-1] [INFO] [1786259508.130168129] [offboard_waypoint_node]: [CONTROL_ARBITER] selected_source=safety_hold state=IDLE_HOLD
[ego_planner_node-10] [FSM]: state: WAIT_TARGET
[ego_planner_node-10] wait for goal or trigger.
[super_planner_ros2_node-6] [INFO] [1786259508.211958986] [super_planner_ros2_node]: SUPER_ROS2 mode=IDLE enable_output=false reason=NO_GOAL odom=(0.02,-0.02,-0.26) goal=none tracking_setpoint_enu=(0.02,-0.02,0.78) setpoint_ned=none yaw(desired/cmd/rate)=(0.00/0.00/0.00) cross_track=0.00 frame_id=px4_ned path_points=0 odom_source=/mavros/local_position/odom cloud_source=none mavros_connected=true
[offboard_waypoint_node-1] [INFO] [1786259509.130125092] [offboard_waypoint_node]: [HOLD_ERROR] position_error=0.167 velocity=0.006 state=IDLE_HOLD
[offboard_waypoint_node-1] [INFO] [1786259509.130266723] [offboard_waypoint_node]: [CONTROL_ARBITER] selected_source=safety_hold state=IDLE_HOLD
[ego_planner_node-10] [FSM]: state: WAIT_TARGET
[ego_planner_node-10] wait for goal or trigger.
[super_planner_ros2_node-6] [INFO] [1786259509.261798433] [super_planner_ros2_node]: SUPER_ROS2 mode=IDLE enable_output=false reason=NO_GOAL odom=(0.02,-0.02,-0.28) goal=none tracking_setpoint_enu=(0.02,-0.02,0.78) setpoint_ned=none yaw(desired/cmd/rate)=(0.00/0.00/0.00) cross_track=0.00 frame_id=px4_ned path_points=0 odom_source=/mavros/local_position/odom cloud_source=none mavros_connected=true
[ego_planner_node-10] [FSM]: state: WAIT_TARGET
[ego_planner_node-10] wait for goal or trigger.
[offboard_waypoint_node-1] [INFO] [1786259510.180175052] [offboard_waypoint_node]: [HOLD_ERROR] position_error=0.174 velocity=0.006 state=IDLE_HOLD
[offboard_waypoint_node-1] [INFO] [1786259510.180353026] [offboard_waypoint_node]: [CONTROL_ARBITER] selected_source=safety_hold state=IDLE_HOLD
[super_planner_ros2_node-6] [INFO] [1786259510.261855990] [super_planner_ros2_node]: SUPER_ROS2 mode=IDLE enable_output=false reason=NO_GOAL odom=(0.02,-0.02,-0.28) goal=none tracking_setpoint_enu=(0.02,-0.02,0.78) setpoint_ned=none yaw(desired/cmd/rate)=(0.00/0.00/0.00) cross_track=0.00 frame_id=px4_ned path_points=0 odom_source=/mavros/local_position/odom cloud_source=none mavros_connected=true
[ego_planner_node-10] [FSM]: state: WAIT_TARGET
[ego_planner_node-10] wait for goal or trigger.
[offboard_waypoint_node-1] [INFO] [1786259511.230024664] [offboard_waypoint_node]: [HOLD_ERROR] position_error=0.179 velocity=0.001 state=IDLE_HOLD
[offboard_waypoint_node-1] [INFO] [1786259511.230084948] [offboard_waypoint_node]: [CONTROL_ARBITER] selected_source=safety_hold state=IDLE_HOLD
[super_planner_ros2_node-6] [INFO] [1786259511.311766610] [super_planner_ros2_node]: SUPER_ROS2 mode=IDLE enable_output=false reason=NO_GOAL odom=(0.02,-0.02,-0.29) goal=none tracking_setpoint_enu=(0.02,-0.02,0.78) setpoint_ned=none yaw(desired/cmd/rate)=(0.00/0.00/0.00) cross_track=0.00 frame_id=px4_ned path_points=0 odom_source=/mavros/local_position/odom cloud_source=none mavros_connected=true
[fastlio_bridge_node-2] [INFO] [1786259512.045340730] [fastlio_bridge_node]: 已桥接并转换里程计: ENU(0.01, -0.07, -0.09) -> NED(-0.01, -0.07, 0.09)
[fastlio_bridge_node-2] [INFO] [1786259512.054618712] [fastlio_bridge_node]: 已桥接并转换里程计: ENU(0.01, -0.06, -0.09) -> NED(-0.01, -0.06, 0.09)
[ego_planner_node-10] [FSM]: state: WAIT_TARGET
[ego_planner_node-10] wait for goal or trigger.
[offboard_waypoint_node-1] [INFO] [1786259512.230089301] [offboard_waypoint_node]: [HOLD_ERROR] position_error=0.184 velocity=0.008 state=IDLE_HOLD
[offboard_waypoint_node-1] [INFO] [1786259512.230280635] [offboard_waypoint_node]: [CONTROL_ARBITER] selected_source=safety_hold state=IDLE_HOLD
[super_planner_ros2_node-6] [INFO] [1786259512.311898448] [super_planner_ros2_node]: SUPER_ROS2 mode=IDLE enable_output=false reason=NO_GOAL odom=(0.02,-0.03,-0.29) goal=none tracking_setpoint_enu=(0.02,-0.03,0.78) setpoint_ned=none yaw(desired/cmd/rate)=(0.00/0.00/0.00) cross_track=0.00 frame_id=px4_ned path_points=0 odom_source=/mavros/local_position/odom cloud_source=none mavros_connected=true
[ego_planner_node-10] [FSM]: state: WAIT_TARGET
[ego_planner_node-10] wait for goal or trigger.
[offboard_waypoint_node-1] [INFO] [1786259513.230217906] [offboard_waypoint_node]: [HOLD_ERROR] position_error=0.187 velocity=0.001 state=IDLE_HOLD
[offboard_waypoint_node-1] [INFO] [1786259513.230569088] [offboard_waypoint_node]: [CONTROL_ARBITER] selected_source=safety_hold state=IDLE_HOLD
[super_planner_ros2_node-6] [INFO] [1786259513.311928750] [super_planner_ros2_node]: SUPER_ROS2 mode=IDLE enable_output=false reason=NO_GOAL odom=(0.02,-0.02,-0.30) goal=none tracking_setpoint_enu=(0.02,-0.02,0.78) setpoint_ned=none yaw(desired/cmd/rate)=(0.00/0.00/0.00) cross_track=0.00 frame_id=px4_ned path_points=0 odom_source=/mavros/local_position/odom cloud_source=none mavros_connected=true
[ego_planner_node-10] [FSM]: state: WAIT_TARGET
[ego_planner_node-10] wait for goal or trigger.
[offboard_waypoint_node-1] [INFO] [1786259514.280104285] [offboard_waypoint_node]: [HOLD_ERROR] position_error=0.189 velocity=0.007 state=IDLE_HOLD
[offboard_waypoint_node-1] [INFO] [1786259514.280201966] [offboard_waypoint_node]: [CONTROL_ARBITER] selected_source=safety_hold state=IDLE_HOLD
[super_planner_ros2_node-6] [INFO] [1786259514.362084556] [super_planner_ros2_node]: SUPER_ROS2 mode=IDLE enable_output=false reason=NO_GOAL odom=(0.02,-0.02,-0.30) goal=none tracking_setpoint_enu=(0.02,-0.02,0.78) setpoint_ned=none yaw(desired/cmd/rate)=(0.00/0.00/0.00) cross_track=0.00 frame_id=px4_ned path_points=0 odom_source=/mavros/local_position/odom cloud_source=none mavros_connected=true
[ego_planner_node-10] [FSM]: state: WAIT_TARGET
[ego_planner_node-10] wait for goal or trigger.
[offboard_waypoint_node-1] [INFO] [1786259515.280256403] [offboard_waypoint_node]: [HOLD_ERROR] position_error=0.191 velocity=0.007 state=IDLE_HOLD
[offboard_waypoint_node-1] [INFO] [1786259515.280449136] [offboard_waypoint_node]: [CONTROL_ARBITER] selected_source=safety_hold state=IDLE_HOLD
[super_planner_ros2_node-6] [INFO] [1786259515.411892742] [super_planner_ros2_node]: SUPER_ROS2 mode=IDLE enable_output=false reason=NO_GOAL odom=(0.02,-0.02,-0.30) goal=none tracking_setpoint_enu=(0.02,-0.02,0.78) setpoint_ned=none yaw(desired/cmd/rate)=(0.00/0.00/0.00) cross_track=0.00 frame_id=px4_ned path_points=0 odom_source=/mavros/local_position/odom cloud_source=none mavros_connected=true
[fastlio_bridge_node-2] [INFO] [1786259516.025940368] [fastlio_bridge_node]: 已桥接并转换里程计: ENU(-0.02, -0.10, -0.06) -> NED(0.02, -0.10, 0.06)
[fastlio_bridge_node-2] [INFO] [1786259516.096115986] [fastlio_bridge_node]: 已桥接并转换里程计: ENU(-0.03, -0.12, -0.05) -> NED(0.03, -0.12, 0.05)
[ego_planner_node-10] [FSM]: state: WAIT_TARGET
[ego_planner_node-10] wait for goal or trigger.
[offboard_waypoint_node-1] [INFO] [1786259516.330379826] [offboard_waypoint_node]: [HOLD_ERROR] position_error=0.195 velocity=0.001 state=IDLE_HOLD
[offboard_waypoint_node-1] [INFO] [1786259516.330553690] [offboard_waypoint_node]: [CONTROL_ARBITER] selected_source=safety_hold state=IDLE_HOLD
[super_planner_ros2_node-6] [INFO] [1786259516.462058850] [super_planner_ros2_node]: SUPER_ROS2 mode=IDLE enable_output=false reason=NO_GOAL odom=(0.02,-0.02,-0.30) goal=none tracking_setpoint_enu=(0.02,-0.02,0.78) setpoint_ned=none yaw(desired/cmd/rate)=(0.00/0.00/0.00) cross_track=0.00 frame_id=px4_ned path_points=0 odom_source=/mavros/local_position/odom cloud_source=none mavros_connected=true
[ego_planner_node-10] [FSM]: state: WAIT_TARGET
[ego_planner_node-10] wait for goal or trigger.
[offboard_waypoint_node-1] [INFO] [1786259517.380122153] [offboard_waypoint_node]: [HOLD_ERROR] position_error=0.203 velocity=0.003 state=IDLE_HOLD
[offboard_waypoint_node-1] [INFO] [1786259517.380229656] [offboard_waypoint_node]: [CONTROL_ARBITER] selected_source=safety_hold state=IDLE_HOLD
[super_planner_ros2_node-6] [INFO] [1786259517.512006678] [super_planner_ros2_node]: SUPER_ROS2 mode=IDLE enable_output=false reason=NO_GOAL odom=(0.02,-0.02,-0.31) goal=none tracking_setpoint_enu=(0.02,-0.02,0.78) setpoint_ned=none yaw(desired/cmd/rate)=(0.00/0.00/0.00) cross_track=0.00 frame_id=px4_ned path_points=0 odom_source=/mavros/local_position/odom cloud_source=none mavros_connected=true
[ego_planner_node-10] [FSM]: state: WAIT_TARGET
[ego_planner_node-10] wait for goal or trigger.
[offboard_waypoint_node-1] [INFO] [1786259518.380185922] [offboard_waypoint_node]: [HOLD_ERROR] position_error=0.210 velocity=0.003 state=IDLE_HOLD
[offboard_waypoint_node-1] [INFO] [1786259518.380286252] [offboard_waypoint_node]: [CONTROL_ARBITER] selected_source=safety_hold state=IDLE_HOLD
[super_planner_ros2_node-6] [INFO] [1786259518.561836714] [super_planner_ros2_node]: SUPER_ROS2 mode=IDLE enable_output=false reason=NO_GOAL odom=(0.02,-0.02,-0.32) goal=none tracking_setpoint_enu=(0.02,-0.02,0.78) setpoint_ned=none yaw(desired/cmd/rate)=(0.00/0.00/0.00) cross_track=0.00 frame_id=px4_ned path_points=0 odom_source=/mavros/local_position/odom cloud_source=none mavros_connected=true
[ego_planner_node-10] [FSM]: state: WAIT_TARGET
[ego_planner_node-10] wait for goal or trigger.
[offboard_waypoint_node-1] [INFO] [1786259519.380221404] [offboard_waypoint_node]: [HOLD_ERROR] position_error=0.213 velocity=0.002 state=IDLE_HOLD
[offboard_waypoint_node-1] [INFO] [1786259519.380321512] [offboard_waypoint_node]: [CONTROL_ARBITER] selected_source=safety_hold state=IDLE_HOLD
[super_planner_ros2_node-6] [INFO] [1786259519.561928567] [super_planner_ros2_node]: SUPER_ROS2 mode=IDLE enable_output=false reason=NO_GOAL odom=(0.02,-0.02,-0.32) goal=none tracking_setpoint_enu=(0.02,-0.02,0.78) setpoint_ned=none yaw(desired/cmd/rate)=(0.00/0.00/0.00) cross_track=0.00 frame_id=px4_ned path_points=0 odom_source=/mavros/local_position/odom cloud_source=none mavros_connected=true
[fastlio_bridge_node-2] [INFO] [1786259520.045037502] [fastlio_bridge_node]: 已桥接并转换里程计: ENU(0.01, -0.02, -0.05) -> NED(-0.01, -0.02, 0.05)
[ego_planner_node-10] [FSM]: state: WAIT_TARGET
[ego_planner_node-10] wait for goal or trigger.
[offboard_waypoint_node-1] [INFO] [1786259520.380782526] [offboard_waypoint_node]: [HOLD_ERROR] position_error=0.216 velocity=0.005 state=IDLE_HOLD
[offboard_waypoint_node-1] [INFO] [1786259520.380896183] [offboard_waypoint_node]: [CONTROL_ARBITER] selected_source=safety_hold state=IDLE_HOLD
[super_planner_ros2_node-6] [INFO] [1786259520.612024168] [super_planner_ros2_node]: SUPER_ROS2 mode=IDLE enable_output=false reason=NO_GOAL odom=(0.02,-0.02,-0.32) goal=none tracking_setpoint_enu=(0.02,-0.02,0.78) setpoint_ned=none yaw(desired/cmd/rate)=(0.00/0.00/0.00) cross_track=0.00 frame_id=px4_ned path_points=0 odom_source=/mavros/local_position/odom cloud_source=none mavros_connected=true
[ego_planner_node-10] [FSM]: state: WAIT_TARGET
[ego_planner_node-10] wait for goal or trigger.
[offboard_waypoint_node-1] [INFO] [1786259521.430199433] [offboard_waypoint_node]: [HOLD_ERROR] position_error=0.210 velocity=0.001 state=IDLE_HOLD
[offboard_waypoint_node-1] [INFO] [1786259521.430314660] [offboard_waypoint_node]: [CONTROL_ARBITER] selected_source=safety_hold state=IDLE_HOLD
[super_planner_ros2_node-6] [INFO] [1786259521.661862497] [super_planner_ros2_node]: SUPER_ROS2 mode=IDLE enable_output=false reason=NO_GOAL odom=(0.02,-0.02,-0.32) goal=none tracking_setpoint_enu=(0.02,-0.02,0.78) setpoint_ned=none yaw(desired/cmd/rate)=(0.00/0.00/0.00) cross_track=0.00 frame_id=px4_ned path_points=0 odom_source=/mavros/local_position/odom cloud_source=none mavros_connected=true
[ego_planner_node-10] [FSM]: state: WAIT_TARGET
[ego_planner_node-10] wait for goal or trigger.
[offboard_waypoint_node-1] [INFO] [1786259522.430291791] [offboard_waypoint_node]: [HOLD_ERROR] position_error=0.200 velocity=0.006 state=IDLE_HOLD
[offboard_waypoint_node-1] [INFO] [1786259522.430451050] [offboard_waypoint_node]: [CONTROL_ARBITER] selected_source=safety_hold state=IDLE_HOLD
[super_planner_ros2_node-6] [INFO] [1786259522.661888847] [super_planner_ros2_node]: SUPER_ROS2 mode=IDLE enable_output=false reason=NO_GOAL odom=(0.02,-0.02,-0.31) goal=none tracking_setpoint_enu=(0.02,-0.02,0.78) setpoint_ned=none yaw(desired/cmd/rate)=(0.00/0.00/0.00) cross_track=0.00 frame_id=px4_ned path_points=0 odom_source=/mavros/local_position/odom cloud_source=none mavros_connected=true
[ego_planner_node-10] [FSM]: state: WAIT_TARGET
[ego_planner_node-10] wait for goal or trigger.
[offboard_waypoint_node-1] [INFO] [1786259523.480208866] [offboard_waypoint_node]: [HOLD_ERROR] position_error=0.192 velocity=0.004 state=IDLE_HOLD
[offboard_waypoint_node-1] [INFO] [1786259523.480329342] [offboard_waypoint_node]: [CONTROL_ARBITER] selected_source=safety_hold state=IDLE_HOLD
[super_planner_ros2_node-6] [INFO] [1786259523.661893803] [super_planner_ros2_node]: SUPER_ROS2 mode=IDLE enable_output=false reason=NO_GOAL odom=(0.02,-0.02,-0.30) goal=none tracking_setpoint_enu=(0.02,-0.02,0.78) setpoint_ned=none yaw(desired/cmd/rate)=(0.00/0.00/0.00) cross_track=0.00 frame_id=px4_ned path_points=0 odom_source=/mavros/local_position/odom cloud_source=none mavros_connected=true
[ego_planner_node-10] [FSM]: state: WAIT_TARGET
[ego_planner_node-10] wait for goal or trigger.
[offboard_waypoint_node-1] [INFO] [1786259524.480217681] [offboard_waypoint_node]: [HOLD_ERROR] position_error=0.179 velocity=0.003 state=IDLE_HOLD
[offboard_waypoint_node-1] [INFO] [1786259524.480819332] [offboard_waypoint_node]: [CONTROL_ARBITER] selected_source=safety_hold state=IDLE_HOLD
[super_planner_ros2_node-6] [INFO] [1786259524.662065304] [super_planner_ros2_node]: SUPER_ROS2 mode=IDLE enable_output=false reason=NO_GOAL odom=(0.02,-0.02,-0.28) goal=none tracking_setpoint_enu=(0.02,-0.02,0.78) setpoint_ned=none yaw(desired/cmd/rate)=(0.00/0.00/0.00) cross_track=0.00 frame_id=px4_ned path_points=0 odom_source=/mavros/local_position/odom cloud_source=none mavros_connected=true
[ego_planner_node-10] [FSM]: state: WAIT_TARGET
[ego_planner_node-10] wait for goal or trigger.
[offboard_waypoint_node-1] [INFO] [1786259525.530213473] [offboard_waypoint_node]: [HOLD_ERROR] position_error=0.165 velocity=0.005 state=IDLE_HOLD
[offboard_waypoint_node-1] [INFO] [1786259525.530326517] [offboard_waypoint_node]: [CONTROL_ARBITER] selected_source=safety_hold state=IDLE_HOLD
[super_planner_ros2_node-6] [INFO] [1786259525.711999145] [super_planner_ros2_node]: SUPER_ROS2 mode=IDLE enable_output=false reason=NO_GOAL odom=(0.02,-0.02,-0.27) goal=none tracking_setpoint_enu=(0.02,-0.02,0.78) setpoint_ned=none yaw(desired/cmd/rate)=(0.00/0.00/0.00) cross_track=0.00 frame_id=px4_ned path_points=0 odom_source=/mavros/local_position/odom cloud_source=none mavros_connected=true
[ego_planner_node-10] [FSM]: state: WAIT_TARGET
[ego_planner_node-10] wait for goal or trigger.
[offboard_waypoint_node-1] [INFO] [1786259526.580226754] [offboard_waypoint_node]: [HOLD_ERROR] position_error=0.156 velocity=0.001 state=IDLE_HOLD
[offboard_waypoint_node-1] [INFO] [1786259526.580334605] [offboard_waypoint_node]: [CONTROL_ARBITER] selected_source=safety_hold state=IDLE_HOLD
[super_planner_ros2_node-6] [INFO] [1786259526.712251834] [super_planner_ros2_node]: SUPER_ROS2 mode=IDLE enable_output=false reason=NO_GOAL odom=(0.02,-0.02,-0.26) goal=none tracking_setpoint_enu=(0.02,-0.02,0.78) setpoint_ned=none yaw(desired/cmd/rate)=(0.00/0.00/0.00) cross_track=0.00 frame_id=px4_ned path_points=0 odom_source=/mavros/local_position/odom cloud_source=none mavros_connected=true
[ego_planner_node-10] [FSM]: state: WAIT_TARGET
[ego_planner_node-10] wait for goal or trigger.
[offboard_waypoint_node-1] [INFO] [1786259527.580263122] [offboard_waypoint_node]: [HOLD_ERROR] position_error=0.148 velocity=0.003 state=IDLE_HOLD
[offboard_waypoint_node-1] [INFO] [1786259527.580363808] [offboard_waypoint_node]: [CONTROL_ARBITER] selected_source=safety_hold state=IDLE_HOLD
[super_planner_ros2_node-6] [INFO] [1786259527.762208622] [super_planner_ros2_node]: SUPER_ROS2 mode=IDLE enable_output=false reason=NO_GOAL odom=(0.02,-0.02,-0.26) goal=none tracking_setpoint_enu=(0.02,-0.02,0.78) setpoint_ned=none yaw(desired/cmd/rate)=(0.00/0.00/0.00) cross_track=0.00 frame_id=px4_ned path_points=0 odom_source=/mavros/local_position/odom cloud_source=none mavros_connected=true
[fastlio_bridge_node-2] [INFO] [1786259528.003620676] [fastlio_bridge_node]: 已桥接并转换里程计: ENU(0.02, -0.02, -0.04) -> NED(-0.02, -0.02, 0.04)
[fastlio_bridge_node-2] [INFO] [1786259528.095841119] [fastlio_bridge_node]: 已桥接并转换里程计: ENU(0.01, -0.06, -0.05) -> NED(-0.01, -0.06, 0.05)
[ego_planner_node-10] [FSM]: state: WAIT_TARGET
[ego_planner_node-10] wait for goal or trigger.
[offboard_waypoint_node-1] [INFO] [1786259528.630576123] [offboard_waypoint_node]: [HOLD_ERROR] position_error=0.142 velocity=0.003 state=IDLE_HOLD
[offboard_waypoint_node-1] [INFO] [1786259528.632785505] [offboard_waypoint_node]: [CONTROL_ARBITER] selected_source=safety_hold state=IDLE_HOLD
[super_planner_ros2_node-6] [INFO] [1786259528.812004725] [super_planner_ros2_node]: SUPER_ROS2 mode=IDLE enable_output=false reason=NO_GOAL odom=(0.02,-0.02,-0.25) goal=none tracking_setpoint_enu=(0.02,-0.02,0.78) setpoint_ned=none yaw(desired/cmd/rate)=(0.00/0.00/0.00) cross_track=0.00 frame_id=px4_ned path_points=0 odom_source=/mavros/local_position/odom cloud_source=none mavros_connected=true
[ego_planner_node-10] [FSM]: state: WAIT_TARGET
[ego_planner_node-10] wait for goal or trigger.
[offboard_waypoint_node-1] [INFO] [1786259529.680451041] [offboard_waypoint_node]: [HOLD_ERROR] position_error=0.139 velocity=0.001 state=IDLE_HOLD
[offboard_waypoint_node-1] [INFO] [1786259529.680647117] [offboard_waypoint_node]: [CONTROL_ARBITER] selected_source=safety_hold state=IDLE_HOLD
[super_planner_ros2_node-6] [INFO] [1786259529.812039555] [super_planner_ros2_node]: SUPER_ROS2 mode=IDLE enable_output=false reason=NO_GOAL odom=(0.02,-0.02,-0.25) goal=none tracking_setpoint_enu=(0.02,-0.02,0.78) setpoint_ned=none yaw(desired/cmd/rate)=(0.00/0.00/0.00) cross_track=0.00 frame_id=px4_ned path_points=0 odom_source=/mavros/local_position/odom cloud_source=none mavros_connected=true
[mapping_manager_node-5] [INFO] [1786259529.892862698] [mapping_manager_node]: Mapping status: in_flight=false, map_loaded=false, map_saved=false
[ego_planner_node-10] [FSM]: state: WAIT_TARGET
[ego_planner_node-10] wait for goal or trigger.
[offboard_waypoint_node-1] [INFO] [1786259530.730236630] [offboard_waypoint_node]: [HOLD_ERROR] position_error=0.137 velocity=0.005 state=IDLE_HOLD
[offboard_waypoint_node-1] [INFO] [1786259530.730331325] [offboard_waypoint_node]: [CONTROL_ARBITER] selected_source=safety_hold state=IDLE_HOLD
[super_planner_ros2_node-6] [INFO] [1786259530.862256546] [super_planner_ros2_node]: SUPER_ROS2 mode=IDLE enable_output=false reason=NO_GOAL odom=(0.02,-0.02,-0.24) goal=none tracking_setpoint_enu=(0.02,-0.02,0.78) setpoint_ned=none yaw(desired/cmd/rate)=(0.00/0.00/0.00) cross_track=0.00 frame_id=px4_ned path_points=0 odom_source=/mavros/local_position/odom cloud_source=none mavros_connected=true
[ego_planner_node-10] [FSM]: state: WAIT_TARGET
[ego_planner_node-10] wait for goal or trigger.
[offboard_waypoint_node-1] [INFO] [1786259531.730251514] [offboard_waypoint_node]: [HOLD_ERROR] position_error=0.134 velocity=0.000 state=IDLE_HOLD
[offboard_waypoint_node-1] [INFO] [1786259531.730339617] [offboard_waypoint_node]: [CONTROL_ARBITER] selected_source=safety_hold state=IDLE_HOLD
[super_planner_ros2_node-6] [INFO] [1786259531.911990595] [super_planner_ros2_node]: SUPER_ROS2 mode=IDLE enable_output=false reason=NO_GOAL odom=(0.02,-0.02,-0.24) goal=none tracking_setpoint_enu=(0.02,-0.02,0.78) setpoint_ned=none yaw(desired/cmd/rate)=(0.00/0.00/0.00) cross_track=0.00 frame_id=px4_ned path_points=0 odom_source=/mavros/local_position/odom cloud_source=none mavros_connected=true
[fastlio_bridge_node-2] [INFO] [1786259532.026259569] [fastlio_bridge_node]: 已桥接并转换里程计: ENU(0.03, -0.03, -0.04) -> NED(-0.03, -0.03, 0.04)
[ego_planner_node-10] [FSM]: state: WAIT_TARGET
[ego_planner_node-10] wait for goal or trigger.
[offboard_waypoint_node-1] [INFO] [1786259532.730293529] [offboard_waypoint_node]: [HOLD_ERROR] position_error=0.130 velocity=0.001 state=IDLE_HOLD
[offboard_waypoint_node-1] [INFO] [1786259532.730427929] [offboard_waypoint_node]: [CONTROL_ARBITER] selected_source=safety_hold state=IDLE_HOLD
[super_planner_ros2_node-6] [INFO] [1786259532.961922676] [super_planner_ros2_node]: SUPER_ROS2 mode=IDLE enable_output=false reason=NO_GOAL odom=(0.02,-0.02,-0.24) goal=none tracking_setpoint_enu=(0.02,-0.02,0.78) setpoint_ned=none yaw(desired/cmd/rate)=(0.00/0.00/0.00) cross_track=0.00 frame_id=px4_ned path_points=0 odom_source=/mavros/local_position/odom cloud_source=none mavros_connected=true
[ego_planner_node-10] [FSM]: state: WAIT_TARGET
[ego_planner_node-10] wait for goal or trigger.
[offboard_waypoint_node-1] [INFO] [1786259533.730320782] [offboard_waypoint_node]: [HOLD_ERROR] position_error=0.131 velocity=0.004 state=IDLE_HOLD
[offboard_waypoint_node-1] [INFO] [1786259533.730453667] [offboard_waypoint_node]: [CONTROL_ARBITER] selected_source=safety_hold state=IDLE_HOLD
[super_planner_ros2_node-6] [INFO] [1786259533.962109367] [super_planner_ros2_node]: SUPER_ROS2 mode=IDLE enable_output=false reason=NO_GOAL odom=(0.02,-0.02,-0.24) goal=none tracking_setpoint_enu=(0.02,-0.02,0.78) setpoint_ned=none yaw(desired/cmd/rate)=(0.00/0.00/0.00) cross_track=0.00 frame_id=px4_ned path_points=0 odom_source=/mavros/local_position/odom cloud_source=none mavros_connected=true
[ego_planner_node-10] [FSM]: state: WAIT_TARGET
[ego_planner_node-10] wait for goal or trigger.
[offboard_waypoint_node-1] [INFO] [1786259534.780282082] [offboard_waypoint_node]: [HOLD_ERROR] position_error=0.135 velocity=0.001 state=IDLE_HOLD
[offboard_waypoint_node-1] [INFO] [1786259534.780351559] [offboard_waypoint_node]: [CONTROL_ARBITER] selected_source=safety_hold state=IDLE_HOLD
[super_planner_ros2_node-6] [INFO] [1786259535.011968636] [super_planner_ros2_node]: SUPER_ROS2 mode=IDLE enable_output=false reason=NO_GOAL odom=(0.02,-0.02,-0.24) goal=none tracking_setpoint_enu=(0.02,-0.02,0.78) setpoint_ned=none yaw(desired/cmd/rate)=(0.00/0.00/0.00) cross_track=0.00 frame_id=px4_ned path_points=0 odom_source=/mavros/local_position/odom cloud_source=none mavros_connected=true
[ego_planner_node-10] [FSM]: state: WAIT_TARGET
[ego_planner_node-10] wait for goal or trigger.
[offboard_waypoint_node-1] [INFO] [1786259535.780295677] [offboard_waypoint_node]: [HOLD_ERROR] position_error=0.142 velocity=0.004 state=IDLE_HOLD
[offboard_waypoint_node-1] [INFO] [1786259535.780401655] [offboard_waypoint_node]: [CONTROL_ARBITER] selected_source=safety_hold state=IDLE_HOLD
[super_planner_ros2_node-6] [INFO] [1786259536.012202389] [super_planner_ros2_node]: SUPER_ROS2 mode=IDLE enable_output=false reason=NO_GOAL odom=(0.02,-0.02,-0.25) goal=none tracking_setpoint_enu=(0.02,-0.02,0.78) setpoint_ned=none yaw(desired/cmd/rate)=(0.00/0.00/0.00) cross_track=0.00 frame_id=px4_ned path_points=0 odom_source=/mavros/local_position/odom cloud_source=none mavros_connected=true
[ego_planner_node-10] [FSM]: state: WAIT_TARGET
[ego_planner_node-10] wait for goal or trigger.
[offboard_waypoint_node-1] [INFO] [1786259536.780367974] [offboard_waypoint_node]: [HOLD_ERROR] position_error=0.151 velocity=0.001 state=IDLE_HOLD
[offboard_waypoint_node-1] [INFO] [1786259536.780546891] [offboard_waypoint_node]: [CONTROL_ARBITER] selected_source=safety_hold state=IDLE_HOLD
[super_planner_ros2_node-6] [INFO] [1786259537.012659125] [super_planner_ros2_node]: SUPER_ROS2 mode=IDLE enable_output=false reason=NO_GOAL odom=(0.02,-0.02,-0.26) goal=none tracking_setpoint_enu=(0.02,-0.02,0.78) setpoint_ned=none yaw(desired/cmd/rate)=(0.00/0.00/0.00) cross_track=0.00 frame_id=px4_ned path_points=0 odom_source=/mavros/local_position/odom cloud_source=none mavros_connected=true
[ego_planner_node-10] [FSM]: state: WAIT_TARGET
[ego_planner_node-10] wait for goal or trigger.
[offboard_waypoint_node-1] [INFO] [1786259537.830402285] [offboard_waypoint_node]: [HOLD_ERROR] position_error=0.160 velocity=0.004 state=IDLE_HOLD
[offboard_waypoint_node-1] [INFO] [1786259537.830495084] [offboard_waypoint_node]: [CONTROL_ARBITER] selected_source=safety_hold state=IDLE_HOLD
[super_planner_ros2_node-6] [INFO] [1786259538.062000413] [super_planner_ros2_node]: SUPER_ROS2 mode=IDLE enable_output=false reason=NO_GOAL odom=(0.02,-0.02,-0.27) goal=none tracking_setpoint_enu=(0.02,-0.02,0.78) setpoint_ned=none yaw(desired/cmd/rate)=(0.00/0.00/0.00) cross_track=0.00 frame_id=px4_ned path_points=0 odom_source=/mavros/local_position/odom cloud_source=none mavros_connected=true
[ego_planner_node-10] [FSM]: state: WAIT_TARGET
[ego_planner_node-10] wait for goal or trigger.
[offboard_waypoint_node-1] [INFO] [1786259538.880313745] [offboard_waypoint_node]: [HOLD_ERROR] position_error=0.169 velocity=0.001 state=IDLE_HOLD
[offboard_waypoint_node-1] [INFO] [1786259538.880381020] [offboard_waypoint_node]: [CONTROL_ARBITER] selected_source=safety_hold state=IDLE_HOLD
[super_planner_ros2_node-6] [INFO] [1786259539.062125697] [super_planner_ros2_node]: SUPER_ROS2 mode=IDLE enable_output=false reason=NO_GOAL odom=(0.02,-0.02,-0.28) goal=none tracking_setpoint_enu=(0.02,-0.02,0.78) setpoint_ned=none yaw(desired/cmd/rate)=(0.00/0.00/0.00) cross_track=0.00 frame_id=px4_ned path_points=0 odom_source=/mavros/local_position/odom cloud_source=none mavros_connected=true
[ego_planner_node-10] [FSM]: state: WAIT_TARGET
[ego_planner_node-10] wait for goal or trigger.
[offboard_waypoint_node-1] [INFO] [1786259539.880340156] [offboard_waypoint_node]: [HOLD_ERROR] position_error=0.178 velocity=0.002 state=IDLE_HOLD
[offboard_waypoint_node-1] [INFO] [1786259539.880410804] [offboard_waypoint_node]: [CONTROL_ARBITER] selected_source=safety_hold state=IDLE_HOLD
[fastlio_bridge_node-2] [INFO] [1786259540.054688807] [fastlio_bridge_node]: 已桥接并转换里程计: ENU(0.01, -0.03, -0.04) -> NED(-0.01, -0.03, 0.04)
[super_planner_ros2_node-6] [INFO] [1786259540.112050637] [super_planner_ros2_node]: SUPER_ROS2 mode=IDLE enable_output=false reason=NO_GOAL odom=(0.02,-0.02,-0.29) goal=none tracking_setpoint_enu=(0.02,-0.02,0.78) setpoint_ned=none yaw(desired/cmd/rate)=(0.00/0.00/0.00) cross_track=0.00 frame_id=px4_ned path_points=0 odom_source=/mavros/local_position/odom cloud_source=none mavros_connected=true
[ego_planner_node-10] [FSM]: state: WAIT_TARGET
[ego_planner_node-10] wait for goal or trigger.
[offboard_waypoint_node-1] [INFO] [1786259540.930365577] [offboard_waypoint_node]: [HOLD_ERROR] position_error=0.186 velocity=0.005 state=IDLE_HOLD
[offboard_waypoint_node-1] [INFO] [1786259540.930493738] [offboard_waypoint_node]: [CONTROL_ARBITER] selected_source=safety_hold state=IDLE_HOLD
[super_planner_ros2_node-6] [INFO] [1786259541.112059919] [super_planner_ros2_node]: SUPER_ROS2 mode=IDLE enable_output=false reason=NO_GOAL odom=(0.02,-0.02,-0.30) goal=none tracking_setpoint_enu=(0.02,-0.02,0.78) setpoint_ned=none yaw(desired/cmd/rate)=(0.00/0.00/0.00) cross_track=0.00 frame_id=px4_ned path_points=0 odom_source=/mavros/local_position/odom cloud_source=none mavros_connected=true
[ego_planner_node-10] [FSM]: state: WAIT_TARGET
[ego_planner_node-10] wait for goal or trigger.
[offboard_waypoint_node-1] [INFO] [1786259541.930398168] [offboard_waypoint_node]: [HOLD_ERROR] position_error=0.195 velocity=0.005 state=IDLE_HOLD
[offboard_waypoint_node-1] [INFO] [1786259541.930498143] [offboard_waypoint_node]: [CONTROL_ARBITER] selected_source=safety_hold state=IDLE_HOLD
[fastlio_bridge_node-2] [INFO] [1786259542.064344916] [fastlio_bridge_node]: 已桥接并转换里程计: ENU(0.01, -0.04, -0.05) -> NED(-0.01, -0.04, 0.05)
[fastlio_bridge_node-2] [INFO] [1786259542.074347271] [fastlio_bridge_node]: 已桥接并转换里程计: ENU(0.01, -0.04, -0.05) -> NED(-0.01, -0.04, 0.05)
[fastlio_bridge_node-2] [INFO] [1786259542.083012848] [fastlio_bridge_node]: 已桥接并转换里程计: ENU(0.01, -0.04, -0.05) -> NED(-0.01, -0.04, 0.05)
[fastlio_bridge_node-2] [INFO] [1786259542.093228530] [fastlio_bridge_node]: 已桥接并转换里程计: ENU(0.01, -0.04, -0.05) -> NED(-0.01, -0.04, 0.05)
[super_planner_ros2_node-6] [INFO] [1786259542.162007015] [super_planner_ros2_node]: SUPER_ROS2 mode=IDLE enable_output=false reason=NO_GOAL odom=(0.02,-0.02,-0.31) goal=none tracking_setpoint_enu=(0.02,-0.02,0.78) setpoint_ned=none yaw(desired/cmd/rate)=(0.00/0.00/0.00) cross_track=0.00 frame_id=px4_ned path_points=0 odom_source=/mavros/local_position/odom cloud_source=none mavros_connected=true
[ego_planner_node-10] [FSM]: state: WAIT_TARGET
[ego_planner_node-10] wait for goal or trigger.
[offboard_waypoint_node-1] [INFO] [1786259542.980430455] [offboard_waypoint_node]: [HOLD_ERROR] position_error=0.203 velocity=0.005 state=IDLE_HOLD
[offboard_waypoint_node-1] [INFO] [1786259542.980547446] [offboard_waypoint_node]: [CONTROL_ARBITER] selected_source=safety_hold state=IDLE_HOLD
[super_planner_ros2_node-6] [INFO] [1786259543.162115638] [super_planner_ros2_node]: SUPER_ROS2 mode=IDLE enable_output=false reason=NO_GOAL odom=(0.02,-0.02,-0.31) goal=none tracking_setpoint_enu=(0.02,-0.02,0.78) setpoint_ned=none yaw(desired/cmd/rate)=(0.00/0.00/0.00) cross_track=0.00 frame_id=px4_ned path_points=0 odom_source=/mavros/local_position/odom cloud_source=none mavros_connected=true
[ego_planner_node-10] [FSM]: state: WAIT_TARGET
[ego_planner_node-10] wait for goal or trigger.
[offboard_waypoint_node-1] [INFO] [1786259544.030375926] [offboard_waypoint_node]: [HOLD_ERROR] position_error=0.203 velocity=0.005 state=IDLE_HOLD
[offboard_waypoint_node-1] [INFO] [1786259544.030469596] [offboard_waypoint_node]: [CONTROL_ARBITER] selected_source=safety_hold state=IDLE_HOLD
[fastlio_bridge_node-2] [INFO] [1786259544.034749981] [fastlio_bridge_node]: 已桥接并转换里程计: ENU(0.02, -0.03, -0.05) -> NED(-0.02, -0.03, 0.05)
[fastlio_bridge_node-2] [INFO] [1786259544.084553134] [fastlio_bridge_node]: 已桥接并转换里程计: ENU(0.02, -0.03, -0.05) -> NED(-0.02, -0.03, 0.05)
[super_planner_ros2_node-6] [INFO] [1786259544.212016887] [super_planner_ros2_node]: SUPER_ROS2 mode=IDLE enable_output=false reason=NO_GOAL odom=(0.02,-0.02,-0.31) goal=none tracking_setpoint_enu=(0.02,-0.02,0.78) setpoint_ned=none yaw(desired/cmd/rate)=(0.00/0.00/0.00) cross_track=0.00 frame_id=px4_ned path_points=0 odom_source=/mavros/local_position/odom cloud_source=none mavros_connected=true
[ego_planner_node-10] [FSM]: state: WAIT_TARGET
[ego_planner_node-10] wait for goal or trigger.
[offboard_waypoint_node-1] [INFO] [1786259545.031113441] [offboard_waypoint_node]: [HOLD_ERROR] position_error=0.200 velocity=0.002 state=IDLE_HOLD
[offboard_waypoint_node-1] [INFO] [1786259545.031211559] [offboard_waypoint_node]: [CONTROL_ARBITER] selected_source=safety_hold state=IDLE_HOLD
[super_planner_ros2_node-6] [INFO] [1786259545.212167904] [super_planner_ros2_node]: SUPER_ROS2 mode=IDLE enable_output=false reason=NO_GOAL odom=(0.02,-0.02,-0.31) goal=none tracking_setpoint_enu=(0.02,-0.02,0.78) setpoint_ned=none yaw(desired/cmd/rate)=(0.00/0.00/0.00) cross_track=0.00 frame_id=px4_ned path_points=0 odom_source=/mavros/local_position/odom cloud_source=none mavros_connected=true
[ego_planner_node-10] [FSM]: state: WAIT_TARGET
[ego_planner_node-10] wait for goal or trigger.
[offboard_waypoint_node-1] [INFO] [1786259546.080409559] [offboard_waypoint_node]: [HOLD_ERROR] position_error=0.194 velocity=0.008 state=IDLE_HOLD
[offboard_waypoint_node-1] [INFO] [1786259546.080470455] [offboard_waypoint_node]: [CONTROL_ARBITER] selected_source=safety_hold state=IDLE_HOLD
[fastlio_bridge_node-2] [INFO] [1786259546.093928538] [fastlio_bridge_node]: 已桥接并转换里程计: ENU(0.02, -0.04, -0.04) -> NED(-0.02, -0.04, 0.04)
[super_planner_ros2_node-6] [INFO] [1786259546.262250554] [super_planner_ros2_node]: SUPER_ROS2 mode=IDLE enable_output=false reason=NO_GOAL odom=(0.02,-0.02,-0.30) goal=none tracking_setpoint_enu=(0.02,-0.02,0.78) setpoint_ned=none yaw(desired/cmd/rate)=(0.00/0.00/0.00) cross_track=0.00 frame_id=px4_ned path_points=0 odom_source=/mavros/local_position/odom cloud_source=none mavros_connected=true
[ego_planner_node-10] [FSM]: state: WAIT_TARGET
[ego_planner_node-10] wait for goal or trigger.
[offboard_waypoint_node-1] [INFO] [1786259547.080547870] [offboard_waypoint_node]: [HOLD_ERROR] position_error=0.185 velocity=0.002 state=IDLE_HOLD
[offboard_waypoint_node-1] [INFO] [1786259547.080679160] [offboard_waypoint_node]: [CONTROL_ARBITER] selected_source=safety_hold state=IDLE_HOLD
[super_planner_ros2_node-6] [INFO] [1786259547.262329474] [super_planner_ros2_node]: SUPER_ROS2 mode=IDLE enable_output=false reason=NO_GOAL odom=(0.02,-0.02,-0.29) goal=none tracking_setpoint_enu=(0.02,-0.02,0.78) setpoint_ned=none yaw(desired/cmd/rate)=(0.00/0.00/0.00) cross_track=0.00 frame_id=px4_ned path_points=0 odom_source=/mavros/local_position/odom cloud_source=none mavros_connected=true
[ego_planner_node-10] [FSM]: state: WAIT_TARGET
[ego_planner_node-10] wait for goal or trigger.
[fastlio_bridge_node-2] [INFO] [1786259548.004432351] [fastlio_bridge_node]: 已桥接并转换里程计: ENU(0.01, -0.03, -0.04) -> NED(-0.01, -0.03, 0.04)
[offboard_waypoint_node-1] [INFO] [1786259548.130364383] [offboard_waypoint_node]: [HOLD_ERROR] position_error=0.170 velocity=0.003 state=IDLE_HOLD
[offboard_waypoint_node-1] [INFO] [1786259548.130428326] [offboard_waypoint_node]: [CONTROL_ARBITER] selected_source=safety_hold state=IDLE_HOLD
[super_planner_ros2_node-6] [INFO] [1786259548.312389168] [super_planner_ros2_node]: SUPER_ROS2 mode=IDLE enable_output=false reason=NO_GOAL odom=(0.02,-0.02,-0.28) goal=none tracking_setpoint_enu=(0.02,-0.02,0.78) setpoint_ned=none yaw(desired/cmd/rate)=(0.00/0.00/0.00) cross_track=0.00 frame_id=px4_ned path_points=0 odom_source=/mavros/local_position/odom cloud_source=none mavros_connected=true
[ego_planner_node-10] [FSM]: state: WAIT_TARGET
[ego_planner_node-10] wait for goal or trigger.
[offboard_waypoint_node-1] [INFO] [1786259549.130468929] [offboard_waypoint_node]: [HOLD_ERROR] position_error=0.157 velocity=0.005 state=IDLE_HOLD
[offboard_waypoint_node-1] [INFO] [1786259549.130602752] [offboard_waypoint_node]: [CONTROL_ARBITER] selected_source=safety_hold state=IDLE_HOLD
[super_planner_ros2_node-6] [INFO] [1786259549.362073213] [super_planner_ros2_node]: SUPER_ROS2 mode=IDLE enable_output=false reason=NO_GOAL odom=(0.02,-0.02,-0.26) goal=none tracking_setpoint_enu=(0.02,-0.02,0.78) setpoint_ned=none yaw(desired/cmd/rate)=(0.00/0.00/0.00) cross_track=0.00 frame_id=px4_ned path_points=0 odom_source=/mavros/local_position/odom cloud_source=none mavros_connected=true
[ego_planner_node-10] [FSM]: state: WAIT_TARGET
[ego_planner_node-10] wait for goal or trigger.
[fastlio_bridge_node-2] [INFO] [1786259550.083779466] [fastlio_bridge_node]: 已桥接并转换里程计: ENU(0.02, -0.02, -0.04) -> NED(-0.02, -0.02, 0.04)
[fastlio_bridge_node-2] [INFO] [1786259550.093350393] [fastlio_bridge_node]: 已桥接并转换里程计: ENU(0.01, -0.02, -0.04) -> NED(-0.01, -0.02, 0.04)
[offboard_waypoint_node-1] [INFO] [1786259550.130497261] [offboard_waypoint_node]: [HOLD_ERROR] position_error=0.141 velocity=0.004 state=IDLE_HOLD
[offboard_waypoint_node-1] [INFO] [1786259550.180448126] [offboard_waypoint_node]: [CONTROL_ARBITER] selected_source=safety_hold state=IDLE_HOLD
[super_planner_ros2_node-6] [INFO] [1786259550.362140967] [super_planner_ros2_node]: SUPER_ROS2 mode=IDLE enable_output=false reason=NO_GOAL odom=(0.02,-0.02,-0.24) goal=none tracking_setpoint_enu=(0.02,-0.02,0.78) setpoint_ned=none yaw(desired/cmd/rate)=(0.00/0.00/0.00) cross_track=0.00 frame_id=px4_ned path_points=0 odom_source=/mavros/local_position/odom cloud_source=none mavros_connected=true
[ego_planner_node-10] [FSM]: state: WAIT_TARGET
[ego_planner_node-10] wait for goal or trigger.
[offboard_waypoint_node-1] [INFO] [1786259551.180719022] [offboard_waypoint_node]: [HOLD_ERROR] position_error=0.123 velocity=0.005 state=IDLE_HOLD
[offboard_waypoint_node-1] [INFO] [1786259551.181027126] [offboard_waypoint_node]: [CONTROL_ARBITER] selected_source=safety_hold state=IDLE_HOLD
[super_planner_ros2_node-6] [INFO] [1786259551.412143865] [super_planner_ros2_node]: SUPER_ROS2 mode=IDLE enable_output=false reason=NO_GOAL odom=(0.02,-0.02,-0.23) goal=none tracking_setpoint_enu=(0.02,-0.02,0.78) setpoint_ned=none yaw(desired/cmd/rate)=(0.00/0.00/0.00) cross_track=0.00 frame_id=px4_ned path_points=0 odom_source=/mavros/local_position/odom cloud_source=none mavros_connected=true
[ego_planner_node-10] [FSM]: state: WAIT_TARGET
[ego_planner_node-10] wait for goal or trigger.
[offboard_waypoint_node-1] [INFO] [1786259552.230416456] [offboard_waypoint_node]: [HOLD_ERROR] position_error=0.105 velocity=0.004 state=IDLE_HOLD
[offboard_waypoint_node-1] [INFO] [1786259552.230477639] [offboard_waypoint_node]: [CONTROL_ARBITER] selected_source=safety_hold state=IDLE_HOLD
[super_planner_ros2_node-6] [INFO] [1786259552.412143673] [super_planner_ros2_node]: SUPER_ROS2 mode=IDLE enable_output=false reason=NO_GOAL odom=(0.02,-0.02,-0.21) goal=none tracking_setpoint_enu=(0.02,-0.02,0.78) setpoint_ned=none yaw(desired/cmd/rate)=(0.00/0.00/0.00) cross_track=0.00 frame_id=px4_ned path_points=0 odom_source=/mavros/local_position/odom cloud_source=none mavros_connected=true
[ego_planner_node-10] [FSM]: state: WAIT_TARGET
[ego_planner_node-10] wait for goal or trigger.
[offboard_waypoint_node-1] [INFO] [1786259553.230721263] [offboard_waypoint_node]: [HOLD_ERROR] position_error=0.087 velocity=0.003 state=IDLE_HOLD
[offboard_waypoint_node-1] [INFO] [1786259553.231023930] [offboard_waypoint_node]: [CONTROL_ARBITER] selected_source=safety_hold state=IDLE_HOLD
[super_planner_ros2_node-6] [INFO] [1786259553.412152052] [super_planner_ros2_node]: SUPER_ROS2 mode=IDLE enable_output=false reason=NO_GOAL odom=(0.02,-0.02,-0.19) goal=none tracking_setpoint_enu=(0.02,-0.02,0.78) setpoint_ned=none yaw(desired/cmd/rate)=(0.00/0.00/0.00) cross_track=0.00 frame_id=px4_ned path_points=0 odom_source=/mavros/local_position/odom cloud_source=none mavros_connected=true
[ego_planner_node-10] [FSM]: state: WAIT_TARGET
[ego_planner_node-10] wait for goal or trigger.
[fastlio_bridge_node-2] [INFO] [1786259554.014276188] [fastlio_bridge_node]: 已桥接并转换里程计: ENU(0.02, -0.03, -0.05) -> NED(-0.02, -0.03, 0.05)
[fastlio_bridge_node-2] [INFO] [1786259554.094582916] [fastlio_bridge_node]: 已桥接并转换里程计: ENU(0.02, -0.03, -0.04) -> NED(-0.02, -0.03, 0.04)
[offboard_waypoint_node-1] [INFO] [1786259554.280937106] [offboard_waypoint_node]: [HOLD_ERROR] position_error=0.071 velocity=0.006 state=IDLE_HOLD
[offboard_waypoint_node-1] [INFO] [1786259554.281018579] [offboard_waypoint_node]: [CONTROL_ARBITER] selected_source=safety_hold state=IDLE_HOLD
[super_planner_ros2_node-6] [INFO] [1786259554.412192694] [super_planner_ros2_node]: SUPER_ROS2 mode=IDLE enable_output=false reason=NO_GOAL odom=(0.02,-0.02,-0.18) goal=none tracking_setpoint_enu=(0.02,-0.02,0.78) setpoint_ned=none yaw(desired/cmd/rate)=(0.00/0.00/0.00) cross_track=0.00 frame_id=px4_ned path_points=0 odom_source=/mavros/local_position/odom cloud_source=none mavros_connected=true
[ego_planner_node-10] [FSM]: state: WAIT_TARGET
[ego_planner_node-10] wait for goal or trigger.
[offboard_waypoint_node-1] [INFO] [1786259555.330546772] [offboard_waypoint_node]: [HOLD_ERROR] position_error=0.057 velocity=0.003 state=IDLE_HOLD
[offboard_waypoint_node-1] [INFO] [1786259555.330681749] [offboard_waypoint_node]: [CONTROL_ARBITER] selected_source=safety_hold state=IDLE_HOLD
[super_planner_ros2_node-6] [INFO] [1786259555.462328320] [super_planner_ros2_node]: SUPER_ROS2 mode=IDLE enable_output=false reason=NO_GOAL odom=(0.02,-0.02,-0.16) goal=none tracking_setpoint_enu=(0.02,-0.02,0.78) setpoint_ned=none yaw(desired/cmd/rate)=(0.00/0.00/0.00) cross_track=0.00 frame_id=px4_ned path_points=0 odom_source=/mavros/local_position/odom cloud_source=none mavros_connected=true
[ego_planner_node-10] [FSM]: state: WAIT_TARGET
[ego_planner_node-10] wait for goal or trigger.
[fastlio_bridge_node-2] [INFO] [1786259556.054324431] [fastlio_bridge_node]: 已桥接并转换里程计: ENU(0.02, -0.03, -0.04) -> NED(-0.02, -0.03, 0.04)
[fastlio_bridge_node-2] [INFO] [1786259556.063253966] [fastlio_bridge_node]: 已桥接并转换里程计: ENU(0.02, -0.03, -0.04) -> NED(-0.02, -0.03, 0.04)
[fastlio_bridge_node-2] [INFO] [1786259556.073233750] [fastlio_bridge_node]: 已桥接并转换里程计: ENU(0.02, -0.03, -0.04) -> NED(-0.02, -0.03, 0.04)
[fastlio_bridge_node-2] [INFO] [1786259556.082986493] [fastlio_bridge_node]: 已桥接并转换里程计: ENU(0.02, -0.03, -0.04) -> NED(-0.02, -0.03, 0.04)
[offboard_waypoint_node-1] [INFO] [1786259556.380499833] [offboard_waypoint_node]: [HOLD_ERROR] position_error=0.047 velocity=0.003 state=IDLE_HOLD
[offboard_waypoint_node-1] [INFO] [1786259556.380595640] [offboard_waypoint_node]: [CONTROL_ARBITER] selected_source=safety_hold state=IDLE_HOLD
[super_planner_ros2_node-6] [INFO] [1786259556.512166394] [super_planner_ros2_node]: SUPER_ROS2 mode=IDLE enable_output=false reason=NO_GOAL odom=(0.02,-0.02,-0.15) goal=none tracking_setpoint_enu=(0.02,-0.02,0.78) setpoint_ned=none yaw(desired/cmd/rate)=(0.00/0.00/0.00) cross_track=0.00 frame_id=px4_ned path_points=0 odom_source=/mavros/local_position/odom cloud_source=none mavros_connected=true
[ego_planner_node-10] [FSM]: state: WAIT_TARGET
[ego_planner_node-10] wait for goal or trigger.
[offboard_waypoint_node-1] [INFO] [1786259557.380502638] [offboard_waypoint_node]: [HOLD_ERROR] position_error=0.039 velocity=0.003 state=IDLE_HOLD
[offboard_waypoint_node-1] [INFO] [1786259557.380605082] [offboard_waypoint_node]: [CONTROL_ARBITER] selected_source=safety_hold state=IDLE_HOLD
[super_planner_ros2_node-6] [INFO] [1786259557.512458354] [super_planner_ros2_node]: SUPER_ROS2 mode=IDLE enable_output=false reason=NO_GOAL odom=(0.02,-0.02,-0.15) goal=none tracking_setpoint_enu=(0.02,-0.02,0.78) setpoint_ned=none yaw(desired/cmd/rate)=(0.00/0.00/0.00) cross_track=0.00 frame_id=px4_ned path_points=0 odom_source=/mavros/local_position/odom cloud_source=none mavros_connected=true
[ego_planner_node-10] [FSM]: state: WAIT_TARGET
[ego_planner_node-10] wait for goal or trigger.
[offboard_waypoint_node-1] [INFO] [1786259558.380570130] [offboard_waypoint_node]: [HOLD_ERROR] position_error=0.030 velocity=0.005 state=IDLE_HOLD
[offboard_waypoint_node-1] [INFO] [1786259558.380684846] [offboard_waypoint_node]: [CONTROL_ARBITER] selected_source=safety_hold state=IDLE_HOLD
[super_planner_ros2_node-6] [INFO] [1786259558.562218153] [super_planner_ros2_node]: SUPER_ROS2 mode=IDLE enable_output=false reason=NO_GOAL odom=(0.02,-0.02,-0.14) goal=none tracking_setpoint_enu=(0.02,-0.02,0.78) setpoint_ned=none yaw(desired/cmd/rate)=(0.00/0.00/0.00) cross_track=0.00 frame_id=px4_ned path_points=0 odom_source=/mavros/local_position/odom cloud_source=none mavros_connected=true
[ego_planner_node-10] [FSM]: state: WAIT_TARGET
[ego_planner_node-10] wait for goal or trigger.
[offboard_waypoint_node-1] [INFO] [1786259559.430617053] [offboard_waypoint_node]: [HOLD_ERROR] position_error=0.022 velocity=0.007 state=IDLE_HOLD
[offboard_waypoint_node-1] [INFO] [1786259559.430798039] [offboard_waypoint_node]: [CONTROL_ARBITER] selected_source=safety_hold state=IDLE_HOLD
[super_planner_ros2_node-6] [INFO] [1786259559.562349326] [super_planner_ros2_node]: SUPER_ROS2 mode=IDLE enable_output=false reason=NO_GOAL odom=(0.02,-0.03,-0.13) goal=none tracking_setpoint_enu=(0.02,-0.03,0.78) setpoint_ned=none yaw(desired/cmd/rate)=(0.00/0.00/0.00) cross_track=0.00 frame_id=px4_ned path_points=0 odom_source=/mavros/local_position/odom cloud_source=none mavros_connected=true
[mapping_manager_node-5] [INFO] [1786259559.895721382] [mapping_manager_node]: Mapping status: in_flight=false, map_loaded=false, map_saved=false
[ego_planner_node-10] [FSM]: state: WAIT_TARGET
[ego_planner_node-10] wait for goal or trigger.
[offboard_waypoint_node-1] [INFO] [1786259560.430688203] [offboard_waypoint_node]: [HOLD_ERROR] position_error=0.014 velocity=0.002 state=IDLE_HOLD
[offboard_waypoint_node-1] [INFO] [1786259560.480558561] [offboard_waypoint_node]: [CONTROL_ARBITER] selected_source=safety_hold state=IDLE_HOLD
[super_planner_ros2_node-6] [INFO] [1786259560.612266621] [super_planner_ros2_node]: SUPER_ROS2 mode=IDLE enable_output=false reason=NO_GOAL odom=(0.02,-0.02,-0.12) goal=none tracking_setpoint_enu=(0.02,-0.02,0.78) setpoint_ned=none yaw(desired/cmd/rate)=(0.00/0.00/0.00) cross_track=0.00 frame_id=px4_ned path_points=0 odom_source=/mavros/local_position/odom cloud_source=none mavros_connected=true
[ego_planner_node-10] [FSM]: state: WAIT_TARGET
[ego_planner_node-10] wait for goal or trigger.
[offboard_waypoint_node-1] [INFO] [1786259561.480521866] [offboard_waypoint_node]: [HOLD_ERROR] position_error=0.007 velocity=0.003 state=IDLE_HOLD
[offboard_waypoint_node-1] [INFO] [1786259561.480631142] [offboard_waypoint_node]: [CONTROL_ARBITER] selected_source=safety_hold state=IDLE_HOLD
[super_planner_ros2_node-6] [INFO] [1786259561.662250031] [super_planner_ros2_node]: SUPER_ROS2 mode=IDLE enable_output=false reason=NO_GOAL odom=(0.02,-0.02,-0.11) goal=none tracking_setpoint_enu=(0.02,-0.02,0.78) setpoint_ned=none yaw(desired/cmd/rate)=(0.00/0.00/0.00) cross_track=0.00 frame_id=px4_ned path_points=0 odom_source=/mavros/local_position/odom cloud_source=none mavros_connected=true
[ego_planner_node-10] [FSM]: state: WAIT_TARGET
[ego_planner_node-10] wait for goal or trigger.
[fastlio_bridge_node-2] [INFO] [1786259562.084780910] [fastlio_bridge_node]: 已桥接并转换里程计: ENU(0.01, -0.03, -0.04) -> NED(-0.01, -0.03, 0.04)
[offboard_waypoint_node-1] [INFO] [1786259562.480580458] [offboard_waypoint_node]: [HOLD_ERROR] position_error=0.005 velocity=0.003 state=IDLE_HOLD
[offboard_waypoint_node-1] [INFO] [1786259562.480712739] [offboard_waypoint_node]: [CONTROL_ARBITER] selected_source=safety_hold state=IDLE_HOLD
[super_planner_ros2_node-6] [INFO] [1786259562.662535591] [super_planner_ros2_node]: SUPER_ROS2 mode=IDLE enable_output=false reason=NO_GOAL odom=(0.02,-0.02,-0.11) goal=none tracking_setpoint_enu=(0.02,-0.02,0.78) setpoint_ned=none yaw(desired/cmd/rate)=(0.00/0.00/0.00) cross_track=0.00 frame_id=px4_ned path_points=0 odom_source=/mavros/local_position/odom cloud_source=none mavros_connected=true
[ego_planner_node-10] [FSM]: state: WAIT_TARGET
[ego_planner_node-10] wait for goal or trigger.
[offboard_waypoint_node-1] [INFO] [1786259563.480848591] [offboard_waypoint_node]: [HOLD_ERROR] position_error=0.004 velocity=0.004 state=IDLE_HOLD
[offboard_waypoint_node-1] [INFO] [1786259563.481111848] [offboard_waypoint_node]: [CONTROL_ARBITER] selected_source=safety_hold state=IDLE_HOLD
[super_planner_ros2_node-6] [INFO] [1786259563.712399226] [super_planner_ros2_node]: SUPER_ROS2 mode=IDLE enable_output=false reason=NO_GOAL odom=(0.02,-0.02,-0.11) goal=none tracking_setpoint_enu=(0.02,-0.02,0.78) setpoint_ned=none yaw(desired/cmd/rate)=(0.00/0.00/0.00) cross_track=0.00 frame_id=px4_ned path_points=0 odom_source=/mavros/local_position/odom cloud_source=none mavros_connected=true
[ego_planner_node-10] [FSM]: state: WAIT_TARGET
[ego_planner_node-10] wait for goal or trigger.
[fastlio_bridge_node-2] [INFO] [1786259564.014606459] [fastlio_bridge_node]: 已桥接并转换里程计: ENU(0.02, -0.04, -0.04) -> NED(-0.02, -0.04, 0.04)
[fastlio_bridge_node-2] [INFO] [1786259564.024461055] [fastlio_bridge_node]: 已桥接并转换里程计: ENU(0.02, -0.04, -0.04) -> NED(-0.02, -0.04, 0.04)
[fastlio_bridge_node-2] [INFO] [1786259564.034183891] [fastlio_bridge_node]: 已桥接并转换里程计: ENU(0.02, -0.04, -0.04) -> NED(-0.02, -0.04, 0.04)
[offboard_waypoint_node-1] [INFO] [1786259564.531353221] [offboard_waypoint_node]: [HOLD_ERROR] position_error=0.005 velocity=0.005 state=IDLE_HOLD
[offboard_waypoint_node-1] [INFO] [1786259564.531519675] [offboard_waypoint_node]: [CONTROL_ARBITER] selected_source=safety_hold state=IDLE_HOLD
[super_planner_ros2_node-6] [INFO] [1786259564.762595674] [super_planner_ros2_node]: SUPER_ROS2 mode=IDLE enable_output=false reason=NO_GOAL odom=(0.02,-0.02,-0.11) goal=none tracking_setpoint_enu=(0.02,-0.02,0.78) setpoint_ned=none yaw(desired/cmd/rate)=(0.00/0.00/0.00) cross_track=0.00 frame_id=px4_ned path_points=0 odom_source=/mavros/local_position/odom cloud_source=none mavros_connected=true
[ego_planner_node-10] [FSM]: state: WAIT_TARGET
[ego_planner_node-10] wait for goal or trigger.
[offboard_waypoint_node-1] [INFO] [1786259565.581250246] [offboard_waypoint_node]: [HOLD_ERROR] position_error=0.007 velocity=0.004 state=IDLE_HOLD
[offboard_waypoint_node-1] [INFO] [1786259565.581430663] [offboard_waypoint_node]: [CONTROL_ARBITER] selected_source=safety_hold state=IDLE_HOLD
[super_planner_ros2_node-6] [INFO] [1786259565.812717770] [super_planner_ros2_node]: SUPER_ROS2 mode=IDLE enable_output=false reason=NO_GOAL odom=(0.02,-0.02,-0.12) goal=none tracking_setpoint_enu=(0.02,-0.02,0.78) setpoint_ned=none yaw(desired/cmd/rate)=(0.00/0.00/0.00) cross_track=0.00 frame_id=px4_ned path_points=0 odom_source=/mavros/local_position/odom cloud_source=none mavros_connected=true
[ego_planner_node-10] [FSM]: state: WAIT_TARGET
[ego_planner_node-10] wait for goal or trigger.
[offboard_waypoint_node-1] [INFO] [1786259566.630749087] [offboard_waypoint_node]: [HOLD_ERROR] position_error=0.010 velocity=0.002 state=IDLE_HOLD
[offboard_waypoint_node-1] [INFO] [1786259566.630916480] [offboard_waypoint_node]: [CONTROL_ARBITER] selected_source=safety_hold state=IDLE_HOLD
[super_planner_ros2_node-6] [INFO] [1786259566.862229937] [super_planner_ros2_node]: SUPER_ROS2 mode=IDLE enable_output=false reason=NO_GOAL odom=(0.02,-0.02,-0.12) goal=none tracking_setpoint_enu=(0.02,-0.02,0.78) setpoint_ned=none yaw(desired/cmd/rate)=(0.00/0.00/0.00) cross_track=0.00 frame_id=px4_ned path_points=0 odom_source=/mavros/local_position/odom cloud_source=none mavros_connected=true
[ego_planner_node-10] [FSM]: state: WAIT_TARGET
[ego_planner_node-10] wait for goal or trigger.
[offboard_waypoint_node-1] [INFO] [1786259567.680593900] [offboard_waypoint_node]: [HOLD_ERROR] position_error=0.016 velocity=0.003 state=IDLE_HOLD
[offboard_waypoint_node-1] [INFO] [1786259567.680673414] [offboard_waypoint_node]: [CONTROL_ARBITER] selected_source=safety_hold state=IDLE_HOLD
[super_planner_ros2_node-6] [INFO] [1786259567.862367737] [super_planner_ros2_node]: SUPER_ROS2 mode=IDLE enable_output=false reason=NO_GOAL odom=(0.02,-0.02,-0.13) goal=none tracking_setpoint_enu=(0.02,-0.02,0.78) setpoint_ned=none yaw(desired/cmd/rate)=(0.00/0.00/0.00) cross_track=0.00 frame_id=px4_ned path_points=0 odom_source=/mavros/local_position/odom cloud_source=none mavros_connected=true
[fastlio_bridge_node-2] [INFO] [1786259568.023912102] [fastlio_bridge_node]: 已桥接并转换里程计: ENU(0.01, -0.03, -0.05) -> NED(-0.01, -0.03, 0.05)
[fastlio_bridge_node-2] [INFO] [1786259568.033397889] [fastlio_bridge_node]: 已桥接并转换里程计: ENU(0.01, -0.04, -0.05) -> NED(-0.01, -0.04, 0.05)
[fastlio_bridge_node-2] [INFO] [1786259568.044358605] [fastlio_bridge_node]: 已桥接并转换里程计: ENU(0.01, -0.04, -0.04) -> NED(-0.01, -0.04, 0.04)
[fastlio_bridge_node-2] [INFO] [1786259568.055654547] [fastlio_bridge_node]: 已桥接并转换里程计: ENU(-0.00, -0.04, -0.04) -> NED(0.00, -0.04, 0.04)
[ego_planner_node-10] [FSM]: state: WAIT_TARGET
[ego_planner_node-10] wait for goal or trigger.
[offboard_waypoint_node-1] [INFO] [1786259568.730875034] [offboard_waypoint_node]: [HOLD_ERROR] position_error=0.024 velocity=0.001 state=IDLE_HOLD
[offboard_waypoint_node-1] [INFO] [1786259568.731048189] [offboard_waypoint_node]: [CONTROL_ARBITER] selected_source=safety_hold state=IDLE_HOLD
[super_planner_ros2_node-6] [INFO] [1786259568.862397284] [super_planner_ros2_node]: SUPER_ROS2 mode=IDLE enable_output=false reason=NO_GOAL odom=(0.02,-0.02,-0.13) goal=none tracking_setpoint_enu=(0.02,-0.02,0.78) setpoint_ned=none yaw(desired/cmd/rate)=(0.00/0.00/0.00) cross_track=0.00 frame_id=px4_ned path_points=0 odom_source=/mavros/local_position/odom cloud_source=none mavros_connected=true
[ego_planner_node-10] [FSM]: state: WAIT_TARGET
[ego_planner_node-10] wait for goal or trigger.
[offboard_waypoint_node-1] [INFO] [1786259569.780630220] [offboard_waypoint_node]: [HOLD_ERROR] position_error=0.024 velocity=0.002 state=IDLE_HOLD
[offboard_waypoint_node-1] [INFO] [1786259569.780734859] [offboard_waypoint_node]: [CONTROL_ARBITER] selected_source=safety_hold state=IDLE_HOLD
[super_planner_ros2_node-6] [INFO] [1786259569.862429210] [super_planner_ros2_node]: SUPER_ROS2 mode=IDLE enable_output=false reason=NO_GOAL odom=(0.02,-0.02,-0.13) goal=none tracking_setpoint_enu=(0.02,-0.02,0.78) setpoint_ned=none yaw(desired/cmd/rate)=(0.00/0.00/0.00) cross_track=0.00 frame_id=px4_ned path_points=0 odom_source=/mavros/local_position/odom cloud_source=none mavros_connected=true
[fastlio_bridge_node-2] [INFO] [1786259570.045795345] [fastlio_bridge_node]: 已桥接并转换里程计: ENU(0.02, -0.03, -0.04) -> NED(-0.02, -0.03, 0.04)
[fastlio_bridge_node-2] [INFO] [1786259570.052996867] [fastlio_bridge_node]: 已桥接并转换里程计: ENU(0.02, -0.03, -0.04) -> NED(-0.02, -0.03, 0.04)
[fastlio_bridge_node-2] [INFO] [1786259570.065000910] [fastlio_bridge_node]: 已桥接并转换里程计: ENU(0.02, -0.03, -0.04) -> NED(-0.02, -0.03, 0.04)
[ego_planner_node-10] [FSM]: state: WAIT_TARGET
[ego_planner_node-10] wait for goal or trigger.
[offboard_waypoint_node-1] [INFO] [1786259570.780718636] [offboard_waypoint_node]: [HOLD_ERROR] position_error=0.017 velocity=0.003 state=IDLE_HOLD
[offboard_waypoint_node-1] [INFO] [1786259570.780847253] [offboard_waypoint_node]: [CONTROL_ARBITER] selected_source=safety_hold state=IDLE_HOLD
[super_planner_ros2_node-6] [INFO] [1786259570.912445343] [super_planner_ros2_node]: SUPER_ROS2 mode=IDLE enable_output=false reason=NO_GOAL odom=(0.02,-0.02,-0.12) goal=none tracking_setpoint_enu=(0.02,-0.02,0.78) setpoint_ned=none yaw(desired/cmd/rate)=(0.00/0.00/0.00) cross_track=0.00 frame_id=px4_ned path_points=0 odom_source=/mavros/local_position/odom cloud_source=none mavros_connected=true
[ego_planner_node-10] [FSM]: state: WAIT_TARGET
[ego_planner_node-10] wait for goal or trigger.
