Flight run directory: /home/robot/rong_ws/ws_offboard_control/flight_records/20260809/flight_20260809_151026
Parameter snapshot: /home/robot/rong_ws/ws_offboard_control/flight_records/20260809/flight_20260809_151026/snapshot
Recording rosbag to: /home/robot/rong_ws/ws_offboard_control/flight_records/20260809/flight_20260809_151026/rosbag
Record full registered point cloud: false
Press Ctrl+C in this terminal to stop recording.
stdin is not a terminal device. Keyboard handling disabled.[INFO] [1786259462.545308438] [rosbag2_recorder]: Press SPACE for pausing/resuming
[INFO] [1786259462.546985886] [rosbag2_storage]: Opened database '/home/robot/rong_ws/ws_offboard_control/flight_records/20260809/flight_20260809_151026/rosbag/rosbag_0.db3' for READ_WRITE.
[INFO] [1786259462.548409378] [rosbag2_recorder]: Listening for topics...
[INFO] [1786259462.548430854] [rosbag2_recorder]: Event publisher thread: Starting
[INFO] [1786259462.557117782] [rosbag2_recorder]: Subscribed to topic '/Odometry/guarded'
[INFO] [1786259462.557366753] [rosbag2_recorder]: Recording...
[INFO] [1786259462.561081353] [rosbag2_recorder]: Subscribed to topic '/mavros/vision_pose/pose_cov'
[INFO] [1786259462.563567929] [rosbag2_recorder]: Subscribed to topic '/mavros/vision_speed/speed_twist_cov'
[INFO] [1786259463.577946110] [rosbag2_recorder]: Subscribed to topic '/mavros/local_position/odom'
[INFO] [1786259463.579171060] [rosbag2_recorder]: Subscribed to topic '/mavros/local_position/velocity_local'
[INFO] [1786259463.581047066] [rosbag2_recorder]: Subscribed to topic '/mavros/setpoint_raw/target_local'
[INFO] [1786259463.582124793] [rosbag2_recorder]: Subscribed to topic '/mavros/local_position/pose'
[INFO] [1786259463.583384186] [rosbag2_recorder]: Subscribed to topic '/mavros/state'
[INFO] [1786259463.900054912] [rosbag2_recorder]: Subscribed to topic '/Odometry/healthy'
[INFO] [1786259463.901184513] [rosbag2_recorder]: Subscribed to topic '/ev_health/fault'
[INFO] [1786259463.901960344] [rosbag2_recorder]: Subscribed to topic '/ev_health/status'
[INFO] [1786259463.903200660] [rosbag2_recorder]: Subscribed to topic '/ev_health/diagnostics'
[INFO] [1786259463.904211764] [rosbag2_recorder]: Subscribed to topic '/ev_health/velocity_ned'
[INFO] [1786259464.329472829] [rosbag2_recorder]: Subscribed to topic '/Odometry'
[INFO] [1786259464.331090037] [rosbag2_recorder]: Subscribed to topic '/path'
[INFO] [1786259469.785053682] [rosbag2_recorder]: Subscribed to topic '/race/ego/trajectory_setpoint'
[INFO] [1786259469.802441674] [rosbag2_recorder]: Subscribed to topic '/race/ego/validated_bspline'
[INFO] [1786259469.809623538] [rosbag2_recorder]: Subscribed to topic '/race/ego/command_local_goal_seq'
[INFO] [1786259469.925267463] [rosbag2_recorder]: Subscribed to topic '/race/ego/status'
[INFO] [1786259469.929529081] [rosbag2_recorder]: Subscribed to topic '/race/odom'
[INFO] [1786259469.935810733] [rosbag2_recorder]: Subscribed to topic '/race/ego/position_command'
[INFO] [1786259469.943362259] [rosbag2_recorder]: Subscribed to topic '/race/pose'
[INFO] [1786259469.945741809] [rosbag2_recorder]: Subscribed to topic '/race/ego/odom'
[INFO] [1786259470.075274677] [rosbag2_recorder]: Subscribed to topic '/mavros/setpoint_raw/local'
[INFO] [1786259470.079232192] [rosbag2_recorder]: Subscribed to topic '/race/control/status'
[INFO] [1786259470.206499436] [rosbag2_recorder]: Subscribed to topic '/race/navigation_setpoint'
[INFO] [1786259470.212295551] [rosbag2_recorder]: Subscribed to topic '/race/ego/local_goal'
[INFO] [1786259470.217014837] [rosbag2_recorder]: Subscribed to topic '/race/global_path'
[INFO] [1786259470.220417370] [rosbag2_recorder]: Subscribed to topic '/race/super_planner/raw_path'
[INFO] [1786259470.345020007] [rosbag2_recorder]: Subscribed to topic '/race/global_planner/status'
[INFO] [1786259470.354571533] [rosbag2_recorder]: Subscribed to topic '/race/ego/local_path_reference'
[INFO] [1786259470.360883195] [rosbag2_recorder]: Subscribed to topic '/race/planner/status'
[INFO] [1786259470.478849284] [rosbag2_recorder]: Subscribed to topic '/race/ego/bspline'
[INFO] [1786259571.618919399] [rosbag2_cpp]: Writing remaining messages from cache to the bag. It may take a while
[INFO] [1786259571.624465044] [rosbag2_recorder]: Event publisher thread: Exiting
[INFO] [1786259571.624558317] [rosbag2_recorder]: Recording stopped
