MID360 lever arm validated (body FLU, control-center -> FAST-LIO origin): x=0.0 m y=0.0 m z=0.08 m; R_FASTLIO_body yaw=0.0 rad
[INFO] Running canonical preflight check...
Checking offboard autostart prerequisites...
MID360 lever arm validated (body FLU, control-center -> FAST-LIO origin): x=0.0 m y=0.0 m z=0.08 m; R_FASTLIO_body yaw=0.0 rad
STRUCTURAL_EV_ENTRY_CONTRACT=PASS
LAUNCH_AST_PARSE_RESULT=PASS
SELECTED_VISION_NODE_IDENTITY=package=px4_ros_com,executable=fastlio_mavros_vision_bridge,name=fastlio_mavros_vision_bridge
VISION_CONDITION_BINDING_RESULT=PASS
VISION_INPUT_BINDING_RESULT=PASS:/Odometry/healthy
VISION_RESTAMP_RESULT=PASS:false
VISION_LEVER_ARM_BINDING_RESULT=PASS:body_FLU_control_center_to_FAST_LIO
VISION_WORLD_YAW_BINDING_RESULT=PASS:one_alignment_for_position_and_attitude
PHYSICAL_BODY_TF_RESULT=PASS:base_link_to_FAST_LIO_body
LAUNCH_DEFAULTS_RESULT=PASS:start_mavros_vision_bridge=true
SINGLE_EV_WRITER_RESULT=PASS:single_ev_node_in_source
STACK_COMMAND_TOKEN_BINDING_RESULT=PASS
Autostart prerequisites look ready.
[INFO] Flight run directory: /home/robot/rong_ws/ws_offboard_control/flight_records/20260809/flight_20260809_151026
[INFO] Planner=ego-shadow, mission=false, output=false, rviz=false
[INFO] Recognition=false, rosbag=true, readiness_timeout=90s
[INFO] Map: <disabled for validation> (auto_load=false)
[WARN] NO_MAP_VALIDATION=true: planner output and mission control are disabled; this run is for sensor/EV/link validation only.
[INFO] MID360 body-to-sensor FLU: x=0.0 m, y=0.0 m, z=0.08 m, yaw=0.0 rad
[WARN] Horizontal-drift and takeoff-transient guards are absent. Keep manual RC takeover available.
[INFO] Starting MID-360 driver; log=/home/robot/rong_ws/ws_offboard_control/flight_records/20260809/flight_20260809_151026/logs/mid360_driver.log
Waiting for message: /livox/imu (timeout=90s)
Ready: received a message from /livox/imu
Waiting for message: /livox/lidar (timeout=90s)
Ready: received a message from /livox/lidar
[INFO] Starting FAST-LIO; log=/home/robot/rong_ws/ws_offboard_control/flight_records/20260809/flight_20260809_151026/logs/fastlio.log
Waiting for message: /Odometry (timeout=90s)
Ready: received a message from /Odometry
[INFO] Starting MAVROS and EV chain; log=/home/robot/rong_ws/ws_offboard_control/flight_records/20260809/flight_20260809_151026/logs/px4_mavros.log
Waiting for mavros_connected: /mavros/state (timeout=90s)
Ready: MAVROS connected
Waiting for healthy: /ev_health/status (timeout=90s)
Ready: /ev_health/status=HEALTHY
Waiting for message: /mavros/local_position/odom (timeout=90s)
Ready: received a message from /mavros/local_position/odom
Waiting for message: /Odometry/healthy (timeout=90s)
Ready: received a message from /Odometry/healthy
Waiting for message: /mavros/vision_pose/pose_cov (timeout=90s)
Ready: received a message from /mavros/vision_pose/pose_cov
Waiting for message: /mavros/vision_speed/speed_twist_cov (timeout=90s)
Ready: received a message from /mavros/vision_speed/speed_twist_cov
[INFO] Starting debug rosbag; log=/home/robot/rong_ws/ws_offboard_control/flight_records/20260809/flight_20260809_151026/logs/rosbag_debug.log
Waiting for node: /rosbag2_recorder (timeout=90s)
Ready: node /rosbag2_recorder exists
Waiting for healthy: /ev_health/status (timeout=90s)
Ready: /ev_health/status=HEALTHY
Waiting for message: /Odometry/healthy (timeout=90s)
Ready: received a message from /Odometry/healthy
Waiting for message: /mavros/vision_pose/pose_cov (timeout=90s)
Ready: received a message from /mavros/vision_pose/pose_cov
[INFO] Starting navigation stack; log=/home/robot/rong_ws/ws_offboard_control/flight_records/20260809/flight_20260809_151026/logs/navigation.log
Waiting for message: /race/odom (timeout=90s)
Ready: received a message from /race/odom
[WARN] No map is loaded; skipping /saved_map readiness (validation mode only).
Waiting for message: /race/control/status (timeout=90s)
Ready: received a message from /race/control/status
Waiting for healthy: /ev_health/status (timeout=90s)
Ready: /ev_health/status=HEALTHY
Waiting for message: /mavros/vision_pose/pose_cov (timeout=90s)
Readiness timeout: mode=message, topic=/mavros/vision_pose/pose_cov, timeout=90s
[ERROR] Component 'px4_mavros' is not ready. Log: /home/robot/rong_ws/ws_offboard_control/flight_records/20260809/flight_20260809_151026/logs/px4_mavros.log
[ERROR] Last 30 log lines from 'px4_mavros':
[mavros_node-1] [WARN] [1786259473.414409567] [mavros.sys]: FCU: UNK(8): EVENT 1914663 with args -0-130-16-2-48-0-0-0-0-0-0-0-0-0-0-0-0-0-0-0-0-0-0-0-0-0-0-0-0-0-0-0-0-0-0-0-0-0-0-0-
[fastlio_ev_health_monitor.py-3] [INFO] [1786259474.269633879] [fastlio_ev_health_monitor]: EV health state=HEALTHY: ok
[fastlio_ev_health_monitor.py-3] [WARN] [1786259478.168748981] [fastlio_ev_health_monitor]: EV health state=SUSPECT: stale_px4_velocity age=0.266s
[mavros_node-1] [WARN] [1786259478.427986998] [mavros.sys]: FCU: UNK(8): EVENT 11047904 with args -0-128-0-18-1-0-0-0-0-0-0-0-0-199-191-5-128-0-0-0-0-0-0-0-0-0-0-0-0-0-0-0-0-0-0-0-0-0-0-0-
[mavros_node-1] [ERROR] [1786259478.428209749] [mavros.sys]: FCU: EVENT 9077977 with args -255-255-255-255-7-0-0-0-0-0-0-0-0-0-0-0-0-0-0-0-0-0-0-0-0-0-0-0-0-0-0-0-0-0-0-0-0-0-0-0-
[mavros_node-1] [ERROR] [1786259478.428297823] [mavros.sys]: FCU: EVENT 13679014 with args -0-64-0-0-20-0-0-0-0-0-0-0-0-0-0-0-0-0-0-0-0-0-0-0-0-0-0-0-0-0-0-0-0-0-0-0-0-0-0-0-
[mavros_node-1] [ERROR] [1786259478.428602519] [mavros.sys]: FCU: EVENT 13835193 with args -56-0-122-0-17-0-0-0-0-0-0-0-0-0-0-0-0-0-0-0-0-0-0-0-0-0-0-0-0-0-0-0-0-0-0-0-0-0-0-0-
[mavros_node-1] [ERROR] [1786259478.428967576] [mavros.sys]: FCU: EVENT 10011251 with args -56-0-0-0-24-0-0-0-0-0-0-0-0-0-0-0-0-0-0-0-0-0-0-0-0-0-0-0-0-0-0-0-0-0-0-0-0-0-0-0-
[mavros_node-1] [INFO] [1786259478.429396291] [mavros.sys]: FCU: EVENT 377561 with args -8-0-0-0-20-0-0-0-0-0-0-0-0-0-0-0-0-0-0-0-0-0-0-0-0-0-0-0-0-0-0-0-0-0-0-0-0-0-0-0-
[mavros_node-1] [INFO] [1786259478.429627851] [mavros.sys]: FCU: EVENT 79408 with args -32-0-0-0-20-0-0-0-0-0-0-0-0-0-0-0-0-0-0-0-0-0-0-0-0-0-0-0-0-0-0-0-0-0-0-0-0-0-0-0-
[mavros_node-1] [WARN] [1786259478.430581119] [mavros.sys]: FCU: UNK(8): EVENT 1914663 with args -0-130-16-2-48-0-0-0-0-0-0-0-0-0-0-0-0-0-0-0-0-0-0-0-0-0-0-0-0-0-0-0-0-0-0-0-0-0-0-0-
[fastlio_ev_health_monitor.py-3] [WARN] [1786259478.467966377] [fastlio_ev_health_monitor]: EV health state=FAULT: ev_timeout age=0.701s
[mavros_node-1] [WARN] [1786259480.510769299] [mavros.sys]: FCU: UNK(8): EVENT 11047904 with args -0-128-0-0-1-0-0-0-0-0-0-0-0-199-255-127-128-0-0-0-0-0-0-0-0-0-0-0-0-0-0-0-0-0-0-0-0-0-0-0-
[mavros_node-1] [ERROR] [1786259480.510975878] [mavros.sys]: FCU: EVENT 9077977 with args -255-255-255-255-7-0-0-0-0-0-0-0-0-0-0-0-0-0-0-0-0-0-0-0-0-0-0-0-0-0-0-0-0-0-0-0-0-0-0-0-
[mavros_node-1] [ERROR] [1786259480.511301406] [mavros.sys]: FCU: EVENT 10011251 with args -56-0-0-0-24-0-0-0-0-0-0-0-0-0-0-0-0-0-0-0-0-0-0-0-0-0-0-0-0-0-0-0-0-0-0-0-0-0-0-0-
[mavros_node-1] [INFO] [1786259480.511640068] [mavros.sys]: FCU: EVENT 377561 with args -8-0-0-0-20-0-0-0-0-0-0-0-0-0-0-0-0-0-0-0-0-0-0-0-0-0-0-0-0-0-0-0-0-0-0-0-0-0-0-0-
[mavros_node-1] [INFO] [1786259480.511953120] [mavros.sys]: FCU: EVENT 79408 with args -32-0-0-0-20-0-0-0-0-0-0-0-0-0-0-0-0-0-0-0-0-0-0-0-0-0-0-0-0-0-0-0-0-0-0-0-0-0-0-0-
[mavros_node-1] [WARN] [1786259480.514550797] [mavros.sys]: FCU: UNK(8): EVENT 1914663 with args -0-130-16-2-48-0-0-0-0-0-0-0-0-0-0-0-0-0-0-0-0-0-0-0-0-0-0-0-0-0-0-0-0-0-0-0-0-0-0-0-
[mavros_node-1] [WARN] [1786259482.538012480] [mavros.sys]: FCU: UNK(8): EVENT 11047904 with args -0-128-0-18-1-0-0-0-0-0-0-0-0-131-191-1-128-0-0-0-0-0-0-0-0-0-0-0-0-0-0-0-0-0-0-0-0-0-0-0-
[mavros_node-1] [ERROR] [1786259482.538188411] [mavros.sys]: FCU: EVENT 9077977 with args -255-255-255-255-7-0-0-0-0-0-0-0-0-0-0-0-0-0-0-0-0-0-0-0-0-0-0-0-0-0-0-0-0-0-0-0-0-0-0-0-
[mavros_node-1] [ERROR] [1786259482.538531641] [mavros.sys]: FCU: EVENT 13679014 with args -0-64-0-0-20-0-0-0-0-0-0-0-0-0-0-0-0-0-0-0-0-0-0-0-0-0-0-0-0-0-0-0-0-0-0-0-0-0-0-0-
[mavros_node-1] [ERROR] [1786259482.538858879] [mavros.sys]: FCU: EVENT 13835193 with args -124-0-126-0-17-0-0-0-0-0-0-0-0-0-0-0-0-0-0-0-0-0-0-0-0-0-0-0-0-0-0-0-0-0-0-0-0-0-0-0-
[mavros_node-1] [ERROR] [1786259482.539285158] [mavros.sys]: FCU: EVENT 10011251 with args -56-0-0-0-24-0-0-0-0-0-0-0-0-0-0-0-0-0-0-0-0-0-0-0-0-0-0-0-0-0-0-0-0-0-0-0-0-0-0-0-
[mavros_node-1] [INFO] [1786259482.539742568] [mavros.sys]: FCU: EVENT 377561 with args -8-0-0-0-20-0-0-0-0-0-0-0-0-0-0-0-0-0-0-0-0-0-0-0-0-0-0-0-0-0-0-0-0-0-0-0-0-0-0-0-
[mavros_node-1] [INFO] [1786259482.539892230] [mavros.sys]: FCU: EVENT 79408 with args -32-0-0-0-20-0-0-0-0-0-0-0-0-0-0-0-0-0-0-0-0-0-0-0-0-0-0-0-0-0-0-0-0-0-0-0-0-0-0-0-
[mavros_node-1] [WARN] [1786259482.541078140] [mavros.sys]: FCU: UNK(8): EVENT 1914663 with args -0-130-16-2-48-0-0-0-0-0-0-0-0-0-0-0-0-0-0-0-0-0-0-0-0-0-0-0-0-0-0-0-0-0-0-0-0-0-0-0-
[fastlio_odometry_guard-2] [WARN] [1786259511.824510611] [fastlio_odometry_guard]: Rejected FAST-LIO odometry: computed speed 1.2158 m/s; resynced guard baseline (accepted=686 rejected=1)
[fastlio_odometry_guard-2] [WARN] [1786259513.464842535] [fastlio_odometry_guard]: Rejected FAST-LIO odometry: computed speed 1.4191 m/s; resynced guard baseline (accepted=701 rejected=2)
[fastlio_odometry_guard-2] [WARN] [1786259514.605786095] [fastlio_odometry_guard]: Rejected FAST-LIO odometry: computed speed 1.59228 m/s; resynced guard baseline (accepted=712 rejected=3)
[fastlio_odometry_guard-2] [WARN] [1786259515.704987372] [fastlio_odometry_guard]: Rejected FAST-LIO odometry: computed speed 1.39515 m/s; resynced guard baseline (accepted=718 rejected=4)
[WARN] Stopping components started by this run...
