Flight run directory: /home/robot/ws_offboard_control/flight_records/20260719/flight_20260719_155031
Parameter snapshot: /home/robot/ws_offboard_control/flight_records/20260719/flight_20260719_155031/snapshot
Recording rosbag to: /home/robot/ws_offboard_control/flight_records/20260719/flight_20260719_155031/rosbag
Press Ctrl+C in this terminal to stop recording.
stdin is not a terminal device. Keyboard handling disabled.[INFO] [1784447447.484185565] [rosbag2_recorder]: Press SPACE for pausing/resuming
[INFO] [1784447447.486914661] [rosbag2_storage]: Opened database '/home/robot/ws_offboard_control/flight_records/20260719/flight_20260719_155031/rosbag/rosbag_0.db3' for READ_WRITE.
[INFO] [1784447447.489742347] [rosbag2_recorder]: Listening for topics...
[INFO] [1784447447.489752248] [rosbag2_recorder]: Event publisher thread: Starting
[INFO] [1784447447.494335060] [rosbag2_recorder]: Subscribed to topic '/Odometry/guarded'
[INFO] [1784447447.494748614] [rosbag2_recorder]: Recording...
[INFO] [1784447447.595852997] [rosbag2_recorder]: Subscribed to topic '/Odometry'
[INFO] [1784447447.596594025] [rosbag2_recorder]: Subscribed to topic '/cloud_registered'
[INFO] [1784447447.596982973] [rosbag2_recorder]: Subscribed to topic '/path'
[INFO] [1784447448.703481375] [rosbag2_recorder]: Subscribed to topic '/mavros/setpoint_raw/local'
[INFO] [1784447448.704122099] [rosbag2_recorder]: Subscribed to topic '/route_tracker/lookahead_target'
[INFO] [1784447448.704470897] [rosbag2_recorder]: Subscribed to topic '/minipc_mavros_offboard/mpc_setpoint_debug'
[INFO] [1784447448.704773836] [rosbag2_recorder]: Subscribed to topic '/route_tracker/reference_path_3d'
[INFO] [1784447449.511242864] [rosbag2_recorder]: Subscribed to topic '/mavros/local_position/pose'
[INFO] [1784447449.512437668] [rosbag2_recorder]: Subscribed to topic '/mavros/local_position/odom'
[INFO] [1784447449.513648093] [rosbag2_recorder]: Subscribed to topic '/mavros/vision_pose/pose_cov'
[INFO] [1784447450.555318373] [rosbag2_recorder]: Subscribed to topic '/mavros/setpoint_raw/target_local'
[INFO] [1784447450.556455003] [rosbag2_recorder]: Subscribed to topic '/mavros/state'
