Waiting for mavros_connected: /mavros/state (timeout=90s)
Ready: MAVROS connected
Waiting for topic: /ev_health/status (timeout=90s)
Ready: topic /ev_health/status has a publisher
Flight run directory: /home/robot/ws_offboard_control/flight_records/20260807/flight_20260807_113600
Parameter snapshot: /home/robot/ws_offboard_control/flight_records/20260807/flight_20260807_113600/snapshot
Recording rosbag to: /home/robot/ws_offboard_control/flight_records/20260807/flight_20260807_113600/rosbag
Record full registered point cloud: false
Press Ctrl+C in this terminal to stop recording.
stdin is not a terminal device. Keyboard handling disabled.[INFO] [1786073790.079805164] [rosbag2_recorder]: Press SPACE for pausing/resuming
[INFO] [1786073790.081513958] [rosbag2_storage]: Opened database '/home/robot/ws_offboard_control/flight_records/20260807/flight_20260807_113600/rosbag/rosbag_0.db3' for READ_WRITE.
[INFO] [1786073790.085120471] [rosbag2_recorder]: Listening for topics...
[INFO] [1786073790.085132918] [rosbag2_recorder]: Event publisher thread: Starting
[INFO] [1786073790.086655337] [rosbag2_recorder]: Subscribed to topic '/route_tracker/reference_path_3d'
[INFO] [1786073790.087702009] [rosbag2_recorder]: Subscribed to topic '/Odometry'
[INFO] [1786073790.088358126] [rosbag2_recorder]: Subscribed to topic '/Odometry/guarded'
[INFO] [1786073790.088999386] [rosbag2_recorder]: Subscribed to topic '/Odometry/healthy'
[INFO] [1786073790.089896833] [rosbag2_recorder]: Subscribed to topic '/ev_health/status'
[INFO] [1786073790.090990508] [rosbag2_recorder]: Subscribed to topic '/ev_health/diagnostics'
[INFO] [1786073790.091947471] [rosbag2_recorder]: Subscribed to topic '/ev_health/velocity_ned'
[INFO] [1786073790.094266094] [rosbag2_recorder]: Subscribed to topic '/mavros/setpoint_raw/local'
[INFO] [1786073790.095115544] [rosbag2_recorder]: Subscribed to topic '/ev_health/fault'
[INFO] [1786073790.095794112] [rosbag2_recorder]: Subscribed to topic '/route_tracker/lookahead_target'
[INFO] [1786073790.096497306] [rosbag2_recorder]: Subscribed to topic '/mavros/vision_pose/pose_cov'
[INFO] [1786073790.097232585] [rosbag2_recorder]: Subscribed to topic '/path'
[INFO] [1786073790.098187822] [rosbag2_recorder]: Subscribed to topic '/mavros/vision_speed/speed_twist_cov'
[INFO] [1786073790.099295543] [rosbag2_recorder]: Subscribed to topic '/minipc_mavros_offboard/mpc_setpoint_debug'
[INFO] [1786073790.099395450] [rosbag2_recorder]: Recording...
[INFO] [1786073790.203055331] [rosbag2_recorder]: Subscribed to topic '/mavros/state'
[INFO] [1786073790.203617171] [rosbag2_recorder]: Subscribed to topic '/mavros/setpoint_raw/target_local'
[INFO] [1786073790.204229465] [rosbag2_recorder]: Subscribed to topic '/mavros/local_position/velocity_local'
[INFO] [1786073790.204759841] [rosbag2_recorder]: Subscribed to topic '/mavros/local_position/odom'
[INFO] [1786073790.205203612] [rosbag2_recorder]: Subscribed to topic '/mavros/local_position/pose'
