Waiting for mavros_connected: /mavros/state (timeout=90s)
Ready: MAVROS connected
Waiting for topic: /mavros/local_position/odom (timeout=90s)
Ready: topic /mavros/local_position/odom has a publisher
Waiting for healthy: /ev_health/status (timeout=90s)
Ready: /ev_health/status=HEALTHY
[INFO] [1786073777.313971889] [minipc_mavros_offboard]: Started minipc_mavros_offboard with arm_only=False, takeoff_height_m=0.8, hover_seconds=5.0, offboard_stabilize_seconds=20.0, use_rc_offboard=True, hold_after_arm_reject=True, ignore_z_in_arm_only=True, debug_hold_after_mode_drop=True, recent_pose_samples=30, require_vision_pose=True, vision_freshness_s=1.0, require_ev_health=True, ev_health_topic=/ev_health/status, ev_health_required_s=7.5, ev_health_freshness_s=1.0, lift_only_seconds=0.0, z_ramp_seconds=2.5, target_xyz=(0.0, 0.0, -0.8), xy_move_unlock_height_m=0.5, yaw_deg=0.0, enable_spin_test=True, spin_yaw_degrees=360.0, spin_yaw_rate_deg_s=20.0, post_spin_hover_seconds=10.0, auto_land=False, land_on_offboard_loss=True, offboard_land=True, offboard_land_speed_mps=0.07, offboard_land_auto_handoff_height_m=0.1, auto_disarm_after_land=True, disarm_after_land_delay_s=2.0, land_wait_timeout_s=45.0, land_mode_retry_s=1.0, land_mode_confirm_timeout_s=2.0, landed_ground_tolerance_m=0.06, target_reached_tolerance_m=0.15, landed_hold_seconds=0.0, drift_guard_enabled=True, drift_warning_m=0.2, drift_land_m=0.5, drift_emergency_m=0.6, drift_land_trigger_duration_s=0.3, drift_emergency_trigger_duration_s=0.1, takeoff_transient_guard_enabled=True, takeoff_transient_window_s=3.0, takeoff_transient_trigger_duration_s=0.2, takeoff_transient_limits=(displacement=0.5, speed=0.5, roll=10.0, pitch=10.0), legacy_max_horizontal_drift_m=0.5, mavros_state_freshness_s=1.5, control_mode=ramp, enable_route_tracking=False, route_path_topic=/nav2_stage1/path, route_fixed_flight_height_m=1.0, route_start_tolerance_m=0.4, route_goal_tolerance_m=0.2, route_lookahead_m=0.4, route_max_vxy_mps=0.25, route_max_vz_mps=0.15, route_setpoint_rate_hz=30.0, route_path_timeout_s=2.0, route_fail_action=hold, route_final_hold_seconds=3.0
[INFO] [1786073777.325501591] [minipc_mavros_offboard]: Waiting for MAVROS connection
[INFO] [1786073777.327163635] [minipc_mavros_offboard]: EV health is HEALTHY; continuous pre-arm timer restarted
[INFO] [1786073778.425693378] [minipc_mavros_offboard]: Waiting for MAVROS local odometry before arming
[WARN] [1786073778.426290600] [minipc_mavros_offboard]: Waiting for continuous healthy EV before prestream: EV healthy duration 1.1s / required 7.5s
[WARN] [1786073779.458878840] [minipc_mavros_offboard]: Waiting for continuous healthy EV before prestream: EV healthy duration 2.1s / required 7.5s
[WARN] [1786073780.491823118] [minipc_mavros_offboard]: Waiting for continuous healthy EV before prestream: EV healthy duration 3.2s / required 7.5s
[WARN] [1786073781.492207332] [minipc_mavros_offboard]: Waiting for continuous healthy EV before prestream: EV healthy duration 4.2s / required 7.5s
[WARN] [1786073782.525687778] [minipc_mavros_offboard]: Waiting for continuous healthy EV before prestream: EV healthy duration 5.2s / required 7.5s
[WARN] [1786073783.526082710] [minipc_mavros_offboard]: Waiting for continuous healthy EV before prestream: EV healthy duration 6.2s / required 7.5s
[WARN] [1786073784.558501139] [minipc_mavros_offboard]: Waiting for continuous healthy EV before prestream: EV healthy duration 7.2s / required 7.5s
[INFO] [1786073784.859044830] [minipc_mavros_offboard]: Averaged MAVROS local odometry for prestream x=-0.00, y=0.05, z=-0.11
[INFO] [1786073784.859599076] [minipc_mavros_offboard]: Provisional prestream target in MAVROS local ENU x=-0.00, y=0.05, z_start=-0.11, z_final=0.69
[INFO] [1786073784.892549756] [minipc_mavros_offboard]: Streaming pre-arm MAVROS setpoints
[INFO] [1786073788.226633875] [minipc_mavros_offboard]: Streaming setpoints and waiting for RC to switch OFFBOARD
[INFO] [1786073795.358618472] [minipc_mavros_offboard]: Locked takeoff reference at first OFFBOARD activation: current_enu=(-0.008, 0.054, -0.108), target_enu=(-0.008, 0.054, 0.692)
[INFO] [1786073795.358822763] [minipc_mavros_offboard]: OFFBOARD reported by MAVROS state
[INFO] [1786073815.391992772] [minipc_mavros_offboard]: Arming vehicle
[INFO] [1786073815.393201417] [minipc_mavros_offboard]: Requested arming
[INFO] [1786073815.426282766] [minipc_mavros_offboard]: Locked hold yaw to current MAVROS local yaw 0.5 deg
[INFO] [1786073815.458741132] [minipc_mavros_offboard]: Holding MAVROS setpoint
[INFO] [1786073815.459235752] [minipc_mavros_offboard]: Vehicle left armed/OFFBOARD state; continuing debug hold
[INFO] [1786073815.459426908] [minipc_mavros_offboard]: Debug hold after OFFBOARD/armed drop: connected=True, armed=False, guided=False, manual_input=False, mode=OFFBOARD
[INFO] [1786073815.492121870] [minipc_mavros_offboard]: Holding MAVROS setpoint
[INFO] [1786073815.492813412] [minipc_mavros_offboard]: Vehicle left armed/OFFBOARD state; continuing debug hold
[INFO] [1786073815.493066033] [minipc_mavros_offboard]: Debug hold after OFFBOARD/armed drop: connected=True, armed=False, guided=False, manual_input=False, mode=OFFBOARD
[INFO] [1786073815.529563383] [minipc_mavros_offboard]: Holding MAVROS setpoint
[INFO] [1786073815.532771507] [minipc_mavros_offboard]: Vehicle left armed/OFFBOARD state; continuing debug hold
[INFO] [1786073815.533053911] [minipc_mavros_offboard]: Debug hold after OFFBOARD/armed drop: connected=True, armed=False, guided=False, manual_input=False, mode=OFFBOARD
[INFO] [1786073815.559191787] [minipc_mavros_offboard]: Holding MAVROS setpoint
[INFO] [1786073815.562923744] [minipc_mavros_offboard]: Vehicle left armed/OFFBOARD state; continuing debug hold
[INFO] [1786073815.564962325] [minipc_mavros_offboard]: Debug hold after OFFBOARD/armed drop: connected=True, armed=False, guided=False, manual_input=False, mode=OFFBOARD
[INFO] [1786073815.592819683] [minipc_mavros_offboard]: Holding MAVROS setpoint
[INFO] [1786073815.594128512] [minipc_mavros_offboard]: Vehicle left armed/OFFBOARD state; continuing debug hold
[INFO] [1786073815.594696736] [minipc_mavros_offboard]: Debug hold after OFFBOARD/armed drop: connected=True, armed=False, guided=False, manual_input=False, mode=OFFBOARD
[INFO] [1786073815.626384658] [minipc_mavros_offboard]: Holding MAVROS setpoint
[INFO] [1786073815.627806009] [minipc_mavros_offboard]: Vehicle left armed/OFFBOARD state; continuing debug hold
[INFO] [1786073815.628216625] [minipc_mavros_offboard]: Debug hold after OFFBOARD/armed drop: connected=True, armed=False, guided=False, manual_input=False, mode=OFFBOARD
[INFO] [1786073815.658793670] [minipc_mavros_offboard]: Holding MAVROS setpoint
[INFO] [1786073815.659537804] [minipc_mavros_offboard]: Vehicle left armed/OFFBOARD state; continuing debug hold
[INFO] [1786073815.659944523] [minipc_mavros_offboard]: Debug hold after OFFBOARD/armed drop: connected=True, armed=False, guided=False, manual_input=False, mode=OFFBOARD
[INFO] [1786073815.694119321] [minipc_mavros_offboard]: Holding MAVROS setpoint
[INFO] [1786073815.696145922] [minipc_mavros_offboard]: Vehicle left armed/OFFBOARD state; continuing debug hold
[INFO] [1786073815.696627619] [minipc_mavros_offboard]: Debug hold after OFFBOARD/armed drop: connected=True, armed=False, guided=False, manual_input=False, mode=OFFBOARD
[INFO] [1786073815.726120702] [minipc_mavros_offboard]: Holding MAVROS setpoint
[INFO] [1786073815.727226006] [minipc_mavros_offboard]: Vehicle left armed/OFFBOARD state; continuing debug hold
[INFO] [1786073815.727807572] [minipc_mavros_offboard]: Debug hold after OFFBOARD/armed drop: connected=True, armed=False, guided=False, manual_input=False, mode=OFFBOARD
[INFO] [1786073815.758869814] [minipc_mavros_offboard]: Holding MAVROS setpoint
[INFO] [1786073815.759622550] [minipc_mavros_offboard]: Vehicle left armed/OFFBOARD state; continuing debug hold
[INFO] [1786073815.759862785] [minipc_mavros_offboard]: Debug hold after OFFBOARD/armed drop: connected=True, armed=False, guided=False, manual_input=False, mode=OFFBOARD
[INFO] [1786073815.792118957] [minipc_mavros_offboard]: Holding MAVROS setpoint
[INFO] [1786073815.792822619] [minipc_mavros_offboard]: Vehicle left armed/OFFBOARD state; continuing debug hold
[INFO] [1786073815.793396955] [minipc_mavros_offboard]: Debug hold after OFFBOARD/armed drop: connected=True, armed=False, guided=False, manual_input=False, mode=OFFBOARD
[INFO] [1786073815.825526262] [minipc_mavros_offboard]: Holding MAVROS setpoint
[INFO] [1786073815.826312311] [minipc_mavros_offboard]: Vehicle left armed/OFFBOARD state; continuing debug hold
[INFO] [1786073815.826790201] [minipc_mavros_offboard]: Debug hold after OFFBOARD/armed drop: connected=True, armed=False, guided=False, manual_input=False, mode=OFFBOARD
[INFO] [1786073815.858416537] [minipc_mavros_offboard]: Holding MAVROS setpoint
[INFO] [1786073815.858813349] [minipc_mavros_offboard]: Vehicle left armed/OFFBOARD state; continuing debug hold
[INFO] [1786073815.859034691] [minipc_mavros_offboard]: Debug hold after OFFBOARD/armed drop: connected=True, armed=False, guided=False, manual_input=False, mode=OFFBOARD
[INFO] [1786073815.892179351] [minipc_mavros_offboard]: Holding MAVROS setpoint
[INFO] [1786073815.892853275] [minipc_mavros_offboard]: Vehicle left armed/OFFBOARD state; continuing debug hold
[INFO] [1786073815.893292022] [minipc_mavros_offboard]: Debug hold after OFFBOARD/armed drop: connected=True, armed=False, guided=False, manual_input=False, mode=OFFBOARD
[INFO] [1786073815.925417361] [minipc_mavros_offboard]: Holding MAVROS setpoint
[INFO] [1786073815.925831003] [minipc_mavros_offboard]: Vehicle left armed/OFFBOARD state; continuing debug hold
[INFO] [1786073815.926053614] [minipc_mavros_offboard]: Debug hold after OFFBOARD/armed drop: connected=True, armed=False, guided=False, manual_input=False, mode=OFFBOARD
[INFO] [1786073815.959094355] [minipc_mavros_offboard]: Holding MAVROS setpoint
[INFO] [1786073815.959898955] [minipc_mavros_offboard]: Vehicle left armed/OFFBOARD state; continuing debug hold
[INFO] [1786073815.960107179] [minipc_mavros_offboard]: Debug hold after OFFBOARD/armed drop: connected=True, armed=False, guided=False, manual_input=False, mode=OFFBOARD
[INFO] [1786073815.993300858] [minipc_mavros_offboard]: Holding MAVROS setpoint
[INFO] [1786073815.994836372] [minipc_mavros_offboard]: Vehicle left armed/OFFBOARD state; continuing debug hold
[INFO] [1786073815.995190423] [minipc_mavros_offboard]: Debug hold after OFFBOARD/armed drop: connected=True, armed=False, guided=False, manual_input=False, mode=OFFBOARD
[INFO] [1786073816.025816508] [minipc_mavros_offboard]: Holding MAVROS setpoint
[INFO] [1786073816.028179971] [minipc_mavros_offboard]: Vehicle left armed/OFFBOARD state; continuing debug hold
[INFO] [1786073816.028882613] [minipc_mavros_offboard]: Debug hold after OFFBOARD/armed drop: connected=True, armed=False, guided=False, manual_input=False, mode=OFFBOARD
[INFO] [1786073816.058512953] [minipc_mavros_offboard]: Holding MAVROS setpoint
[INFO] [1786073816.059089552] [minipc_mavros_offboard]: Vehicle left armed/OFFBOARD state; continuing debug hold
[INFO] [1786073816.059306321] [minipc_mavros_offboard]: Debug hold after OFFBOARD/armed drop: connected=True, armed=False, guided=False, manual_input=False, mode=OFFBOARD
[INFO] [1786073816.091861894] [minipc_mavros_offboard]: Holding MAVROS setpoint
[INFO] [1786073816.092371985] [minipc_mavros_offboard]: Vehicle left armed/OFFBOARD state; continuing debug hold
[INFO] [1786073816.092573142] [minipc_mavros_offboard]: Debug hold after OFFBOARD/armed drop: connected=True, armed=False, guided=False, manual_input=False, mode=OFFBOARD
[INFO] [1786073816.125231079] [minipc_mavros_offboard]: Holding MAVROS setpoint
[INFO] [1786073816.125723330] [minipc_mavros_offboard]: Vehicle left armed/OFFBOARD state; continuing debug hold
[INFO] [1786073816.125904043] [minipc_mavros_offboard]: Debug hold after OFFBOARD/armed drop: connected=True, armed=False, guided=False, manual_input=False, mode=OFFBOARD
[INFO] [1786073816.158964058] [minipc_mavros_offboard]: Holding MAVROS setpoint
[INFO] [1786073816.160210678] [minipc_mavros_offboard]: Vehicle left armed/OFFBOARD state; continuing debug hold
[INFO] [1786073816.160503173] [minipc_mavros_offboard]: Debug hold after OFFBOARD/armed drop: connected=True, armed=False, guided=False, manual_input=False, mode=OFFBOARD
[INFO] [1786073816.192360030] [minipc_mavros_offboard]: Holding MAVROS setpoint
[INFO] [1786073816.192802068] [minipc_mavros_offboard]: Vehicle left armed/OFFBOARD state; continuing debug hold
[INFO] [1786073816.192993265] [minipc_mavros_offboard]: Debug hold after OFFBOARD/armed drop: connected=True, armed=False, guided=False, manual_input=False, mode=OFFBOARD
[INFO] [1786073816.225659692] [minipc_mavros_offboard]: Holding MAVROS setpoint
[INFO] [1786073816.226451146] [minipc_mavros_offboard]: Vehicle left armed/OFFBOARD state; continuing debug hold
[INFO] [1786073816.226926551] [minipc_mavros_offboard]: Debug hold after OFFBOARD/armed drop: connected=True, armed=False, guided=False, manual_input=False, mode=OFFBOARD
[INFO] [1786073816.258509313] [minipc_mavros_offboard]: Holding MAVROS setpoint
[INFO] [1786073816.259245050] [minipc_mavros_offboard]: Vehicle left armed/OFFBOARD state; continuing debug hold
[INFO] [1786073816.259433846] [minipc_mavros_offboard]: Debug hold after OFFBOARD/armed drop: connected=True, armed=False, guided=False, manual_input=False, mode=OFFBOARD
[INFO] [1786073816.291939067] [minipc_mavros_offboard]: Holding MAVROS setpoint
[INFO] [1786073816.292538504] [minipc_mavros_offboard]: Vehicle left armed/OFFBOARD state; continuing debug hold
[INFO] [1786073816.292771101] [minipc_mavros_offboard]: Debug hold after OFFBOARD/armed drop: connected=True, armed=False, guided=False, manual_input=False, mode=OFFBOARD
[INFO] [1786073816.325500749] [minipc_mavros_offboard]: Holding MAVROS setpoint
[INFO] [1786073816.326255219] [minipc_mavros_offboard]: Vehicle left armed/OFFBOARD state; continuing debug hold
[INFO] [1786073816.326681197] [minipc_mavros_offboard]: Debug hold after OFFBOARD/armed drop: connected=True, armed=False, guided=False, manual_input=False, mode=OFFBOARD
[INFO] [1786073816.359261505] [minipc_mavros_offboard]: Holding MAVROS setpoint
[WARN] [1786073818.092913041] [minipc_mavros_offboard]: Horizontal error warning: error=0.20 m >= warning=0.20 m
[INFO] [1786073826.092462314] [minipc_mavros_offboard]: Target reached; starting hover timer before landing
[INFO] [1786073831.092795402] [minipc_mavros_offboard]: Starting yaw spin test: degrees=360.0, rate=20.0 deg/s, duration=18.0s
[INFO] [1786073831.130586799] [minipc_mavros_offboard]: Running yaw spin test
[INFO] [1786073849.126165285] [minipc_mavros_offboard]: Yaw spin test completed; entering post-spin hover
[INFO] [1786073849.161990864] [minipc_mavros_offboard]: Holding setpoint after yaw spin test
[INFO] [1786073859.159108484] [minipc_mavros_offboard]: Landing with OFFBOARD position setpoints
[INFO] [1786073859.159842317] [minipc_mavros_offboard]: Starting OFFBOARD controlled landing: z_start=0.59, z_end=-0.11, speed=0.07 m/s
[INFO] [1786073868.792406785] [minipc_mavros_offboard]: OFFBOARD landing reached AUTO.LAND handoff height; requesting AUTO.LAND
[INFO] [1786073868.826461244] [minipc_mavros_offboard]: Requesting AUTO.LAND while holding a no-climb setpoint
[INFO] [1786073868.828960630] [minipc_mavros_offboard]: Requested AUTO.LAND mode
[INFO] [1786073868.894832157] [minipc_mavros_offboard]: Waiting for MAVROS to confirm AUTO.LAND; maintaining safe handoff setpoints
[INFO] [1786073869.360880447] [minipc_mavros_offboard]: AUTO.LAND confirmed by MAVROS state
[INFO] [1786073869.392403886] [minipc_mavros_offboard]: Waiting for landing completion before disarm
[INFO] [1786073871.358453038] [minipc_mavros_offboard]: Landing detected; waiting before disarm request
[INFO] [1786073873.358519842] [minipc_mavros_offboard]: Vehicle is already disarmed after AUTO.LAND
[INFO] [1786073873.393749110] [minipc_mavros_offboard]: MAVROS offboard control completed; stopping node
