[MAVROS and EV chain] starting
[MAVROS and EV chain] command: ros2 launch px4_ros_com fastlio_mavros_autofix.launch.py fcu_url:=serial:///dev/ttyUSB0:921600\?ids=255\,190 start_mavros_vision_bridge:=true start_odom_guard:=true start_ev_health_monitor:=true start_tf:=true vision_world_yaw_alignment_rad:=0.0 body_to_sensor_x_m:=0.0 body_to_sensor_y_m:=0.0 body_to_sensor_z_m:=0.08 body_to_fastlio_yaw_rad:=0.0
[MAVROS and EV chain] pid=8014 pgid=8014 log=/home/robot/rong_ws/ws_offboard_control/flight_records/20260811/flight_20260811_204231/logs/px4_mavros.log
[INFO] [launch]: All log files can be found below /home/robot/.ros/log/2026-08-11-20-42-53-672852-robot-8014
[INFO] [launch]: Default logging verbosity is set to INFO
[INFO] [mavros_node-1]: process started with pid [8135]
[INFO] [fastlio_odometry_guard-2]: process started with pid [8137]
[INFO] [fastlio_ev_health_monitor.py-3]: process started with pid [8139]
[INFO] [fix_mavros_odometry_frames.py-4]: process started with pid [8141]
[INFO] [fastlio_mavros_vision_bridge-5]: process started with pid [8143]
[INFO] [static_transform_publisher-6]: process started with pid [8145]
[INFO] [static_transform_publisher-7]: process started with pid [8147]
[INFO] [static_transform_publisher-8]: process started with pid [8149]
[INFO] [static_transform_publisher-9]: process started with pid [8153]
[static_transform_publisher-9] [INFO] [1786452173.943113027] [body_to_body_frd]: Spinning until stopped - publishing transform
[static_transform_publisher-9] translation: ('0.000000', '0.000000', '0.000000')
[static_transform_publisher-9] rotation: ('1.000000', '0.000000', '0.000000', '0.000000')
[static_transform_publisher-9] from 'body' to 'body_frd'
[static_transform_publisher-6] [INFO] [1786452173.981249506] [odom_to_camera_init]: Spinning until stopped - publishing transform
[static_transform_publisher-6] translation: ('0.000000', '0.000000', '0.000000')
[static_transform_publisher-6] rotation: ('0.000000', '0.000000', '0.000000', '1.000000')
[static_transform_publisher-6] from 'odom' to 'camera_init'
[fastlio_mavros_vision_bridge-5] [INFO] [1786452173.995852203] [fastlio_mavros_vision_bridge]: Bridging /Odometry/healthy -> /mavros/vision_pose/pose_cov + vision_speed for MAVROS vision input; body->FAST-LIO origin in body FLU=(0.0000, 0.0000, 0.0800) m, R_FASTLIO_body yaw=0.000000 rad, world yaw alignment=0.000000 rad
[mavros_node-1] [INFO] [1786452174.021316564] [mavros.mavros_node]: Starting mavros_node container
[mavros_node-1] [INFO] [1786452174.025118807] [mavros.mavros_node]: FCU URL: serial:///dev/ttyUSB0:921600?ids=255,190
[mavros_node-1] [INFO] [1786452174.025137229] [mavros.mavros_node]: GCS URL: 
[mavros_node-1] [INFO] [1786452174.025147008] [mavros.mavros_node]: UAS Prefix: /uas1
[mavros_node-1] [INFO] [1786452174.025158829] [mavros.mavros_node]: Starting mavros router node
[static_transform_publisher-8] [INFO] [1786452174.027095989] [camera_init_to_camera_init_ned]: Spinning until stopped - publishing transform
[static_transform_publisher-8] translation: ('0.000000', '0.000000', '0.000000')
[static_transform_publisher-8] rotation: ('0.707107', '0.707107', '0.000000', '0.000000')
[static_transform_publisher-8] from 'camera_init' to 'camera_init_ned'
[static_transform_publisher-7] [INFO] [1786452174.094797566] [base_link_to_body]: Spinning until stopped - publishing transform
[static_transform_publisher-7] translation: ('0.000000', '0.000000', '0.080000')
[static_transform_publisher-7] rotation: ('0.000000', '0.000000', '-0.000000', '1.000000')
[static_transform_publisher-7] from 'base_link' to 'body'
[fastlio_odometry_guard-2] [INFO] [1786452174.106805888] [fastlio_odometry_guard]: Guarding odometry /Odometry -> /Odometry/guarded (jump=0.30m, xy=0.20m, z=0.10m, speed=1.20m/s, unknown angular variance>=100000)
[mavros_node-1] [INFO] [1786452174.150968066] [mavros.mavros_router]: Built-in SIMD instructions: SSE, SSE2
[mavros_node-1] [INFO] [1786452174.151018820] [mavros.mavros_router]: Built-in MAVLink package version: 2026.3.3
[mavros_node-1] [INFO] [1786452174.151035061] [mavros.mavros_router]: Known MAVLink dialects: common ardupilotmega ASLUAV AVSSUAS all csAirLink cubepilot development icarous loweheiser marsh matrixpilot paparazzi standard stemstudios storm32 uAvionix ualberta
[mavros_node-1] [INFO] [1786452174.151040885] [mavros.mavros_router]: MAVROS Router started
[mavros_node-1] [INFO] [1786452174.154841012] [mavros.mavros_node]: Starting mavros uas node
[fix_mavros_odometry_frames.py-4] [INFO] [1786452174.287474290] [fix_mavros_odometry_frames]: Waiting for /mavros/odometry parameter service...
[mavros_node-1] [INFO] [1786452174.322826440] [mavros.mavros_router]: Requested to add endpoint: type: 0, url: serial:///dev/ttyUSB0:921600?ids=255,190
[mavros_node-1] [INFO] [1786452174.322987492] [mavros.mavros_router]: Endpoint link[1000] created
[mavros_node-1] [INFO] [1786452174.324445260] [mavros.mavros_router]: link[1000] opened successfully
[mavros_node-1] [INFO] [1786452174.324593111] [mavros.mavros_router]: Requested to add endpoint: type: 2, url: /uas1
[mavros_node-1] [INFO] [1786452174.324655334] [mavros.mavros_router]: Endpoint link[1001] created
[mavros_node-1] [INFO] [1786452174.328872870] [mavros.mavros_router]: link[1001] opened successfully
[mavros_node-1] [INFO] [1786452174.333354765] [mavros.mavros]: Plugin actuator_control ignored
[mavros_node-1] [INFO] [1786452174.333386260] [mavros.mavros]: UAS Executor started, threads: 16
[mavros_node-1] [INFO] [1786452174.333553777] [mavros.mavros]: Plugin adsb ignored
[mavros_node-1] [INFO] [1786452174.333686611] [mavros.mavros]: Plugin altitude ignored
[mavros_node-1] [INFO] [1786452174.333708881] [mavros.mavros]: Plugin cam_imu_sync ignored
[mavros_node-1] [INFO] [1786452174.333714994] [mavros.mavros]: Plugin camera ignored
[mavros_node-1] [INFO] [1786452174.333727203] [mavros.mavros]: Plugin cellular_status ignored
[mavros_node-1] [INFO] [1786452174.340881913] [mavros.mavros_router]: link[1000] detected remote address 149.255
[mavros_node-1] [INFO] [1786452174.341905412] [mavros.mavros_router]: link[1000] detected remote address 1.1
[mavros_node-1] [INFO] [1786452174.441359774] [mavros.mavros]: Plugin command created
[mavros_node-1] [INFO] [1786452174.441460058] [mavros.mavros]: Plugin command initialized
[mavros_node-1] [INFO] [1786452174.441472536] [mavros.mavros]: Plugin companion_process_status ignored
[mavros_node-1] [INFO] [1786452174.441479374] [mavros.mavros]: Plugin debug_value ignored
[mavros_node-1] [INFO] [1786452174.441483840] [mavros.mavros]: Plugin distance_sensor ignored
[mavros_node-1] [INFO] [1786452174.441487101] [mavros.mavros]: Plugin esc_status ignored
[mavros_node-1] [INFO] [1786452174.441490946] [mavros.mavros]: Plugin esc_telemetry ignored
[mavros_node-1] [INFO] [1786452174.441496206] [mavros.mavros]: Plugin fake_gps ignored
[mavros_node-1] [INFO] [1786452174.441500190] [mavros.mavros]: Plugin ftp ignored
[mavros_node-1] [INFO] [1786452174.441503663] [mavros.mavros]: Plugin geofence ignored
[mavros_node-1] [INFO] [1786452174.441506427] [mavros.mavros]: Plugin gimbal_control ignored
[mavros_node-1] [INFO] [1786452174.441509936] [mavros.mavros]: Plugin global_position ignored
[mavros_node-1] [INFO] [1786452174.441515082] [mavros.mavros]: Plugin gps_input ignored
[mavros_node-1] [INFO] [1786452174.441519307] [mavros.mavros]: Plugin gps_rtk ignored
[mavros_node-1] [INFO] [1786452174.441523620] [mavros.mavros]: Plugin gps_status ignored
[mavros_node-1] [INFO] [1786452174.441528014] [mavros.mavros]: Plugin guided_target ignored
[mavros_node-1] [INFO] [1786452174.441531779] [mavros.mavros]: Plugin hil ignored
[mavros_node-1] [INFO] [1786452174.441536093] [mavros.mavros]: Plugin home_position ignored
[mavros_node-1] [INFO] [1786452174.479880638] [mavros.mavros]: Plugin imu created
[mavros_node-1] [INFO] [1786452174.480011473] [mavros.mavros]: Plugin imu initialized
[mavros_node-1] [INFO] [1786452174.480035575] [mavros.mavros]: Plugin landing_target ignored
[mavros_node-1] [INFO] [1786452174.513329085] [mavros.mavros]: Plugin local_position created
[mavros_node-1] [INFO] [1786452174.513454405] [mavros.mavros]: Plugin local_position initialized
[mavros_node-1] [INFO] [1786452174.513468739] [mavros.mavros]: Plugin log_transfer ignored
[mavros_node-1] [INFO] [1786452174.513475386] [mavros.mavros]: Plugin mag_calibration_status ignored
[mavros_node-1] [INFO] [1786452174.513576411] [mavros.mavros]: Plugin manual_control ignored
[mavros_node-1] [INFO] [1786452174.513587788] [mavros.mavros]: Plugin mocap_pose_estimate ignored
[mavros_node-1] [INFO] [1786452174.513593897] [mavros.mavros]: Plugin mount_control ignored
[mavros_node-1] [INFO] [1786452174.513600133] [mavros.mavros]: Plugin nav_controller_output ignored
[mavros_node-1] [INFO] [1786452174.513605736] [mavros.mavros]: Plugin obstacle_distance ignored
[mavros_node-1] [INFO] [1786452174.513612723] [mavros.mavros]: Plugin obstacle_distance_3d ignored
[fastlio_ev_health_monitor.py-3] [INFO] [1786452174.527131435] [fastlio_ev_health_monitor]: EV health gate /Odometry -> /Odometry/healthy; compare /mavros/local_position/velocity_local in PX4 local NED; status=/ev_health/status, diagnostics=/ev_health/diagnostics
[mavros_node-1] [INFO] [1786452174.559848182] [mavros.mavros]: Plugin odometry created
[mavros_node-1] [INFO] [1786452174.559926769] [mavros.mavros]: Plugin odometry initialized
[mavros_node-1] [INFO] [1786452174.559935004] [mavros.mavros]: Plugin onboard_computer_status ignored
[mavros_node-1] [INFO] [1786452174.559939081] [mavros.mavros]: Plugin open_drone_id ignored
[mavros_node-1] [INFO] [1786452174.559942135] [mavros.mavros]: Plugin optical_flow ignored
[mavros_node-1] [INFO] [1786452174.559944990] [mavros.mavros]: Plugin param ignored
[mavros_node-1] [INFO] [1786452174.559947915] [mavros.mavros]: Plugin play_tune ignored
[mavros_node-1] [INFO] [1786452174.559950828] [mavros.mavros]: Plugin px4flow ignored
[mavros_node-1] [INFO] [1786452174.559953599] [mavros.mavros]: Plugin rallypoint ignored
[mavros_node-1] [INFO] [1786452174.559956387] [mavros.mavros]: Plugin rangefinder ignored
[mavros_node-1] [INFO] [1786452174.559959087] [mavros.mavros]: Plugin rc_io ignored
[mavros_node-1] [INFO] [1786452174.559962168] [mavros.mavros]: Plugin setpoint_accel ignored
[mavros_node-1] [INFO] [1786452174.559965239] [mavros.mavros]: Plugin setpoint_attitude ignored
[mavros_node-1] [INFO] [1786452174.559969018] [mavros.mavros]: Plugin setpoint_position ignored
[fastlio_ev_health_monitor.py-3] [WARN] [1786452174.573974602] [fastlio_ev_health_monitor]: EV health state=SUSPECT: px4_velocity_unaligned
[mavros_node-1] [INFO] [1786452174.584106405] [mavros.mavros]: Plugin setpoint_raw created
[mavros_node-1] [INFO] [1786452174.584186971] [mavros.mavros]: Plugin setpoint_raw initialized
[mavros_node-1] [INFO] [1786452174.584204324] [mavros.mavros]: Plugin setpoint_trajectory ignored
[mavros_node-1] [INFO] [1786452174.584216460] [mavros.mavros]: Plugin setpoint_velocity ignored
[mavros_node-1] [INFO] [1786452174.584226864] [mavros.mavros]: Plugin sim_state ignored
[mavros_node-1] [INFO] [1786452174.617569491] [mavros.mavros]: Plugin sys_status created
[mavros_node-1] [INFO] [1786452174.617761042] [mavros.mavros]: Plugin sys_status initialized
[mavros_node-1] [INFO] [1786452174.625580980] [mavros.time]: TM: Timesync mode: MAVLINK
[mavros_node-1] [INFO] [1786452174.628187870] [mavros.mavros]: Plugin sys_time created
[mavros_node-1] [INFO] [1786452174.628231670] [mavros.mavros]: Plugin sys_time initialized
[mavros_node-1] [INFO] [1786452174.628237940] [mavros.mavros]: Plugin tdr_radio ignored
[mavros_node-1] [INFO] [1786452174.628241073] [mavros.mavros]: Plugin terrain ignored
[mavros_node-1] [INFO] [1786452174.628244317] [mavros.mavros]: Plugin trajectory ignored
[mavros_node-1] [INFO] [1786452174.628247460] [mavros.mavros]: Plugin tunnel ignored
[mavros_node-1] [INFO] [1786452174.628251619] [mavros.mavros]: Plugin vfr_hud ignored
[mavros_node-1] [INFO] [1786452174.628255839] [mavros.mavros]: Plugin vibration ignored
[mavros_node-1] [INFO] [1786452174.642165840] [mavros.mavros]: Plugin vision_pose created
[mavros_node-1] [INFO] [1786452174.642245551] [mavros.mavros]: Plugin vision_pose initialized
[mavros_node-1] [INFO] [1786452174.663956181] [mavros.mavros]: Plugin vision_speed created
[mavros_node-1] [INFO] [1786452174.664046697] [mavros.mavros]: Plugin vision_speed initialized
[mavros_node-1] [INFO] [1786452174.664058482] [mavros.mavros]: Plugin waypoint ignored
[mavros_node-1] [INFO] [1786452174.664062591] [mavros.mavros]: Plugin wheel_odometry ignored
[mavros_node-1] [INFO] [1786452174.664066174] [mavros.mavros]: Plugin wind_estimation ignored
[mavros_node-1] [INFO] [1786452174.666673830] [mavros.mavros]: Built-in SIMD instructions: SSE, SSE2
[mavros_node-1] [INFO] [1786452174.666730052] [mavros.mavros]: Built-in MAVLink package version: 2026.3.3
[mavros_node-1] [INFO] [1786452174.666736810] [mavros.mavros]: Known MAVLink dialects: common ardupilotmega ASLUAV AVSSUAS all csAirLink cubepilot development icarous loweheiser marsh matrixpilot paparazzi standard stemstudios storm32 uAvionix ualberta
[mavros_node-1] [INFO] [1786452174.666741947] [mavros.mavros]: MAVROS UAS via /uas1 started. MY ID 255.190, TARGET ID 1.1
[mavros_node-1] [INFO] [1786452174.673458244] [mavros.mavros_router]: link[1001] detected remote address 255.190
[mavros_node-1] [INFO] [1786452174.681400350] [mavros.imu]: IMU: High resolution IMU detected!
[mavros_node-1] [INFO] [1786452174.683499555] [mavros.imu]: IMU: Attitude quaternion IMU detected!
[mavros_node-1] [INFO] [1786452174.742268511] [mavros.mavros]: CON: Got HEARTBEAT, connected. FCU: PX4 Autopilot
[mavros_node-1] [INFO] [1786452174.742635375] [mavros.imu]: IMU: High resolution IMU detected!
[mavros_node-1] [INFO] [1786452174.744728869] [mavros.imu]: IMU: Attitude quaternion IMU detected!
[fastlio_ev_health_monitor.py-3] [WARN] [1786452174.910307333] [fastlio_ev_health_monitor]: EV health state=FAULT: px4_velocity_unaligned
[fix_mavros_odometry_frames.py-4] [INFO] [1786452175.039713229] [fix_mavros_odometry_frames]: Setting MAVROS odometry target frames to odom/base_link.
[fix_mavros_odometry_frames.py-4] [INFO] [1786452175.042236761] [fix_mavros_odometry_frames]: MAVROS odometry frame targets updated successfully.
[mavros_node-1] [WARN] [1786452175.124525487] [mavros.sys]: FCU: UNK(8): EVENT 11047904 with args -0-0-0-18-1-0-0-0-0-131-191-1-128-131-191-1-128-0-0-0-0-0-0-0-0-0-0-0-0-0-0-0-0-0-0-0-0-0-0-0-
[mavros_node-1] [ERROR] [1786452175.124817675] [mavros.sys]: FCU: EVENT 11464574 with args -0-64-0-0-20-0-0-0-0-0-0-0-0-0-0-0-0-0-0-0-0-0-0-0-0-0-0-0-0-0-0-0-0-0-0-0-0-0-0-0-
[mavros_node-1] [ERROR] [1786452175.125083734] [mavros.sys]: FCU: EVENT 13835193 with args -124-0-126-0-17-0-0-0-0-0-0-0-0-0-0-0-0-0-0-0-0-0-0-0-0-0-0-0-0-0-0-0-0-0-0-0-0-0-0-0-
[mavros_node-1] [ERROR] [1786452175.125405095] [mavros.sys]: FCU: EVENT 10011251 with args -56-0-0-0-24-0-0-0-0-0-0-0-0-0-0-0-0-0-0-0-0-0-0-0-0-0-0-0-0-0-0-0-0-0-0-0-0-0-0-0-
[mavros_node-1] [INFO] [1786452175.125762080] [mavros.sys]: FCU: EVENT 377561 with args -8-0-0-0-20-0-0-0-0-0-0-0-0-0-0-0-0-0-0-0-0-0-0-0-0-0-0-0-0-0-0-0-0-0-0-0-0-0-0-0-
[mavros_node-1] [INFO] [1786452175.125927978] [mavros.sys]: FCU: EVENT 79408 with args -32-0-0-0-20-0-0-0-0-0-0-0-0-0-0-0-0-0-0-0-0-0-0-0-0-0-0-0-0-0-0-0-0-0-0-0-0-0-0-0-
[mavros_node-1] [WARN] [1786452175.126696152] [mavros.sys]: FCU: UNK(8): EVENT 1914663 with args -0-130-16-2-48-0-0-0-0-0-0-0-0-0-0-0-0-0-0-0-0-0-0-0-0-0-0-0-0-0-0-0-0-0-0-0-0-0-0-0-
[INFO] [fix_mavros_odometry_frames.py-4]: process has finished cleanly [pid 8141]
[mavros_node-1] [WARN] [1786452175.751176098] [mavros.cmd]: CMD: Unexpected command 520, result 3
[mavros_node-1] [WARN] [1786452176.745436763] [mavros.sys]: VER: broadcast request timeout, retries left 4
[fastlio_ev_health_monitor.py-3] [INFO] [1786452177.064809632] [fastlio_ev_health_monitor]: EV health state=HEALTHY: ok
[mavros_node-1] [WARN] [1786452177.177255859] [mavros.sys]: FCU: UNK(8): EVENT 11047904 with args -0-0-0-16-1-0-0-0-0-199-191-127-128-199-191-127-128-0-0-0-0-0-0-0-0-0-0-0-0-0-0-0-0-0-0-0-0-0-0-0-
[mavros_node-1] [ERROR] [1786452177.177550485] [mavros.sys]: FCU: EVENT 11464574 with args -0-64-0-0-20-0-0-0-0-0-0-0-0-0-0-0-0-0-0-0-0-0-0-0-0-0-0-0-0-0-0-0-0-0-0-0-0-0-0-0-
[mavros_node-1] [ERROR] [1786452177.178162661] [mavros.sys]: FCU: EVENT 10011251 with args -56-0-0-0-24-0-0-0-0-0-0-0-0-0-0-0-0-0-0-0-0-0-0-0-0-0-0-0-0-0-0-0-0-0-0-0-0-0-0-0-
[mavros_node-1] [INFO] [1786452177.178602746] [mavros.sys]: FCU: EVENT 377561 with args -8-0-0-0-20-0-0-0-0-0-0-0-0-0-0-0-0-0-0-0-0-0-0-0-0-0-0-0-0-0-0-0-0-0-0-0-0-0-0-0-
[mavros_node-1] [INFO] [1786452177.178798485] [mavros.sys]: FCU: EVENT 79408 with args -32-0-0-0-20-0-0-0-0-0-0-0-0-0-0-0-0-0-0-0-0-0-0-0-0-0-0-0-0-0-0-0-0-0-0-0-0-0-0-0-
[mavros_node-1] [WARN] [1786452177.179123252] [mavros.sys]: FCU: UNK(8): EVENT 1914663 with args -0-130-16-2-48-0-0-0-0-0-0-0-0-0-0-0-0-0-0-0-0-0-0-0-0-0-0-0-0-0-0-0-0-0-0-0-0-0-0-0-
[mavros_node-1] [WARN] [1786452177.746443158] [mavros.sys]: VER: broadcast request timeout, retries left 3
[mavros_node-1] [ERROR] [1786452178.754032240] [mavros.sys]: VER: command plugin service call failed!
[mavros_node-1] [WARN] [1786452178.754089518] [mavros.sys]: VER: unicast request timeout, retries left 2
[mavros_node-1] [ERROR] [1786452179.760028264] [mavros.sys]: VER: command plugin service call failed!
[mavros_node-1] [WARN] [1786452179.760146853] [mavros.sys]: VER: unicast request timeout, retries left 1
[mavros_node-1] [ERROR] [1786452180.757671047] [mavros.sys]: VER: command plugin service call failed!
[mavros_node-1] [WARN] [1786452180.757771652] [mavros.sys]: VER: unicast request timeout, retries left 0
[mavros_node-1] [ERROR] [1786452181.759699997] [mavros.sys]: VER: command plugin service call failed!
[mavros_node-1] [WARN] [1786452181.759774504] [mavros.sys]: VER: your FCU don't support AUTOPILOT_VERSION, switched to default capabilities
[mavros_node-1] [WARN] [1786452184.593779055] [mavros.sys]: FCU: UNK(8): EVENT 11047904 with args -0-0-0-0-1-0-0-0-0-199-255-127-128-199-255-127-128-0-0-0-0-0-0-0-0-0-0-0-0-0-0-0-0-0-0-0-0-0-0-0-
[mavros_node-1] [ERROR] [1786452184.594076685] [mavros.sys]: FCU: EVENT 10011251 with args -56-0-0-0-24-0-0-0-0-0-0-0-0-0-0-0-0-0-0-0-0-0-0-0-0-0-0-0-0-0-0-0-0-0-0-0-0-0-0-0-
[mavros_node-1] [INFO] [1786452184.594486896] [mavros.sys]: FCU: EVENT 377561 with args -8-0-0-0-20-0-0-0-0-0-0-0-0-0-0-0-0-0-0-0-0-0-0-0-0-0-0-0-0-0-0-0-0-0-0-0-0-0-0-0-
[mavros_node-1] [INFO] [1786452184.594765844] [mavros.sys]: FCU: EVENT 79408 with args -32-0-0-0-20-0-0-0-0-0-0-0-0-0-0-0-0-0-0-0-0-0-0-0-0-0-0-0-0-0-0-0-0-0-0-0-0-0-0-0-
[mavros_node-1] [WARN] [1786452184.595668047] [mavros.sys]: FCU: UNK(8): EVENT 1914663 with args -0-130-16-2-48-0-0-0-0-0-0-0-0-0-0-0-0-0-0-0-0-0-0-0-0-0-0-0-0-0-0-0-0-0-0-0-0-0-0-0-
[mavros_node-1] [INFO] [1786452225.917825694] [mavros.sys]: FCU: EVENT 9489139 with args -2-0-0-0-0-0-0-0-0-0-0-0-0-0-0-0-0-0-0-0-0-0-0-0-0-0-0-0-0-0-0-0-0-0-0-0-0-0-0-0-
[mavros_node-1] [INFO] [1786452226.024084264] [mavros.sys]: FCU: EVENT 1203183 with args -234-7-8-11-12-43-45-0-0-0-0-0-0-0-0-0-0-0-0-0-0-0-0-0-0-0-0-0-0-0-0-0-0-0-0-0-0-0-0-0-
[mavros_node-1] [WARN] [1786452226.233859971] [mavros.sys]: FCU: UNK(8): EVENT 11047904 with args -0-0-0-0-1-0-0-0-0-199-255-127-128-199-255-127-128-0-0-0-0-0-0-0-0-0-0-0-0-0-0-0-0-0-0-0-0-0-0-0-
[mavros_node-1] [ERROR] [1786452226.234176427] [mavros.sys]: FCU: EVENT 10011251 with args -56-0-0-0-24-0-0-0-0-0-0-0-0-0-0-0-0-0-0-0-0-0-0-0-0-0-0-0-0-0-0-0-0-0-0-0-0-0-0-0-
[mavros_node-1] [INFO] [1786452226.234478520] [mavros.sys]: FCU: EVENT 377561 with args -8-0-0-0-20-0-0-0-0-0-0-0-0-0-0-0-0-0-0-0-0-0-0-0-0-0-0-0-0-0-0-0-0-0-0-0-0-0-0-0-
[mavros_node-1] [INFO] [1786452226.234849141] [mavros.sys]: FCU: EVENT 79408 with args -32-0-0-0-20-0-0-0-0-0-0-0-0-0-0-0-0-0-0-0-0-0-0-0-0-0-0-0-0-0-0-0-0-0-0-0-0-0-0-0-
[mavros_node-1] [WARN] [1786452226.236873395] [mavros.sys]: FCU: UNK(8): EVENT 1914663 with args -0-130-20-2-48-0-0-0-0-0-0-0-0-0-0-0-0-0-0-0-0-0-0-0-0-0-0-0-0-0-0-0-0-0-0-0-0-0-0-0-
[mavros_node-1] [INFO] [1786452228.215459800] [mavros.sys]: FCU: EVENT 4277609 with args -0-0-0-0-0-0-0-0-0-0-0-0-0-0-0-0-0-0-0-0-0-0-0-0-0-0-0-0-0-0-0-0-0-0-0-0-0-0-0-0-
[mavros_node-1] [WARN] [1786452236.767085059] [uas]: PX4: Unknown sub-mode 3.2
[mavros_node-1] [WARN] [1786452237.764899504] [uas]: PX4: Unknown sub-mode 3.2
[mavros_node-1] [WARN] [1786452238.765579486] [uas]: PX4: Unknown sub-mode 3.2
[mavros_node-1] [WARN] [1786452239.767479647] [uas]: PX4: Unknown sub-mode 3.2
[mavros_node-1] [WARN] [1786452240.768928292] [uas]: PX4: Unknown sub-mode 3.2
[mavros_node-1] [WARN] [1786452241.769935182] [uas]: PX4: Unknown sub-mode 3.2
[mavros_node-1] [WARN] [1786452242.769011870] [uas]: PX4: Unknown sub-mode 3.2
[mavros_node-1] [WARN] [1786452243.768732283] [uas]: PX4: Unknown sub-mode 3.2
[mavros_node-1] [WARN] [1786452244.771743786] [uas]: PX4: Unknown sub-mode 3.2
[mavros_node-1] [WARN] [1786452245.769973728] [uas]: PX4: Unknown sub-mode 3.2
[mavros_node-1] [WARN] [1786452246.772866338] [uas]: PX4: Unknown sub-mode 3.2
[mavros_node-1] [WARN] [1786452247.773102920] [uas]: PX4: Unknown sub-mode 3.2
[mavros_node-1] [WARN] [1786452248.772997221] [uas]: PX4: Unknown sub-mode 3.2
[mavros_node-1] [WARN] [1786452249.773283682] [uas]: PX4: Unknown sub-mode 3.2
[mavros_node-1] [WARN] [1786452250.773253610] [uas]: PX4: Unknown sub-mode 3.2
[mavros_node-1] [WARN] [1786452251.774524600] [uas]: PX4: Unknown sub-mode 3.2
[mavros_node-1] [WARN] [1786452252.773956013] [uas]: PX4: Unknown sub-mode 3.2
[mavros_node-1] [WARN] [1786452253.777273688] [uas]: PX4: Unknown sub-mode 3.2
[mavros_node-1] [WARN] [1786452254.778015697] [uas]: PX4: Unknown sub-mode 3.2
[mavros_node-1] [WARN] [1786452255.777693096] [uas]: PX4: Unknown sub-mode 3.2
[mavros_node-1] [WARN] [1786452256.777494537] [uas]: PX4: Unknown sub-mode 3.2
[mavros_node-1] [WARN] [1786452257.778868404] [uas]: PX4: Unknown sub-mode 3.2
[mavros_node-1] [WARN] [1786452258.779976798] [uas]: PX4: Unknown sub-mode 3.2
[mavros_node-1] [WARN] [1786452259.777858167] [uas]: PX4: Unknown sub-mode 3.2
[mavros_node-1] [WARN] [1786452260.777973034] [uas]: PX4: Unknown sub-mode 3.2
[mavros_node-1] [WARN] [1786452261.778607676] [uas]: PX4: Unknown sub-mode 3.2
[mavros_node-1] [WARN] [1786452262.778893845] [uas]: PX4: Unknown sub-mode 3.2
[mavros_node-1] [WARN] [1786452263.782093603] [uas]: PX4: Unknown sub-mode 3.2
[mavros_node-1] [WARN] [1786452264.782510694] [uas]: PX4: Unknown sub-mode 3.2
[mavros_node-1] [WARN] [1786452265.782810080] [uas]: PX4: Unknown sub-mode 3.2
[mavros_node-1] [WARN] [1786452266.781978021] [uas]: PX4: Unknown sub-mode 3.2
[mavros_node-1] [WARN] [1786452267.782619781] [uas]: PX4: Unknown sub-mode 3.2
[mavros_node-1] [WARN] [1786452268.785315415] [uas]: PX4: Unknown sub-mode 3.2
[mavros_node-1] [WARN] [1786452269.782949930] [uas]: PX4: Unknown sub-mode 3.2
[mavros_node-1] [WARN] [1786452270.783983627] [uas]: PX4: Unknown sub-mode 3.2
[mavros_node-1] [WARN] [1786452271.783141555] [uas]: PX4: Unknown sub-mode 3.2
[mavros_node-1] [WARN] [1786452272.784947676] [uas]: PX4: Unknown sub-mode 3.2
[mavros_node-1] [WARN] [1786452273.784072623] [uas]: PX4: Unknown sub-mode 3.2
[mavros_node-1] [WARN] [1786452274.784217164] [uas]: PX4: Unknown sub-mode 3.2
[mavros_node-1] [WARN] [1786452275.784186539] [uas]: PX4: Unknown sub-mode 3.2
[mavros_node-1] [WARN] [1786452276.784619383] [uas]: PX4: Unknown sub-mode 3.2
[mavros_node-1] [WARN] [1786452277.786021126] [uas]: PX4: Unknown sub-mode 3.2
[mavros_node-1] [WARN] [1786452278.786535300] [uas]: PX4: Unknown sub-mode 3.2
[mavros_node-1] [WARN] [1786452279.787676686] [uas]: PX4: Unknown sub-mode 3.2
[mavros_node-1] [WARN] [1786452280.786732154] [uas]: PX4: Unknown sub-mode 3.2
[mavros_node-1] [WARN] [1786452281.785523394] [uas]: PX4: Unknown sub-mode 3.2
[mavros_node-1] [WARN] [1786452282.787349751] [uas]: PX4: Unknown sub-mode 3.2
[mavros_node-1] [WARN] [1786452283.788159328] [uas]: PX4: Unknown sub-mode 3.2
[mavros_node-1] [WARN] [1786452284.787441393] [uas]: PX4: Unknown sub-mode 3.2
[mavros_node-1] [WARN] [1786452285.787584433] [uas]: PX4: Unknown sub-mode 3.2
[mavros_node-1] [WARN] [1786452286.787646233] [uas]: PX4: Unknown sub-mode 3.2
[mavros_node-1] [WARN] [1786452287.787163584] [uas]: PX4: Unknown sub-mode 3.2
[mavros_node-1] [WARN] [1786452288.787837098] [uas]: PX4: Unknown sub-mode 3.2
[mavros_node-1] [WARN] [1786452289.790553109] [uas]: PX4: Unknown sub-mode 3.2
[mavros_node-1] [WARN] [1786452290.789818051] [uas]: PX4: Unknown sub-mode 3.2
[mavros_node-1] [WARN] [1786452291.789710511] [uas]: PX4: Unknown sub-mode 3.2
[mavros_node-1] [WARN] [1786452292.791704694] [uas]: PX4: Unknown sub-mode 3.2
[mavros_node-1] [WARN] [1786452293.788843078] [uas]: PX4: Unknown sub-mode 3.2
[mavros_node-1] [INFO] [1786452294.201183016] [mavros.mavros_router]: link[1000] removed stale remote address 149.0
[mavros_node-1] [INFO] [1786452294.201265764] [mavros.mavros_router]: link[1000] removed stale remote address 149.255
[mavros_node-1] [WARN] [1786452294.789341078] [uas]: PX4: Unknown sub-mode 3.2
[mavros_node-1] [ERROR] [1786452295.342294796] [mavros.sys]: FCU: EVENT 11290563 with args -0-0-0-0-0-0-0-0-0-0-0-0-0-0-0-0-0-0-0-0-0-0-0-0-0-0-0-0-0-0-0-0-0-0-0-0-0-0-0-0-
[mavros_node-1] [WARN] [1786452295.419962535] [mavros.sys]: FCU: UNK(8): EVENT 11047904 with args -0-0-0-16-1-0-0-0-0-0-0-0-0-199-255-127-128-0-0-0-0-0-0-0-0-0-0-0-0-0-0-0-0-0-0-0-0-0-0-0-
[mavros_node-1] [ERROR] [1786452295.420261821] [mavros.sys]: FCU: EVENT 10011251 with args -56-0-0-0-24-0-0-0-0-0-0-0-0-0-0-0-0-0-0-0-0-0-0-0-0-0-0-0-0-0-0-0-0-0-0-0-0-0-0-0-
[mavros_node-1] [INFO] [1786452295.421241530] [mavros.sys]: FCU: EVENT 377561 with args -8-0-0-0-20-0-0-0-0-0-0-0-0-0-0-0-0-0-0-0-0-0-0-0-0-0-0-0-0-0-0-0-0-0-0-0-0-0-0-0-
[mavros_node-1] [INFO] [1786452295.421625176] [mavros.sys]: FCU: EVENT 79408 with args -32-0-0-0-20-0-0-0-0-0-0-0-0-0-0-0-0-0-0-0-0-0-0-0-0-0-0-0-0-0-0-0-0-0-0-0-0-0-0-0-
[mavros_node-1] [ERROR] [1786452295.421904318] [mavros.sys]: FCU: EVENT 12754954 with args -255-255-255-255-20-0-0-0-0-0-0-0-0-0-0-0-0-0-0-0-0-0-0-0-0-0-0-0-0-0-0-0-0-0-0-0-0-0-0-0-
[mavros_node-1] [WARN] [1786452295.422165987] [mavros.sys]: FCU: UNK(8): EVENT 1914663 with args -0-130-20-2-48-0-0-0-0-0-0-0-0-0-0-0-0-0-0-0-0-0-0-0-0-0-0-0-0-0-0-0-0-0-0-0-0-0-0-0-
[mavros_node-1] [WARN] [1786452295.789703981] [uas]: PX4: Unknown sub-mode 3.2
[mavros_node-1] [WARN] [1786452296.792624027] [uas]: PX4: Unknown sub-mode 3.2
[mavros_node-1] [WARN] [1786452297.791985718] [uas]: PX4: Unknown sub-mode 3.2
[mavros_node-1] [WARN] [1786452298.791287455] [uas]: PX4: Unknown sub-mode 3.2
[MAVROS and EV chain] 正在停止进程组 8014
[MAVROS and EV chain] 已退出，状态码 143
