[debug rosbag] starting
[debug rosbag] command: env FLIGHT_TIMESTAMP=20260811_204231 FLIGHT_RUN_DIR=/home/robot/rong_ws/ws_offboard_control/flight_records/20260811/flight_20260811_204231 /home/robot/rong_ws/ws_offboard_control/tools/rosbag/开始录包.sh
[debug rosbag] pid=9069 pgid=9069 log=/home/robot/rong_ws/ws_offboard_control/flight_records/20260811/flight_20260811_204231/logs/rosbag_debug.log
本场次目录：/home/robot/rong_ws/ws_offboard_control/flight_records/20260811/flight_20260811_204231
参数快照目录：/home/robot/rong_ws/ws_offboard_control/flight_records/20260811/flight_20260811_204231/snapshot
录包输出目录：/home/robot/rong_ws/ws_offboard_control/flight_records/20260811/flight_20260811_204231/rosbag
是否录制完整配准点云：false
在本终端按 Ctrl+C 停止录包。
stdin is not a terminal device. Keyboard handling disabled.[INFO] [1786452186.022032524] [rosbag2_recorder]: Press SPACE for pausing/resuming
[INFO] [1786452186.024021869] [rosbag2_storage]: Opened database '/home/robot/rong_ws/ws_offboard_control/flight_records/20260811/flight_20260811_204231/rosbag/rosbag_0.db3' for READ_WRITE.
[INFO] [1786452186.029565829] [rosbag2_recorder]: Listening for topics...
[INFO] [1786452186.029581750] [rosbag2_recorder]: Event publisher thread: Starting
[INFO] [1786452186.032421784] [rosbag2_recorder]: Subscribed to topic '/race/pose'
[INFO] [1786452186.034102027] [rosbag2_recorder]: Subscribed to topic '/Odometry/guarded'
[INFO] [1786452186.035300720] [rosbag2_recorder]: Subscribed to topic '/race/planner/status'
[INFO] [1786452186.036512216] [rosbag2_recorder]: Subscribed to topic '/race/ego/position_command'
[INFO] [1786452186.037331647] [rosbag2_recorder]: Subscribed to topic '/race/super_planner/raw_path'
[INFO] [1786452186.037928076] [rosbag2_recorder]: Subscribed to topic '/race/global_path'
[INFO] [1786452186.038503922] [rosbag2_recorder]: Subscribed to topic '/race/odom'
[INFO] [1786452186.039010719] [rosbag2_recorder]: Subscribed to topic '/goal_pose'
[INFO] [1786452186.039606257] [rosbag2_recorder]: Subscribed to topic '/race/ego/command_local_goal_seq'
[INFO] [1786452186.040159739] [rosbag2_recorder]: Subscribed to topic '/race/ego/local_goal'
[INFO] [1786452186.041947356] [rosbag2_recorder]: Subscribed to topic '/race/ego/local_path_reference'
[INFO] [1786452186.043058302] [rosbag2_recorder]: Subscribed to topic '/race/ego/status'
[INFO] [1786452186.046293980] [rosbag2_recorder]: Subscribed to topic '/race/ego/trajectory_setpoint'
[INFO] [1786452186.050428235] [rosbag2_recorder]: Subscribed to topic '/race/ego/validated_bspline'
[INFO] [1786452186.051669451] [rosbag2_recorder]: Subscribed to topic '/race/ego/odom'
[INFO] [1786452186.052495750] [rosbag2_recorder]: Subscribed to topic '/race/global_planner/status'
[INFO] [1786452186.052583084] [rosbag2_recorder]: Recording...
[INFO] [1786452186.162067793] [rosbag2_recorder]: Subscribed to topic '/race/control/status'
[INFO] [1786452186.164440255] [rosbag2_recorder]: Subscribed to topic '/mavros/setpoint_raw/local'
[INFO] [1786452186.377096136] [rosbag2_recorder]: Subscribed to topic '/race/ego/bspline'
[INFO] [1786452186.806109431] [rosbag2_recorder]: Subscribed to topic '/mavros/vision_speed/speed_twist_cov'
[INFO] [1786452186.808135034] [rosbag2_recorder]: Subscribed to topic '/mavros/vision_pose/pose_cov'
[INFO] [1786452186.810754552] [rosbag2_recorder]: Subscribed to topic '/mavros/local_position/velocity_body'
[INFO] [1786452186.817080379] [rosbag2_recorder]: Subscribed to topic '/mavros/local_position/pose'
[INFO] [1786452186.818969369] [rosbag2_recorder]: Subscribed to topic '/mavros/local_position/velocity_local'
[INFO] [1786452186.822355716] [rosbag2_recorder]: Subscribed to topic '/mavros/local_position/odom'
[INFO] [1786452186.925664953] [rosbag2_recorder]: Subscribed to topic '/ev_health/diagnostics'
[INFO] [1786452186.926500296] [rosbag2_recorder]: Subscribed to topic '/ev_health/velocity_ned'
[INFO] [1786452186.927704809] [rosbag2_recorder]: Subscribed to topic '/mavros/estimator_status'
[INFO] [1786452186.929763257] [rosbag2_recorder]: Subscribed to topic '/mavros/state'
[INFO] [1786452186.931930792] [rosbag2_recorder]: Subscribed to topic '/Odometry/healthy'
[INFO] [1786452186.933634607] [rosbag2_recorder]: Subscribed to topic '/ev_health/fault'
[INFO] [1786452186.935440575] [rosbag2_recorder]: Subscribed to topic '/ev_health/status'
[INFO] [1786452186.938064637] [rosbag2_recorder]: Subscribed to topic '/mavros/setpoint_raw/target_local'
[INFO] [1786452187.567247125] [rosbag2_recorder]: Subscribed to topic '/path'
[INFO] [1786452187.571838965] [rosbag2_recorder]: Subscribed to topic '/Odometry'
[INFO] [1786452298.842516064] [rosbag2_cpp]: Writing remaining messages from cache to the bag. It may take a while
[INFO] [1786452298.851035543] [rosbag2_recorder]: Event publisher thread: Exiting
[INFO] [1786452298.851298283] [rosbag2_recorder]: Recording stopped
[debug rosbag] 已退出，状态码 143
