[MAVROS and EV chain] starting
[MAVROS and EV chain] command: ros2 launch px4_ros_com fastlio_mavros_autofix.launch.py fcu_url:=serial:///dev/ttyUSB0:921600\?ids=255\,190 start_mavros_vision_bridge:=true start_odom_guard:=true start_ev_health_monitor:=true start_tf:=true vision_world_yaw_alignment_rad:=0.0 body_to_sensor_x_m:=0.0 body_to_sensor_y_m:=0.0 body_to_sensor_z_m:=0.08 body_to_fastlio_yaw_rad:=0.0
[MAVROS and EV chain] pid=8138 pgid=8138 log=/home/robot/rong_ws/ws_offboard_control/flight_records/20260811/flight_20260811_172811/logs/px4_mavros.log
[INFO] [launch]: All log files can be found below /home/robot/.ros/log/2026-08-11-17-28-29-541099-robot-8138
[INFO] [launch]: Default logging verbosity is set to INFO
[INFO] [mavros_node-1]: process started with pid [8285]
[INFO] [fastlio_odometry_guard-2]: process started with pid [8287]
[INFO] [fastlio_ev_health_monitor.py-3]: process started with pid [8289]
[INFO] [fix_mavros_odometry_frames.py-4]: process started with pid [8291]
[INFO] [fastlio_mavros_vision_bridge-5]: process started with pid [8293]
[INFO] [static_transform_publisher-6]: process started with pid [8295]
[INFO] [static_transform_publisher-7]: process started with pid [8297]
[INFO] [static_transform_publisher-8]: process started with pid [8299]
[INFO] [static_transform_publisher-9]: process started with pid [8317]
[static_transform_publisher-9] [INFO] [1786440510.222994567] [body_to_body_frd]: Spinning until stopped - publishing transform
[static_transform_publisher-9] translation: ('0.000000', '0.000000', '0.000000')
[static_transform_publisher-9] rotation: ('1.000000', '0.000000', '0.000000', '0.000000')
[static_transform_publisher-9] from 'body' to 'body_frd'
[mavros_node-1] [INFO] [1786440510.281409118] [mavros.mavros_node]: Starting mavros_node container
[mavros_node-1] [INFO] [1786440510.281573373] [mavros.mavros_node]: FCU URL: serial:///dev/ttyUSB0:921600?ids=255,190
[mavros_node-1] [INFO] [1786440510.281590093] [mavros.mavros_node]: GCS URL: 
[mavros_node-1] [INFO] [1786440510.281600233] [mavros.mavros_node]: UAS Prefix: /uas1
[mavros_node-1] [INFO] [1786440510.281609369] [mavros.mavros_node]: Starting mavros router node
[fastlio_odometry_guard-2] [INFO] [1786440510.291771456] [fastlio_odometry_guard]: Guarding odometry /Odometry -> /Odometry/guarded (jump=0.30m, xy=0.20m, z=0.10m, speed=1.20m/s, unknown angular variance>=100000)
[static_transform_publisher-7] [INFO] [1786440510.320707299] [base_link_to_body]: Spinning until stopped - publishing transform
[static_transform_publisher-7] translation: ('0.000000', '0.000000', '0.080000')
[static_transform_publisher-7] rotation: ('0.000000', '0.000000', '-0.000000', '1.000000')
[static_transform_publisher-7] from 'base_link' to 'body'
[fastlio_mavros_vision_bridge-5] [INFO] [1786440510.329749033] [fastlio_mavros_vision_bridge]: Bridging /Odometry/healthy -> /mavros/vision_pose/pose_cov + vision_speed for MAVROS vision input; body->FAST-LIO origin in body FLU=(0.0000, 0.0000, 0.0800) m, R_FASTLIO_body yaw=0.000000 rad, world yaw alignment=0.000000 rad
[static_transform_publisher-8] [INFO] [1786440510.433592946] [camera_init_to_camera_init_ned]: Spinning until stopped - publishing transform
[static_transform_publisher-8] translation: ('0.000000', '0.000000', '0.000000')
[static_transform_publisher-8] rotation: ('0.707107', '0.707107', '0.000000', '0.000000')
[static_transform_publisher-8] from 'camera_init' to 'camera_init_ned'
[static_transform_publisher-6] [INFO] [1786440510.454960896] [odom_to_camera_init]: Spinning until stopped - publishing transform
[static_transform_publisher-6] translation: ('0.000000', '0.000000', '0.000000')
[static_transform_publisher-6] rotation: ('0.000000', '0.000000', '0.000000', '1.000000')
[static_transform_publisher-6] from 'odom' to 'camera_init'
[mavros_node-1] [INFO] [1786440510.619116291] [mavros.mavros_router]: Built-in SIMD instructions: SSE, SSE2
[mavros_node-1] [INFO] [1786440510.619208187] [mavros.mavros_router]: Built-in MAVLink package version: 2026.3.3
[mavros_node-1] [INFO] [1786440510.619227045] [mavros.mavros_router]: Known MAVLink dialects: common ardupilotmega ASLUAV AVSSUAS all csAirLink cubepilot development icarous loweheiser marsh matrixpilot paparazzi standard stemstudios storm32 uAvionix ualberta
[mavros_node-1] [INFO] [1786440510.619234292] [mavros.mavros_router]: MAVROS Router started
[mavros_node-1] [INFO] [1786440510.631723118] [mavros.mavros_node]: Starting mavros uas node
[fix_mavros_odometry_frames.py-4] [INFO] [1786440510.812893638] [fix_mavros_odometry_frames]: Waiting for /mavros/odometry parameter service...
[mavros_node-1] [INFO] [1786440510.873835828] [mavros.mavros_router]: Requested to add endpoint: type: 0, url: serial:///dev/ttyUSB0:921600?ids=255,190
[mavros_node-1] [INFO] [1786440510.874000718] [mavros.mavros_router]: Endpoint link[1000] created
[mavros_node-1] [INFO] [1786440510.875507439] [mavros.mavros_router]: link[1000] opened successfully
[mavros_node-1] [INFO] [1786440510.875610002] [mavros.mavros_router]: Requested to add endpoint: type: 2, url: /uas1
[mavros_node-1] [INFO] [1786440510.875649817] [mavros.mavros_router]: Endpoint link[1001] created
[mavros_node-1] [INFO] [1786440510.882752547] [mavros.mavros_router]: link[1001] opened successfully
[mavros_node-1] [INFO] [1786440510.883790117] [mavros.mavros]: UAS Executor started, threads: 16
[mavros_node-1] [INFO] [1786440510.887315787] [mavros.mavros_router]: link[1000] detected remote address 255.114
[mavros_node-1] [INFO] [1786440510.892095350] [mavros.mavros_router]: link[1000] detected remote address 1.1
[mavros_node-1] [INFO] [1786440510.962844178] [mavros.mavros]: Plugin actuator_control created
[mavros_node-1] [INFO] [1786440510.963224212] [mavros.mavros]: Plugin actuator_control initialized
[fastlio_ev_health_monitor.py-3] [INFO] [1786440510.963726518] [fastlio_ev_health_monitor]: EV health gate /Odometry -> /Odometry/healthy; compare /mavros/local_position/velocity_local in PX4 local NED; status=/ev_health/status, diagnostics=/ev_health/diagnostics
[fastlio_ev_health_monitor.py-3] [WARN] [1786440510.970740756] [fastlio_ev_health_monitor]: EV health state=SUSPECT: px4_velocity_unaligned
[mavros_node-1] [INFO] [1786440511.324525579] [mavros.mavros]: Plugin adsb created
[mavros_node-1] [INFO] [1786440511.324576087] [mavros.mavros]: Plugin adsb initialized
[fastlio_ev_health_monitor.py-3] [WARN] [1786440511.325368306] [fastlio_ev_health_monitor]: EV health state=FAULT: px4_velocity_unaligned
[mavros_node-1] [INFO] [1786440511.340901527] [mavros.mavros]: Plugin altitude created
[mavros_node-1] [INFO] [1786440511.340953118] [mavros.mavros]: Plugin altitude initialized
[mavros_node-1] [INFO] [1786440511.355262808] [mavros.mavros]: Plugin cam_imu_sync created
[mavros_node-1] [INFO] [1786440511.355302299] [mavros.mavros]: Plugin cam_imu_sync initialized
[mavros_node-1] [INFO] [1786440511.374012467] [mavros.mavros]: Plugin camera created
[mavros_node-1] [INFO] [1786440511.374096125] [mavros.mavros]: Plugin camera initialized
[mavros_node-1] [INFO] [1786440511.391381590] [mavros.mavros]: Plugin cellular_status created
[mavros_node-1] [INFO] [1786440511.391442764] [mavros.mavros]: Plugin cellular_status initialized
[mavros_node-1] [INFO] [1786440511.440855348] [mavros.mavros]: Plugin command created
[mavros_node-1] [INFO] [1786440511.440922152] [mavros.mavros]: Plugin command initialized
[mavros_node-1] [INFO] [1786440511.470880307] [mavros.mavros]: Plugin companion_process_status created
[mavros_node-1] [INFO] [1786440511.471000358] [mavros.mavros]: Plugin companion_process_status initialized
[mavros_node-1] [INFO] [1786440511.499780681] [mavros.mavros]: Plugin debug_value created
[mavros_node-1] [INFO] [1786440511.500029376] [mavros.mavros]: Plugin debug_value initialized
[mavros_node-1] [INFO] [1786440511.500062527] [mavros.mavros]: Plugin distance_sensor ignored
[mavros_node-1] [INFO] [1786440511.540075781] [mavros.mavros]: Plugin esc_status created
[mavros_node-1] [INFO] [1786440511.540209534] [mavros.mavros]: Plugin esc_status initialized
[mavros_node-1] [INFO] [1786440511.571869428] [mavros.mavros]: Plugin esc_telemetry created
[mavros_node-1] [INFO] [1786440511.571936556] [mavros.mavros]: Plugin esc_telemetry initialized
[mavros_node-1] [INFO] [1786440511.608868038] [mavros.mavros]: Plugin fake_gps created
[mavros_node-1] [INFO] [1786440511.609148511] [mavros.mavros]: Plugin fake_gps initialized
[mavros_node-1] [INFO] [1786440511.671301135] [mavros.mavros]: Plugin ftp created
[mavros_node-1] [INFO] [1786440511.671378087] [mavros.mavros]: Plugin ftp initialized
[mavros_node-1] [INFO] [1786440511.714823800] [mavros.mavros]: Plugin geofence created
[mavros_node-1] [INFO] [1786440511.714942546] [mavros.mavros]: Plugin geofence initialized
[mavros_node-1] [INFO] [1786440511.753475209] [mavros.mavros]: Plugin gimbal_control created
[mavros_node-1] [INFO] [1786440511.753561843] [mavros.mavros]: Plugin gimbal_control initialized
[mavros_node-1] [INFO] [1786440511.788359454] [mavros.mavros]: Plugin global_position created
[mavros_node-1] [INFO] [1786440511.788448221] [mavros.mavros]: Plugin global_position initialized
[mavros_node-1] [INFO] [1786440511.813370363] [mavros.mavros]: Plugin gps_input created
[mavros_node-1] [INFO] [1786440511.813638290] [mavros.mavros]: Plugin gps_input initialized
[mavros_node-1] [INFO] [1786440511.836584474] [mavros.mavros]: Plugin gps_rtk created
[mavros_node-1] [INFO] [1786440511.836669898] [mavros.mavros]: Plugin gps_rtk initialized
[mavros_node-1] [INFO] [1786440511.864553337] [mavros.mavros]: Plugin gps_status created
[mavros_node-1] [INFO] [1786440511.864641463] [mavros.mavros]: Plugin gps_status initialized
[mavros_node-1] [INFO] [1786440511.884903542] [mavros.mavros]: Plugin guided_target created
[mavros_node-1] [INFO] [1786440511.884960683] [mavros.mavros]: Plugin guided_target initialized
[mavros_node-1] [INFO] [1786440511.912104664] [mavros.mavros]: Plugin hil created
[mavros_node-1] [INFO] [1786440511.912420658] [mavros.mavros]: Plugin hil initialized
[mavros_node-1] [INFO] [1786440511.953904921] [mavros.mavros]: Plugin home_position created
[mavros_node-1] [INFO] [1786440511.954001167] [mavros.mavros]: Plugin home_position initialized
[mavros_node-1] [INFO] [1786440512.001300036] [mavros.mavros]: Plugin imu created
[mavros_node-1] [INFO] [1786440512.001394181] [mavros.mavros]: Plugin imu initialized
[mavros_node-1] [INFO] [1786440512.043646672] [mavros.mavros]: Plugin landing_target created
[mavros_node-1] [INFO] [1786440512.043823101] [mavros.mavros]: Plugin landing_target initialized
[mavros_node-1] [INFO] [1786440512.101381119] [mavros.mavros]: Plugin local_position created
[mavros_node-1] [INFO] [1786440512.101558319] [mavros.mavros]: Plugin local_position initialized
[mavros_node-1] [INFO] [1786440512.159516303] [mavros.mavros]: Plugin log_transfer created
[mavros_node-1] [INFO] [1786440512.159640049] [mavros.mavros]: Plugin log_transfer initialized
[mavros_node-1] [INFO] [1786440512.189646955] [mavros.mavros]: Plugin mag_calibration_status created
[mavros_node-1] [INFO] [1786440512.189719609] [mavros.mavros]: Plugin mag_calibration_status initialized
[mavros_node-1] [INFO] [1786440512.211660279] [mavros.mavros]: Plugin manual_control created
[mavros_node-1] [INFO] [1786440512.211744076] [mavros.mavros]: Plugin manual_control initialized
[mavros_node-1] [INFO] [1786440512.231535878] [mavros.mavros]: Plugin mocap_pose_estimate created
[mavros_node-1] [INFO] [1786440512.231597443] [mavros.mavros]: Plugin mocap_pose_estimate initialized
[mavros_node-1] [INFO] [1786440512.254216485] [mavros.mavros]: Plugin mount_control created
[mavros_node-1] [INFO] [1786440512.255042912] [mavros.mavros]: Plugin mount_control initialized
[mavros_node-1] [INFO] [1786440512.276161927] [mavros.mavros]: Plugin nav_controller_output created
[mavros_node-1] [INFO] [1786440512.276240127] [mavros.mavros]: Plugin nav_controller_output initialized
[mavros_node-1] [INFO] [1786440512.307068231] [mavros.mavros]: Plugin obstacle_distance created
[mavros_node-1] [INFO] [1786440512.307151817] [mavros.mavros]: Plugin obstacle_distance initialized
[mavros_node-1] [INFO] [1786440512.327140550] [mavros.mavros]: Plugin obstacle_distance_3d created
[mavros_node-1] [INFO] [1786440512.327207575] [mavros.mavros]: Plugin obstacle_distance_3d initialized
[mavros_node-1] [INFO] [1786440512.346846712] [mavros.mavros]: Plugin odometry created
[mavros_node-1] [INFO] [1786440512.346907911] [mavros.mavros]: Plugin odometry initialized
[mavros_node-1] [INFO] [1786440512.365604950] [mavros.mavros]: Plugin onboard_computer_status created
[mavros_node-1] [INFO] [1786440512.365674087] [mavros.mavros]: Plugin onboard_computer_status initialized
[mavros_node-1] [INFO] [1786440512.395105559] [mavros.mavros]: Plugin open_drone_id created
[mavros_node-1] [INFO] [1786440512.395176249] [mavros.mavros]: Plugin open_drone_id initialized
[mavros_node-1] [INFO] [1786440512.434682944] [mavros.mavros]: Plugin optical_flow created
[mavros_node-1] [INFO] [1786440512.434777407] [mavros.mavros]: Plugin optical_flow initialized
[mavros_node-1] [INFO] [1786440512.486254172] [mavros.mavros]: Plugin param created
[mavros_node-1] [INFO] [1786440512.486518831] [mavros.mavros]: Plugin param initialized
[mavros_node-1] [INFO] [1786440512.544275949] [mavros.mavros]: Plugin play_tune created
[mavros_node-1] [INFO] [1786440512.544392414] [mavros.mavros]: Plugin play_tune initialized
[fix_mavros_odometry_frames.py-4] [INFO] [1786440512.568671010] [fix_mavros_odometry_frames]: Setting MAVROS odometry target frames to odom/base_link.
[fix_mavros_odometry_frames.py-4] [INFO] [1786440512.573841591] [fix_mavros_odometry_frames]: MAVROS odometry frame targets updated successfully.
[mavros_node-1] [INFO] [1786440512.621873972] [mavros.mavros]: Plugin px4flow created
[mavros_node-1] [INFO] [1786440512.621955229] [mavros.mavros]: Plugin px4flow initialized
[mavros_node-1] [INFO] [1786440512.706193528] [mavros.mavros]: Plugin rallypoint created
[mavros_node-1] [INFO] [1786440512.706344758] [mavros.mavros]: Plugin rallypoint initialized
[mavros_node-1] [INFO] [1786440512.706408478] [mavros.mavros]: Plugin rangefinder ignored
[mavros_node-1] [INFO] [1786440512.791852346] [mavros.mavros]: Plugin rc_io created
[mavros_node-1] [INFO] [1786440512.791982409] [mavros.mavros]: Plugin rc_io initialized
[INFO] [fix_mavros_odometry_frames.py-4]: process has finished cleanly [pid 8291]
[mavros_node-1] [INFO] [1786440512.860163875] [mavros.mavros]: Plugin setpoint_accel created
[mavros_node-1] [INFO] [1786440512.860242109] [mavros.mavros]: Plugin setpoint_accel initialized
[mavros_node-1] [INFO] [1786440512.926440258] [mavros.mavros]: Plugin setpoint_attitude created
[mavros_node-1] [INFO] [1786440512.926618788] [mavros.mavros]: Plugin setpoint_attitude initialized
[mavros_node-1] [INFO] [1786440512.975551704] [mavros.mavros]: Plugin setpoint_position created
[mavros_node-1] [INFO] [1786440512.975704441] [mavros.mavros]: Plugin setpoint_position initialized
[mavros_node-1] [INFO] [1786440513.049633841] [mavros.mavros]: Plugin setpoint_raw created
[mavros_node-1] [INFO] [1786440513.049952123] [mavros.mavros]: Plugin setpoint_raw initialized
[mavros_node-1] [INFO] [1786440513.121183519] [mavros.mavros]: Plugin setpoint_trajectory created
[mavros_node-1] [INFO] [1786440513.121248229] [mavros.mavros]: Plugin setpoint_trajectory initialized
[mavros_node-1] [INFO] [1786440513.171462227] [mavros.mavros]: Plugin setpoint_velocity created
[mavros_node-1] [INFO] [1786440513.171561926] [mavros.mavros]: Plugin setpoint_velocity initialized
[mavros_node-1] [INFO] [1786440513.247918265] [mavros.mavros]: Plugin sim_state created
[mavros_node-1] [INFO] [1786440513.248030123] [mavros.mavros]: Plugin sim_state initialized
[mavros_node-1] [INFO] [1786440513.555473134] [mavros.mavros]: Plugin sys_status created
[mavros_node-1] [INFO] [1786440513.555827951] [mavros.mavros]: Plugin sys_status initialized
[mavros_node-1] [INFO] [1786440513.612365589] [mavros.time]: TM: Timesync mode: MAVLINK
[mavros_node-1] [INFO] [1786440513.633417313] [mavros.mavros]: Plugin sys_time created
[mavros_node-1] [INFO] [1786440513.633530620] [mavros.mavros]: Plugin sys_time initialized
[mavros_node-1] [INFO] [1786440513.703136190] [mavros.mavros]: Plugin tdr_radio created
[mavros_node-1] [INFO] [1786440513.703548082] [mavros.mavros]: Plugin tdr_radio initialized
[mavros_node-1] [INFO] [1786440513.765198551] [mavros.mavros]: Plugin terrain created
[mavros_node-1] [INFO] [1786440513.765324681] [mavros.mavros]: Plugin terrain initialized
[mavros_node-1] [INFO] [1786440513.961134885] [mavros.mavros]: Plugin trajectory created
[mavros_node-1] [INFO] [1786440513.961236106] [mavros.mavros]: Plugin trajectory initialized
[mavros_node-1] [INFO] [1786440514.027845121] [mavros.mavros]: Plugin tunnel created
[mavros_node-1] [INFO] [1786440514.028194017] [mavros.mavros]: Plugin tunnel initialized
[mavros_node-1] [INFO] [1786440514.071498901] [mavros.mavros]: Plugin vfr_hud created
[mavros_node-1] [INFO] [1786440514.071586154] [mavros.mavros]: Plugin vfr_hud initialized
[mavros_node-1] [INFO] [1786440514.071604535] [mavros.mavros]: Plugin vibration ignored
[mavros_node-1] [INFO] [1786440514.101828164] [mavros.mavros]: Plugin vision_pose created
[mavros_node-1] [INFO] [1786440514.101902259] [mavros.mavros]: Plugin vision_pose initialized
[mavros_node-1] [INFO] [1786440514.132721406] [mavros.mavros]: Plugin vision_speed created
[mavros_node-1] [INFO] [1786440514.132793914] [mavros.mavros]: Plugin vision_speed initialized
[mavros_node-1] [INFO] [1786440514.177492284] [mavros.mavros]: Plugin waypoint created
[mavros_node-1] [INFO] [1786440514.177607711] [mavros.mavros]: Plugin waypoint initialized
[mavros_node-1] [INFO] [1786440514.177619352] [mavros.mavros]: Plugin wheel_odometry ignored
[mavros_node-1] [INFO] [1786440514.241792187] [mavros.mavros]: Plugin wind_estimation created
[mavros_node-1] [INFO] [1786440514.241903664] [mavros.mavros]: Plugin wind_estimation initialized
[mavros_node-1] [INFO] [1786440514.248635461] [mavros.mavros]: Built-in SIMD instructions: SSE, SSE2
[mavros_node-1] [INFO] [1786440514.248753098] [mavros.mavros]: Built-in MAVLink package version: 2026.3.3
[mavros_node-1] [INFO] [1786440514.248772773] [mavros.mavros]: Known MAVLink dialects: common ardupilotmega ASLUAV AVSSUAS all csAirLink cubepilot development icarous loweheiser marsh matrixpilot paparazzi standard stemstudios storm32 uAvionix ualberta
[mavros_node-1] [INFO] [1786440514.248784958] [mavros.mavros]: MAVROS UAS via /uas1 started. MY ID 255.190, TARGET ID 1.1
[mavros_node-1] [INFO] [1786440514.250831184] [mavros.imu]: IMU: Attitude quaternion IMU detected!
[mavros_node-1] [INFO] [1786440514.260237246] [mavros.mavros_router]: link[1001] detected remote address 255.190
[mavros_node-1] [INFO] [1786440514.263729069] [mavros.rc]: RC_CHANNELS message detected!
[mavros_node-1] [INFO] [1786440514.267220167] [mavros.imu]: IMU: High resolution IMU detected!
[mavros_node-1] [WARN] [1786440514.603915632] [mavros.sys]: FCU: UNK(8): EVENT 11047904 with args -0-0-0-18-1-0-0-0-0-131-191-1-128-131-191-1-128-0-0-0-0-0-0-0-0-0-0-0-0-0-0-0-0-0-0-0-0-0-0-0-
[mavros_node-1] [ERROR] [1786440514.605247807] [mavros.sys]: FCU: EVENT 13426421 with args -124-0-126-0-17-0-0-0-0-0-0-0-0-0-0-0-0-0-0-0-0-0-0-0-0-0-0-0-0-0-0-0-0-0-0-0-0-0-0-0-
[mavros_node-1] [ERROR] [1786440514.605649379] [mavros.sys]: FCU: EVENT 11464574 with args -0-64-0-0-20-0-0-0-0-0-0-0-0-0-0-0-0-0-0-0-0-0-0-0-0-0-0-0-0-0-0-0-0-0-0-0-0-0-0-0-
[mavros_node-1] [ERROR] [1786440514.606429767] [mavros.sys]: FCU: EVENT 13835193 with args -124-0-126-0-17-0-0-0-0-0-0-0-0-0-0-0-0-0-0-0-0-0-0-0-0-0-0-0-0-0-0-0-0-0-0-0-0-0-0-0-
[mavros_node-1] [ERROR] [1786440514.606748303] [mavros.sys]: FCU: EVENT 10011251 with args -56-0-0-0-24-0-0-0-0-0-0-0-0-0-0-0-0-0-0-0-0-0-0-0-0-0-0-0-0-0-0-0-0-0-0-0-0-0-0-0-
[mavros_node-1] [INFO] [1786440514.606893476] [mavros.sys]: FCU: EVENT 377561 with args -8-0-0-0-20-0-0-0-0-0-0-0-0-0-0-0-0-0-0-0-0-0-0-0-0-0-0-0-0-0-0-0-0-0-0-0-0-0-0-0-
[mavros_node-1] [INFO] [1786440514.607051308] [mavros.sys]: FCU: EVENT 79408 with args -32-0-0-0-20-0-0-0-0-0-0-0-0-0-0-0-0-0-0-0-0-0-0-0-0-0-0-0-0-0-0-0-0-0-0-0-0-0-0-0-
[mavros_node-1] [WARN] [1786440514.607765958] [mavros.sys]: FCU: UNK(8): EVENT 1914663 with args -0-130-16-2-48-0-0-0-0-0-0-0-0-0-0-0-0-0-0-0-0-0-0-0-0-0-0-0-0-0-0-0-0-0-0-0-0-0-0-0-
[mavros_node-1] [INFO] [1786440515.061565340] [mavros.mavros]: CON: Got HEARTBEAT, connected. FCU: PX4 Autopilot
[mavros_node-1] [INFO] [1786440515.062048437] [mavros.mission]: WP: detected enable_partial_push: 0
[mavros_node-1] [INFO] [1786440515.068300585] [mavros.rc]: RC_CHANNELS message detected!
[mavros_node-1] [INFO] [1786440515.070313573] [mavros.imu]: IMU: High resolution IMU detected!
[mavros_node-1] [INFO] [1786440515.070596050] [mavros.imu]: IMU: Attitude quaternion IMU detected!
[mavros_node-1] [WARN] [1786440515.198255485] [mavros.cmd]: CMD: Unexpected command 512, result 2
[fastlio_ev_health_monitor.py-3] [INFO] [1786440516.333257728] [fastlio_ev_health_monitor]: EV health state=HEALTHY: ok
[mavros_node-1] [WARN] [1786440516.677164279] [mavros.sys]: FCU: UNK(8): EVENT 11047904 with args -0-0-0-18-1-0-0-0-0-131-191-1-128-131-191-1-128-0-0-0-0-0-0-0-0-0-0-0-0-0-0-0-0-0-0-0-0-0-0-0-
[mavros_node-1] [ERROR] [1786440516.677463658] [mavros.sys]: FCU: EVENT 16642797 with args -124-0-126-0-17-0-0-0-0-0-0-0-0-0-0-0-0-0-0-0-0-0-0-0-0-0-0-0-0-0-0-0-0-0-0-0-0-0-0-0-
[mavros_node-1] [ERROR] [1786440516.677673041] [mavros.sys]: FCU: EVENT 11464574 with args -0-64-0-0-20-0-0-0-0-0-0-0-0-0-0-0-0-0-0-0-0-0-0-0-0-0-0-0-0-0-0-0-0-0-0-0-0-0-0-0-
[mavros_node-1] [ERROR] [1786440516.677928237] [mavros.sys]: FCU: EVENT 13835193 with args -124-0-126-0-17-0-0-0-0-0-0-0-0-0-0-0-0-0-0-0-0-0-0-0-0-0-0-0-0-0-0-0-0-0-0-0-0-0-0-0-
[mavros_node-1] [ERROR] [1786440516.678274904] [mavros.sys]: FCU: EVENT 10011251 with args -56-0-0-0-24-0-0-0-0-0-0-0-0-0-0-0-0-0-0-0-0-0-0-0-0-0-0-0-0-0-0-0-0-0-0-0-0-0-0-0-
[mavros_node-1] [INFO] [1786440516.678463007] [mavros.sys]: FCU: EVENT 377561 with args -8-0-0-0-20-0-0-0-0-0-0-0-0-0-0-0-0-0-0-0-0-0-0-0-0-0-0-0-0-0-0-0-0-0-0-0-0-0-0-0-
[mavros_node-1] [INFO] [1786440516.678595310] [mavros.sys]: FCU: EVENT 79408 with args -32-0-0-0-20-0-0-0-0-0-0-0-0-0-0-0-0-0-0-0-0-0-0-0-0-0-0-0-0-0-0-0-0-0-0-0-0-0-0-0-
[mavros_node-1] [WARN] [1786440516.679631359] [mavros.sys]: FCU: UNK(8): EVENT 1914663 with args -0-130-16-2-48-0-0-0-0-0-0-0-0-0-0-0-0-0-0-0-0-0-0-0-0-0-0-0-0-0-0-0-0-0-0-0-0-0-0-0-
[mavros_node-1] [WARN] [1786440517.074946465] [mavros.sys]: VER: broadcast request timeout, retries left 4
[mavros_node-1] [WARN] [1786440518.150450692] [mavros.sys]: VER: broadcast request timeout, retries left 3
[mavros_node-1] [WARN] [1786440518.754966847] [mavros.sys]: FCU: UNK(8): EVENT 11047904 with args -0-0-0-18-1-0-0-0-0-131-191-1-128-131-191-1-128-0-0-0-0-0-0-0-0-0-0-0-0-0-0-0-0-0-0-0-0-0-0-0-
[mavros_node-1] [ERROR] [1786440518.755148549] [mavros.sys]: FCU: EVENT 11464574 with args -0-64-0-0-20-0-0-0-0-0-0-0-0-0-0-0-0-0-0-0-0-0-0-0-0-0-0-0-0-0-0-0-0-0-0-0-0-0-0-0-
[mavros_node-1] [ERROR] [1786440518.755314098] [mavros.sys]: FCU: EVENT 13835193 with args -124-0-126-0-17-0-0-0-0-0-0-0-0-0-0-0-0-0-0-0-0-0-0-0-0-0-0-0-0-0-0-0-0-0-0-0-0-0-0-0-
[mavros_node-1] [ERROR] [1786440518.755457236] [mavros.sys]: FCU: EVENT 10011251 with args -56-0-0-0-24-0-0-0-0-0-0-0-0-0-0-0-0-0-0-0-0-0-0-0-0-0-0-0-0-0-0-0-0-0-0-0-0-0-0-0-
[mavros_node-1] [INFO] [1786440518.755575735] [mavros.sys]: FCU: EVENT 377561 with args -8-0-0-0-20-0-0-0-0-0-0-0-0-0-0-0-0-0-0-0-0-0-0-0-0-0-0-0-0-0-0-0-0-0-0-0-0-0-0-0-
[mavros_node-1] [INFO] [1786440518.755741083] [mavros.sys]: FCU: EVENT 79408 with args -32-0-0-0-20-0-0-0-0-0-0-0-0-0-0-0-0-0-0-0-0-0-0-0-0-0-0-0-0-0-0-0-0-0-0-0-0-0-0-0-
[mavros_node-1] [WARN] [1786440518.756442527] [mavros.sys]: FCU: UNK(8): EVENT 1914663 with args -0-130-16-2-48-0-0-0-0-0-0-0-0-0-0-0-0-0-0-0-0-0-0-0-0-0-0-0-0-0-0-0-0-0-0-0-0-0-0-0-
[mavros_node-1] [ERROR] [1786440519.079986304] [mavros.sys]: VER: command plugin service call failed!
[mavros_node-1] [WARN] [1786440519.081070902] [mavros.sys]: VER: unicast request timeout, retries left 2
[mavros_node-1] [ERROR] [1786440520.104515415] [mavros.sys]: VER: command plugin service call failed!
[mavros_node-1] [WARN] [1786440520.104606230] [mavros.sys]: VER: unicast request timeout, retries left 1
[mavros_node-1] [WARN] [1786440520.837689433] [mavros.sys]: FCU: UNK(8): EVENT 11047904 with args -0-0-0-16-1-0-0-0-0-199-191-127-128-199-191-127-128-0-0-0-0-0-0-0-0-0-0-0-0-0-0-0-0-0-0-0-0-0-0-0-
[mavros_node-1] [ERROR] [1786440520.837935006] [mavros.sys]: FCU: EVENT 11464574 with args -0-64-0-0-20-0-0-0-0-0-0-0-0-0-0-0-0-0-0-0-0-0-0-0-0-0-0-0-0-0-0-0-0-0-0-0-0-0-0-0-
[mavros_node-1] [ERROR] [1786440520.838283633] [mavros.sys]: FCU: EVENT 10011251 with args -56-0-0-0-24-0-0-0-0-0-0-0-0-0-0-0-0-0-0-0-0-0-0-0-0-0-0-0-0-0-0-0-0-0-0-0-0-0-0-0-
[mavros_node-1] [INFO] [1786440520.838656299] [mavros.sys]: FCU: EVENT 377561 with args -8-0-0-0-20-0-0-0-0-0-0-0-0-0-0-0-0-0-0-0-0-0-0-0-0-0-0-0-0-0-0-0-0-0-0-0-0-0-0-0-
[mavros_node-1] [INFO] [1786440520.839009135] [mavros.sys]: FCU: EVENT 79408 with args -32-0-0-0-20-0-0-0-0-0-0-0-0-0-0-0-0-0-0-0-0-0-0-0-0-0-0-0-0-0-0-0-0-0-0-0-0-0-0-0-
[mavros_node-1] [WARN] [1786440520.839114529] [mavros.sys]: FCU: UNK(8): EVENT 1914663 with args -0-130-16-2-48-0-0-0-0-0-0-0-0-0-0-0-0-0-0-0-0-0-0-0-0-0-0-0-0-0-0-0-0-0-0-0-0-0-0-0-
[mavros_node-1] [ERROR] [1786440521.092040604] [mavros.sys]: VER: command plugin service call failed!
[mavros_node-1] [WARN] [1786440521.092450698] [mavros.sys]: VER: unicast request timeout, retries left 0
[mavros_node-1] [ERROR] [1786440522.086137245] [mavros.sys]: VER: command plugin service call failed!
[mavros_node-1] [WARN] [1786440522.086182488] [mavros.sys]: VER: your FCU don't support AUTOPILOT_VERSION, switched to default capabilities
[mavros_node-1] [WARN] [1786440523.859573946] [mavros.sys]: FCU: UNK(8): EVENT 11047904 with args -0-0-0-0-1-0-0-0-0-199-255-127-128-199-255-127-128-0-0-0-0-0-0-0-0-0-0-0-0-0-0-0-0-0-0-0-0-0-0-0-
[mavros_node-1] [ERROR] [1786440523.859948260] [mavros.sys]: FCU: EVENT 10011251 with args -56-0-0-0-24-0-0-0-0-0-0-0-0-0-0-0-0-0-0-0-0-0-0-0-0-0-0-0-0-0-0-0-0-0-0-0-0-0-0-0-
[mavros_node-1] [INFO] [1786440523.860240738] [mavros.sys]: FCU: EVENT 377561 with args -8-0-0-0-20-0-0-0-0-0-0-0-0-0-0-0-0-0-0-0-0-0-0-0-0-0-0-0-0-0-0-0-0-0-0-0-0-0-0-0-
[mavros_node-1] [INFO] [1786440523.860372459] [mavros.sys]: FCU: EVENT 79408 with args -32-0-0-0-20-0-0-0-0-0-0-0-0-0-0-0-0-0-0-0-0-0-0-0-0-0-0-0-0-0-0-0-0-0-0-0-0-0-0-0-
[mavros_node-1] [WARN] [1786440523.862628023] [mavros.sys]: FCU: UNK(8): EVENT 1914663 with args -0-130-16-2-48-0-0-0-0-0-0-0-0-0-0-0-0-0-0-0-0-0-0-0-0-0-0-0-0-0-0-0-0-0-0-0-0-0-0-0-
[mavros_node-1] [INFO] [1786440525.065970074] [mavros.home_position]: HP: requesting home position
[fastlio_ev_health_monitor.py-3] [WARN] [1786440525.623681118] [fastlio_ev_health_monitor]: EV health state=SUSPECT: px4_velocity_unaligned
[mavros_node-1] [WARN] [1786440526.886364784] [mavros.sys]: FCU: UNK(8): EVENT 11047904 with args -0-0-0-16-1-0-0-0-0-199-191-127-128-199-191-127-128-0-0-0-0-0-0-0-0-0-0-0-0-0-0-0-0-0-0-0-0-0-0-0-
[mavros_node-1] [ERROR] [1786440526.886679904] [mavros.sys]: FCU: EVENT 11464574 with args -0-64-0-0-20-0-0-0-0-0-0-0-0-0-0-0-0-0-0-0-0-0-0-0-0-0-0-0-0-0-0-0-0-0-0-0-0-0-0-0-
[mavros_node-1] [ERROR] [1786440526.886905775] [mavros.sys]: FCU: EVENT 10011251 with args -56-0-0-0-24-0-0-0-0-0-0-0-0-0-0-0-0-0-0-0-0-0-0-0-0-0-0-0-0-0-0-0-0-0-0-0-0-0-0-0-
[mavros_node-1] [INFO] [1786440526.887071637] [mavros.sys]: FCU: EVENT 377561 with args -8-0-0-0-20-0-0-0-0-0-0-0-0-0-0-0-0-0-0-0-0-0-0-0-0-0-0-0-0-0-0-0-0-0-0-0-0-0-0-0-
[mavros_node-1] [INFO] [1786440526.887200691] [mavros.sys]: FCU: EVENT 79408 with args -32-0-0-0-20-0-0-0-0-0-0-0-0-0-0-0-0-0-0-0-0-0-0-0-0-0-0-0-0-0-0-0-0-0-0-0-0-0-0-0-
[mavros_node-1] [WARN] [1786440526.887317424] [mavros.sys]: FCU: UNK(8): EVENT 1914663 with args -0-130-16-2-48-0-0-0-0-0-0-0-0-0-0-0-0-0-0-0-0-0-0-0-0-0-0-0-0-0-0-0-0-0-0-0-0-0-0-0-
[fastlio_ev_health_monitor.py-3] [INFO] [1786440528.024867682] [fastlio_ev_health_monitor]: EV health state=HEALTHY: ok
[MAVROS and EV chain] 正在停止进程组 8138
[MAVROS and EV chain] 已退出，状态码 143
