Flight run directory: /home/robot/rong_ws/ws_offboard_control/flight_records/20260809/flight_20260809_155400
Parameter snapshot: /home/robot/rong_ws/ws_offboard_control/flight_records/20260809/flight_20260809_155400/snapshot
Recording rosbag to: /home/robot/rong_ws/ws_offboard_control/flight_records/20260809/flight_20260809_155400/rosbag
Record full registered point cloud: false
Press Ctrl+C in this terminal to stop recording.
stdin is not a terminal device. Keyboard handling disabled.[INFO] [1786262076.293034617] [rosbag2_recorder]: Press SPACE for pausing/resuming
[INFO] [1786262076.298709078] [rosbag2_storage]: Opened database '/home/robot/rong_ws/ws_offboard_control/flight_records/20260809/flight_20260809_155400/rosbag/rosbag_0.db3' for READ_WRITE.
[INFO] [1786262076.301719923] [rosbag2_recorder]: Listening for topics...
[INFO] [1786262076.301797977] [rosbag2_recorder]: Event publisher thread: Starting
[INFO] [1786262076.302434419] [rosbag2_recorder]: Recording...
[INFO] [1786262076.711028765] [rosbag2_recorder]: Subscribed to topic '/Odometry/healthy'
[INFO] [1786262076.714343509] [rosbag2_recorder]: Subscribed to topic '/ev_health/fault'
[INFO] [1786262076.719328502] [rosbag2_recorder]: Subscribed to topic '/ev_health/status'
[INFO] [1786262076.724449173] [rosbag2_recorder]: Subscribed to topic '/ev_health/diagnostics'
[INFO] [1786262076.727847862] [rosbag2_recorder]: Subscribed to topic '/ev_health/velocity_ned'
[INFO] [1786262076.730863231] [rosbag2_recorder]: Subscribed to topic '/race/global_path'
[INFO] [1786262076.733361632] [rosbag2_recorder]: Subscribed to topic '/race/odom'
[INFO] [1786262076.737986860] [rosbag2_recorder]: Subscribed to topic '/race/navigation_setpoint'
[INFO] [1786262076.740687166] [rosbag2_recorder]: Subscribed to topic '/race/pose'
[INFO] [1786262076.743091753] [rosbag2_recorder]: Subscribed to topic '/race/super_planner/raw_path'
[INFO] [1786262076.949756354] [rosbag2_recorder]: Subscribed to topic '/race/ego/status'
[INFO] [1786262076.952399853] [rosbag2_recorder]: Subscribed to topic '/race/ego/bspline'
[INFO] [1786262076.955628375] [rosbag2_recorder]: Subscribed to topic '/race/ego/trajectory_setpoint'
[INFO] [1786262076.959248670] [rosbag2_recorder]: Subscribed to topic '/race/ego/position_command'
[INFO] [1786262076.960907115] [rosbag2_recorder]: Subscribed to topic '/race/ego/odom'
[INFO] [1786262076.962540852] [rosbag2_recorder]: Subscribed to topic '/race/ego/command_local_goal_seq'
[INFO] [1786262076.963819367] [rosbag2_recorder]: Subscribed to topic '/race/control/status'
[INFO] [1786262076.964928552] [rosbag2_recorder]: Subscribed to topic '/mavros/setpoint_raw/local'
[INFO] [1786262076.966673629] [rosbag2_recorder]: Subscribed to topic '/race/ego/validated_bspline'
[INFO] [1786262077.282274672] [rosbag2_recorder]: Subscribed to topic '/mavros/vision_speed/speed_twist_cov'
[INFO] [1786262077.284745134] [rosbag2_recorder]: Subscribed to topic '/path'
[INFO] [1786262077.287630723] [rosbag2_recorder]: Subscribed to topic '/mavros/vision_pose/pose_cov'
[INFO] [1786262077.290629546] [rosbag2_recorder]: Subscribed to topic '/race/planner/status'
[INFO] [1786262077.293397356] [rosbag2_recorder]: Subscribed to topic '/Odometry'
[INFO] [1786262077.296235474] [rosbag2_recorder]: Subscribed to topic '/race/ego/local_goal'
[INFO] [1786262077.298034790] [rosbag2_recorder]: Subscribed to topic '/race/ego/local_path_reference'
[INFO] [1786262077.300298004] [rosbag2_recorder]: Subscribed to topic '/race/global_planner/status'
[INFO] [1786262077.408766587] [rosbag2_recorder]: Subscribed to topic '/mavros/local_position/pose'
[INFO] [1786262077.411463453] [rosbag2_recorder]: Subscribed to topic '/Odometry/guarded'
[INFO] [1786262077.413216584] [rosbag2_recorder]: Subscribed to topic '/mavros/local_position/odom'
[INFO] [1786262077.415426853] [rosbag2_recorder]: Subscribed to topic '/mavros/local_position/velocity_local'
[INFO] [1786262077.418140756] [rosbag2_recorder]: Subscribed to topic '/mavros/setpoint_raw/target_local'
[INFO] [1786262078.280138173] [rosbag2_recorder]: Subscribed to topic '/mavros/state'
[INFO] [1786262090.451372066] [rosbag2_cpp]: Writing remaining messages from cache to the bag. It may take a while
[INFO] [1786262090.461503133] [rosbag2_recorder]: Event publisher thread: Exiting
[INFO] [1786262090.461713895] [rosbag2_recorder]: Recording stopped
