[INFO] [launch]: All log files can be found below /home/robot/.ros/log/2026-07-18-20-10-37-587420-robot-7961
[INFO] [launch]: Default logging verbosity is set to INFO
[INFO] [mavros_node-1]: process started with pid [7962]
[INFO] [fastlio_odometry_guard-2]: process started with pid [7964]
[INFO] [fastlio_mavros_vision_bridge-3]: process started with pid [7966]
[INFO] [static_transform_publisher-4]: process started with pid [7968]
[INFO] [static_transform_publisher-5]: process started with pid [7970]
[INFO] [static_transform_publisher-6]: process started with pid [7972]
[INFO] [static_transform_publisher-7]: process started with pid [7974]
[static_transform_publisher-7] [INFO] [1784376637.702549506] [body_to_body_frd]: Spinning until stopped - publishing transform
[static_transform_publisher-7] translation: ('0.000000', '0.000000', '0.000000')
[static_transform_publisher-7] rotation: ('1.000000', '0.000000', '0.000000', '0.000000')
[static_transform_publisher-7] from 'body' to 'body_frd'
[fastlio_odometry_guard-2] [INFO] [1784376637.708247346] [fastlio_odometry_guard]: Guarding odometry /Odometry -> /Odometry/guarded (jump=0.30m, xy=0.20m, z=0.10m, speed=1.20m/s)
[static_transform_publisher-5] [INFO] [1784376637.710893923] [base_link_to_body]: Spinning until stopped - publishing transform
[static_transform_publisher-5] translation: ('0.000000', '0.000000', '0.000000')
[static_transform_publisher-5] rotation: ('0.000000', '0.000000', '0.000000', '1.000000')
[static_transform_publisher-5] from 'base_link' to 'body'
[fastlio_mavros_vision_bridge-3] [INFO] [1784376637.715031069] [fastlio_mavros_vision_bridge]: Bridging /Odometry/guarded -> /mavros/vision_pose/pose_cov for MAVROS vision input
[static_transform_publisher-6] [INFO] [1784376637.716564761] [camera_init_to_camera_init_ned]: Spinning until stopped - publishing transform
[static_transform_publisher-6] translation: ('0.000000', '0.000000', '0.000000')
[static_transform_publisher-6] rotation: ('1.000000', '0.000000', '0.000000', '0.000000')
[static_transform_publisher-6] from 'camera_init' to 'camera_init_ned'
[mavros_node-1] [INFO] [1784376637.718831334] [mavros.mavros_node]: Starting mavros_node container
[mavros_node-1] [INFO] [1784376637.718965194] [mavros.mavros_node]: FCU URL: serial:///dev/ttyUSB0:921600?ids=255,190
[mavros_node-1] [INFO] [1784376637.718977708] [mavros.mavros_node]: GCS URL: 
[mavros_node-1] [INFO] [1784376637.718986003] [mavros.mavros_node]: UAS Prefix: /uas1
[mavros_node-1] [INFO] [1784376637.718997612] [mavros.mavros_node]: Starting mavros router node
[static_transform_publisher-4] [INFO] [1784376637.720065389] [odom_to_camera_init]: Spinning until stopped - publishing transform
[static_transform_publisher-4] translation: ('0.000000', '0.000000', '0.000000')
[static_transform_publisher-4] rotation: ('0.000000', '0.000000', '0.000000', '1.000000')
[static_transform_publisher-4] from 'odom' to 'camera_init'
[mavros_node-1] [INFO] [1784376637.729587279] [mavros.mavros_router]: Built-in SIMD instructions: SSE, SSE2
[mavros_node-1] [INFO] [1784376637.729622461] [mavros.mavros_router]: Built-in MAVLink package version: 2026.3.3
[mavros_node-1] [INFO] [1784376637.729637718] [mavros.mavros_router]: Known MAVLink dialects: common ardupilotmega ASLUAV AVSSUAS all csAirLink cubepilot development icarous loweheiser marsh matrixpilot paparazzi standard stemstudios storm32 uAvionix ualberta
[mavros_node-1] [INFO] [1784376637.729647451] [mavros.mavros_router]: MAVROS Router started
[mavros_node-1] [INFO] [1784376637.729842830] [mavros.mavros_node]: Starting mavros uas node
[mavros_node-1] [INFO] [1784376637.777553916] [mavros.mavros_router]: Requested to add endpoint: type: 0, url: serial:///dev/ttyUSB0:921600?ids=255,190
[mavros_node-1] [INFO] [1784376637.777764483] [mavros.mavros_router]: Endpoint link[1000] created
[mavros_node-1] [INFO] [1784376637.779056437] [mavros.mavros_router]: link[1000] opened successfully
[mavros_node-1] [INFO] [1784376637.779159882] [mavros.mavros_router]: Requested to add endpoint: type: 2, url: /uas1
[mavros_node-1] [INFO] [1784376637.779205605] [mavros.mavros_router]: Endpoint link[1001] created
[mavros_node-1] [INFO] [1784376637.782398399] [mavros.mavros_router]: link[1001] opened successfully
[mavros_node-1] [INFO] [1784376637.784217437] [mavros.mavros_router]: link[1000] detected remote address 1.1
[mavros_node-1] [INFO] [1784376637.787069177] [mavros.mavros]: UAS Executor started, threads: 16
[mavros_node-1] [INFO] [1784376637.792005054] [mavros.mavros_router]: link[1000] detected remote address 108.45
[mavros_node-1] [INFO] [1784376637.816745603] [mavros.mavros]: Plugin actuator_control created
[mavros_node-1] [INFO] [1784376637.816958180] [mavros.mavros]: Plugin actuator_control initialized
[mavros_node-1] [INFO] [1784376637.859512448] [mavros.mavros]: Plugin adsb created
[mavros_node-1] [INFO] [1784376637.859633481] [mavros.mavros]: Plugin adsb initialized
[mavros_node-1] [INFO] [1784376637.872114723] [mavros.mavros]: Plugin altitude created
[mavros_node-1] [INFO] [1784376637.872385909] [mavros.mavros]: Plugin altitude initialized
[mavros_node-1] [INFO] [1784376637.883785955] [mavros.mavros]: Plugin cam_imu_sync created
[mavros_node-1] [INFO] [1784376637.884055709] [mavros.mavros]: Plugin cam_imu_sync initialized
[mavros_node-1] [INFO] [1784376637.890376021] [mavros.mavros]: Plugin camera created
[mavros_node-1] [INFO] [1784376637.890416239] [mavros.mavros]: Plugin camera initialized
[mavros_node-1] [INFO] [1784376637.895545802] [mavros.mavros]: Plugin cellular_status created
[mavros_node-1] [INFO] [1784376637.895597607] [mavros.mavros]: Plugin cellular_status initialized
[mavros_node-1] [INFO] [1784376637.916925195] [mavros.mavros]: Plugin command created
[mavros_node-1] [INFO] [1784376637.917032770] [mavros.mavros]: Plugin command initialized
[mavros_node-1] [INFO] [1784376637.924049722] [mavros.mavros]: Plugin companion_process_status created
[mavros_node-1] [INFO] [1784376637.924126479] [mavros.mavros]: Plugin companion_process_status initialized
[mavros_node-1] [INFO] [1784376637.945423719] [mavros.mavros]: Plugin debug_value created
[mavros_node-1] [INFO] [1784376637.945540971] [mavros.mavros]: Plugin debug_value initialized
[mavros_node-1] [INFO] [1784376637.945551011] [mavros.mavros]: Plugin distance_sensor ignored
[mavros_node-1] [INFO] [1784376637.958696648] [mavros.mavros]: Plugin esc_status created
[mavros_node-1] [INFO] [1784376637.958937452] [mavros.mavros]: Plugin esc_status initialized
[mavros_node-1] [INFO] [1784376637.971856216] [mavros.mavros]: Plugin esc_telemetry created
[mavros_node-1] [INFO] [1784376637.971909596] [mavros.mavros]: Plugin esc_telemetry initialized
[mavros_node-1] [INFO] [1784376637.979906858] [mavros.mavros]: Plugin fake_gps created
[mavros_node-1] [INFO] [1784376637.979946848] [mavros.mavros]: Plugin fake_gps initialized
[mavros_node-1] [INFO] [1784376638.014719094] [mavros.mavros]: Plugin ftp created
[mavros_node-1] [INFO] [1784376638.014777878] [mavros.mavros]: Plugin ftp initialized
[mavros_node-1] [INFO] [1784376638.026192091] [mavros.mavros]: Plugin geofence created
[mavros_node-1] [INFO] [1784376638.026249506] [mavros.mavros]: Plugin geofence initialized
[mavros_node-1] [INFO] [1784376638.067002246] [mavros.mavros]: Plugin gimbal_control created
[mavros_node-1] [INFO] [1784376638.067346300] [mavros.mavros]: Plugin gimbal_control initialized
[mavros_node-1] [INFO] [1784376638.113797532] [mavros.mavros]: Plugin global_position created
[mavros_node-1] [INFO] [1784376638.113862643] [mavros.mavros]: Plugin global_position initialized
[mavros_node-1] [INFO] [1784376638.132799938] [mavros.mavros]: Plugin gps_input created
[mavros_node-1] [INFO] [1784376638.132891629] [mavros.mavros]: Plugin gps_input initialized
[mavros_node-1] [INFO] [1784376638.146598703] [mavros.mavros]: Plugin gps_rtk created
[mavros_node-1] [INFO] [1784376638.146698576] [mavros.mavros]: Plugin gps_rtk initialized
[mavros_node-1] [INFO] [1784376638.190893978] [mavros.mavros]: Plugin gps_status created
[mavros_node-1] [INFO] [1784376638.191103009] [mavros.mavros]: Plugin gps_status initialized
[fastlio_odometry_guard-2] [WARN] [1784376638.211814980] [fastlio_odometry_guard]: Rejected FAST-LIO odometry: large dt 1.40027 s; reset guard baseline (accepted=5 rejected=1)
[mavros_node-1] [INFO] [1784376638.246377261] [mavros.mavros]: Plugin guided_target created
[mavros_node-1] [INFO] [1784376638.246564635] [mavros.mavros]: Plugin guided_target initialized
[mavros_node-1] [INFO] [1784376638.285330255] [mavros.mavros]: Plugin hil created
[mavros_node-1] [INFO] [1784376638.285433175] [mavros.mavros]: Plugin hil initialized
[mavros_node-1] [INFO] [1784376638.318481076] [mavros.mavros]: Plugin home_position created
[mavros_node-1] [INFO] [1784376638.318609360] [mavros.mavros]: Plugin home_position initialized
[mavros_node-1] [INFO] [1784376638.358756858] [mavros.mavros]: Plugin imu created
[mavros_node-1] [INFO] [1784376638.358887771] [mavros.mavros]: Plugin imu initialized
[mavros_node-1] [INFO] [1784376638.407615839] [mavros.mavros]: Plugin landing_target created
[mavros_node-1] [INFO] [1784376638.407871792] [mavros.mavros]: Plugin landing_target initialized
[mavros_node-1] [INFO] [1784376638.452015736] [mavros.mavros]: Plugin local_position created
[mavros_node-1] [INFO] [1784376638.452146503] [mavros.mavros]: Plugin local_position initialized
[mavros_node-1] [INFO] [1784376638.494239643] [mavros.mavros]: Plugin log_transfer created
[mavros_node-1] [INFO] [1784376638.494808538] [mavros.mavros]: Plugin log_transfer initialized
[mavros_node-1] [INFO] [1784376638.523617623] [mavros.mavros]: Plugin mag_calibration_status created
[mavros_node-1] [INFO] [1784376638.523852849] [mavros.mavros]: Plugin mag_calibration_status initialized
[mavros_node-1] [INFO] [1784376638.551769664] [mavros.mavros]: Plugin manual_control created
[mavros_node-1] [INFO] [1784376638.551880581] [mavros.mavros]: Plugin manual_control initialized
[mavros_node-1] [INFO] [1784376638.583709451] [mavros.mavros]: Plugin mocap_pose_estimate created
[mavros_node-1] [INFO] [1784376638.583823471] [mavros.mavros]: Plugin mocap_pose_estimate initialized
[mavros_node-1] [INFO] [1784376638.619530819] [mavros.mavros]: Plugin mount_control created
[mavros_node-1] [INFO] [1784376638.619846347] [mavros.mavros]: Plugin mount_control initialized
[mavros_node-1] [INFO] [1784376638.656040262] [mavros.mavros]: Plugin nav_controller_output created
[mavros_node-1] [INFO] [1784376638.656176497] [mavros.mavros]: Plugin nav_controller_output initialized
[mavros_node-1] [INFO] [1784376638.697332128] [mavros.mavros]: Plugin obstacle_distance created
[mavros_node-1] [INFO] [1784376638.697508116] [mavros.mavros]: Plugin obstacle_distance initialized
[mavros_node-1] [INFO] [1784376638.725059517] [mavros.mavros]: Plugin obstacle_distance_3d created
[mavros_node-1] [INFO] [1784376638.725250778] [mavros.mavros]: Plugin obstacle_distance_3d initialized
[mavros_node-1] [INFO] [1784376638.768938071] [mavros.mavros]: Plugin odometry created
[mavros_node-1] [INFO] [1784376638.769015293] [mavros.mavros]: Plugin odometry initialized
[mavros_node-1] [INFO] [1784376638.793237686] [mavros.mavros]: Plugin onboard_computer_status created
[mavros_node-1] [INFO] [1784376638.793371795] [mavros.mavros]: Plugin onboard_computer_status initialized
[mavros_node-1] [INFO] [1784376638.825952243] [mavros.mavros]: Plugin open_drone_id created
[mavros_node-1] [INFO] [1784376638.826048427] [mavros.mavros]: Plugin open_drone_id initialized
[mavros_node-1] [INFO] [1784376638.862186855] [mavros.mavros]: Plugin optical_flow created
[mavros_node-1] [INFO] [1784376638.862268565] [mavros.mavros]: Plugin optical_flow initialized
[mavros_node-1] [INFO] [1784376638.894740168] [mavros.mavros]: Plugin param created
[mavros_node-1] [INFO] [1784376638.894917170] [mavros.mavros]: Plugin param initialized
[mavros_node-1] [INFO] [1784376638.924496521] [mavros.mavros]: Plugin play_tune created
[mavros_node-1] [INFO] [1784376638.924551678] [mavros.mavros]: Plugin play_tune initialized
[mavros_node-1] [INFO] [1784376638.974505331] [mavros.mavros]: Plugin px4flow created
[mavros_node-1] [INFO] [1784376638.974818925] [mavros.mavros]: Plugin px4flow initialized
[mavros_node-1] [INFO] [1784376639.010921136] [mavros.mavros]: Plugin rallypoint created
[mavros_node-1] [INFO] [1784376639.011042852] [mavros.mavros]: Plugin rallypoint initialized
[mavros_node-1] [INFO] [1784376639.011098098] [mavros.mavros]: Plugin rangefinder ignored
[mavros_node-1] [INFO] [1784376639.065507803] [mavros.mavros]: Plugin rc_io created
[mavros_node-1] [INFO] [1784376639.065810254] [mavros.mavros]: Plugin rc_io initialized
[mavros_node-1] [INFO] [1784376639.104295170] [mavros.mavros]: Plugin setpoint_accel created
[mavros_node-1] [INFO] [1784376639.104386379] [mavros.mavros]: Plugin setpoint_accel initialized
[mavros_node-1] [INFO] [1784376639.155961145] [mavros.mavros]: Plugin setpoint_attitude created
[mavros_node-1] [INFO] [1784376639.156140221] [mavros.mavros]: Plugin setpoint_attitude initialized
[mavros_node-1] [INFO] [1784376639.217568036] [mavros.mavros]: Plugin setpoint_position created
[mavros_node-1] [INFO] [1784376639.217642052] [mavros.mavros]: Plugin setpoint_position initialized
[mavros_node-1] [INFO] [1784376639.283162064] [mavros.mavros]: Plugin setpoint_raw created
[mavros_node-1] [INFO] [1784376639.283275663] [mavros.mavros]: Plugin setpoint_raw initialized
[mavros_node-1] [INFO] [1784376639.339245185] [mavros.mavros]: Plugin setpoint_trajectory created
[mavros_node-1] [INFO] [1784376639.339462034] [mavros.mavros]: Plugin setpoint_trajectory initialized
[mavros_node-1] [INFO] [1784376639.384640535] [mavros.mavros]: Plugin setpoint_velocity created
[mavros_node-1] [INFO] [1784376639.384715415] [mavros.mavros]: Plugin setpoint_velocity initialized
[mavros_node-1] [INFO] [1784376639.446298565] [mavros.mavros]: Plugin sim_state created
[mavros_node-1] [INFO] [1784376639.446704194] [mavros.mavros]: Plugin sim_state initialized
[mavros_node-1] [INFO] [1784376639.522895395] [mavros.mavros]: Plugin sys_status created
[mavros_node-1] [INFO] [1784376639.523184723] [mavros.mavros]: Plugin sys_status initialized
[mavros_node-1] [INFO] [1784376639.577153179] [mavros.time]: TM: Timesync mode: MAVLINK
[mavros_node-1] [INFO] [1784376639.585147650] [mavros.mavros]: Plugin sys_time created
[mavros_node-1] [INFO] [1784376639.585368260] [mavros.mavros]: Plugin sys_time initialized
[mavros_node-1] [INFO] [1784376639.632508388] [mavros.mavros]: Plugin tdr_radio created
[mavros_node-1] [INFO] [1784376639.632650146] [mavros.mavros]: Plugin tdr_radio initialized
[mavros_node-1] [INFO] [1784376639.698658423] [mavros.mavros]: Plugin terrain created
[mavros_node-1] [INFO] [1784376639.698805039] [mavros.mavros]: Plugin terrain initialized
[mavros_node-1] [INFO] [1784376639.772812212] [mavros.mavros]: Plugin trajectory created
[mavros_node-1] [INFO] [1784376639.773036505] [mavros.mavros]: Plugin trajectory initialized
[mavros_node-1] [INFO] [1784376639.834794871] [mavros.mavros]: Plugin tunnel created
[mavros_node-1] [INFO] [1784376639.835037493] [mavros.mavros]: Plugin tunnel initialized
[mavros_node-1] [INFO] [1784376639.880501556] [mavros.mavros]: Plugin vfr_hud created
[mavros_node-1] [INFO] [1784376639.880701286] [mavros.mavros]: Plugin vfr_hud initialized
[mavros_node-1] [INFO] [1784376639.880718217] [mavros.mavros]: Plugin vibration ignored
[mavros_node-1] [INFO] [1784376639.942165385] [mavros.mavros]: Plugin vision_pose created
[mavros_node-1] [INFO] [1784376639.942316749] [mavros.mavros]: Plugin vision_pose initialized
[mavros_node-1] [INFO] [1784376639.996868227] [mavros.mavros]: Plugin vision_speed created
[mavros_node-1] [INFO] [1784376639.996935539] [mavros.mavros]: Plugin vision_speed initialized
[mavros_node-1] [INFO] [1784376640.079697978] [mavros.mavros]: Plugin waypoint created
[mavros_node-1] [INFO] [1784376640.079770379] [mavros.mavros]: Plugin waypoint initialized
[mavros_node-1] [INFO] [1784376640.079777341] [mavros.mavros]: Plugin wheel_odometry ignored
[mavros_node-1] [INFO] [1784376640.093477335] [mavros.mavros]: Plugin wind_estimation created
[mavros_node-1] [INFO] [1784376640.093546510] [mavros.mavros]: Plugin wind_estimation initialized
[mavros_node-1] [INFO] [1784376640.097130577] [mavros.mavros]: Built-in SIMD instructions: SSE, SSE2
[mavros_node-1] [INFO] [1784376640.097213428] [mavros.mavros]: Built-in MAVLink package version: 2026.3.3
[mavros_node-1] [INFO] [1784376640.097218973] [mavros.mavros]: Known MAVLink dialects: common ardupilotmega ASLUAV AVSSUAS all csAirLink cubepilot development icarous loweheiser marsh matrixpilot paparazzi standard stemstudios storm32 uAvionix ualberta
[mavros_node-1] [INFO] [1784376640.097223013] [mavros.mavros]: MAVROS UAS via /uas1 started. MY ID 255.190, TARGET ID 1.1
[mavros_node-1] [INFO] [1784376640.104027830] [mavros.imu]: IMU: High resolution IMU detected!
[mavros_node-1] [INFO] [1784376640.110863902] [mavros.mavros_router]: link[1001] detected remote address 255.190
[mavros_node-1] [INFO] [1784376640.114052296] [mavros.imu]: IMU: Attitude quaternion IMU detected!
[mavros_node-1] [INFO] [1784376640.116625878] [mavros.rc]: RC_CHANNELS message detected!
[mavros_node-1] [INFO] [1784376640.210062289] [mavros.mavros]: CON: Got HEARTBEAT, connected. FCU: PX4 Autopilot
[mavros_node-1] [INFO] [1784376640.210181818] [mavros.mission]: WP: detected enable_partial_push: 0
[mavros_node-1] [INFO] [1784376640.213811905] [mavros.imu]: IMU: Attitude quaternion IMU detected!
[mavros_node-1] [INFO] [1784376640.215295929] [mavros.rc]: RC_CHANNELS message detected!
[mavros_node-1] [INFO] [1784376640.223978328] [mavros.imu]: IMU: High resolution IMU detected!
[mavros_node-1] [WARN] [1784376641.223336325] [mavros.cmd]: CMD: Unexpected command 520, result 3
[mavros_node-1] [WARN] [1784376641.455068363] [mavros.sys]: FCU: UNK(8): EVENT 11047904 with args -0-128-0-16-1-0-0-0-0-0-0-0-0-199-191-127-128-0-0-0-0-0-0-0-0-0-0-0-0-0-0-0-0-0-0-0-0-0-0-0-
[mavros_node-1] [ERROR] [1784376641.455391689] [mavros.sys]: FCU: EVENT 9077977 with args -255-255-255-255-7-0-0-0-0-0-0-0-0-0-0-0-0-0-0-0-0-0-0-0-0-0-0-0-0-0-0-0-0-0-0-0-0-0-0-0-
[mavros_node-1] [ERROR] [1784376641.455758648] [mavros.sys]: FCU: EVENT 11464574 with args -0-64-0-0-20-0-0-0-0-0-0-0-0-0-0-0-0-0-0-0-0-0-0-0-0-0-0-0-0-0-0-0-0-0-0-0-0-0-0-0-
[mavros_node-1] [ERROR] [1784376641.456090009] [mavros.sys]: FCU: EVENT 10011251 with args -56-0-0-0-24-0-0-0-0-0-0-0-0-0-0-0-0-0-0-0-0-0-0-0-0-0-0-0-0-0-0-0-0-0-0-0-0-0-0-0-
[mavros_node-1] [INFO] [1784376641.456443365] [mavros.sys]: FCU: EVENT 377561 with args -8-0-0-0-20-0-0-0-0-0-0-0-0-0-0-0-0-0-0-0-0-0-0-0-0-0-0-0-0-0-0-0-0-0-0-0-0-0-0-0-
[mavros_node-1] [INFO] [1784376641.456561607] [mavros.sys]: FCU: EVENT 79408 with args -32-0-0-0-20-0-0-0-0-0-0-0-0-0-0-0-0-0-0-0-0-0-0-0-0-0-0-0-0-0-0-0-0-0-0-0-0-0-0-0-
[mavros_node-1] [INFO] [1784376641.456801477] [mavros.sys]: FCU: EVENT 6801787 with args -255-255-255-255-12-0-0-0-0-0-0-0-0-0-0-0-0-0-0-0-0-0-0-0-0-0-0-0-0-0-0-0-0-0-0-0-0-0-0-0-
[mavros_node-1] [WARN] [1784376641.457131345] [mavros.sys]: FCU: UNK(8): EVENT 1914663 with args -0-130-0-2-48-0-0-0-0-0-0-0-0-0-0-0-0-0-0-0-0-0-0-0-0-0-0-0-0-0-0-0-0-0-0-0-0-0-0-0-
[mavros_node-1] [WARN] [1784376642.213762623] [mavros.sys]: VER: broadcast request timeout, retries left 4
[mavros_node-1] [WARN] [1784376643.256380279] [mavros.sys]: VER: broadcast request timeout, retries left 3
[mavros_node-1] [ERROR] [1784376644.256357985] [mavros.sys]: VER: command plugin service call failed!
[mavros_node-1] [WARN] [1784376644.256660993] [mavros.sys]: VER: unicast request timeout, retries left 2
[mavros_node-1] [ERROR] [1784376645.250767453] [mavros.sys]: VER: command plugin service call failed!
[mavros_node-1] [WARN] [1784376645.250844296] [mavros.sys]: VER: unicast request timeout, retries left 1
[mavros_node-1] [ERROR] [1784376646.227671308] [mavros.sys]: VER: command plugin service call failed!
[mavros_node-1] [WARN] [1784376646.227725545] [mavros.sys]: VER: unicast request timeout, retries left 0
[mavros_node-1] [ERROR] [1784376647.228244604] [mavros.sys]: VER: command plugin service call failed!
[mavros_node-1] [WARN] [1784376647.228295937] [mavros.sys]: VER: your FCU don't support AUTOPILOT_VERSION, switched to default capabilities
[mavros_node-1] [INFO] [1784376650.212764527] [mavros.home_position]: HP: requesting home position
[mavros_node-1] [INFO] [1784376655.219382703] [mavros.mission]: WP: mission received
[mavros_node-1] [INFO] [1784376660.219386133] [mavros.rallypoint]: RP: mission received
[mavros_node-1] [WARN] [1784376661.173162990] [mavros.sys]: FCU: UNK(8): EVENT 11047904 with args -0-128-0-18-1-0-0-0-0-0-0-0-0-199-191-5-128-0-0-0-0-0-0-0-0-0-0-0-0-0-0-0-0-0-0-0-0-0-0-0-
[mavros_node-1] [ERROR] [1784376661.173449839] [mavros.sys]: FCU: EVENT 9077977 with args -255-255-255-255-7-0-0-0-0-0-0-0-0-0-0-0-0-0-0-0-0-0-0-0-0-0-0-0-0-0-0-0-0-0-0-0-0-0-0-0-
[mavros_node-1] [ERROR] [1784376661.173774053] [mavros.sys]: FCU: EVENT 11464574 with args -0-64-0-0-20-0-0-0-0-0-0-0-0-0-0-0-0-0-0-0-0-0-0-0-0-0-0-0-0-0-0-0-0-0-0-0-0-0-0-0-
[mavros_node-1] [ERROR] [1784376661.174101901] [mavros.sys]: FCU: EVENT 13835193 with args -56-0-122-0-17-0-0-0-0-0-0-0-0-0-0-0-0-0-0-0-0-0-0-0-0-0-0-0-0-0-0-0-0-0-0-0-0-0-0-0-
[mavros_node-1] [ERROR] [1784376661.174458641] [mavros.sys]: FCU: EVENT 10011251 with args -56-0-0-0-24-0-0-0-0-0-0-0-0-0-0-0-0-0-0-0-0-0-0-0-0-0-0-0-0-0-0-0-0-0-0-0-0-0-0-0-
[mavros_node-1] [INFO] [1784376661.174583676] [mavros.sys]: FCU: EVENT 377561 with args -8-0-0-0-20-0-0-0-0-0-0-0-0-0-0-0-0-0-0-0-0-0-0-0-0-0-0-0-0-0-0-0-0-0-0-0-0-0-0-0-
[mavros_node-1] [INFO] [1784376661.174806918] [mavros.sys]: FCU: EVENT 79408 with args -32-0-0-0-20-0-0-0-0-0-0-0-0-0-0-0-0-0-0-0-0-0-0-0-0-0-0-0-0-0-0-0-0-0-0-0-0-0-0-0-
[mavros_node-1] [INFO] [1784376661.175134808] [mavros.sys]: FCU: EVENT 6801787 with args -255-255-255-255-12-0-0-0-0-0-0-0-0-0-0-0-0-0-0-0-0-0-0-0-0-0-0-0-0-0-0-0-0-0-0-0-0-0-0-0-
[mavros_node-1] [WARN] [1784376661.177378826] [mavros.sys]: FCU: UNK(8): EVENT 1914663 with args -0-130-0-2-48-0-0-0-0-0-0-0-0-0-0-0-0-0-0-0-0-0-0-0-0-0-0-0-0-0-0-0-0-0-0-0-0-0-0-0-
