[debug rosbag] starting
[debug rosbag] command: env FLIGHT_TIMESTAMP=20260811_200507 FLIGHT_RUN_DIR=/home/robot/rong_ws/ws_offboard_control/flight_records/20260811/flight_20260811_200507 /home/robot/rong_ws/ws_offboard_control/tools/rosbag/开始录包.sh
[debug rosbag] pid=9025 pgid=9025 log=/home/robot/rong_ws/ws_offboard_control/flight_records/20260811/flight_20260811_200507/logs/rosbag_debug.log
本场次目录：/home/robot/rong_ws/ws_offboard_control/flight_records/20260811/flight_20260811_200507
参数快照目录：/home/robot/rong_ws/ws_offboard_control/flight_records/20260811/flight_20260811_200507/snapshot
录包输出目录：/home/robot/rong_ws/ws_offboard_control/flight_records/20260811/flight_20260811_200507/rosbag
是否录制完整配准点云：false
在本终端按 Ctrl+C 停止录包。
stdin is not a terminal device. Keyboard handling disabled.[INFO] [1786449949.640359974] [rosbag2_recorder]: Press SPACE for pausing/resuming
[INFO] [1786449949.645598713] [rosbag2_storage]: Opened database '/home/robot/rong_ws/ws_offboard_control/flight_records/20260811/flight_20260811_200507/rosbag/rosbag_0.db3' for READ_WRITE.
[INFO] [1786449949.649102072] [rosbag2_recorder]: Listening for topics...
[INFO] [1786449949.649122260] [rosbag2_recorder]: Event publisher thread: Starting
[INFO] [1786449949.650714923] [rosbag2_recorder]: Subscribed to topic '/race/pose'
[INFO] [1786449949.651528586] [rosbag2_recorder]: Subscribed to topic '/race/odom'
[INFO] [1786449949.652763630] [rosbag2_recorder]: Subscribed to topic '/race/ego/trajectory_setpoint'
[INFO] [1786449949.653373236] [rosbag2_recorder]: Subscribed to topic '/race/ego/status'
[INFO] [1786449949.654162569] [rosbag2_recorder]: Subscribed to topic '/race/ego/command_local_goal_seq'
[INFO] [1786449949.655095385] [rosbag2_recorder]: Subscribed to topic '/path'
[INFO] [1786449949.658182716] [rosbag2_recorder]: Subscribed to topic '/race/ego/validated_bspline'
[INFO] [1786449949.659731846] [rosbag2_recorder]: Subscribed to topic '/race/control/status'
[INFO] [1786449949.660977658] [rosbag2_recorder]: Subscribed to topic '/mavros/setpoint_raw/local'
[INFO] [1786449949.662200774] [rosbag2_recorder]: Subscribed to topic '/Odometry'
[INFO] [1786449949.662426881] [rosbag2_recorder]: Recording...
[INFO] [1786449949.768599297] [rosbag2_recorder]: Subscribed to topic '/mavros/vision_speed/speed_twist_cov'
[INFO] [1786449949.769779816] [rosbag2_recorder]: Subscribed to topic '/mavros/state'
[INFO] [1786449949.770824860] [rosbag2_recorder]: Subscribed to topic '/mavros/setpoint_raw/target_local'
[INFO] [1786449949.773123308] [rosbag2_recorder]: Subscribed to topic '/mavros/local_position/velocity_local'
[INFO] [1786449949.775751633] [rosbag2_recorder]: Subscribed to topic '/mavros/local_position/odom'
[INFO] [1786449949.777780757] [rosbag2_recorder]: Subscribed to topic '/mavros/estimator_status'
[INFO] [1786449949.779125599] [rosbag2_recorder]: Subscribed to topic '/mavros/vision_pose/pose_cov'
[INFO] [1786449949.780614448] [rosbag2_recorder]: Subscribed to topic '/race/ego/bspline'
[INFO] [1786449949.782828813] [rosbag2_recorder]: Subscribed to topic '/Odometry/guarded'
[INFO] [1786449949.784076644] [rosbag2_recorder]: Subscribed to topic '/mavros/local_position/pose'
[INFO] [1786449949.785397594] [rosbag2_recorder]: Subscribed to topic '/mavros/local_position/velocity_body'
[INFO] [1786449949.786322600] [rosbag2_recorder]: Subscribed to topic '/race/ego/odom'
[INFO] [1786449949.893319741] [rosbag2_recorder]: Subscribed to topic '/goal_pose'
[INFO] [1786449950.523786792] [rosbag2_recorder]: Subscribed to topic '/ev_health/velocity_ned'
[INFO] [1786449950.524857810] [rosbag2_recorder]: Subscribed to topic '/ev_health/diagnostics'
[INFO] [1786449950.525827218] [rosbag2_recorder]: Subscribed to topic '/ev_health/status'
[INFO] [1786449950.527948047] [rosbag2_recorder]: Subscribed to topic '/ev_health/fault'
[INFO] [1786449950.530907603] [rosbag2_recorder]: Subscribed to topic '/Odometry/healthy'
[INFO] [1786449950.636204204] [rosbag2_recorder]: Subscribed to topic '/race/ego/position_command'
[INFO] [1786449951.369736888] [rosbag2_recorder]: Subscribed to topic '/race/ego/local_path_reference'
[INFO] [1786449951.371661896] [rosbag2_recorder]: Subscribed to topic '/race/ego/local_goal'
[INFO] [1786449951.373458663] [rosbag2_recorder]: Subscribed to topic '/race/global_path'
[INFO] [1786449951.374880162] [rosbag2_recorder]: Subscribed to topic '/race/global_planner/status'
[INFO] [1786449951.376835016] [rosbag2_recorder]: Subscribed to topic '/race/super_planner/raw_path'
[INFO] [1786449951.378575729] [rosbag2_recorder]: Subscribed to topic '/race/planner/status'
[INFO] [1786449971.891713487] [rosbag2_cpp]: Writing remaining messages from cache to the bag. It may take a while
[INFO] [1786449971.898767785] [rosbag2_recorder]: Event publisher thread: Exiting
[INFO] [1786449971.899010569] [rosbag2_recorder]: Recording stopped
/home/robot/rong_ws/ws_offboard_control/tools/flight/受管组件窗口.sh: 第 152 行：  9025 已杀死               setsid "$@"
[debug rosbag] 正在停止进程组 9025
[debug rosbag] 已退出，状态码 137
