[FAST-LIO] starting
[FAST-LIO] command: /home/robot/livox_mid360_env/run_fastlio_mid360.sh
[FAST-LIO] pid=28395 pgid=28395 log=/home/robot/rong_ws/ws_offboard_control/flight_records/20260811/flight_20260811_163301/logs/fastlio.log
[INFO] [launch]: All log files can be found below /home/robot/.ros/log/2026-08-11-16-33-22-964679-robot-28503
[INFO] [launch]: Default logging verbosity is set to INFO
[INFO] [fastlio_mapping-1]: process started with pid [28530]
[fastlio_mapping-1] [INFO] [1786437203.194114273] [laser_mapping]: p_pre->lidar_type 1
[fastlio_mapping-1] Multi thread started 
[fastlio_mapping-1] ~~~~/home/robot/livox_mid360_env/ws_fastlio/src/fast_lio/ file opened
[fastlio_mapping-1] [INFO] [1786437203.219243351] [laser_mapping]: Node init finished.
[fastlio_mapping-1] [WARN] [1786437204.588546637] [laser_mapping]: No point, skip this scan!
[fastlio_mapping-1] 
[fastlio_mapping-1] IMU Initial Done
[fastlio_mapping-1] [WARN] [1786437204.688680178] [laser_mapping]: No point, skip this scan!
[fastlio_mapping-1] 
[fastlio_mapping-1] [INFO] [1786437204.789305749] [laser_mapping]: Initialize the map kdtree
[fastlio_mapping-1] catch sig %d2
[fastlio_mapping-1] Rebuild thread terminated normally
[INFO] [fastlio_mapping-1]: process has finished cleanly [pid 28530]
[FAST-LIO] 已退出，状态码 0
