[MAVROS and EV chain] starting
[MAVROS and EV chain] command: ros2 launch px4_ros_com fastlio_mavros_autofix.launch.py fcu_url:=serial:///dev/ttyUSB0:921600\?ids=255\,190 start_mavros_vision_bridge:=true start_odom_guard:=true start_ev_health_monitor:=true start_tf:=true world_yaw_alignment_rad:=0.0 fastlio_odom_topic:=/planning/odom body_to_sensor_x_m:=0.0 body_to_sensor_y_m:=0.0 body_to_sensor_z_m:=0.08 body_to_fastlio_yaw_rad:=0.0
[MAVROS and EV chain] pid=7243 pgid=7243 log=/home/robot/rong_ws/ws_offboard_control/flight_records/20260812/flight_20260812_230139/logs/px4_mavros.log
[INFO] [launch]: All log files can be found below /home/robot/.ros/log/2026-08-12-23-02-21-682447-robot-7243
[INFO] [launch]: Default logging verbosity is set to INFO
[INFO] [mavros_node-1]: process started with pid [7282]
[INFO] [fastlio_odometry_guard-2]: process started with pid [7284]
[INFO] [fastlio_ev_health_monitor.py-3]: process started with pid [7286]
[INFO] [fix_mavros_odometry_frames.py-4]: process started with pid [7288]
[INFO] [fastlio_mavros_vision_bridge-5]: process started with pid [7290]
[INFO] [static_transform_publisher-6]: process started with pid [7292]
[INFO] [static_transform_publisher-7]: process started with pid [7294]
[INFO] [static_transform_publisher-8]: process started with pid [7296]
[static_transform_publisher-8] [INFO] [1786546941.914924513] [body_to_body_frd]: Spinning until stopped - publishing transform
[static_transform_publisher-8] translation: ('0.000000', '0.000000', '0.000000')
[static_transform_publisher-8] rotation: ('1.000000', '0.000000', '0.000000', '0.000000')
[static_transform_publisher-8] from 'body' to 'body_frd'
[mavros_node-1] [INFO] [1786546941.919701929] [mavros.mavros_node]: Starting mavros_node container
[mavros_node-1] [INFO] [1786546941.919818091] [mavros.mavros_node]: FCU URL: serial:///dev/ttyUSB0:921600?ids=255,190
[mavros_node-1] [INFO] [1786546941.919825814] [mavros.mavros_node]: GCS URL: 
[mavros_node-1] [INFO] [1786546941.919830337] [mavros.mavros_node]: UAS Prefix: /uas1
[mavros_node-1] [INFO] [1786546941.919834735] [mavros.mavros_node]: Starting mavros router node
[fastlio_odometry_guard-2] [INFO] [1786546941.924044057] [fastlio_odometry_guard]: Guarding odometry /planning/odom -> /Odometry/guarded (jump=0.30m, xy=0.20m, z=0.10m, speed=1.20m/s, unknown angular variance>=100000)
[static_transform_publisher-6] [INFO] [1786546941.946470893] [base_link_to_body]: Spinning until stopped - publishing transform
[static_transform_publisher-6] translation: ('0.000000', '0.000000', '0.080000')
[static_transform_publisher-6] rotation: ('0.000000', '0.000000', '-0.000000', '1.000000')
[static_transform_publisher-6] from 'base_link' to 'body'
[static_transform_publisher-7] [INFO] [1786546941.965320425] [camera_init_to_camera_init_ned]: Spinning until stopped - publishing transform
[static_transform_publisher-7] translation: ('0.000000', '0.000000', '0.000000')
[static_transform_publisher-7] rotation: ('0.707107', '0.707107', '0.000000', '0.000000')
[static_transform_publisher-7] from 'camera_init' to 'camera_init_ned'
[fastlio_mavros_vision_bridge-5] [INFO] [1786546942.004563423] [fastlio_mavros_vision_bridge]: Bridging /Odometry/healthy -> /mavros/vision_pose/pose_cov + vision_speed for MAVROS vision input; body->FAST-LIO origin in body FLU=(0.0000, 0.0000, 0.0800) m, R_FASTLIO_body yaw=0.000000 rad, world yaw alignment=0.000000 rad
[mavros_node-1] [INFO] [1786546942.005126071] [mavros.mavros_router]: Built-in SIMD instructions: SSE, SSE2
[mavros_node-1] [INFO] [1786546942.005158283] [mavros.mavros_router]: Built-in MAVLink package version: 2026.3.3
[mavros_node-1] [INFO] [1786546942.005168003] [mavros.mavros_router]: Known MAVLink dialects: common ardupilotmega ASLUAV AVSSUAS all csAirLink cubepilot development icarous loweheiser marsh matrixpilot paparazzi standard stemstudios storm32 uAvionix ualberta
[mavros_node-1] [INFO] [1786546942.005173385] [mavros.mavros_router]: MAVROS Router started
[mavros_node-1] [INFO] [1786546942.005438936] [mavros.mavros_node]: Starting mavros uas node
[mavros_node-1] [INFO] [1786546942.161710780] [mavros.mavros_router]: Requested to add endpoint: type: 0, url: serial:///dev/ttyUSB0:921600?ids=255,190
[mavros_node-1] [INFO] [1786546942.161808105] [mavros.mavros_router]: Endpoint link[1000] created
[mavros_node-1] [INFO] [1786546942.162938137] [mavros.mavros_router]: link[1000] opened successfully
[mavros_node-1] [INFO] [1786546942.163034022] [mavros.mavros_router]: Requested to add endpoint: type: 2, url: /uas1
[mavros_node-1] [INFO] [1786546942.163075233] [mavros.mavros_router]: Endpoint link[1001] created
[mavros_node-1] [INFO] [1786546942.163535982] [mavros.mavros_router]: link[1000] detected remote address 112.170
[mavros_node-1] [INFO] [1786546942.167014322] [mavros.mavros_router]: link[1001] opened successfully
[mavros_node-1] [INFO] [1786546942.167739013] [mavros.mavros_router]: link[1000] detected remote address 1.1
[mavros_node-1] [INFO] [1786546942.171837847] [mavros.mavros]: UAS Executor started, threads: 16
[mavros_node-1] [INFO] [1786546942.171863593] [mavros.mavros]: Plugin actuator_control ignored
[mavros_node-1] [INFO] [1786546942.172168689] [mavros.mavros]: Plugin adsb ignored
[mavros_node-1] [INFO] [1786546942.172186800] [mavros.mavros]: Plugin altitude ignored
[mavros_node-1] [INFO] [1786546942.172191695] [mavros.mavros]: Plugin cam_imu_sync ignored
[mavros_node-1] [INFO] [1786546942.172196887] [mavros.mavros]: Plugin camera ignored
[mavros_node-1] [INFO] [1786546942.172201491] [mavros.mavros]: Plugin cellular_status ignored
[fix_mavros_odometry_frames.py-4] [INFO] [1786546942.224324717] [fix_mavros_odometry_frames]: Waiting for /mavros/odometry parameter service...
[mavros_node-1] [INFO] [1786546942.311682775] [mavros.mavros]: Plugin command created
[mavros_node-1] [INFO] [1786546942.311753385] [mavros.mavros]: Plugin command initialized
[mavros_node-1] [INFO] [1786546942.311760687] [mavros.mavros]: Plugin companion_process_status ignored
[mavros_node-1] [INFO] [1786546942.311763946] [mavros.mavros]: Plugin debug_value ignored
[mavros_node-1] [INFO] [1786546942.311766838] [mavros.mavros]: Plugin distance_sensor ignored
[mavros_node-1] [INFO] [1786546942.311769812] [mavros.mavros]: Plugin esc_status ignored
[mavros_node-1] [INFO] [1786546942.311772458] [mavros.mavros]: Plugin esc_telemetry ignored
[mavros_node-1] [INFO] [1786546942.311775069] [mavros.mavros]: Plugin fake_gps ignored
[mavros_node-1] [INFO] [1786546942.311778018] [mavros.mavros]: Plugin ftp ignored
[mavros_node-1] [INFO] [1786546942.311780654] [mavros.mavros]: Plugin geofence ignored
[mavros_node-1] [INFO] [1786546942.311783223] [mavros.mavros]: Plugin gimbal_control ignored
[mavros_node-1] [INFO] [1786546942.311785941] [mavros.mavros]: Plugin global_position ignored
[mavros_node-1] [INFO] [1786546942.311795629] [mavros.mavros]: Plugin gps_input ignored
[mavros_node-1] [INFO] [1786546942.311798923] [mavros.mavros]: Plugin gps_rtk ignored
[mavros_node-1] [INFO] [1786546942.311801506] [mavros.mavros]: Plugin gps_status ignored
[mavros_node-1] [INFO] [1786546942.311804041] [mavros.mavros]: Plugin guided_target ignored
[mavros_node-1] [INFO] [1786546942.311806625] [mavros.mavros]: Plugin hil ignored
[mavros_node-1] [INFO] [1786546942.311809552] [mavros.mavros]: Plugin home_position ignored
[mavros_node-1] [INFO] [1786546942.338175814] [mavros.mavros]: Plugin imu created
[mavros_node-1] [INFO] [1786546942.338287893] [mavros.mavros]: Plugin imu initialized
[mavros_node-1] [INFO] [1786546942.338309311] [mavros.mavros]: Plugin landing_target ignored
[mavros_node-1] [INFO] [1786546942.379436506] [mavros.mavros]: Plugin local_position created
[mavros_node-1] [INFO] [1786546942.379533003] [mavros.mavros]: Plugin local_position initialized
[mavros_node-1] [INFO] [1786546942.379545072] [mavros.mavros]: Plugin log_transfer ignored
[mavros_node-1] [INFO] [1786546942.379549976] [mavros.mavros]: Plugin mag_calibration_status ignored
[mavros_node-1] [INFO] [1786546942.379603972] [mavros.mavros]: Plugin manual_control ignored
[mavros_node-1] [INFO] [1786546942.379607686] [mavros.mavros]: Plugin mocap_pose_estimate ignored
[mavros_node-1] [INFO] [1786546942.379610826] [mavros.mavros]: Plugin mount_control ignored
[mavros_node-1] [INFO] [1786546942.379613693] [mavros.mavros]: Plugin nav_controller_output ignored
[mavros_node-1] [INFO] [1786546942.379616779] [mavros.mavros]: Plugin obstacle_distance ignored
[mavros_node-1] [INFO] [1786546942.379621069] [mavros.mavros]: Plugin obstacle_distance_3d ignored
[fastlio_ev_health_monitor.py-3] [INFO] [1786546942.396047384] [fastlio_ev_health_monitor]: EV health gate /planning/odom -> /Odometry/healthy; compare /mavros/local_position/velocity_local in PX4 local NED; status=/ev_health/status, diagnostics=/ev_health/diagnostics
[mavros_node-1] [INFO] [1786546942.419377974] [mavros.mavros]: Plugin odometry created
[mavros_node-1] [INFO] [1786546942.419436617] [mavros.mavros]: Plugin odometry initialized
[mavros_node-1] [INFO] [1786546942.419443546] [mavros.mavros]: Plugin onboard_computer_status ignored
[mavros_node-1] [INFO] [1786546942.419447105] [mavros.mavros]: Plugin open_drone_id ignored
[mavros_node-1] [INFO] [1786546942.419450036] [mavros.mavros]: Plugin optical_flow ignored
[mavros_node-1] [INFO] [1786546942.419452743] [mavros.mavros]: Plugin param ignored
[mavros_node-1] [INFO] [1786546942.419455675] [mavros.mavros]: Plugin play_tune ignored
[mavros_node-1] [INFO] [1786546942.419458555] [mavros.mavros]: Plugin px4flow ignored
[mavros_node-1] [INFO] [1786546942.419461220] [mavros.mavros]: Plugin rallypoint ignored
[mavros_node-1] [INFO] [1786546942.419463965] [mavros.mavros]: Plugin rangefinder ignored
[mavros_node-1] [INFO] [1786546942.419467007] [mavros.mavros]: Plugin rc_io ignored
[mavros_node-1] [INFO] [1786546942.419469834] [mavros.mavros]: Plugin setpoint_accel ignored
[mavros_node-1] [INFO] [1786546942.419472537] [mavros.mavros]: Plugin setpoint_attitude ignored
[mavros_node-1] [INFO] [1786546942.419475354] [mavros.mavros]: Plugin setpoint_position ignored
[mavros_node-1] [INFO] [1786546942.448282188] [mavros.mavros]: Plugin setpoint_raw created
[mavros_node-1] [INFO] [1786546942.448350071] [mavros.mavros]: Plugin setpoint_raw initialized
[mavros_node-1] [INFO] [1786546942.448358435] [mavros.mavros]: Plugin setpoint_trajectory ignored
[mavros_node-1] [INFO] [1786546942.448363428] [mavros.mavros]: Plugin setpoint_velocity ignored
[mavros_node-1] [INFO] [1786546942.448367446] [mavros.mavros]: Plugin sim_state ignored
[fastlio_ev_health_monitor.py-3] [WARN] [1786546942.475323423] [fastlio_ev_health_monitor]: EV health state=SUSPECT: waiting_for_ev
[fix_mavros_odometry_frames.py-4] [INFO] [1786546942.475878634] [fix_mavros_odometry_frames]: Setting MAVROS odometry target frames to odom/base_link.
[mavros_node-1] [INFO] [1786546942.481469085] [mavros.mavros]: Plugin sys_status created
[mavros_node-1] [INFO] [1786546942.481689433] [mavros.mavros]: Plugin sys_status initialized
[mavros_node-1] [INFO] [1786546942.509601183] [mavros.time]: TM: Timesync mode: MAVLINK
[mavros_node-1] [INFO] [1786546942.515404332] [mavros.mavros]: Plugin sys_time created
[mavros_node-1] [INFO] [1786546942.515552032] [mavros.mavros]: Plugin sys_time initialized
[mavros_node-1] [INFO] [1786546942.515567535] [mavros.mavros]: Plugin tdr_radio ignored
[mavros_node-1] [INFO] [1786546942.515574341] [mavros.mavros]: Plugin terrain ignored
[mavros_node-1] [INFO] [1786546942.515580166] [mavros.mavros]: Plugin trajectory ignored
[mavros_node-1] [INFO] [1786546942.515585545] [mavros.mavros]: Plugin tunnel ignored
[mavros_node-1] [INFO] [1786546942.515590953] [mavros.mavros]: Plugin vfr_hud ignored
[mavros_node-1] [INFO] [1786546942.515597337] [mavros.mavros]: Plugin vibration ignored
[mavros_node-1] [INFO] [1786546942.532265636] [mavros.mavros]: Plugin vision_pose created
[mavros_node-1] [INFO] [1786546942.532354223] [mavros.mavros]: Plugin vision_pose initialized
[mavros_node-1] [INFO] [1786546942.554864056] [mavros.mavros]: Plugin vision_speed created
[mavros_node-1] [INFO] [1786546942.554934795] [mavros.mavros]: Plugin vision_speed initialized
[mavros_node-1] [INFO] [1786546942.554944231] [mavros.mavros]: Plugin waypoint ignored
[mavros_node-1] [INFO] [1786546942.554947451] [mavros.mavros]: Plugin wheel_odometry ignored
[mavros_node-1] [INFO] [1786546942.554950832] [mavros.mavros]: Plugin wind_estimation ignored
[mavros_node-1] [INFO] [1786546942.556708420] [mavros.mavros]: Built-in SIMD instructions: SSE, SSE2
[mavros_node-1] [INFO] [1786546942.556749570] [mavros.mavros]: Built-in MAVLink package version: 2026.3.3
[mavros_node-1] [INFO] [1786546942.556753355] [mavros.mavros]: Known MAVLink dialects: common ardupilotmega ASLUAV AVSSUAS all csAirLink cubepilot development icarous loweheiser marsh matrixpilot paparazzi standard stemstudios storm32 uAvionix ualberta
[mavros_node-1] [INFO] [1786546942.556756529] [mavros.mavros]: MAVROS UAS via /uas1 started. MY ID 255.190, TARGET ID 1.1
[mavros_node-1] [INFO] [1786546942.560627632] [mavros.imu]: IMU: High resolution IMU detected!
[mavros_node-1] [INFO] [1786546942.575931468] [mavros.imu]: IMU: Attitude quaternion IMU detected!
[mavros_node-1] [INFO] [1786546942.579212637] [mavros.mavros_router]: link[1001] detected remote address 255.190
[mavros_node-1] [WARN] [1786546942.579314718] [mavros.odometry.rclcpp]: failed to send response to /mavros/odometry/set_parameters (timeout): client will not receive response, at ./src/rmw_response.cpp:154, at ./src/rcl/service.c:314
[fastlio_ev_health_monitor.py-3] [WARN] [1786546942.875278179] [fastlio_ev_health_monitor]: EV health state=FAULT: waiting_for_ev
[mavros_node-1] [INFO] [1786546942.879807175] [mavros.mavros]: CON: Got HEARTBEAT, connected. FCU: PX4 Autopilot
[mavros_node-1] [INFO] [1786546942.893307647] [mavros.imu]: IMU: Attitude quaternion IMU detected!
[mavros_node-1] [INFO] [1786546942.901222716] [mavros.imu]: IMU: High resolution IMU detected!
[mavros_node-1] [WARN] [1786546943.893491362] [mavros.cmd]: CMD: Unexpected command 520, result 3
[mavros_node-1] [WARN] [1786546944.927574577] [mavros.sys]: VER: broadcast request timeout, retries left 4
[fastlio_ev_health_monitor.py-3] [INFO] [1786546945.580832539] [fastlio_ev_health_monitor]: EV health state=HEALTHY: ok
[mavros_node-1] [WARN] [1786546945.884626497] [mavros.sys]: VER: broadcast request timeout, retries left 3
[mavros_node-1] [WARN] [1786546945.944585702] [mavros.sys]: FCU: UNK(8): EVENT 11047904 with args -0-128-0-18-1-0-0-0-0-0-0-0-0-131-191-1-128-0-0-0-0-0-0-0-0-0-0-0-0-0-0-0-0-0-0-0-0-0-0-0-
[mavros_node-1] [ERROR] [1786546945.944908035] [mavros.sys]: FCU: EVENT 16642797 with args -124-0-126-0-17-0-0-0-0-0-0-0-0-0-0-0-0-0-0-0-0-0-0-0-0-0-0-0-0-0-0-0-0-0-0-0-0-0-0-0-
[mavros_node-1] [ERROR] [1786546945.945212485] [mavros.sys]: FCU: EVENT 9077977 with args -255-255-255-255-7-0-0-0-0-0-0-0-0-0-0-0-0-0-0-0-0-0-0-0-0-0-0-0-0-0-0-0-0-0-0-0-0-0-0-0-
[mavros_node-1] [ERROR] [1786546945.945548635] [mavros.sys]: FCU: EVENT 11464574 with args -0-64-0-0-20-0-0-0-0-0-0-0-0-0-0-0-0-0-0-0-0-0-0-0-0-0-0-0-0-0-0-0-0-0-0-0-0-0-0-0-
[mavros_node-1] [ERROR] [1786546945.945897750] [mavros.sys]: FCU: EVENT 13835193 with args -124-0-126-0-17-0-0-0-0-0-0-0-0-0-0-0-0-0-0-0-0-0-0-0-0-0-0-0-0-0-0-0-0-0-0-0-0-0-0-0-
[mavros_node-1] [ERROR] [1786546945.946210833] [mavros.sys]: FCU: EVENT 10011251 with args -56-0-0-0-24-0-0-0-0-0-0-0-0-0-0-0-0-0-0-0-0-0-0-0-0-0-0-0-0-0-0-0-0-0-0-0-0-0-0-0-
[mavros_node-1] [INFO] [1786546945.946752634] [mavros.sys]: FCU: EVENT 377561 with args -8-0-0-0-20-0-0-0-0-0-0-0-0-0-0-0-0-0-0-0-0-0-0-0-0-0-0-0-0-0-0-0-0-0-0-0-0-0-0-0-
[mavros_node-1] [INFO] [1786546945.946955709] [mavros.sys]: FCU: EVENT 79408 with args -32-0-0-0-20-0-0-0-0-0-0-0-0-0-0-0-0-0-0-0-0-0-0-0-0-0-0-0-0-0-0-0-0-0-0-0-0-0-0-0-
[mavros_node-1] [ERROR] [1786546945.947295575] [mavros.sys]: FCU: EVENT 12754954 with args -255-255-255-255-20-0-0-0-0-0-0-0-0-0-0-0-0-0-0-0-0-0-0-0-0-0-0-0-0-0-0-0-0-0-0-0-0-0-0-0-
[mavros_node-1] [INFO] [1786546945.947396776] [mavros.sys]: FCU: EVENT 6801787 with args -255-255-255-255-12-0-0-0-0-0-0-0-0-0-0-0-0-0-0-0-0-0-0-0-0-0-0-0-0-0-0-0-0-0-0-0-0-0-0-0-
[mavros_node-1] [WARN] [1786546945.949757004] [mavros.sys]: FCU: UNK(8): EVENT 1914663 with args -0-130-0-2-48-0-0-0-0-0-0-0-0-0-0-0-0-0-0-0-0-0-0-0-0-0-0-0-0-0-0-0-0-0-0-0-0-0-0-0-
[mavros_node-1] [ERROR] [1786546946.893774530] [mavros.sys]: VER: command plugin service call failed!
[mavros_node-1] [WARN] [1786546946.893838621] [mavros.sys]: VER: unicast request timeout, retries left 2
[fastlio_ev_health_monitor.py-3] [WARN] [1786546946.912164849] [fastlio_ev_health_monitor]: EV health state=SUSPECT: stale_input age=0.343s
[mavros_node-1] [ERROR] [1786546947.897416063] [mavros.sys]: VER: command plugin service call failed!
[mavros_node-1] [WARN] [1786546947.897480860] [mavros.sys]: VER: unicast request timeout, retries left 1
[mavros_node-1] [WARN] [1786546948.015936176] [mavros.sys]: FCU: UNK(8): EVENT 11047904 with args -0-128-0-18-1-0-0-0-0-0-0-0-0-131-191-1-128-0-0-0-0-0-0-0-0-0-0-0-0-0-0-0-0-0-0-0-0-0-0-0-
[mavros_node-1] [ERROR] [1786546948.016293791] [mavros.sys]: FCU: EVENT 9077977 with args -255-255-255-255-7-0-0-0-0-0-0-0-0-0-0-0-0-0-0-0-0-0-0-0-0-0-0-0-0-0-0-0-0-0-0-0-0-0-0-0-
[mavros_node-1] [ERROR] [1786546948.016641292] [mavros.sys]: FCU: EVENT 11464574 with args -0-64-0-0-20-0-0-0-0-0-0-0-0-0-0-0-0-0-0-0-0-0-0-0-0-0-0-0-0-0-0-0-0-0-0-0-0-0-0-0-
[mavros_node-1] [ERROR] [1786546948.017037013] [mavros.sys]: FCU: EVENT 13835193 with args -124-0-126-0-17-0-0-0-0-0-0-0-0-0-0-0-0-0-0-0-0-0-0-0-0-0-0-0-0-0-0-0-0-0-0-0-0-0-0-0-
[mavros_node-1] [ERROR] [1786546948.017294222] [mavros.sys]: FCU: EVENT 10011251 with args -56-0-0-0-24-0-0-0-0-0-0-0-0-0-0-0-0-0-0-0-0-0-0-0-0-0-0-0-0-0-0-0-0-0-0-0-0-0-0-0-
[mavros_node-1] [INFO] [1786546948.017736121] [mavros.sys]: FCU: EVENT 377561 with args -8-0-0-0-20-0-0-0-0-0-0-0-0-0-0-0-0-0-0-0-0-0-0-0-0-0-0-0-0-0-0-0-0-0-0-0-0-0-0-0-
[mavros_node-1] [INFO] [1786546948.018036097] [mavros.sys]: FCU: EVENT 79408 with args -32-0-0-0-20-0-0-0-0-0-0-0-0-0-0-0-0-0-0-0-0-0-0-0-0-0-0-0-0-0-0-0-0-0-0-0-0-0-0-0-
[mavros_node-1] [ERROR] [1786546948.018394983] [mavros.sys]: FCU: EVENT 12754954 with args -255-255-255-255-20-0-0-0-0-0-0-0-0-0-0-0-0-0-0-0-0-0-0-0-0-0-0-0-0-0-0-0-0-0-0-0-0-0-0-0-
[mavros_node-1] [INFO] [1786546948.018754557] [mavros.sys]: FCU: EVENT 6801787 with args -255-255-255-255-12-0-0-0-0-0-0-0-0-0-0-0-0-0-0-0-0-0-0-0-0-0-0-0-0-0-0-0-0-0-0-0-0-0-0-0-
[mavros_node-1] [WARN] [1786546948.019124195] [mavros.sys]: FCU: UNK(8): EVENT 1914663 with args -0-130-0-2-48-0-0-0-0-0-0-0-0-0-0-0-0-0-0-0-0-0-0-0-0-0-0-0-0-0-0-0-0-0-0-0-0-0-0-0-
[mavros_node-1] [ERROR] [1786546948.898845042] [mavros.sys]: VER: command plugin service call failed!
[mavros_node-1] [WARN] [1786546948.898898515] [mavros.sys]: VER: unicast request timeout, retries left 0
[fastlio_ev_health_monitor.py-3] [INFO] [1786546948.979810001] [fastlio_ev_health_monitor]: EV health state=HEALTHY: ok
[mavros_node-1] [ERROR] [1786546949.894198375] [mavros.sys]: VER: command plugin service call failed!
[mavros_node-1] [WARN] [1786546949.894251510] [mavros.sys]: VER: your FCU don't support AUTOPILOT_VERSION, switched to default capabilities
[mavros_node-1] [WARN] [1786546950.091729113] [mavros.sys]: FCU: UNK(8): EVENT 11047904 with args -0-128-0-16-1-0-0-0-0-0-0-0-0-199-191-127-128-0-0-0-0-0-0-0-0-0-0-0-0-0-0-0-0-0-0-0-0-0-0-0-
[mavros_node-1] [ERROR] [1786546950.092021944] [mavros.sys]: FCU: EVENT 9077977 with args -255-255-255-255-7-0-0-0-0-0-0-0-0-0-0-0-0-0-0-0-0-0-0-0-0-0-0-0-0-0-0-0-0-0-0-0-0-0-0-0-
[mavros_node-1] [ERROR] [1786546950.092387730] [mavros.sys]: FCU: EVENT 11464574 with args -0-64-0-0-20-0-0-0-0-0-0-0-0-0-0-0-0-0-0-0-0-0-0-0-0-0-0-0-0-0-0-0-0-0-0-0-0-0-0-0-
[mavros_node-1] [ERROR] [1786546950.092720950] [mavros.sys]: FCU: EVENT 10011251 with args -56-0-0-0-24-0-0-0-0-0-0-0-0-0-0-0-0-0-0-0-0-0-0-0-0-0-0-0-0-0-0-0-0-0-0-0-0-0-0-0-
[mavros_node-1] [INFO] [1786546950.093085902] [mavros.sys]: FCU: EVENT 377561 with args -8-0-0-0-20-0-0-0-0-0-0-0-0-0-0-0-0-0-0-0-0-0-0-0-0-0-0-0-0-0-0-0-0-0-0-0-0-0-0-0-
[mavros_node-1] [INFO] [1786546950.093247253] [mavros.sys]: FCU: EVENT 79408 with args -32-0-0-0-20-0-0-0-0-0-0-0-0-0-0-0-0-0-0-0-0-0-0-0-0-0-0-0-0-0-0-0-0-0-0-0-0-0-0-0-
[mavros_node-1] [ERROR] [1786546950.093413511] [mavros.sys]: FCU: EVENT 12754954 with args -255-255-255-255-20-0-0-0-0-0-0-0-0-0-0-0-0-0-0-0-0-0-0-0-0-0-0-0-0-0-0-0-0-0-0-0-0-0-0-0-
[mavros_node-1] [INFO] [1786546950.093733409] [mavros.sys]: FCU: EVENT 6801787 with args -255-255-255-255-12-0-0-0-0-0-0-0-0-0-0-0-0-0-0-0-0-0-0-0-0-0-0-0-0-0-0-0-0-0-0-0-0-0-0-0-
[mavros_node-1] [WARN] [1786546950.094457896] [mavros.sys]: FCU: UNK(8): EVENT 1914663 with args -0-130-0-2-48-0-0-0-0-0-0-0-0-0-0-0-0-0-0-0-0-0-0-0-0-0-0-0-0-0-0-0-0-0-0-0-0-0-0-0-
[mavros_node-1] [WARN] [1786546956.504555487] [mavros.sys]: FCU: UNK(8): EVENT 11047904 with args -0-128-0-16-1-0-0-0-0-0-0-0-0-199-255-127-128-0-0-0-0-0-0-0-0-0-0-0-0-0-0-0-0-0-0-0-0-0-0-0-
[mavros_node-1] [ERROR] [1786546956.504983916] [mavros.sys]: FCU: EVENT 9077977 with args -255-255-255-255-7-0-0-0-0-0-0-0-0-0-0-0-0-0-0-0-0-0-0-0-0-0-0-0-0-0-0-0-0-0-0-0-0-0-0-0-
[mavros_node-1] [ERROR] [1786546956.505206819] [mavros.sys]: FCU: EVENT 10011251 with args -56-0-0-0-24-0-0-0-0-0-0-0-0-0-0-0-0-0-0-0-0-0-0-0-0-0-0-0-0-0-0-0-0-0-0-0-0-0-0-0-
[mavros_node-1] [INFO] [1786546956.505604301] [mavros.sys]: FCU: EVENT 377561 with args -8-0-0-0-20-0-0-0-0-0-0-0-0-0-0-0-0-0-0-0-0-0-0-0-0-0-0-0-0-0-0-0-0-0-0-0-0-0-0-0-
[mavros_node-1] [INFO] [1786546956.505914205] [mavros.sys]: FCU: EVENT 79408 with args -32-0-0-0-20-0-0-0-0-0-0-0-0-0-0-0-0-0-0-0-0-0-0-0-0-0-0-0-0-0-0-0-0-0-0-0-0-0-0-0-
[mavros_node-1] [ERROR] [1786546956.506248573] [mavros.sys]: FCU: EVENT 12754954 with args -255-255-255-255-20-0-0-0-0-0-0-0-0-0-0-0-0-0-0-0-0-0-0-0-0-0-0-0-0-0-0-0-0-0-0-0-0-0-0-0-
[mavros_node-1] [INFO] [1786546956.507244474] [mavros.sys]: FCU: EVENT 6801787 with args -255-255-255-255-12-0-0-0-0-0-0-0-0-0-0-0-0-0-0-0-0-0-0-0-0-0-0-0-0-0-0-0-0-0-0-0-0-0-0-0-
[mavros_node-1] [WARN] [1786546956.507469675] [mavros.sys]: FCU: UNK(8): EVENT 1914663 with args -0-130-0-2-48-0-0-0-0-0-0-0-0-0-0-0-0-0-0-0-0-0-0-0-0-0-0-0-0-0-0-0-0-0-0-0-0-0-0-0-
[fastlio_ev_health_monitor.py-3] [WARN] [1786546971.001002078] [fastlio_ev_health_monitor]: EV health state=SUSPECT: stale_input age=0.333s
[mavros_node-1] [WARN] [1786546971.193975662] [mavros.sys]: FCU: UNK(8): EVENT 11047904 with args -0-128-0-18-1-0-0-0-0-0-0-0-0-199-191-5-128-0-0-0-0-0-0-0-0-0-0-0-0-0-0-0-0-0-0-0-0-0-0-0-
[mavros_node-1] [ERROR] [1786546971.194409526] [mavros.sys]: FCU: EVENT 9077977 with args -255-255-255-255-7-0-0-0-0-0-0-0-0-0-0-0-0-0-0-0-0-0-0-0-0-0-0-0-0-0-0-0-0-0-0-0-0-0-0-0-
[mavros_node-1] [ERROR] [1786546971.194578552] [mavros.sys]: FCU: EVENT 13679014 with args -0-64-0-0-20-0-0-0-0-0-0-0-0-0-0-0-0-0-0-0-0-0-0-0-0-0-0-0-0-0-0-0-0-0-0-0-0-0-0-0-
[mavros_node-1] [ERROR] [1786546971.194948032] [mavros.sys]: FCU: EVENT 13835193 with args -56-0-122-0-17-0-0-0-0-0-0-0-0-0-0-0-0-0-0-0-0-0-0-0-0-0-0-0-0-0-0-0-0-0-0-0-0-0-0-0-
[mavros_node-1] [ERROR] [1786546971.195273026] [mavros.sys]: FCU: EVENT 10011251 with args -56-0-0-0-24-0-0-0-0-0-0-0-0-0-0-0-0-0-0-0-0-0-0-0-0-0-0-0-0-0-0-0-0-0-0-0-0-0-0-0-
[mavros_node-1] [INFO] [1786546971.195434199] [mavros.sys]: FCU: EVENT 377561 with args -8-0-0-0-20-0-0-0-0-0-0-0-0-0-0-0-0-0-0-0-0-0-0-0-0-0-0-0-0-0-0-0-0-0-0-0-0-0-0-0-
[mavros_node-1] [INFO] [1786546971.195630786] [mavros.sys]: FCU: EVENT 79408 with args -32-0-0-0-20-0-0-0-0-0-0-0-0-0-0-0-0-0-0-0-0-0-0-0-0-0-0-0-0-0-0-0-0-0-0-0-0-0-0-0-
[mavros_node-1] [ERROR] [1786546971.195981825] [mavros.sys]: FCU: EVENT 12754954 with args -255-255-255-255-20-0-0-0-0-0-0-0-0-0-0-0-0-0-0-0-0-0-0-0-0-0-0-0-0-0-0-0-0-0-0-0-0-0-0-0-
[mavros_node-1] [INFO] [1786546971.196366987] [mavros.sys]: FCU: EVENT 6801787 with args -255-255-255-255-12-0-0-0-0-0-0-0-0-0-0-0-0-0-0-0-0-0-0-0-0-0-0-0-0-0-0-0-0-0-0-0-0-0-0-0-
[mavros_node-1] [WARN] [1786546971.196651994] [mavros.sys]: FCU: UNK(8): EVENT 1914663 with args -0-130-0-2-48-0-0-0-0-0-0-0-0-0-0-0-0-0-0-0-0-0-0-0-0-0-0-0-0-0-0-0-0-0-0-0-0-0-0-0-
[fix_mavros_odometry_frames.py-4] [ERROR] [1786546972.477789026] [fix_mavros_odometry_frames]: Failed to set MAVROS odometry parameters.
[ERROR] [fix_mavros_odometry_frames.py-4]: process has died [pid 7288, exit code 1, cmd '/home/robot/rong_ws/ws_offboard_control/install/px4_ros_com/lib/px4_ros_com/fix_mavros_odometry_frames.py --ros-args -r __node:=fix_mavros_odometry_frames --params-file /tmp/launch_params_ollds67k'].
[fastlio_ev_health_monitor.py-3] [INFO] [1786546973.079429617] [fastlio_ev_health_monitor]: EV health state=HEALTHY: ok
[mavros_node-1] [WARN] [1786546973.273299680] [mavros.sys]: FCU: UNK(8): EVENT 11047904 with args -0-128-0-16-1-0-0-0-0-0-0-0-0-199-191-127-128-0-0-0-0-0-0-0-0-0-0-0-0-0-0-0-0-0-0-0-0-0-0-0-
[mavros_node-1] [ERROR] [1786546973.273666506] [mavros.sys]: FCU: EVENT 9077977 with args -255-255-255-255-7-0-0-0-0-0-0-0-0-0-0-0-0-0-0-0-0-0-0-0-0-0-0-0-0-0-0-0-0-0-0-0-0-0-0-0-
[mavros_node-1] [ERROR] [1786546973.274029877] [mavros.sys]: FCU: EVENT 11464574 with args -0-64-0-0-20-0-0-0-0-0-0-0-0-0-0-0-0-0-0-0-0-0-0-0-0-0-0-0-0-0-0-0-0-0-0-0-0-0-0-0-
[mavros_node-1] [ERROR] [1786546973.274347804] [mavros.sys]: FCU: EVENT 10011251 with args -56-0-0-0-24-0-0-0-0-0-0-0-0-0-0-0-0-0-0-0-0-0-0-0-0-0-0-0-0-0-0-0-0-0-0-0-0-0-0-0-
[mavros_node-1] [INFO] [1786546973.274731587] [mavros.sys]: FCU: EVENT 377561 with args -8-0-0-0-20-0-0-0-0-0-0-0-0-0-0-0-0-0-0-0-0-0-0-0-0-0-0-0-0-0-0-0-0-0-0-0-0-0-0-0-
[mavros_node-1] [INFO] [1786546973.275005981] [mavros.sys]: FCU: EVENT 79408 with args -32-0-0-0-20-0-0-0-0-0-0-0-0-0-0-0-0-0-0-0-0-0-0-0-0-0-0-0-0-0-0-0-0-0-0-0-0-0-0-0-
[mavros_node-1] [ERROR] [1786546973.275400444] [mavros.sys]: FCU: EVENT 12754954 with args -255-255-255-255-20-0-0-0-0-0-0-0-0-0-0-0-0-0-0-0-0-0-0-0-0-0-0-0-0-0-0-0-0-0-0-0-0-0-0-0-
[mavros_node-1] [INFO] [1786546973.275697169] [mavros.sys]: FCU: EVENT 6801787 with args -255-255-255-255-12-0-0-0-0-0-0-0-0-0-0-0-0-0-0-0-0-0-0-0-0-0-0-0-0-0-0-0-0-0-0-0-0-0-0-0-
[mavros_node-1] [WARN] [1786546973.276063928] [mavros.sys]: FCU: UNK(8): EVENT 1914663 with args -0-130-0-2-48-0-0-0-0-0-0-0-0-0-0-0-0-0-0-0-0-0-0-0-0-0-0-0-0-0-0-0-0-0-0-0-0-0-0-0-
[mavros_node-1] [WARN] [1786546980.597827786] [mavros.sys]: FCU: UNK(8): EVENT 11047904 with args -0-128-0-16-1-0-0-0-0-0-0-0-0-199-255-127-128-0-0-0-0-0-0-0-0-0-0-0-0-0-0-0-0-0-0-0-0-0-0-0-
[mavros_node-1] [ERROR] [1786546980.598190045] [mavros.sys]: FCU: EVENT 9077977 with args -255-255-255-255-7-0-0-0-0-0-0-0-0-0-0-0-0-0-0-0-0-0-0-0-0-0-0-0-0-0-0-0-0-0-0-0-0-0-0-0-
[mavros_node-1] [ERROR] [1786546980.598526653] [mavros.sys]: FCU: EVENT 10011251 with args -56-0-0-0-24-0-0-0-0-0-0-0-0-0-0-0-0-0-0-0-0-0-0-0-0-0-0-0-0-0-0-0-0-0-0-0-0-0-0-0-
[mavros_node-1] [INFO] [1786546980.598574740] [mavros.sys]: FCU: EVENT 377561 with args -8-0-0-0-20-0-0-0-0-0-0-0-0-0-0-0-0-0-0-0-0-0-0-0-0-0-0-0-0-0-0-0-0-0-0-0-0-0-0-0-
[mavros_node-1] [INFO] [1786546980.598847879] [mavros.sys]: FCU: EVENT 79408 with args -32-0-0-0-20-0-0-0-0-0-0-0-0-0-0-0-0-0-0-0-0-0-0-0-0-0-0-0-0-0-0-0-0-0-0-0-0-0-0-0-
[mavros_node-1] [ERROR] [1786546980.599253614] [mavros.sys]: FCU: EVENT 12754954 with args -255-255-255-255-20-0-0-0-0-0-0-0-0-0-0-0-0-0-0-0-0-0-0-0-0-0-0-0-0-0-0-0-0-0-0-0-0-0-0-0-
[mavros_node-1] [INFO] [1786546980.599567685] [mavros.sys]: FCU: EVENT 6801787 with args -255-255-255-255-12-0-0-0-0-0-0-0-0-0-0-0-0-0-0-0-0-0-0-0-0-0-0-0-0-0-0-0-0-0-0-0-0-0-0-0-
[mavros_node-1] [WARN] [1786546980.599953241] [mavros.sys]: FCU: UNK(8): EVENT 1914663 with args -0-130-0-2-48-0-0-0-0-0-0-0-0-0-0-0-0-0-0-0-0-0-0-0-0-0-0-0-0-0-0-0-0-0-0-0-0-0-0-0-
[mavros_node-1] [INFO] [1786546990.746283005] [mavros.sys]: FCU: EVENT 16682655 with args -0-0-0-0-0-0-0-0-0-0-0-0-0-0-0-0-0-0-0-0-0-0-0-0-0-0-0-0-0-0-0-0-0-0-0-0-0-0-0-0-
[mavros_node-1] [WARN] [1786546990.791510818] [mavros.sys]: FCU: UNK(8): EVENT 11047904 with args -0-0-0-0-1-0-0-0-0-199-255-127-128-199-255-127-128-0-0-0-0-0-0-0-0-0-0-0-0-0-0-0-0-0-0-0-0-0-0-0-
[mavros_node-1] [ERROR] [1786546990.791815115] [mavros.sys]: FCU: EVENT 10011251 with args -56-0-0-0-24-0-0-0-0-0-0-0-0-0-0-0-0-0-0-0-0-0-0-0-0-0-0-0-0-0-0-0-0-0-0-0-0-0-0-0-
[mavros_node-1] [INFO] [1786546990.792161534] [mavros.sys]: FCU: EVENT 377561 with args -8-0-0-0-20-0-0-0-0-0-0-0-0-0-0-0-0-0-0-0-0-0-0-0-0-0-0-0-0-0-0-0-0-0-0-0-0-0-0-0-
[mavros_node-1] [INFO] [1786546990.792531175] [mavros.sys]: FCU: EVENT 79408 with args -32-0-0-0-20-0-0-0-0-0-0-0-0-0-0-0-0-0-0-0-0-0-0-0-0-0-0-0-0-0-0-0-0-0-0-0-0-0-0-0-
[mavros_node-1] [INFO] [1786546990.792865026] [mavros.sys]: FCU: EVENT 6801787 with args -255-255-255-255-12-0-0-0-0-0-0-0-0-0-0-0-0-0-0-0-0-0-0-0-0-0-0-0-0-0-0-0-0-0-0-0-0-0-0-0-
[mavros_node-1] [WARN] [1786546990.792976136] [mavros.sys]: FCU: UNK(8): EVENT 1914663 with args -0-130-0-2-48-0-0-0-0-0-0-0-0-0-0-0-0-0-0-0-0-0-0-0-0-0-0-0-0-0-0-0-0-0-0-0-0-0-0-0-
[mavros_node-1] [INFO] [1786546991.145211116] [mavros.sys]: FCU: EVENT 9489139 with args -2-0-0-0-0-0-0-0-0-0-0-0-0-0-0-0-0-0-0-0-0-0-0-0-0-0-0-0-0-0-0-0-0-0-0-0-0-0-0-0-
[mavros_node-1] [INFO] [1786546991.197530068] [mavros.sys]: FCU: EVENT 4535132 with args -3-0-100-0-0-0-0-0-0-0-0-0-0-0-0-0-0-0-0-0-0-0-0-0-0-0-0-0-0-0-0-0-0-0-0-0-0-0-0-0-
[mavros_node-1] [INFO] [1786546992.471972042] [mavros.sys]: FCU: EVENT 4277609 with args -0-0-0-0-0-0-0-0-0-0-0-0-0-0-0-0-0-0-0-0-0-0-0-0-0-0-0-0-0-0-0-0-0-0-0-0-0-0-0-0-
[mavros_node-1] [WARN] [1786546992.888003604] [mavros.sys]: FCU: UNK(8): EVENT 11047904 with args -0-0-0-0-1-0-0-0-0-199-255-127-128-199-255-127-128-0-0-0-0-0-0-0-0-0-0-0-0-0-0-0-0-0-0-0-0-0-0-0-
[mavros_node-1] [ERROR] [1786546992.888174743] [mavros.sys]: FCU: EVENT 10011251 with args -56-0-0-0-24-0-0-0-0-0-0-0-0-0-0-0-0-0-0-0-0-0-0-0-0-0-0-0-0-0-0-0-0-0-0-0-0-0-0-0-
[mavros_node-1] [INFO] [1786546992.888363293] [mavros.sys]: FCU: EVENT 377561 with args -8-0-0-0-20-0-0-0-0-0-0-0-0-0-0-0-0-0-0-0-0-0-0-0-0-0-0-0-0-0-0-0-0-0-0-0-0-0-0-0-
[mavros_node-1] [INFO] [1786546992.888742090] [mavros.sys]: FCU: EVENT 79408 with args -32-0-0-0-20-0-0-0-0-0-0-0-0-0-0-0-0-0-0-0-0-0-0-0-0-0-0-0-0-0-0-0-0-0-0-0-0-0-0-0-
[mavros_node-1] [INFO] [1786546992.889028508] [mavros.sys]: FCU: EVENT 6801787 with args -255-255-255-255-12-0-0-0-0-0-0-0-0-0-0-0-0-0-0-0-0-0-0-0-0-0-0-0-0-0-0-0-0-0-0-0-0-0-0-0-
[mavros_node-1] [WARN] [1786546992.889057657] [mavros.sys]: FCU: UNK(8): EVENT 1914663 with args -0-130-4-2-48-0-0-0-0-0-0-0-0-0-0-0-0-0-0-0-0-0-0-0-0-0-0-0-0-0-0-0-0-0-0-0-0-0-0-0-
[mavros_node-1] [WARN] [1786547002.878215824] [uas]: PX4: Unknown sub-mode 3.2
[mavros_node-1] [WARN] [1786547003.879148291] [uas]: PX4: Unknown sub-mode 3.2
[mavros_node-1] [WARN] [1786547004.878064489] [uas]: PX4: Unknown sub-mode 3.2
[mavros_node-1] [WARN] [1786547005.877973438] [uas]: PX4: Unknown sub-mode 3.2
[mavros_node-1] [WARN] [1786547006.878226284] [uas]: PX4: Unknown sub-mode 3.2
[mavros_node-1] [WARN] [1786547007.878132684] [uas]: PX4: Unknown sub-mode 3.2
[mavros_node-1] [WARN] [1786547008.878686892] [uas]: PX4: Unknown sub-mode 3.2
[mavros_node-1] [WARN] [1786547009.878506140] [uas]: PX4: Unknown sub-mode 3.2
[mavros_node-1] [WARN] [1786547010.877176129] [uas]: PX4: Unknown sub-mode 3.2
[mavros_node-1] [WARN] [1786547011.879383467] [uas]: PX4: Unknown sub-mode 3.2
[mavros_node-1] [WARN] [1786547012.877335504] [uas]: PX4: Unknown sub-mode 3.2
[mavros_node-1] [WARN] [1786547013.878579960] [uas]: PX4: Unknown sub-mode 3.2
[mavros_node-1] [WARN] [1786547014.879807714] [uas]: PX4: Unknown sub-mode 3.2
[mavros_node-1] [WARN] [1786547015.879911954] [uas]: PX4: Unknown sub-mode 3.2
[mavros_node-1] [WARN] [1786547016.878757172] [uas]: PX4: Unknown sub-mode 3.2
[mavros_node-1] [WARN] [1786547017.880269702] [uas]: PX4: Unknown sub-mode 3.2
[mavros_node-1] [WARN] [1786547019.197035610] [uas]: PX4: Unknown sub-mode 3.2
[fastlio_ev_health_monitor.py-3] [WARN] [1786547019.204076947] [fastlio_ev_health_monitor]: EV health state=SUSPECT: stale_input age=0.334s
[mavros_node-1] [WARN] [1786547019.878991613] [uas]: PX4: Unknown sub-mode 3.2
[mavros_node-1] [WARN] [1786547020.879114719] [uas]: PX4: Unknown sub-mode 3.2
[fastlio_ev_health_monitor.py-3] [INFO] [1786547021.384672444] [fastlio_ev_health_monitor]: EV health state=HEALTHY: ok
[mavros_node-1] [WARN] [1786547021.879549433] [uas]: PX4: Unknown sub-mode 3.2
[mavros_node-1] [WARN] [1786547022.880561707] [uas]: PX4: Unknown sub-mode 3.2
[mavros_node-1] [WARN] [1786547023.878399862] [uas]: PX4: Unknown sub-mode 3.2
[mavros_node-1] [WARN] [1786547024.878800837] [uas]: PX4: Unknown sub-mode 3.2
[mavros_node-1] [WARN] [1786547025.878655708] [uas]: PX4: Unknown sub-mode 3.2
[mavros_node-1] [WARN] [1786547026.878744998] [uas]: PX4: Unknown sub-mode 3.2
[mavros_node-1] [WARN] [1786547027.880716420] [uas]: PX4: Unknown sub-mode 3.2
[mavros_node-1] [WARN] [1786547028.881323975] [uas]: PX4: Unknown sub-mode 3.2
[mavros_node-1] [WARN] [1786547029.878726692] [uas]: PX4: Unknown sub-mode 3.2
[mavros_node-1] [WARN] [1786547030.881793328] [uas]: PX4: Unknown sub-mode 3.2
[mavros_node-1] [WARN] [1786547031.880464146] [uas]: PX4: Unknown sub-mode 3.2
[mavros_node-1] [WARN] [1786547032.880482323] [uas]: PX4: Unknown sub-mode 3.2
[mavros_node-1] [WARN] [1786547033.881306285] [uas]: PX4: Unknown sub-mode 3.2
[mavros_node-1] [WARN] [1786547034.881415576] [uas]: PX4: Unknown sub-mode 3.2
[mavros_node-1] [WARN] [1786547035.881573408] [uas]: PX4: Unknown sub-mode 3.2
[mavros_node-1] [WARN] [1786547036.880900723] [uas]: PX4: Unknown sub-mode 3.2
[mavros_node-1] [WARN] [1786547037.881213301] [uas]: PX4: Unknown sub-mode 3.2
[mavros_node-1] [INFO] [1786547062.010083121] [mavros.mavros_router]: link[1000] removed stale remote address 112.0
[mavros_node-1] [INFO] [1786547062.010227915] [mavros.mavros_router]: link[1000] removed stale remote address 112.170
[fastlio_ev_health_monitor.py-3] [WARN] [1786547094.046432555] [fastlio_ev_health_monitor]: EV health state=SUSPECT: stale_input age=0.378s
[fastlio_ev_health_monitor.py-3] [INFO] [1786547096.187127668] [fastlio_ev_health_monitor]: EV health state=HEALTHY: ok
[mavros_node-1] [WARN] [1786547150.837378285] [uas]: PX4: Unknown sub-mode 3.2
[mavros_node-1] [WARN] [1786547151.839832132] [uas]: PX4: Unknown sub-mode 3.2
[mavros_node-1] [WARN] [1786547152.838717109] [uas]: PX4: Unknown sub-mode 3.2
[mavros_node-1] [ERROR] [1786547153.467165776] [mavros.sys]: FCU: EVENT 11290563 with args -0-0-0-0-0-0-0-0-0-0-0-0-0-0-0-0-0-0-0-0-0-0-0-0-0-0-0-0-0-0-0-0-0-0-0-0-0-0-0-0-
[mavros_node-1] [WARN] [1786547153.573980350] [mavros.sys]: FCU: UNK(8): EVENT 11047904 with args -0-0-0-16-1-0-0-0-0-0-0-0-0-199-255-127-128-0-0-0-0-0-0-0-0-0-0-0-0-0-0-0-0-0-0-0-0-0-0-0-
[mavros_node-1] [ERROR] [1786547153.574370381] [mavros.sys]: FCU: EVENT 10011251 with args -56-0-0-0-24-0-0-0-0-0-0-0-0-0-0-0-0-0-0-0-0-0-0-0-0-0-0-0-0-0-0-0-0-0-0-0-0-0-0-0-
[mavros_node-1] [INFO] [1786547153.574735313] [mavros.sys]: FCU: EVENT 377561 with args -8-0-0-0-20-0-0-0-0-0-0-0-0-0-0-0-0-0-0-0-0-0-0-0-0-0-0-0-0-0-0-0-0-0-0-0-0-0-0-0-
[mavros_node-1] [INFO] [1786547153.575114687] [mavros.sys]: FCU: EVENT 79408 with args -32-0-0-0-20-0-0-0-0-0-0-0-0-0-0-0-0-0-0-0-0-0-0-0-0-0-0-0-0-0-0-0-0-0-0-0-0-0-0-0-
[mavros_node-1] [ERROR] [1786547153.575360805] [mavros.sys]: FCU: EVENT 12754954 with args -255-255-255-255-20-0-0-0-0-0-0-0-0-0-0-0-0-0-0-0-0-0-0-0-0-0-0-0-0-0-0-0-0-0-0-0-0-0-0-0-
[mavros_node-1] [INFO] [1786547153.575761033] [mavros.sys]: FCU: EVENT 6801787 with args -255-255-255-255-12-0-0-0-0-0-0-0-0-0-0-0-0-0-0-0-0-0-0-0-0-0-0-0-0-0-0-0-0-0-0-0-0-0-0-0-
[mavros_node-1] [WARN] [1786547153.577933968] [mavros.sys]: FCU: UNK(8): EVENT 1914663 with args -0-130-4-2-48-0-0-0-0-0-0-0-0-0-0-0-0-0-0-0-0-0-0-0-0-0-0-0-0-0-0-0-0-0-0-0-0-0-0-0-
[mavros_node-1] [WARN] [1786547153.838189350] [uas]: PX4: Unknown sub-mode 3.2
[mavros_node-1] [WARN] [1786547154.836514475] [uas]: PX4: Unknown sub-mode 3.2
[mavros_node-1] [WARN] [1786547155.836120196] [uas]: PX4: Unknown sub-mode 3.2
[mavros_node-1] [WARN] [1786547156.836620505] [uas]: PX4: Unknown sub-mode 3.2
[mavros_node-1] [WARN] [1786547157.836236531] [uas]: PX4: Unknown sub-mode 3.2
[mavros_node-1] [INFO] [1786547158.125206108] [mavros.sys]: FCU: EVENT 9844908 with args -0-0-0-0-0-0-0-0-0-0-0-0-0-0-0-0-0-0-0-0-0-0-0-0-0-0-0-0-0-0-0-0-0-0-0-0-0-0-0-0-
[mavros_node-1] [INFO] [1786547158.476423966] [mavros.sys]: FCU: EVENT 16017271 with args -8-0-0-0-0-0-0-0-0-0-0-0-0-0-0-0-0-0-0-0-0-0-0-0-0-0-0-0-0-0-0-0-0-0-0-0-0-0-0-0-
[mavros_node-1] [WARN] [1786547158.477181683] [mavros.sys]: FCU: UNK(8): EVENT 11047904 with args -0-128-0-16-1-0-0-0-0-0-0-0-0-199-255-127-128-0-0-0-0-0-0-0-0-0-0-0-0-0-0-0-0-0-0-0-0-0-0-0-
[mavros_node-1] [ERROR] [1786547158.477487878] [mavros.sys]: FCU: EVENT 9077977 with args -255-255-255-255-7-0-0-0-0-0-0-0-0-0-0-0-0-0-0-0-0-0-0-0-0-0-0-0-0-0-0-0-0-0-0-0-0-0-0-0-
[mavros_node-1] [ERROR] [1786547158.477642497] [mavros.sys]: FCU: EVENT 10011251 with args -56-0-0-0-24-0-0-0-0-0-0-0-0-0-0-0-0-0-0-0-0-0-0-0-0-0-0-0-0-0-0-0-0-0-0-0-0-0-0-0-
[mavros_node-1] [INFO] [1786547158.477795462] [mavros.sys]: FCU: EVENT 377561 with args -8-0-0-0-20-0-0-0-0-0-0-0-0-0-0-0-0-0-0-0-0-0-0-0-0-0-0-0-0-0-0-0-0-0-0-0-0-0-0-0-
[mavros_node-1] [INFO] [1786547158.478125109] [mavros.sys]: FCU: EVENT 79408 with args -32-0-0-0-20-0-0-0-0-0-0-0-0-0-0-0-0-0-0-0-0-0-0-0-0-0-0-0-0-0-0-0-0-0-0-0-0-0-0-0-
[mavros_node-1] [ERROR] [1786547158.478568827] [mavros.sys]: FCU: EVENT 12754954 with args -255-255-255-255-20-0-0-0-0-0-0-0-0-0-0-0-0-0-0-0-0-0-0-0-0-0-0-0-0-0-0-0-0-0-0-0-0-0-0-0-
[mavros_node-1] [INFO] [1786547158.478907362] [mavros.sys]: FCU: EVENT 6801787 with args -255-255-255-255-12-0-0-0-0-0-0-0-0-0-0-0-0-0-0-0-0-0-0-0-0-0-0-0-0-0-0-0-0-0-0-0-0-0-0-0-
[mavros_node-1] [WARN] [1786547158.479261061] [mavros.sys]: FCU: UNK(8): EVENT 1914663 with args -0-130-4-2-48-0-0-0-0-0-0-0-0-0-0-0-0-0-0-0-0-0-0-0-0-0-0-0-0-0-0-0-0-0-0-0-0-0-0-0-
[mavros_node-1] [WARN] [1786547158.835826359] [uas]: PX4: Unknown sub-mode 3.2
[mavros_node-1] [WARN] [1786547159.836288642] [uas]: PX4: Unknown sub-mode 3.2
[mavros_node-1] [WARN] [1786547160.835032777] [uas]: PX4: Unknown sub-mode 3.2
[mavros_node-1] [WARN] [1786547161.530269173] [mavros.sys]: FCU: UNK(8): EVENT 11047904 with args -0-128-0-16-1-0-0-0-0-0-0-0-0-199-255-127-128-0-0-0-0-0-0-0-0-0-0-0-0-0-0-0-0-0-0-0-0-0-0-0-
[mavros_node-1] [ERROR] [1786547161.530581358] [mavros.sys]: FCU: EVENT 9077977 with args -255-255-255-255-7-0-0-0-0-0-0-0-0-0-0-0-0-0-0-0-0-0-0-0-0-0-0-0-0-0-0-0-0-0-0-0-0-0-0-0-
[mavros_node-1] [ERROR] [1786547161.530725474] [mavros.sys]: FCU: EVENT 10011251 with args -56-0-0-0-24-0-0-0-0-0-0-0-0-0-0-0-0-0-0-0-0-0-0-0-0-0-0-0-0-0-0-0-0-0-0-0-0-0-0-0-
[mavros_node-1] [INFO] [1786547161.530904785] [mavros.sys]: FCU: EVENT 377561 with args -8-0-0-0-20-0-0-0-0-0-0-0-0-0-0-0-0-0-0-0-0-0-0-0-0-0-0-0-0-0-0-0-0-0-0-0-0-0-0-0-
[mavros_node-1] [INFO] [1786547161.531260982] [mavros.sys]: FCU: EVENT 79408 with args -32-0-0-0-20-0-0-0-0-0-0-0-0-0-0-0-0-0-0-0-0-0-0-0-0-0-0-0-0-0-0-0-0-0-0-0-0-0-0-0-
[mavros_node-1] [ERROR] [1786547161.531586186] [mavros.sys]: FCU: EVENT 12754954 with args -255-255-255-255-20-0-0-0-0-0-0-0-0-0-0-0-0-0-0-0-0-0-0-0-0-0-0-0-0-0-0-0-0-0-0-0-0-0-0-0-
[mavros_node-1] [INFO] [1786547161.532035577] [mavros.sys]: FCU: EVENT 6801787 with args -255-255-255-255-12-0-0-0-0-0-0-0-0-0-0-0-0-0-0-0-0-0-0-0-0-0-0-0-0-0-0-0-0-0-0-0-0-0-0-0-
[mavros_node-1] [WARN] [1786547161.534166426] [mavros.sys]: FCU: UNK(8): EVENT 1914663 with args -0-130-0-2-48-0-0-0-0-0-0-0-0-0-0-0-0-0-0-0-0-0-0-0-0-0-0-0-0-0-0-0-0-0-0-0-0-0-0-0-
[mavros_node-1] [WARN] [1786547161.834723786] [uas]: PX4: Unknown sub-mode 3.2
[mavros_node-1] [WARN] [1786547162.834765212] [uas]: PX4: Unknown sub-mode 3.2
[mavros_node-1] [WARN] [1786547163.835764680] [uas]: PX4: Unknown sub-mode 3.2
[mavros_node-1] [WARN] [1786547164.836450897] [uas]: PX4: Unknown sub-mode 3.2
[mavros_node-1] [WARN] [1786547165.835177471] [uas]: PX4: Unknown sub-mode 3.2
[mavros_node-1] [WARN] [1786547166.835906256] [uas]: PX4: Unknown sub-mode 3.2
[MAVROS and EV chain] 正在停止进程组 7243
[MAVROS and EV chain] 已退出，状态码 143
