[debug rosbag] starting
[debug rosbag] command: env FLIGHT_TIMESTAMP=20260812_230139 FLIGHT_RUN_DIR=/home/robot/rong_ws/ws_offboard_control/flight_records/20260812/flight_20260812_230139 /home/robot/rong_ws/ws_offboard_control/tools/rosbag/开始录包.sh
[debug rosbag] pid=8360 pgid=8360 log=/home/robot/rong_ws/ws_offboard_control/flight_records/20260812/flight_20260812_230139/logs/rosbag_debug.log
本场次目录：/home/robot/rong_ws/ws_offboard_control/flight_records/20260812/flight_20260812_230139
参数快照目录：/home/robot/rong_ws/ws_offboard_control/flight_records/20260812/flight_20260812_230139/snapshot
录包输出目录：/home/robot/rong_ws/ws_offboard_control/flight_records/20260812/flight_20260812_230139/rosbag
是否录制完整配准点云：false
在本终端按 Ctrl+C 停止录包。
stdin is not a terminal device. Keyboard handling disabled.[INFO] [1786546961.057897267] [rosbag2_recorder]: Press SPACE for pausing/resuming
[INFO] [1786546961.060463128] [rosbag2_storage]: Opened database '/home/robot/rong_ws/ws_offboard_control/flight_records/20260812/flight_20260812_230139/rosbag/rosbag_0.db3' for READ_WRITE.
[INFO] [1786546961.063070856] [rosbag2_recorder]: Listening for topics...
[INFO] [1786546961.063083586] [rosbag2_recorder]: Event publisher thread: Starting
[INFO] [1786546961.065080446] [rosbag2_recorder]: Subscribed to topic '/race/ego/odom'
[INFO] [1786546961.066266889] [rosbag2_recorder]: Subscribed to topic '/mavros/vision_speed/speed_twist_cov'
[INFO] [1786546961.067522993] [rosbag2_recorder]: Subscribed to topic '/mavros/vision_pose/pose_cov'
[INFO] [1786546961.067663029] [rosbag2_recorder]: Recording...
[INFO] [1786546961.465676568] [rosbag2_recorder]: Subscribed to topic '/Odometry'
[INFO] [1786546961.468131170] [rosbag2_recorder]: Subscribed to topic '/Odometry/guarded'
[INFO] [1786546961.473477950] [rosbag2_recorder]: Subscribed to topic '/race/odom'
[INFO] [1786546961.478371141] [rosbag2_recorder]: Subscribed to topic '/tf_static'
[INFO] [1786546961.480643564] [rosbag2_recorder]: Subscribed to topic '/fastlio_global/relocalized_pose'
[INFO] [1786546961.482918925] [rosbag2_recorder]: Subscribed to topic '/goal_pose'
[INFO] [1786546961.485066065] [rosbag2_recorder]: Subscribed to topic '/path'
[INFO] [1786546961.486985114] [rosbag2_recorder]: Subscribed to topic '/race/ego/bspline'
[INFO] [1786546961.489193861] [rosbag2_recorder]: Subscribed to topic '/race/pose'
[INFO] [1786546961.491956311] [rosbag2_recorder]: Subscribed to topic '/tf'
[INFO] [1786546961.595824500] [rosbag2_recorder]: Subscribed to topic '/planning/odom'
[INFO] [1786546961.596842264] [rosbag2_recorder]: Subscribed to topic '/ev_health/velocity_ned'
[INFO] [1786546961.598325286] [rosbag2_recorder]: Subscribed to topic '/ev_health/diagnostics'
[INFO] [1786546961.599320419] [rosbag2_recorder]: Subscribed to topic '/ev_health/status'
[INFO] [1786546961.600123866] [rosbag2_recorder]: Subscribed to topic '/ev_health/fault'
[INFO] [1786546961.600899080] [rosbag2_recorder]: Subscribed to topic '/Odometry/healthy'
[INFO] [1786546962.112885474] [rosbag2_recorder]: Subscribed to topic '/race/ego/local_path_reference'
[INFO] [1786546962.114153683] [rosbag2_recorder]: Subscribed to topic '/race/ego/local_goal'
[INFO] [1786546962.115240191] [rosbag2_recorder]: Subscribed to topic '/race/control/status'
[INFO] [1786546962.116306335] [rosbag2_recorder]: Subscribed to topic '/race/ego/command_local_goal_seq'
[INFO] [1786546962.117654392] [rosbag2_recorder]: Subscribed to topic '/race/global_path'
[INFO] [1786546962.118934322] [rosbag2_recorder]: Subscribed to topic '/race/super_planner/raw_path'
[INFO] [1786546962.120834573] [rosbag2_recorder]: Subscribed to topic '/race/global_planner/status'
[INFO] [1786546962.122370415] [rosbag2_recorder]: Subscribed to topic '/race/ego/validated_bspline'
[INFO] [1786546962.124086112] [rosbag2_recorder]: Subscribed to topic '/mavros/local_position/velocity_body'
[INFO] [1786546962.127126776] [rosbag2_recorder]: Subscribed to topic '/mavros/setpoint_raw/target_local'
[INFO] [1786546962.127946813] [rosbag2_recorder]: Subscribed to topic '/mavros/local_position/odom'
[INFO] [1786546962.128843331] [rosbag2_recorder]: Subscribed to topic '/mavros/local_position/velocity_local'
[INFO] [1786546962.129863827] [rosbag2_recorder]: Subscribed to topic '/mavros/estimator_status'
[INFO] [1786546962.130866672] [rosbag2_recorder]: Subscribed to topic '/race/ego/trajectory_setpoint'
[INFO] [1786546962.131839901] [rosbag2_recorder]: Subscribed to topic '/race/ego/status'
[INFO] [1786546962.132877033] [rosbag2_recorder]: Subscribed to topic '/race/planner/status'
[INFO] [1786546962.135387372] [rosbag2_recorder]: Subscribed to topic '/race/ego/position_command'
[INFO] [1786546962.137079436] [rosbag2_recorder]: Subscribed to topic '/mavros/local_position/pose'
[INFO] [1786546962.138613180] [rosbag2_recorder]: Subscribed to topic '/mavros/setpoint_raw/local'
[INFO] [1786546962.140414124] [rosbag2_recorder]: Subscribed to topic '/mavros/state'
[INFO] [1786547166.966071218] [rosbag2_cpp]: Writing remaining messages from cache to the bag. It may take a while
[INFO] [1786547166.968620355] [rosbag2_recorder]: Event publisher thread: Exiting
[INFO] [1786547166.968731896] [rosbag2_recorder]: Recording stopped
[debug rosbag] 已退出，状态码 143
