[debug rosbag] starting
[debug rosbag] command: env FLIGHT_TIMESTAMP=20260811_221753 FLIGHT_RUN_DIR=/home/robot/rong_ws/ws_offboard_control/flight_records/20260811/flight_20260811_221753 /home/robot/rong_ws/ws_offboard_control/tools/rosbag/开始录包.sh
[debug rosbag] pid=19382 pgid=19382 log=/home/robot/rong_ws/ws_offboard_control/flight_records/20260811/flight_20260811_221753/logs/rosbag_debug.log
本场次目录：/home/robot/rong_ws/ws_offboard_control/flight_records/20260811/flight_20260811_221753
参数快照目录：/home/robot/rong_ws/ws_offboard_control/flight_records/20260811/flight_20260811_221753/snapshot
录包输出目录：/home/robot/rong_ws/ws_offboard_control/flight_records/20260811/flight_20260811_221753/rosbag
是否录制完整配准点云：false
在本终端按 Ctrl+C 停止录包。
stdin is not a terminal device. Keyboard handling disabled.[INFO] [1786457912.725988677] [rosbag2_recorder]: Press SPACE for pausing/resuming
[INFO] [1786457912.730257045] [rosbag2_storage]: Opened database '/home/robot/rong_ws/ws_offboard_control/flight_records/20260811/flight_20260811_221753/rosbag/rosbag_0.db3' for READ_WRITE.
[INFO] [1786457912.731420816] [rosbag2_recorder]: Listening for topics...
[INFO] [1786457912.731447359] [rosbag2_recorder]: Event publisher thread: Starting
[INFO] [1786457912.733372969] [rosbag2_recorder]: Subscribed to topic '/race/ego/bspline'
[INFO] [1786457912.733488698] [rosbag2_recorder]: Recording...
[INFO] [1786457912.837929361] [rosbag2_recorder]: Subscribed to topic '/mavros/local_position/velocity_body'
[INFO] [1786457912.841702530] [rosbag2_recorder]: Subscribed to topic '/mavros/setpoint_raw/target_local'
[INFO] [1786457912.843698985] [rosbag2_recorder]: Subscribed to topic '/mavros/estimator_status'
[INFO] [1786457912.844804713] [rosbag2_recorder]: Subscribed to topic '/ev_health/status'
[INFO] [1786457912.846405328] [rosbag2_recorder]: Subscribed to topic '/race/ego/status'
[INFO] [1786457912.848914040] [rosbag2_recorder]: Subscribed to topic '/race/ego/trajectory_setpoint'
[INFO] [1786457912.851896737] [rosbag2_recorder]: Subscribed to topic '/goal_pose'
[INFO] [1786457912.854221013] [rosbag2_recorder]: Subscribed to topic '/ev_health/velocity_ned'
[INFO] [1786457912.861985902] [rosbag2_recorder]: Subscribed to topic '/ev_health/diagnostics'
[INFO] [1786457912.863812140] [rosbag2_recorder]: Subscribed to topic '/mavros/local_position/velocity_local'
[INFO] [1786457912.865522885] [rosbag2_recorder]: Subscribed to topic '/mavros/local_position/odom'
[INFO] [1786457912.866347790] [rosbag2_recorder]: Subscribed to topic '/race/ego/command_local_goal_seq'
[INFO] [1786457912.867203642] [rosbag2_recorder]: Subscribed to topic '/path'
[INFO] [1786457912.867942745] [rosbag2_recorder]: Subscribed to topic '/mavros/vision_pose/pose_cov'
[INFO] [1786457912.868692643] [rosbag2_recorder]: Subscribed to topic '/race/pose'
[INFO] [1786457912.869427340] [rosbag2_recorder]: Subscribed to topic '/mavros/vision_speed/speed_twist_cov'
[INFO] [1786457912.870240780] [rosbag2_recorder]: Subscribed to topic '/mavros/state'
[INFO] [1786457912.871063028] [rosbag2_recorder]: Subscribed to topic '/race/odom'
[INFO] [1786457912.871788118] [rosbag2_recorder]: Subscribed to topic '/Odometry/guarded'
[INFO] [1786457912.872510049] [rosbag2_recorder]: Subscribed to topic '/Odometry'
[INFO] [1786457912.873158569] [rosbag2_recorder]: Subscribed to topic '/mavros/local_position/pose'
[INFO] [1786457912.874320012] [rosbag2_recorder]: Subscribed to topic '/race/ego/position_command'
[INFO] [1786457912.875023845] [rosbag2_recorder]: Subscribed to topic '/Odometry/healthy'
[INFO] [1786457912.875768430] [rosbag2_recorder]: Subscribed to topic '/ev_health/fault'
[INFO] [1786457912.876479576] [rosbag2_recorder]: Subscribed to topic '/race/ego/validated_bspline'
[INFO] [1786457913.827408517] [rosbag2_recorder]: Subscribed to topic '/race/ego/odom'
[INFO] [1786457913.828668087] [rosbag2_recorder]: Subscribed to topic '/race/ego/local_path_reference'
[INFO] [1786457913.829674984] [rosbag2_recorder]: Subscribed to topic '/race/ego/local_goal'
[INFO] [1786457913.831358509] [rosbag2_recorder]: Subscribed to topic '/race/global_path'
[INFO] [1786457913.832657462] [rosbag2_recorder]: Subscribed to topic '/race/control/status'
[INFO] [1786457913.833577080] [rosbag2_recorder]: Subscribed to topic '/mavros/setpoint_raw/local'
[INFO] [1786457913.834801677] [rosbag2_recorder]: Subscribed to topic '/race/global_planner/status'
[INFO] [1786457913.836755300] [rosbag2_recorder]: Subscribed to topic '/race/super_planner/raw_path'
[INFO] [1786457913.840000827] [rosbag2_recorder]: Subscribed to topic '/race/planner/status'
[INFO] [1786458050.302780339] [rosbag2_cpp]: Writing remaining messages from cache to the bag. It may take a while
[INFO] [1786458050.307279518] [rosbag2_recorder]: Event publisher thread: Exiting
[INFO] [1786458050.307429507] [rosbag2_recorder]: Recording stopped
/home/robot/rong_ws/ws_offboard_control/tools/flight/受管组件窗口.sh: 第 152 行： 19382 已杀死               setsid "$@"
[debug rosbag] 正在停止进程组 19382
[debug rosbag] 已退出，状态码 137
