Flight run directory: /home/robot/ws_offboard_control/flight_records/20260719/flight_20260719_153231
Parameter snapshot: /home/robot/ws_offboard_control/flight_records/20260719/flight_20260719_153231/snapshot
Recording rosbag to: /home/robot/ws_offboard_control/flight_records/20260719/flight_20260719_153231/rosbag
Press Ctrl+C in this terminal to stop recording.
stdin is not a terminal device. Keyboard handling disabled.[INFO] [1784446366.951504914] [rosbag2_recorder]: Press SPACE for pausing/resuming
[INFO] [1784446366.952893052] [rosbag2_storage]: Opened database '/home/robot/ws_offboard_control/flight_records/20260719/flight_20260719_153231/rosbag/rosbag_0.db3' for READ_WRITE.
[INFO] [1784446366.953711706] [rosbag2_recorder]: Listening for topics...
[INFO] [1784446366.953719753] [rosbag2_recorder]: Event publisher thread: Starting
[INFO] [1784446366.955592326] [rosbag2_recorder]: Subscribed to topic '/route_tracker/reference_path_3d'
[INFO] [1784446366.957840710] [rosbag2_recorder]: Subscribed to topic '/minipc_mavros_offboard/mpc_setpoint_debug'
[INFO] [1784446366.958606696] [rosbag2_recorder]: Subscribed to topic '/path'
[INFO] [1784446366.960478612] [rosbag2_recorder]: Subscribed to topic '/mavros/vision_pose/pose_cov'
[INFO] [1784446366.961183696] [rosbag2_recorder]: Subscribed to topic '/route_tracker/lookahead_target'
[INFO] [1784446366.961770486] [rosbag2_recorder]: Subscribed to topic '/mavros/setpoint_raw/local'
[INFO] [1784446366.963188171] [rosbag2_recorder]: Subscribed to topic '/cloud_registered'
[INFO] [1784446366.964066279] [rosbag2_recorder]: Subscribed to topic '/Odometry/guarded'
[INFO] [1784446366.965060446] [rosbag2_recorder]: Subscribed to topic '/Odometry'
[INFO] [1784446366.965162282] [rosbag2_recorder]: Recording...
[INFO] [1784446367.068838963] [rosbag2_recorder]: Subscribed to topic '/mavros/local_position/pose'
[INFO] [1784446367.069720793] [rosbag2_recorder]: Subscribed to topic '/mavros/local_position/odom'
[INFO] [1784446367.070469965] [rosbag2_recorder]: Subscribed to topic '/mavros/setpoint_raw/target_local'
[INFO] [1784446367.175535885] [rosbag2_recorder]: Subscribed to topic '/mavros/state'
