[INFO] [1784446362.079627244] [minipc_mavros_offboard]: Started minipc_mavros_offboard with arm_only=False, takeoff_height_m=0.8, hover_seconds=10.0, offboard_stabilize_seconds=20.0, use_rc_offboard=True, hold_after_arm_reject=True, ignore_z_in_arm_only=True, debug_hold_after_mode_drop=True, recent_pose_samples=30, require_vision_pose=True, vision_freshness_s=1.0, lift_only_seconds=0.0, z_ramp_seconds=1.0, target_xyz=(0.0, 0.0, -0.5), xy_move_unlock_height_m=0.5, yaw_deg=0.0, auto_land=False, land_on_offboard_loss=True, offboard_land=True, offboard_land_speed_mps=0.1, offboard_land_auto_handoff_height_m=0.1, auto_disarm_after_land=True, disarm_after_land_delay_s=2.0, land_wait_timeout_s=45.0, landed_ground_tolerance_m=0.06, target_reached_tolerance_m=0.15, landed_hold_seconds=0.0, drift_guard_enabled=True, drift_warning_m=0.2, drift_land_m=0.3, drift_emergency_m=0.5, legacy_max_horizontal_drift_m=0.5, mavros_state_freshness_s=1.5, control_mode=ramp, enable_route_tracking=False, route_path_topic=/nav2_stage1/path, route_fixed_flight_height_m=1.0, route_start_tolerance_m=0.4, route_goal_tolerance_m=0.2, route_lookahead_m=0.4, route_max_vxy_mps=0.25, route_max_vz_mps=0.15, route_setpoint_rate_hz=30.0, route_path_timeout_s=2.0, route_fail_action=hold, route_final_hold_seconds=3.0
[INFO] [1784446362.086109230] [minipc_mavros_offboard]: Waiting for MAVROS connection
[INFO] [1784446363.086375866] [minipc_mavros_offboard]: Waiting for MAVROS local odometry before arming
[INFO] [1784446363.086972456] [minipc_mavros_offboard]: Averaged MAVROS local odometry at lock x=0.03, y=-0.00, z=-0.12
[INFO] [1784446363.088565169] [minipc_mavros_offboard]: Target setpoint locked to ENU for MAVROS local setpoint x=0.03, y=-0.00, z_start=-0.12, z_final=0.38
[INFO] [1784446363.122602751] [minipc_mavros_offboard]: Streaming pre-arm MAVROS setpoints
[INFO] [1784446366.453125536] [minipc_mavros_offboard]: Streaming setpoints and waiting for RC to switch OFFBOARD
[INFO] [1784446375.053222550] [minipc_mavros_offboard]: OFFBOARD reported by MAVROS state
[INFO] [1784446395.119498012] [minipc_mavros_offboard]: Arming vehicle
[INFO] [1784446395.120382694] [minipc_mavros_offboard]: Requested arming
[INFO] [1784446395.153275570] [minipc_mavros_offboard]: Locked hold yaw to current MAVROS local yaw -0.2 deg
[INFO] [1784446395.186268549] [minipc_mavros_offboard]: Holding MAVROS setpoint
[INFO] [1784446395.186765032] [minipc_mavros_offboard]: Vehicle left armed/OFFBOARD state; continuing debug hold
[INFO] [1784446395.186973087] [minipc_mavros_offboard]: Debug hold after OFFBOARD/armed drop: connected=True, armed=False, guided=False, manual_input=False, mode=OFFBOARD
[INFO] [1784446395.219824052] [minipc_mavros_offboard]: Holding MAVROS setpoint
[INFO] [1784446395.220532341] [minipc_mavros_offboard]: Vehicle left armed/OFFBOARD state; continuing debug hold
[INFO] [1784446395.220948100] [minipc_mavros_offboard]: Debug hold after OFFBOARD/armed drop: connected=True, armed=False, guided=False, manual_input=False, mode=OFFBOARD
[INFO] [1784446395.252924598] [minipc_mavros_offboard]: Holding MAVROS setpoint
[INFO] [1784446395.253362056] [minipc_mavros_offboard]: Vehicle left armed/OFFBOARD state; continuing debug hold
[INFO] [1784446395.253530186] [minipc_mavros_offboard]: Debug hold after OFFBOARD/armed drop: connected=True, armed=False, guided=False, manual_input=False, mode=OFFBOARD
[INFO] [1784446395.286143396] [minipc_mavros_offboard]: Holding MAVROS setpoint
[INFO] [1784446395.286584622] [minipc_mavros_offboard]: Vehicle left armed/OFFBOARD state; continuing debug hold
[INFO] [1784446395.286771697] [minipc_mavros_offboard]: Debug hold after OFFBOARD/armed drop: connected=True, armed=False, guided=False, manual_input=False, mode=OFFBOARD
[INFO] [1784446395.319337540] [minipc_mavros_offboard]: Holding MAVROS setpoint
[INFO] [1784446395.319712084] [minipc_mavros_offboard]: Vehicle left armed/OFFBOARD state; continuing debug hold
[INFO] [1784446395.319881502] [minipc_mavros_offboard]: Debug hold after OFFBOARD/armed drop: connected=True, armed=False, guided=False, manual_input=False, mode=OFFBOARD
[INFO] [1784446395.352626079] [minipc_mavros_offboard]: Holding MAVROS setpoint
[INFO] [1784446395.352970773] [minipc_mavros_offboard]: Vehicle left armed/OFFBOARD state; continuing debug hold
[INFO] [1784446395.353136649] [minipc_mavros_offboard]: Debug hold after OFFBOARD/armed drop: connected=True, armed=False, guided=False, manual_input=False, mode=OFFBOARD
[INFO] [1784446395.386122441] [minipc_mavros_offboard]: Holding MAVROS setpoint
[INFO] [1784446395.386556639] [minipc_mavros_offboard]: Vehicle left armed/OFFBOARD state; continuing debug hold
[INFO] [1784446395.386749778] [minipc_mavros_offboard]: Debug hold after OFFBOARD/armed drop: connected=True, armed=False, guided=False, manual_input=False, mode=OFFBOARD
[INFO] [1784446395.419558690] [minipc_mavros_offboard]: Holding MAVROS setpoint
[INFO] [1784446395.420067588] [minipc_mavros_offboard]: Vehicle left armed/OFFBOARD state; continuing debug hold
[INFO] [1784446395.420235525] [minipc_mavros_offboard]: Debug hold after OFFBOARD/armed drop: connected=True, armed=False, guided=False, manual_input=False, mode=OFFBOARD
[INFO] [1784446395.452657242] [minipc_mavros_offboard]: Holding MAVROS setpoint
[INFO] [1784446395.453030698] [minipc_mavros_offboard]: Vehicle left armed/OFFBOARD state; continuing debug hold
[INFO] [1784446395.453201193] [minipc_mavros_offboard]: Debug hold after OFFBOARD/armed drop: connected=True, armed=False, guided=False, manual_input=False, mode=OFFBOARD
[INFO] [1784446395.486088447] [minipc_mavros_offboard]: Holding MAVROS setpoint
[INFO] [1784446395.486520327] [minipc_mavros_offboard]: Vehicle left armed/OFFBOARD state; continuing debug hold
[INFO] [1784446395.486712602] [minipc_mavros_offboard]: Debug hold after OFFBOARD/armed drop: connected=True, armed=False, guided=False, manual_input=False, mode=OFFBOARD
[INFO] [1784446395.519420394] [minipc_mavros_offboard]: Holding MAVROS setpoint
[INFO] [1784446395.519908619] [minipc_mavros_offboard]: Vehicle left armed/OFFBOARD state; continuing debug hold
[INFO] [1784446395.520080986] [minipc_mavros_offboard]: Debug hold after OFFBOARD/armed drop: connected=True, armed=False, guided=False, manual_input=False, mode=OFFBOARD
[INFO] [1784446395.552895172] [minipc_mavros_offboard]: Holding MAVROS setpoint
[INFO] [1784446395.553319355] [minipc_mavros_offboard]: Vehicle left armed/OFFBOARD state; continuing debug hold
[INFO] [1784446395.553497360] [minipc_mavros_offboard]: Debug hold after OFFBOARD/armed drop: connected=True, armed=False, guided=False, manual_input=False, mode=OFFBOARD
[INFO] [1784446395.586112816] [minipc_mavros_offboard]: Holding MAVROS setpoint
[INFO] [1784446395.586799230] [minipc_mavros_offboard]: Vehicle left armed/OFFBOARD state; continuing debug hold
[INFO] [1784446395.587011889] [minipc_mavros_offboard]: Debug hold after OFFBOARD/armed drop: connected=True, armed=False, guided=False, manual_input=False, mode=OFFBOARD
[INFO] [1784446395.619551899] [minipc_mavros_offboard]: Holding MAVROS setpoint
[INFO] [1784446395.620036197] [minipc_mavros_offboard]: Vehicle left armed/OFFBOARD state; continuing debug hold
[INFO] [1784446395.620221822] [minipc_mavros_offboard]: Debug hold after OFFBOARD/armed drop: connected=True, armed=False, guided=False, manual_input=False, mode=OFFBOARD
[INFO] [1784446395.652854328] [minipc_mavros_offboard]: Holding MAVROS setpoint
[INFO] [1784446395.653259674] [minipc_mavros_offboard]: Vehicle left armed/OFFBOARD state; continuing debug hold
[INFO] [1784446395.653430118] [minipc_mavros_offboard]: Debug hold after OFFBOARD/armed drop: connected=True, armed=False, guided=False, manual_input=False, mode=OFFBOARD
[INFO] [1784446395.686315813] [minipc_mavros_offboard]: Holding MAVROS setpoint
[INFO] [1784446395.686712726] [minipc_mavros_offboard]: Vehicle left armed/OFFBOARD state; continuing debug hold
[INFO] [1784446395.686877150] [minipc_mavros_offboard]: Debug hold after OFFBOARD/armed drop: connected=True, armed=False, guided=False, manual_input=False, mode=OFFBOARD
[INFO] [1784446395.719433792] [minipc_mavros_offboard]: Holding MAVROS setpoint
[INFO] [1784446395.719919269] [minipc_mavros_offboard]: Vehicle left armed/OFFBOARD state; continuing debug hold
[INFO] [1784446395.720089706] [minipc_mavros_offboard]: Debug hold after OFFBOARD/armed drop: connected=True, armed=False, guided=False, manual_input=False, mode=OFFBOARD
[INFO] [1784446395.752773399] [minipc_mavros_offboard]: Holding MAVROS setpoint
[INFO] [1784446395.753196472] [minipc_mavros_offboard]: Vehicle left armed/OFFBOARD state; continuing debug hold
[INFO] [1784446395.753365317] [minipc_mavros_offboard]: Debug hold after OFFBOARD/armed drop: connected=True, armed=False, guided=False, manual_input=False, mode=OFFBOARD
[INFO] [1784446395.786126529] [minipc_mavros_offboard]: Holding MAVROS setpoint
[INFO] [1784446395.786597133] [minipc_mavros_offboard]: Vehicle left armed/OFFBOARD state; continuing debug hold
[INFO] [1784446395.786804449] [minipc_mavros_offboard]: Debug hold after OFFBOARD/armed drop: connected=True, armed=False, guided=False, manual_input=False, mode=OFFBOARD
[INFO] [1784446395.819427804] [minipc_mavros_offboard]: Holding MAVROS setpoint
[INFO] [1784446395.819926371] [minipc_mavros_offboard]: Vehicle left armed/OFFBOARD state; continuing debug hold
[INFO] [1784446395.820097321] [minipc_mavros_offboard]: Debug hold after OFFBOARD/armed drop: connected=True, armed=False, guided=False, manual_input=False, mode=OFFBOARD
[INFO] [1784446395.852725239] [minipc_mavros_offboard]: Holding MAVROS setpoint
[INFO] [1784446395.853122129] [minipc_mavros_offboard]: Vehicle left armed/OFFBOARD state; continuing debug hold
[INFO] [1784446395.853295260] [minipc_mavros_offboard]: Debug hold after OFFBOARD/armed drop: connected=True, armed=False, guided=False, manual_input=False, mode=OFFBOARD
[INFO] [1784446395.886053349] [minipc_mavros_offboard]: Holding MAVROS setpoint
[INFO] [1784446395.886484351] [minipc_mavros_offboard]: Vehicle left armed/OFFBOARD state; continuing debug hold
[INFO] [1784446395.886675203] [minipc_mavros_offboard]: Debug hold after OFFBOARD/armed drop: connected=True, armed=False, guided=False, manual_input=False, mode=OFFBOARD
[INFO] [1784446395.919449282] [minipc_mavros_offboard]: Holding MAVROS setpoint
[INFO] [1784446395.919952288] [minipc_mavros_offboard]: Vehicle left armed/OFFBOARD state; continuing debug hold
[INFO] [1784446395.920126574] [minipc_mavros_offboard]: Debug hold after OFFBOARD/armed drop: connected=True, armed=False, guided=False, manual_input=False, mode=OFFBOARD
[INFO] [1784446395.952881078] [minipc_mavros_offboard]: Holding MAVROS setpoint
[INFO] [1784446395.953347467] [minipc_mavros_offboard]: Vehicle left armed/OFFBOARD state; continuing debug hold
[INFO] [1784446395.953593405] [minipc_mavros_offboard]: Debug hold after OFFBOARD/armed drop: connected=True, armed=False, guided=False, manual_input=False, mode=OFFBOARD
[INFO] [1784446395.986139151] [minipc_mavros_offboard]: Holding MAVROS setpoint
[INFO] [1784446395.986693206] [minipc_mavros_offboard]: Vehicle left armed/OFFBOARD state; continuing debug hold
[INFO] [1784446395.986882060] [minipc_mavros_offboard]: Debug hold after OFFBOARD/armed drop: connected=True, armed=False, guided=False, manual_input=False, mode=OFFBOARD
[INFO] [1784446396.019337183] [minipc_mavros_offboard]: Holding MAVROS setpoint
[INFO] [1784446396.019718333] [minipc_mavros_offboard]: Vehicle left armed/OFFBOARD state; continuing debug hold
[INFO] [1784446396.019887676] [minipc_mavros_offboard]: Debug hold after OFFBOARD/armed drop: connected=True, armed=False, guided=False, manual_input=False, mode=OFFBOARD
[INFO] [1784446396.052740375] [minipc_mavros_offboard]: Holding MAVROS setpoint
[INFO] [1784446410.786807293] [minipc_mavros_offboard]: Target reached; starting hover timer before landing
[INFO] [1784446420.852750187] [minipc_mavros_offboard]: Landing with OFFBOARD position setpoints
[INFO] [1784446420.853022970] [minipc_mavros_offboard]: Starting OFFBOARD controlled landing: z_start=0.21, z_end=-0.12, speed=0.10 m/s
[INFO] [1784446429.386668980] [minipc_mavros_offboard]: OFFBOARD landing reached AUTO.LAND handoff height; requesting AUTO.LAND
[INFO] [1784446429.420361376] [minipc_mavros_offboard]: Landing
[INFO] [1784446429.420910294] [minipc_mavros_offboard]: Requested AUTO.LAND mode
[INFO] [1784446429.486311529] [minipc_mavros_offboard]: Waiting for landing completion before disarm
[INFO] [1784446431.253072986] [minipc_mavros_offboard]: Landing detected; waiting before disarm request
[INFO] [1784446433.286105359] [minipc_mavros_offboard]: Disarming after landing
[INFO] [1784446433.286657270] [minipc_mavros_offboard]: Requested disarm after landing
[INFO] [1784446433.353053317] [minipc_mavros_offboard]: Waiting for disarm confirmation
[INFO] [1784446434.053082177] [minipc_mavros_offboard]: Vehicle disarmed; motors should be stopped
[INFO] [1784446434.086376579] [minipc_mavros_offboard]: MAVROS offboard control completed; stopping node
