[relocalization frame bridge] starting
[relocalization frame bridge] command: python3 /home/robot/rong_ws/ws_offboard_control/tools/fastlio/重定位坐标桥.py --ros-args -p odom_topic:=/Odometry -p output_odom_topic:=/planning/odom -p map_frame:=map -p odom_frame:=camera_init -p body_frame:=body -p publish_odom_body_tf:=false
[relocalization frame bridge] pid=17656 pgid=17656 log=/home/robot/rong_ws/ws_offboard_control/flight_records/20260816/flight_20260816_043609/logs/relocalization_bridge.log
[INFO] [1786826195.958821977] [planning_relocalization_frame_bridge]: 等待 FR-LIO 里程计和重定位结果；成功后发布 /planning/odom。
[INFO] [1786826205.708655947] [planning_relocalization_frame_bridge]: 重定位坐标对齐完成，开始发布 map -> camera_init 和 /planning/odom。
Traceback (most recent call last):
  File "/home/robot/rong_ws/ws_offboard_control/tools/fastlio/重定位坐标桥.py", line 264, in <module>
    main()
  File "/home/robot/rong_ws/ws_offboard_control/tools/fastlio/重定位坐标桥.py", line 254, in main
    rclpy.spin(node)
  File "/opt/ros/humble/local/lib/python3.10/dist-packages/rclpy/__init__.py", line 229, in spin
    executor.spin_once()
  File "/opt/ros/humble/local/lib/python3.10/dist-packages/rclpy/executors.py", line 808, in spin_once
    self._spin_once_impl(timeout_sec)
  File "/opt/ros/humble/local/lib/python3.10/dist-packages/rclpy/executors.py", line 797, in _spin_once_impl
    handler, entity, node = self.wait_for_ready_callbacks(timeout_sec=timeout_sec)
  File "/opt/ros/humble/local/lib/python3.10/dist-packages/rclpy/executors.py", line 780, in wait_for_ready_callbacks
    return next(self._cb_iter)
  File "/opt/ros/humble/local/lib/python3.10/dist-packages/rclpy/executors.py", line 653, in _wait_for_ready_callbacks
    wait_set = _rclpy.WaitSet(
rclpy._rclpy_pybind11.RCLError: failed to initialize wait set: the given context is not valid, either rcl_init() was not called or rcl_shutdown() was called., at ./src/rcl/wait.c:130
[relocalization frame bridge] 已退出，状态码 1
