[debug rosbag] starting
[debug rosbag] command: env FLIGHT_TIMESTAMP=20260811_202934 FLIGHT_RUN_DIR=/home/robot/rong_ws/ws_offboard_control/flight_records/20260811/flight_20260811_202934 /home/robot/rong_ws/ws_offboard_control/tools/rosbag/开始录包.sh
[debug rosbag] pid=17569 pgid=17569 log=/home/robot/rong_ws/ws_offboard_control/flight_records/20260811/flight_20260811_202934/logs/rosbag_debug.log
本场次目录：/home/robot/rong_ws/ws_offboard_control/flight_records/20260811/flight_20260811_202934
参数快照目录：/home/robot/rong_ws/ws_offboard_control/flight_records/20260811/flight_20260811_202934/snapshot
录包输出目录：/home/robot/rong_ws/ws_offboard_control/flight_records/20260811/flight_20260811_202934/rosbag
是否录制完整配准点云：false
在本终端按 Ctrl+C 停止录包。
stdin is not a terminal device. Keyboard handling disabled.[INFO] [1786451408.163109958] [rosbag2_recorder]: Press SPACE for pausing/resuming
[INFO] [1786451408.163976123] [rosbag2_storage]: Opened database '/home/robot/rong_ws/ws_offboard_control/flight_records/20260811/flight_20260811_202934/rosbag/rosbag_0.db3' for READ_WRITE.
[INFO] [1786451408.164389128] [rosbag2_recorder]: Listening for topics...
[INFO] [1786451408.164397933] [rosbag2_recorder]: Event publisher thread: Starting
[INFO] [1786451408.165507170] [rosbag2_recorder]: Subscribed to topic '/race/ego/odom'
[INFO] [1786451408.165550552] [rosbag2_recorder]: Recording...
[INFO] [1786451408.267832918] [rosbag2_recorder]: Subscribed to topic '/mavros/setpoint_raw/local'
[INFO] [1786451408.268416788] [rosbag2_recorder]: Subscribed to topic '/race/control/status'
[INFO] [1786451408.269076913] [rosbag2_recorder]: Subscribed to topic '/race/odom'
[INFO] [1786451408.269956442] [rosbag2_recorder]: Subscribed to topic '/race/pose'
[INFO] [1786451408.575028843] [rosbag2_recorder]: Subscribed to topic '/race/ego/trajectory_setpoint'
[INFO] [1786451408.576767157] [rosbag2_recorder]: Subscribed to topic '/race/ego/status'
[INFO] [1786451408.578328869] [rosbag2_recorder]: Subscribed to topic '/race/global_path'
[INFO] [1786451408.580646392] [rosbag2_recorder]: Subscribed to topic '/race/ego/position_command'
[INFO] [1786451408.581515954] [rosbag2_recorder]: Subscribed to topic '/race/super_planner/raw_path'
[INFO] [1786451408.586255220] [rosbag2_recorder]: Subscribed to topic '/race/planner/status'
[INFO] [1786451408.589241318] [rosbag2_recorder]: Subscribed to topic '/race/global_planner/status'
[INFO] [1786451408.596839505] [rosbag2_recorder]: Subscribed to topic '/race/ego/local_path_reference'
[INFO] [1786451408.599077479] [rosbag2_recorder]: Subscribed to topic '/race/ego/local_goal'
[INFO] [1786451408.601453799] [rosbag2_recorder]: Subscribed to topic '/race/ego/command_local_goal_seq'
[INFO] [1786451408.604146204] [rosbag2_recorder]: Subscribed to topic '/path'
[INFO] [1786451408.606549823] [rosbag2_recorder]: Subscribed to topic '/race/ego/validated_bspline'
[INFO] [1786451408.608405169] [rosbag2_recorder]: Subscribed to topic '/Odometry'
[INFO] [1786451408.711645732] [rosbag2_recorder]: Subscribed to topic '/race/ego/bspline'
[INFO] [1786451408.712563153] [rosbag2_recorder]: Subscribed to topic '/goal_pose'
[INFO] [1786451410.448681752] [rosbag2_recorder]: Subscribed to topic '/mavros/estimator_status'
[INFO] [1786451410.452097093] [rosbag2_recorder]: Subscribed to topic '/mavros/state'
[INFO] [1786451410.454486670] [rosbag2_recorder]: Subscribed to topic '/mavros/local_position/velocity_body'
[INFO] [1786451410.457422901] [rosbag2_recorder]: Subscribed to topic '/mavros/setpoint_raw/target_local'
[INFO] [1786451410.462622778] [rosbag2_recorder]: Subscribed to topic '/mavros/local_position/velocity_local'
[INFO] [1786451410.467970572] [rosbag2_recorder]: Subscribed to topic '/mavros/local_position/odom'
[INFO] [1786451410.470383732] [rosbag2_recorder]: Subscribed to topic '/mavros/local_position/pose'
[INFO] [1786451410.574690318] [rosbag2_recorder]: Subscribed to topic '/ev_health/diagnostics'
[INFO] [1786451410.575964916] [rosbag2_recorder]: Subscribed to topic '/mavros/vision_pose/pose_cov'
[INFO] [1786451410.577888051] [rosbag2_recorder]: Subscribed to topic '/mavros/vision_speed/speed_twist_cov'
[INFO] [1786451410.578943036] [rosbag2_recorder]: Subscribed to topic '/Odometry/guarded'
[INFO] [1786451410.579965104] [rosbag2_recorder]: Subscribed to topic '/ev_health/velocity_ned'
[INFO] [1786451410.581144457] [rosbag2_recorder]: Subscribed to topic '/Odometry/healthy'
[INFO] [1786451410.582027318] [rosbag2_recorder]: Subscribed to topic '/ev_health/fault'
[INFO] [1786451410.582818358] [rosbag2_recorder]: Subscribed to topic '/ev_health/status'
[INFO] [1786451450.662296552] [rosbag2_cpp]: Writing remaining messages from cache to the bag. It may take a while
[INFO] [1786451450.676141218] [rosbag2_recorder]: Event publisher thread: Exiting
[INFO] [1786451450.676306760] [rosbag2_recorder]: Recording stopped
[debug rosbag] 已退出，状态码 143
