[INFO] [launch]: All log files can be found below /home/robot/.ros/log/2026-07-19-15-24-04-440483-robot-14703
[INFO] [launch]: Default logging verbosity is set to INFO
[INFO] [mavros_node-1]: process started with pid [14704]
[INFO] [fastlio_odometry_guard-2]: process started with pid [14706]
[INFO] [fastlio_mavros_vision_bridge-3]: process started with pid [14708]
[INFO] [static_transform_publisher-4]: process started with pid [14710]
[INFO] [static_transform_publisher-5]: process started with pid [14712]
[INFO] [static_transform_publisher-6]: process started with pid [14714]
[INFO] [static_transform_publisher-7]: process started with pid [14716]
[static_transform_publisher-4] [INFO] [1784445844.572158108] [odom_to_camera_init]: Spinning until stopped - publishing transform
[static_transform_publisher-4] translation: ('0.000000', '0.000000', '0.000000')
[static_transform_publisher-4] rotation: ('0.000000', '0.000000', '0.000000', '1.000000')
[static_transform_publisher-4] from 'odom' to 'camera_init'
[static_transform_publisher-5] [INFO] [1784445844.572193820] [base_link_to_body]: Spinning until stopped - publishing transform
[static_transform_publisher-5] translation: ('0.000000', '0.000000', '0.000000')
[static_transform_publisher-5] rotation: ('0.000000', '0.000000', '0.000000', '1.000000')
[static_transform_publisher-5] from 'base_link' to 'body'
[fastlio_mavros_vision_bridge-3] [INFO] [1784445844.572275277] [fastlio_mavros_vision_bridge]: Bridging /Odometry/guarded -> /mavros/vision_pose/pose_cov for MAVROS vision input
[static_transform_publisher-6] [INFO] [1784445844.575436831] [camera_init_to_camera_init_ned]: Spinning until stopped - publishing transform
[static_transform_publisher-6] translation: ('0.000000', '0.000000', '0.000000')
[static_transform_publisher-6] rotation: ('1.000000', '0.000000', '0.000000', '0.000000')
[static_transform_publisher-6] from 'camera_init' to 'camera_init_ned'
[mavros_node-1] [INFO] [1784445844.576441250] [mavros.mavros_node]: Starting mavros_node container
[mavros_node-1] [INFO] [1784445844.576609510] [mavros.mavros_node]: FCU URL: serial:///dev/ttyUSB0:921600?ids=255,190
[mavros_node-1] [INFO] [1784445844.576622570] [mavros.mavros_node]: GCS URL: 
[mavros_node-1] [INFO] [1784445844.576631397] [mavros.mavros_node]: UAS Prefix: /uas1
[mavros_node-1] [INFO] [1784445844.576639442] [mavros.mavros_node]: Starting mavros router node
[fastlio_odometry_guard-2] [INFO] [1784445844.581139051] [fastlio_odometry_guard]: Guarding odometry /Odometry -> /Odometry/guarded (jump=0.30m, xy=0.20m, z=0.10m, speed=1.20m/s)
[static_transform_publisher-7] [INFO] [1784445844.583320865] [body_to_body_frd]: Spinning until stopped - publishing transform
[static_transform_publisher-7] translation: ('0.000000', '0.000000', '0.000000')
[static_transform_publisher-7] rotation: ('1.000000', '0.000000', '0.000000', '0.000000')
[static_transform_publisher-7] from 'body' to 'body_frd'
[mavros_node-1] [INFO] [1784445844.588831286] [mavros.mavros_router]: Built-in SIMD instructions: SSE, SSE2
[mavros_node-1] [INFO] [1784445844.588858862] [mavros.mavros_router]: Built-in MAVLink package version: 2026.3.3
[mavros_node-1] [INFO] [1784445844.588867113] [mavros.mavros_router]: Known MAVLink dialects: common ardupilotmega ASLUAV AVSSUAS all csAirLink cubepilot development icarous loweheiser marsh matrixpilot paparazzi standard stemstudios storm32 uAvionix ualberta
[mavros_node-1] [INFO] [1784445844.588870871] [mavros.mavros_router]: MAVROS Router started
[mavros_node-1] [INFO] [1784445844.588981018] [mavros.mavros_node]: Starting mavros uas node
[mavros_node-1] [INFO] [1784445844.621655598] [mavros.mavros_router]: Requested to add endpoint: type: 0, url: serial:///dev/ttyUSB0:921600?ids=255,190
[mavros_node-1] [INFO] [1784445844.621718393] [mavros.mavros_router]: Endpoint link[1000] created
[mavros_node-1] [INFO] [1784445844.622243014] [mavros.mavros_router]: link[1000] opened successfully
[mavros_node-1] [INFO] [1784445844.622257302] [mavros.mavros_router]: Requested to add endpoint: type: 2, url: /uas1
[mavros_node-1] [INFO] [1784445844.622267367] [mavros.mavros_router]: Endpoint link[1001] created
[mavros_node-1] [INFO] [1784445844.622302848] [mavros.mavros_router]: link[1000] detected remote address 1.1
[mavros_node-1] [INFO] [1784445844.623442693] [mavros.mavros_router]: link[1001] opened successfully
[mavros_node-1] [INFO] [1784445844.631652408] [mavros.mavros]: UAS Executor started, threads: 16
[mavros_node-1] [INFO] [1784445844.640687300] [mavros.mavros]: Plugin actuator_control created
[mavros_node-1] [INFO] [1784445844.640726988] [mavros.mavros]: Plugin actuator_control initialized
[mavros_node-1] [INFO] [1784445844.654144521] [mavros.mavros]: Plugin adsb created
[mavros_node-1] [INFO] [1784445844.654196671] [mavros.mavros]: Plugin adsb initialized
[mavros_node-1] [INFO] [1784445844.658282014] [mavros.mavros]: Plugin altitude created
[mavros_node-1] [INFO] [1784445844.658334599] [mavros.mavros]: Plugin altitude initialized
[mavros_node-1] [INFO] [1784445844.661912253] [mavros.mavros]: Plugin cam_imu_sync created
[mavros_node-1] [INFO] [1784445844.661951286] [mavros.mavros]: Plugin cam_imu_sync initialized
[mavros_node-1] [INFO] [1784445844.665908236] [mavros.mavros]: Plugin camera created
[mavros_node-1] [INFO] [1784445844.665975148] [mavros.mavros]: Plugin camera initialized
[mavros_node-1] [INFO] [1784445844.671487882] [mavros.mavros]: Plugin cellular_status created
[mavros_node-1] [INFO] [1784445844.671542619] [mavros.mavros]: Plugin cellular_status initialized
[mavros_node-1] [INFO] [1784445844.680091818] [mavros.mavros]: Plugin command created
[mavros_node-1] [INFO] [1784445844.680131240] [mavros.mavros]: Plugin command initialized
[mavros_node-1] [INFO] [1784445844.684235665] [mavros.mavros]: Plugin companion_process_status created
[mavros_node-1] [INFO] [1784445844.684270505] [mavros.mavros]: Plugin companion_process_status initialized
[mavros_node-1] [INFO] [1784445844.690189247] [mavros.mavros]: Plugin debug_value created
[mavros_node-1] [INFO] [1784445844.690238655] [mavros.mavros]: Plugin debug_value initialized
[mavros_node-1] [INFO] [1784445844.690244145] [mavros.mavros]: Plugin distance_sensor ignored
[mavros_node-1] [INFO] [1784445844.694794675] [mavros.mavros]: Plugin esc_status created
[mavros_node-1] [INFO] [1784445844.694838570] [mavros.mavros]: Plugin esc_status initialized
[fastlio_odometry_guard-2] [WARN] [1784445844.699460973] [fastlio_odometry_guard]: Rejected FAST-LIO odometry: large dt 1.40027 s; reset guard baseline; resynced guard baseline (accepted=11 rejected=1)
[mavros_node-1] [INFO] [1784445844.700607879] [mavros.mavros]: Plugin esc_telemetry created
[mavros_node-1] [INFO] [1784445844.700722979] [mavros.mavros]: Plugin esc_telemetry initialized
[mavros_node-1] [INFO] [1784445844.708080822] [mavros.mavros]: Plugin fake_gps created
[mavros_node-1] [INFO] [1784445844.708135536] [mavros.mavros]: Plugin fake_gps initialized
[mavros_node-1] [INFO] [1784445844.723067754] [mavros.mavros]: Plugin ftp created
[mavros_node-1] [INFO] [1784445844.723115882] [mavros.mavros]: Plugin ftp initialized
[mavros_node-1] [INFO] [1784445844.731067830] [mavros.mavros]: Plugin geofence created
[mavros_node-1] [INFO] [1784445844.731134943] [mavros.mavros]: Plugin geofence initialized
[mavros_node-1] [INFO] [1784445844.741510562] [mavros.mavros]: Plugin gimbal_control created
[mavros_node-1] [INFO] [1784445844.741556054] [mavros.mavros]: Plugin gimbal_control initialized
[mavros_node-1] [INFO] [1784445844.753512625] [mavros.mavros]: Plugin global_position created
[mavros_node-1] [INFO] [1784445844.753588654] [mavros.mavros]: Plugin global_position initialized
[mavros_node-1] [INFO] [1784445844.759110521] [mavros.mavros]: Plugin gps_input created
[mavros_node-1] [INFO] [1784445844.759145528] [mavros.mavros]: Plugin gps_input initialized
[mavros_node-1] [INFO] [1784445844.765203790] [mavros.mavros]: Plugin gps_rtk created
[mavros_node-1] [INFO] [1784445844.765245525] [mavros.mavros]: Plugin gps_rtk initialized
[mavros_node-1] [INFO] [1784445844.774171542] [mavros.mavros]: Plugin gps_status created
[mavros_node-1] [INFO] [1784445844.774216236] [mavros.mavros]: Plugin gps_status initialized
[mavros_node-1] [INFO] [1784445844.780500173] [mavros.mavros]: Plugin guided_target created
[mavros_node-1] [INFO] [1784445844.780560586] [mavros.mavros]: Plugin guided_target initialized
[mavros_node-1] [INFO] [1784445844.790122521] [mavros.mavros]: Plugin hil created
[mavros_node-1] [INFO] [1784445844.790176092] [mavros.mavros]: Plugin hil initialized
[mavros_node-1] [INFO] [1784445844.798009245] [mavros.mavros]: Plugin home_position created
[mavros_node-1] [INFO] [1784445844.798065529] [mavros.mavros]: Plugin home_position initialized
[mavros_node-1] [INFO] [1784445844.808443723] [mavros.mavros]: Plugin imu created
[mavros_node-1] [INFO] [1784445844.808495211] [mavros.mavros]: Plugin imu initialized
[mavros_node-1] [INFO] [1784445844.819699342] [mavros.mavros]: Plugin landing_target created
[mavros_node-1] [INFO] [1784445844.819749621] [mavros.mavros]: Plugin landing_target initialized
[mavros_node-1] [INFO] [1784445844.831510295] [mavros.mavros]: Plugin local_position created
[mavros_node-1] [INFO] [1784445844.831566185] [mavros.mavros]: Plugin local_position initialized
[mavros_node-1] [INFO] [1784445844.842289898] [mavros.mavros]: Plugin log_transfer created
[mavros_node-1] [INFO] [1784445844.842338083] [mavros.mavros]: Plugin log_transfer initialized
[mavros_node-1] [INFO] [1784445844.853349687] [mavros.mavros]: Plugin mag_calibration_status created
[mavros_node-1] [INFO] [1784445844.853396472] [mavros.mavros]: Plugin mag_calibration_status initialized
[mavros_node-1] [INFO] [1784445844.861607861] [mavros.mavros]: Plugin manual_control created
[mavros_node-1] [INFO] [1784445844.861672431] [mavros.mavros]: Plugin manual_control initialized
[mavros_node-1] [INFO] [1784445844.870410635] [mavros.mavros]: Plugin mocap_pose_estimate created
[mavros_node-1] [INFO] [1784445844.870474352] [mavros.mavros]: Plugin mocap_pose_estimate initialized
[mavros_node-1] [INFO] [1784445844.881727653] [mavros.mavros]: Plugin mount_control created
[mavros_node-1] [INFO] [1784445844.881787557] [mavros.mavros]: Plugin mount_control initialized
[mavros_node-1] [INFO] [1784445844.892091069] [mavros.mavros]: Plugin nav_controller_output created
[mavros_node-1] [INFO] [1784445844.892193799] [mavros.mavros]: Plugin nav_controller_output initialized
[mavros_node-1] [INFO] [1784445844.901255712] [mavros.mavros]: Plugin obstacle_distance created
[mavros_node-1] [INFO] [1784445844.901311415] [mavros.mavros]: Plugin obstacle_distance initialized
[mavros_node-1] [INFO] [1784445844.909901752] [mavros.mavros]: Plugin obstacle_distance_3d created
[mavros_node-1] [INFO] [1784445844.909952627] [mavros.mavros]: Plugin obstacle_distance_3d initialized
[mavros_node-1] [INFO] [1784445844.922308833] [mavros.mavros]: Plugin odometry created
[mavros_node-1] [INFO] [1784445844.922363423] [mavros.mavros]: Plugin odometry initialized
[mavros_node-1] [INFO] [1784445844.934314956] [mavros.mavros]: Plugin onboard_computer_status created
[mavros_node-1] [INFO] [1784445844.934447497] [mavros.mavros]: Plugin onboard_computer_status initialized
[mavros_node-1] [INFO] [1784445844.946603073] [mavros.mavros]: Plugin open_drone_id created
[mavros_node-1] [INFO] [1784445844.946645590] [mavros.mavros]: Plugin open_drone_id initialized
[mavros_node-1] [INFO] [1784445844.959423849] [mavros.mavros]: Plugin optical_flow created
[mavros_node-1] [INFO] [1784445844.959493643] [mavros.mavros]: Plugin optical_flow initialized
[mavros_node-1] [INFO] [1784445844.970125070] [mavros.mavros]: Plugin param created
[mavros_node-1] [INFO] [1784445844.970175447] [mavros.mavros]: Plugin param initialized
[mavros_node-1] [INFO] [1784445844.981103757] [mavros.mavros]: Plugin play_tune created
[mavros_node-1] [INFO] [1784445844.981163426] [mavros.mavros]: Plugin play_tune initialized
[mavros_node-1] [INFO] [1784445844.995251215] [mavros.mavros]: Plugin px4flow created
[mavros_node-1] [INFO] [1784445844.995302924] [mavros.mavros]: Plugin px4flow initialized
[mavros_node-1] [INFO] [1784445845.010801358] [mavros.mavros]: Plugin rallypoint created
[mavros_node-1] [INFO] [1784445845.010889299] [mavros.mavros]: Plugin rallypoint initialized
[mavros_node-1] [INFO] [1784445845.010895416] [mavros.mavros]: Plugin rangefinder ignored
[mavros_node-1] [INFO] [1784445845.027428408] [mavros.mavros]: Plugin rc_io created
[mavros_node-1] [INFO] [1784445845.027517785] [mavros.mavros]: Plugin rc_io initialized
[mavros_node-1] [INFO] [1784445845.040779993] [mavros.mavros]: Plugin setpoint_accel created
[mavros_node-1] [INFO] [1784445845.040843435] [mavros.mavros]: Plugin setpoint_accel initialized
[mavros_node-1] [INFO] [1784445845.056968530] [mavros.mavros]: Plugin setpoint_attitude created
[mavros_node-1] [INFO] [1784445845.057033962] [mavros.mavros]: Plugin setpoint_attitude initialized
[mavros_node-1] [INFO] [1784445845.071177247] [mavros.mavros]: Plugin setpoint_position created
[mavros_node-1] [INFO] [1784445845.071224098] [mavros.mavros]: Plugin setpoint_position initialized
[mavros_node-1] [INFO] [1784445845.088378105] [mavros.mavros]: Plugin setpoint_raw created
[mavros_node-1] [INFO] [1784445845.088478755] [mavros.mavros]: Plugin setpoint_raw initialized
[mavros_node-1] [INFO] [1784445845.104737414] [mavros.mavros]: Plugin setpoint_trajectory created
[mavros_node-1] [INFO] [1784445845.104790087] [mavros.mavros]: Plugin setpoint_trajectory initialized
[mavros_node-1] [INFO] [1784445845.119403172] [mavros.mavros]: Plugin setpoint_velocity created
[mavros_node-1] [INFO] [1784445845.119448867] [mavros.mavros]: Plugin setpoint_velocity initialized
[mavros_node-1] [INFO] [1784445845.136976175] [mavros.mavros]: Plugin sim_state created
[mavros_node-1] [INFO] [1784445845.137122406] [mavros.mavros]: Plugin sim_state initialized
[mavros_node-1] [INFO] [1784445845.160329060] [mavros.mavros]: Plugin sys_status created
[mavros_node-1] [INFO] [1784445845.160385621] [mavros.mavros]: Plugin sys_status initialized
[mavros_node-1] [INFO] [1784445845.173483544] [mavros.time]: TM: Timesync mode: MAVLINK
[mavros_node-1] [INFO] [1784445845.176859980] [mavros.mavros]: Plugin sys_time created
[mavros_node-1] [INFO] [1784445845.177081385] [mavros.mavros]: Plugin sys_time initialized
[mavros_node-1] [INFO] [1784445845.193990836] [mavros.mavros]: Plugin tdr_radio created
[mavros_node-1] [INFO] [1784445845.194069714] [mavros.mavros]: Plugin tdr_radio initialized
[mavros_node-1] [INFO] [1784445845.210209911] [mavros.mavros]: Plugin terrain created
[mavros_node-1] [INFO] [1784445845.210288866] [mavros.mavros]: Plugin terrain initialized
[mavros_node-1] [INFO] [1784445845.233205680] [mavros.mavros]: Plugin trajectory created
[mavros_node-1] [INFO] [1784445845.233274542] [mavros.mavros]: Plugin trajectory initialized
[mavros_node-1] [INFO] [1784445845.258504833] [mavros.mavros]: Plugin tunnel created
[mavros_node-1] [INFO] [1784445845.258676491] [mavros.mavros]: Plugin tunnel initialized
[mavros_node-1] [INFO] [1784445845.280350763] [mavros.mavros]: Plugin vfr_hud created
[mavros_node-1] [INFO] [1784445845.280651764] [mavros.mavros]: Plugin vfr_hud initialized
[mavros_node-1] [INFO] [1784445845.280676854] [mavros.mavros]: Plugin vibration ignored
[mavros_node-1] [INFO] [1784445845.304206151] [mavros.mavros]: Plugin vision_pose created
[mavros_node-1] [INFO] [1784445845.304269942] [mavros.mavros]: Plugin vision_pose initialized
[mavros_node-1] [INFO] [1784445845.325366255] [mavros.mavros]: Plugin vision_speed created
[mavros_node-1] [INFO] [1784445845.325559563] [mavros.mavros]: Plugin vision_speed initialized
[mavros_node-1] [INFO] [1784445845.359231005] [mavros.mavros]: Plugin waypoint created
[mavros_node-1] [INFO] [1784445845.359338483] [mavros.mavros]: Plugin waypoint initialized
[mavros_node-1] [INFO] [1784445845.359348663] [mavros.mavros]: Plugin wheel_odometry ignored
[mavros_node-1] [INFO] [1784445845.381171908] [mavros.mavros]: Plugin wind_estimation created
[mavros_node-1] [INFO] [1784445845.381324504] [mavros.mavros]: Plugin wind_estimation initialized
[mavros_node-1] [INFO] [1784445845.384767912] [mavros.mavros]: Built-in SIMD instructions: SSE, SSE2
[mavros_node-1] [INFO] [1784445845.384803914] [mavros.mavros]: Built-in MAVLink package version: 2026.3.3
[mavros_node-1] [INFO] [1784445845.384808182] [mavros.mavros]: Known MAVLink dialects: common ardupilotmega ASLUAV AVSSUAS all csAirLink cubepilot development icarous loweheiser marsh matrixpilot paparazzi standard stemstudios storm32 uAvionix ualberta
[mavros_node-1] [INFO] [1784445845.384811498] [mavros.mavros]: MAVROS UAS via /uas1 started. MY ID 255.190, TARGET ID 1.1
[mavros_node-1] [INFO] [1784445845.395136986] [mavros.imu]: IMU: High resolution IMU detected!
[mavros_node-1] [INFO] [1784445845.397865253] [mavros.imu]: IMU: Attitude quaternion IMU detected!
[mavros_node-1] [INFO] [1784445845.432759559] [mavros.rc]: RC_CHANNELS message detected!
[mavros_node-1] [INFO] [1784445845.480748914] [mavros.mavros_router]: link[1001] detected remote address 255.190
[mavros_node-1] [INFO] [1784445845.980429223] [mavros.mavros]: CON: Got HEARTBEAT, connected. FCU: PX4 Autopilot
[mavros_node-1] [INFO] [1784445845.981188197] [mavros.mission]: WP: detected enable_partial_push: 0
[mavros_node-1] [INFO] [1784445845.983850433] [mavros.rc]: RC_CHANNELS message detected!
[mavros_node-1] [INFO] [1784445845.994614343] [mavros.imu]: IMU: High resolution IMU detected!
[mavros_node-1] [INFO] [1784445845.997224988] [mavros.imu]: IMU: Attitude quaternion IMU detected!
[mavros_node-1] [WARN] [1784445846.990679279] [mavros.cmd]: CMD: Unexpected command 520, result 3
[mavros_node-1] [WARN] [1784445847.228011644] [mavros.sys]: FCU: UNK(8): EVENT 11047904 with args -0-0-0-16-1-0-0-0-0-199-191-127-128-199-191-127-128-0-0-0-0-0-0-0-0-0-0-0-0-0-0-0-0-0-0-0-0-0-0-0-
[mavros_node-1] [ERROR] [1784445847.228257448] [mavros.sys]: FCU: EVENT 11464574 with args -0-64-0-0-20-0-0-0-0-0-0-0-0-0-0-0-0-0-0-0-0-0-0-0-0-0-0-0-0-0-0-0-0-0-0-0-0-0-0-0-
[mavros_node-1] [ERROR] [1784445847.229439511] [mavros.sys]: FCU: EVENT 10011251 with args -56-0-0-0-24-0-0-0-0-0-0-0-0-0-0-0-0-0-0-0-0-0-0-0-0-0-0-0-0-0-0-0-0-0-0-0-0-0-0-0-
[mavros_node-1] [INFO] [1784445847.229659381] [mavros.sys]: FCU: EVENT 377561 with args -8-0-0-0-20-0-0-0-0-0-0-0-0-0-0-0-0-0-0-0-0-0-0-0-0-0-0-0-0-0-0-0-0-0-0-0-0-0-0-0-
[mavros_node-1] [INFO] [1784445847.229850449] [mavros.sys]: FCU: EVENT 79408 with args -32-0-0-0-20-0-0-0-0-0-0-0-0-0-0-0-0-0-0-0-0-0-0-0-0-0-0-0-0-0-0-0-0-0-0-0-0-0-0-0-
[mavros_node-1] [WARN] [1784445847.231696983] [mavros.sys]: FCU: UNK(8): EVENT 1914663 with args -0-130-16-2-48-0-0-0-0-0-0-0-0-0-0-0-0-0-0-0-0-0-0-0-0-0-0-0-0-0-0-0-0-0-0-0-0-0-0-0-
[mavros_node-1] [WARN] [1784445847.990784211] [mavros.sys]: VER: broadcast request timeout, retries left 4
[mavros_node-1] [WARN] [1784445848.987469357] [mavros.sys]: VER: broadcast request timeout, retries left 3
[mavros_node-1] [ERROR] [1784445849.992315448] [mavros.sys]: VER: command plugin service call failed!
[mavros_node-1] [WARN] [1784445849.992370433] [mavros.sys]: VER: unicast request timeout, retries left 2
[mavros_node-1] [ERROR] [1784445850.990944752] [mavros.sys]: VER: command plugin service call failed!
[mavros_node-1] [WARN] [1784445850.991007229] [mavros.sys]: VER: unicast request timeout, retries left 1
[mavros_node-1] [WARN] [1784445851.125678861] [mavros.sys]: FCU: UNK(8): EVENT 11047904 with args -0-0-0-0-1-0-0-0-0-199-255-127-128-199-255-127-128-0-0-0-0-0-0-0-0-0-0-0-0-0-0-0-0-0-0-0-0-0-0-0-
[mavros_node-1] [ERROR] [1784445851.126005331] [mavros.sys]: FCU: EVENT 10011251 with args -56-0-0-0-24-0-0-0-0-0-0-0-0-0-0-0-0-0-0-0-0-0-0-0-0-0-0-0-0-0-0-0-0-0-0-0-0-0-0-0-
[mavros_node-1] [INFO] [1784445851.126296862] [mavros.sys]: FCU: EVENT 377561 with args -8-0-0-0-20-0-0-0-0-0-0-0-0-0-0-0-0-0-0-0-0-0-0-0-0-0-0-0-0-0-0-0-0-0-0-0-0-0-0-0-
[mavros_node-1] [INFO] [1784445851.126624563] [mavros.sys]: FCU: EVENT 79408 with args -32-0-0-0-20-0-0-0-0-0-0-0-0-0-0-0-0-0-0-0-0-0-0-0-0-0-0-0-0-0-0-0-0-0-0-0-0-0-0-0-
[mavros_node-1] [WARN] [1784445851.128762987] [mavros.sys]: FCU: UNK(8): EVENT 1914663 with args -0-130-16-2-48-0-0-0-0-0-0-0-0-0-0-0-0-0-0-0-0-0-0-0-0-0-0-0-0-0-0-0-0-0-0-0-0-0-0-0-
[mavros_node-1] [ERROR] [1784445852.001038661] [mavros.sys]: VER: command plugin service call failed!
[mavros_node-1] [WARN] [1784445852.001114696] [mavros.sys]: VER: unicast request timeout, retries left 0
[mavros_node-1] [ERROR] [1784445853.004843701] [mavros.sys]: VER: command plugin service call failed!
[mavros_node-1] [WARN] [1784445853.004925771] [mavros.sys]: VER: your FCU don't support AUTOPILOT_VERSION, switched to default capabilities
[mavros_node-1] [INFO] [1784445855.980303102] [mavros.home_position]: HP: requesting home position
[mavros_node-1] [INFO] [1784445860.986359671] [mavros.mission]: WP: mission received
[mavros_node-1] [INFO] [1784445865.982860356] [mavros.rallypoint]: RP: mission received
[mavros_node-1] [INFO] [1784445870.982947145] [mavros.geofence]: GF: mission received
[mavros_node-1] [INFO] [1784445894.158071025] [mavros.sys]: FCU: EVENT 9489139 with args -4-0-0-0-0-0-0-0-0-0-0-0-0-0-0-0-0-0-0-0-0-0-0-0-0-0-0-0-0-0-0-0-0-0-0-0-0-0-0-0-
[mavros_node-1] [INFO] [1784445894.160261920] [mavros.sys]: FCU: EVENT 1203183 with args -234-7-7-19-7-24-54-0-0-0-0-0-0-0-0-0-0-0-0-0-0-0-0-0-0-0-0-0-0-0-0-0-0-0-0-0-0-0-0-0-
[mavros_node-1] [WARN] [1784445894.430654161] [mavros.sys]: FCU: UNK(8): EVENT 11047904 with args -0-0-0-0-1-0-0-0-0-199-255-127-128-199-255-127-128-0-0-0-0-0-0-0-0-0-0-0-0-0-0-0-0-0-0-0-0-0-0-0-
[mavros_node-1] [ERROR] [1784445894.431037465] [mavros.sys]: FCU: EVENT 10011251 with args -56-0-0-0-24-0-0-0-0-0-0-0-0-0-0-0-0-0-0-0-0-0-0-0-0-0-0-0-0-0-0-0-0-0-0-0-0-0-0-0-
[mavros_node-1] [INFO] [1784445894.431131034] [mavros.sys]: FCU: EVENT 377561 with args -8-0-0-0-20-0-0-0-0-0-0-0-0-0-0-0-0-0-0-0-0-0-0-0-0-0-0-0-0-0-0-0-0-0-0-0-0-0-0-0-
[mavros_node-1] [INFO] [1784445894.431446474] [mavros.sys]: FCU: EVENT 79408 with args -32-0-0-0-20-0-0-0-0-0-0-0-0-0-0-0-0-0-0-0-0-0-0-0-0-0-0-0-0-0-0-0-0-0-0-0-0-0-0-0-
[mavros_node-1] [WARN] [1784445894.433519805] [mavros.sys]: FCU: UNK(8): EVENT 1914663 with args -0-130-20-2-48-0-0-0-0-0-0-0-0-0-0-0-0-0-0-0-0-0-0-0-0-0-0-0-0-0-0-0-0-0-0-0-0-0-0-0-
[mavros_node-1] [INFO] [1784445895.375081315] [mavros.sys]: FCU: EVENT 4277609 with args -0-0-0-0-0-0-0-0-0-0-0-0-0-0-0-0-0-0-0-0-0-0-0-0-0-0-0-0-0-0-0-0-0-0-0-0-0-0-0-0-
[mavros_node-1] [ERROR] [1784445926.000779586] [mavros.sys]: FCU: EVENT 11290563 with args -0-0-0-0-0-0-0-0-0-0-0-0-0-0-0-0-0-0-0-0-0-0-0-0-0-0-0-0-0-0-0-0-0-0-0-0-0-0-0-0-
[mavros_node-1] [WARN] [1784445926.033383939] [mavros.sys]: FCU: UNK(8): EVENT 11047904 with args -0-0-0-16-1-0-0-0-0-0-0-0-0-199-255-127-128-0-0-0-0-0-0-0-0-0-0-0-0-0-0-0-0-0-0-0-0-0-0-0-
[mavros_node-1] [ERROR] [1784445926.033697689] [mavros.sys]: FCU: EVENT 10011251 with args -56-0-0-0-24-0-0-0-0-0-0-0-0-0-0-0-0-0-0-0-0-0-0-0-0-0-0-0-0-0-0-0-0-0-0-0-0-0-0-0-
[mavros_node-1] [INFO] [1784445926.034091964] [mavros.sys]: FCU: EVENT 377561 with args -8-0-0-0-20-0-0-0-0-0-0-0-0-0-0-0-0-0-0-0-0-0-0-0-0-0-0-0-0-0-0-0-0-0-0-0-0-0-0-0-
[mavros_node-1] [INFO] [1784445926.034400110] [mavros.sys]: FCU: EVENT 79408 with args -32-0-0-0-20-0-0-0-0-0-0-0-0-0-0-0-0-0-0-0-0-0-0-0-0-0-0-0-0-0-0-0-0-0-0-0-0-0-0-0-
[mavros_node-1] [ERROR] [1784445926.034729590] [mavros.sys]: FCU: EVENT 12754954 with args -255-255-255-255-20-0-0-0-0-0-0-0-0-0-0-0-0-0-0-0-0-0-0-0-0-0-0-0-0-0-0-0-0-0-0-0-0-0-0-0-
[mavros_node-1] [WARN] [1784445926.035112232] [mavros.sys]: FCU: UNK(8): EVENT 1914663 with args -0-130-20-2-48-0-0-0-0-0-0-0-0-0-0-0-0-0-0-0-0-0-0-0-0-0-0-0-0-0-0-0-0-0-0-0-0-0-0-0-
[mavros_node-1] [WARN] [1784445926.785496385] [mavros.cmd]: CMD: Unexpected command 176, result 0
[mavros_node-1] [INFO] [1784445927.757390092] [mavros.sys]: FCU: EVENT 1746622 with args -0-0-0-0-0-0-0-0-0-0-0-0-0-0-0-0-0-0-0-0-0-0-0-0-0-0-0-0-0-0-0-0-0-0-0-0-0-0-0-0-
[mavros_node-1] [WARN] [1784445928.077459471] [mavros.sys]: FCU: UNK(8): EVENT 11047904 with args -0-0-0-16-1-0-0-0-0-0-0-0-0-199-191-127-128-0-0-0-0-0-0-0-0-0-0-0-0-0-0-0-0-0-0-0-0-0-0-0-
[mavros_node-1] [ERROR] [1784445928.077771302] [mavros.sys]: FCU: EVENT 11464574 with args -0-64-0-0-20-0-0-0-0-0-0-0-0-0-0-0-0-0-0-0-0-0-0-0-0-0-0-0-0-0-0-0-0-0-0-0-0-0-0-0-
[mavros_node-1] [ERROR] [1784445928.078133105] [mavros.sys]: FCU: EVENT 10011251 with args -56-0-0-0-24-0-0-0-0-0-0-0-0-0-0-0-0-0-0-0-0-0-0-0-0-0-0-0-0-0-0-0-0-0-0-0-0-0-0-0-
[mavros_node-1] [INFO] [1784445928.078439940] [mavros.sys]: FCU: EVENT 377561 with args -8-0-0-0-20-0-0-0-0-0-0-0-0-0-0-0-0-0-0-0-0-0-0-0-0-0-0-0-0-0-0-0-0-0-0-0-0-0-0-0-
[mavros_node-1] [INFO] [1784445928.078801352] [mavros.sys]: FCU: EVENT 79408 with args -32-0-0-0-20-0-0-0-0-0-0-0-0-0-0-0-0-0-0-0-0-0-0-0-0-0-0-0-0-0-0-0-0-0-0-0-0-0-0-0-
[mavros_node-1] [ERROR] [1784445928.079146519] [mavros.sys]: FCU: EVENT 12754954 with args -255-255-255-255-20-0-0-0-0-0-0-0-0-0-0-0-0-0-0-0-0-0-0-0-0-0-0-0-0-0-0-0-0-0-0-0-0-0-0-0-
[mavros_node-1] [WARN] [1784445928.079899792] [mavros.sys]: FCU: UNK(8): EVENT 1914663 with args -0-130-20-2-48-0-0-0-0-0-0-0-0-0-0-0-0-0-0-0-0-0-0-0-0-0-0-0-0-0-0-0-0-0-0-0-0-0-0-0-
[mavros_node-1] [INFO] [1784445929.451658859] [mavros.sys]: FCU: EVENT 9844908 with args -0-0-0-0-0-0-0-0-0-0-0-0-0-0-0-0-0-0-0-0-0-0-0-0-0-0-0-0-0-0-0-0-0-0-0-0-0-0-0-0-
[mavros_node-1] [INFO] [1784445931.020221371] [mavros.sys]: FCU: EVENT 16017271 with args -8-0-0-0-0-0-0-0-0-0-0-0-0-0-0-0-0-0-0-0-0-0-0-0-0-0-0-0-0-0-0-0-0-0-0-0-0-0-0-0-
[mavros_node-1] [WARN] [1784445931.020668085] [mavros.sys]: FCU: UNK(8): EVENT 11047904 with args -0-128-0-16-1-0-0-0-0-0-0-0-0-199-191-127-128-0-0-0-0-0-0-0-0-0-0-0-0-0-0-0-0-0-0-0-0-0-0-0-
[mavros_node-1] [ERROR] [1784445931.020910531] [mavros.sys]: FCU: EVENT 9077977 with args -255-255-255-255-7-0-0-0-0-0-0-0-0-0-0-0-0-0-0-0-0-0-0-0-0-0-0-0-0-0-0-0-0-0-0-0-0-0-0-0-
[mavros_node-1] [ERROR] [1784445931.021355066] [mavros.sys]: FCU: EVENT 11464574 with args -0-64-0-0-20-0-0-0-0-0-0-0-0-0-0-0-0-0-0-0-0-0-0-0-0-0-0-0-0-0-0-0-0-0-0-0-0-0-0-0-
[mavros_node-1] [ERROR] [1784445931.021609925] [mavros.sys]: FCU: EVENT 10011251 with args -56-0-0-0-24-0-0-0-0-0-0-0-0-0-0-0-0-0-0-0-0-0-0-0-0-0-0-0-0-0-0-0-0-0-0-0-0-0-0-0-
[mavros_node-1] [INFO] [1784445931.021979871] [mavros.sys]: FCU: EVENT 377561 with args -8-0-0-0-20-0-0-0-0-0-0-0-0-0-0-0-0-0-0-0-0-0-0-0-0-0-0-0-0-0-0-0-0-0-0-0-0-0-0-0-
[mavros_node-1] [INFO] [1784445931.022289063] [mavros.sys]: FCU: EVENT 79408 with args -32-0-0-0-20-0-0-0-0-0-0-0-0-0-0-0-0-0-0-0-0-0-0-0-0-0-0-0-0-0-0-0-0-0-0-0-0-0-0-0-
[mavros_node-1] [ERROR] [1784445931.022655464] [mavros.sys]: FCU: EVENT 12754954 with args -255-255-255-255-20-0-0-0-0-0-0-0-0-0-0-0-0-0-0-0-0-0-0-0-0-0-0-0-0-0-0-0-0-0-0-0-0-0-0-0-
[mavros_node-1] [WARN] [1784445931.024513433] [mavros.sys]: FCU: UNK(8): EVENT 1914663 with args -0-130-20-2-48-0-0-0-0-0-0-0-0-0-0-0-0-0-0-0-0-0-0-0-0-0-0-0-0-0-0-0-0-0-0-0-0-0-0-0-
[mavros_node-1] [WARN] [1784445934.517338158] [mavros.sys]: FCU: UNK(8): EVENT 11047904 with args -0-128-0-16-1-0-0-0-0-0-0-0-0-199-191-127-128-0-0-0-0-0-0-0-0-0-0-0-0-0-0-0-0-0-0-0-0-0-0-0-
[mavros_node-1] [ERROR] [1784445934.517757353] [mavros.sys]: FCU: EVENT 9077977 with args -255-255-255-255-7-0-0-0-0-0-0-0-0-0-0-0-0-0-0-0-0-0-0-0-0-0-0-0-0-0-0-0-0-0-0-0-0-0-0-0-
[mavros_node-1] [ERROR] [1784445934.518117951] [mavros.sys]: FCU: EVENT 11464574 with args -0-64-0-0-20-0-0-0-0-0-0-0-0-0-0-0-0-0-0-0-0-0-0-0-0-0-0-0-0-0-0-0-0-0-0-0-0-0-0-0-
[mavros_node-1] [ERROR] [1784445934.518447375] [mavros.sys]: FCU: EVENT 10011251 with args -56-0-0-0-24-0-0-0-0-0-0-0-0-0-0-0-0-0-0-0-0-0-0-0-0-0-0-0-0-0-0-0-0-0-0-0-0-0-0-0-
[mavros_node-1] [INFO] [1784445934.518735073] [mavros.sys]: FCU: EVENT 377561 with args -8-0-0-0-20-0-0-0-0-0-0-0-0-0-0-0-0-0-0-0-0-0-0-0-0-0-0-0-0-0-0-0-0-0-0-0-0-0-0-0-
[mavros_node-1] [INFO] [1784445934.519109497] [mavros.sys]: FCU: EVENT 79408 with args -32-0-0-0-20-0-0-0-0-0-0-0-0-0-0-0-0-0-0-0-0-0-0-0-0-0-0-0-0-0-0-0-0-0-0-0-0-0-0-0-
[mavros_node-1] [ERROR] [1784445934.519416620] [mavros.sys]: FCU: EVENT 12754954 with args -255-255-255-255-20-0-0-0-0-0-0-0-0-0-0-0-0-0-0-0-0-0-0-0-0-0-0-0-0-0-0-0-0-0-0-0-0-0-0-0-
[mavros_node-1] [WARN] [1784445934.519808903] [mavros.sys]: FCU: UNK(8): EVENT 1914663 with args -0-130-16-2-48-0-0-0-0-0-0-0-0-0-0-0-0-0-0-0-0-0-0-0-0-0-0-0-0-0-0-0-0-0-0-0-0-0-0-0-
[mavros_node-1] [WARN] [1784445960.493382510] [mavros.sys]: FCU: UNK(8): EVENT 11047904 with args -0-128-0-18-1-0-0-0-0-0-0-0-0-199-191-5-128-0-0-0-0-0-0-0-0-0-0-0-0-0-0-0-0-0-0-0-0-0-0-0-
[mavros_node-1] [ERROR] [1784445960.493591596] [mavros.sys]: FCU: EVENT 9077977 with args -255-255-255-255-7-0-0-0-0-0-0-0-0-0-0-0-0-0-0-0-0-0-0-0-0-0-0-0-0-0-0-0-0-0-0-0-0-0-0-0-
[mavros_node-1] [ERROR] [1784445960.493956157] [mavros.sys]: FCU: EVENT 13679014 with args -0-64-0-0-20-0-0-0-0-0-0-0-0-0-0-0-0-0-0-0-0-0-0-0-0-0-0-0-0-0-0-0-0-0-0-0-0-0-0-0-
[mavros_node-1] [ERROR] [1784445960.494484904] [mavros.sys]: FCU: EVENT 13835193 with args -56-0-122-0-17-0-0-0-0-0-0-0-0-0-0-0-0-0-0-0-0-0-0-0-0-0-0-0-0-0-0-0-0-0-0-0-0-0-0-0-
[mavros_node-1] [ERROR] [1784445960.494847362] [mavros.sys]: FCU: EVENT 10011251 with args -56-0-0-0-24-0-0-0-0-0-0-0-0-0-0-0-0-0-0-0-0-0-0-0-0-0-0-0-0-0-0-0-0-0-0-0-0-0-0-0-
[mavros_node-1] [INFO] [1784445960.494980865] [mavros.sys]: FCU: EVENT 377561 with args -8-0-0-0-20-0-0-0-0-0-0-0-0-0-0-0-0-0-0-0-0-0-0-0-0-0-0-0-0-0-0-0-0-0-0-0-0-0-0-0-
[mavros_node-1] [INFO] [1784445960.495108401] [mavros.sys]: FCU: EVENT 79408 with args -32-0-0-0-20-0-0-0-0-0-0-0-0-0-0-0-0-0-0-0-0-0-0-0-0-0-0-0-0-0-0-0-0-0-0-0-0-0-0-0-
[mavros_node-1] [ERROR] [1784445960.495327919] [mavros.sys]: FCU: EVENT 12754954 with args -255-255-255-255-20-0-0-0-0-0-0-0-0-0-0-0-0-0-0-0-0-0-0-0-0-0-0-0-0-0-0-0-0-0-0-0-0-0-0-0-
[mavros_node-1] [WARN] [1784445960.496081887] [mavros.sys]: FCU: UNK(8): EVENT 1914663 with args -0-130-16-2-48-0-0-0-0-0-0-0-0-0-0-0-0-0-0-0-0-0-0-0-0-0-0-0-0-0-0-0-0-0-0-0-0-0-0-0-
[mavros_node-1] [WARN] [1784445962.533428773] [mavros.sys]: FCU: UNK(8): EVENT 11047904 with args -0-128-0-16-1-0-0-0-0-0-0-0-0-199-191-127-128-0-0-0-0-0-0-0-0-0-0-0-0-0-0-0-0-0-0-0-0-0-0-0-
[mavros_node-1] [ERROR] [1784445962.533809102] [mavros.sys]: FCU: EVENT 9077977 with args -255-255-255-255-7-0-0-0-0-0-0-0-0-0-0-0-0-0-0-0-0-0-0-0-0-0-0-0-0-0-0-0-0-0-0-0-0-0-0-0-
[mavros_node-1] [ERROR] [1784445962.534162047] [mavros.sys]: FCU: EVENT 11464574 with args -0-64-0-0-20-0-0-0-0-0-0-0-0-0-0-0-0-0-0-0-0-0-0-0-0-0-0-0-0-0-0-0-0-0-0-0-0-0-0-0-
[mavros_node-1] [ERROR] [1784445962.534558081] [mavros.sys]: FCU: EVENT 10011251 with args -56-0-0-0-24-0-0-0-0-0-0-0-0-0-0-0-0-0-0-0-0-0-0-0-0-0-0-0-0-0-0-0-0-0-0-0-0-0-0-0-
[mavros_node-1] [INFO] [1784445962.534838762] [mavros.sys]: FCU: EVENT 377561 with args -8-0-0-0-20-0-0-0-0-0-0-0-0-0-0-0-0-0-0-0-0-0-0-0-0-0-0-0-0-0-0-0-0-0-0-0-0-0-0-0-
[mavros_node-1] [INFO] [1784445962.534938764] [mavros.sys]: FCU: EVENT 79408 with args -32-0-0-0-20-0-0-0-0-0-0-0-0-0-0-0-0-0-0-0-0-0-0-0-0-0-0-0-0-0-0-0-0-0-0-0-0-0-0-0-
[mavros_node-1] [ERROR] [1784445962.535177152] [mavros.sys]: FCU: EVENT 12754954 with args -255-255-255-255-20-0-0-0-0-0-0-0-0-0-0-0-0-0-0-0-0-0-0-0-0-0-0-0-0-0-0-0-0-0-0-0-0-0-0-0-
[mavros_node-1] [WARN] [1784445962.535926735] [mavros.sys]: FCU: UNK(8): EVENT 1914663 with args -0-130-16-2-48-0-0-0-0-0-0-0-0-0-0-0-0-0-0-0-0-0-0-0-0-0-0-0-0-0-0-0-0-0-0-0-0-0-0-0-
[mavros_node-1] [WARN] [1784445964.580757364] [mavros.sys]: FCU: UNK(8): EVENT 11047904 with args -0-128-0-18-1-0-0-0-0-0-0-0-0-131-191-1-128-0-0-0-0-0-0-0-0-0-0-0-0-0-0-0-0-0-0-0-0-0-0-0-
[mavros_node-1] [ERROR] [1784445964.581116012] [mavros.sys]: FCU: EVENT 9077977 with args -255-255-255-255-7-0-0-0-0-0-0-0-0-0-0-0-0-0-0-0-0-0-0-0-0-0-0-0-0-0-0-0-0-0-0-0-0-0-0-0-
[mavros_node-1] [ERROR] [1784445964.581506948] [mavros.sys]: FCU: EVENT 13679014 with args -0-64-0-0-20-0-0-0-0-0-0-0-0-0-0-0-0-0-0-0-0-0-0-0-0-0-0-0-0-0-0-0-0-0-0-0-0-0-0-0-
[mavros_node-1] [ERROR] [1784445964.581643057] [mavros.sys]: FCU: EVENT 13835193 with args -124-0-126-0-17-0-0-0-0-0-0-0-0-0-0-0-0-0-0-0-0-0-0-0-0-0-0-0-0-0-0-0-0-0-0-0-0-0-0-0-
[mavros_node-1] [ERROR] [1784445964.581776376] [mavros.sys]: FCU: EVENT 10011251 with args -56-0-0-0-24-0-0-0-0-0-0-0-0-0-0-0-0-0-0-0-0-0-0-0-0-0-0-0-0-0-0-0-0-0-0-0-0-0-0-0-
[mavros_node-1] [INFO] [1784445964.582116024] [mavros.sys]: FCU: EVENT 377561 with args -8-0-0-0-20-0-0-0-0-0-0-0-0-0-0-0-0-0-0-0-0-0-0-0-0-0-0-0-0-0-0-0-0-0-0-0-0-0-0-0-
[mavros_node-1] [INFO] [1784445964.582603586] [mavros.sys]: FCU: EVENT 79408 with args -32-0-0-0-20-0-0-0-0-0-0-0-0-0-0-0-0-0-0-0-0-0-0-0-0-0-0-0-0-0-0-0-0-0-0-0-0-0-0-0-
[mavros_node-1] [ERROR] [1784445964.582844359] [mavros.sys]: FCU: EVENT 12754954 with args -255-255-255-255-20-0-0-0-0-0-0-0-0-0-0-0-0-0-0-0-0-0-0-0-0-0-0-0-0-0-0-0-0-0-0-0-0-0-0-0-
[mavros_node-1] [WARN] [1784445964.584839833] [mavros.sys]: FCU: UNK(8): EVENT 1914663 with args -0-130-16-2-48-0-0-0-0-0-0-0-0-0-0-0-0-0-0-0-0-0-0-0-0-0-0-0-0-0-0-0-0-0-0-0-0-0-0-0-
