Flight run directory: /home/robot/ws_offboard_control/flight_records/20260719/flight_20260719_152359
Parameter snapshot: /home/robot/ws_offboard_control/flight_records/20260719/flight_20260719_152359/snapshot
Recording rosbag to: /home/robot/ws_offboard_control/flight_records/20260719/flight_20260719_152359/rosbag
Press Ctrl+C in this terminal to stop recording.
stdin is not a terminal device. Keyboard handling disabled.[INFO] [1784445853.069197222] [rosbag2_recorder]: Press SPACE for pausing/resuming
[INFO] [1784445853.070689257] [rosbag2_storage]: Opened database '/home/robot/ws_offboard_control/flight_records/20260719/flight_20260719_152359/rosbag/rosbag_0.db3' for READ_WRITE.
[INFO] [1784445853.071447564] [rosbag2_recorder]: Listening for topics...
[INFO] [1784445853.071469999] [rosbag2_recorder]: Event publisher thread: Starting
[INFO] [1784445853.073630975] [rosbag2_recorder]: Subscribed to topic '/Odometry/guarded'
[INFO] [1784445853.073742818] [rosbag2_recorder]: Recording...
[INFO] [1784445853.176073304] [rosbag2_recorder]: Subscribed to topic '/Odometry'
[INFO] [1784445853.178156313] [rosbag2_recorder]: Subscribed to topic '/cloud_registered'
[INFO] [1784445853.180455062] [rosbag2_recorder]: Subscribed to topic '/mavros/setpoint_raw/local'
[INFO] [1784445853.181567352] [rosbag2_recorder]: Subscribed to topic '/route_tracker/lookahead_target'
[INFO] [1784445853.182390397] [rosbag2_recorder]: Subscribed to topic '/mavros/vision_pose/pose_cov'
[INFO] [1784445853.183030761] [rosbag2_recorder]: Subscribed to topic '/path'
[INFO] [1784445853.183687143] [rosbag2_recorder]: Subscribed to topic '/minipc_mavros_offboard/mpc_setpoint_debug'
[INFO] [1784445853.184331461] [rosbag2_recorder]: Subscribed to topic '/route_tracker/reference_path_3d'
[INFO] [1784445853.592388255] [rosbag2_recorder]: Subscribed to topic '/mavros/local_position/pose'
[INFO] [1784445853.593336091] [rosbag2_recorder]: Subscribed to topic '/mavros/local_position/odom'
[INFO] [1784445853.594098483] [rosbag2_recorder]: Subscribed to topic '/mavros/setpoint_raw/target_local'
[INFO] [1784445853.697560881] [rosbag2_recorder]: Subscribed to topic '/mavros/state'
