[INFO] [1784445849.993366203] [minipc_mavros_offboard]: Started minipc_mavros_offboard with arm_only=False, takeoff_height_m=0.8, hover_seconds=10.0, offboard_stabilize_seconds=20.0, use_rc_offboard=True, hold_after_arm_reject=True, ignore_z_in_arm_only=True, debug_hold_after_mode_drop=True, recent_pose_samples=30, require_vision_pose=True, vision_freshness_s=1.0, lift_only_seconds=0.0, z_ramp_seconds=1.0, target_xyz=(0.0, 0.0, -0.5), xy_move_unlock_height_m=0.5, yaw_deg=0.0, auto_land=False, land_on_offboard_loss=True, offboard_land=True, offboard_land_speed_mps=0.1, offboard_land_auto_handoff_height_m=0.1, auto_disarm_after_land=True, disarm_after_land_delay_s=2.0, land_wait_timeout_s=45.0, landed_ground_tolerance_m=0.06, target_reached_tolerance_m=0.15, landed_hold_seconds=0.0, drift_guard_enabled=True, drift_warning_m=0.2, drift_land_m=0.3, drift_emergency_m=0.5, legacy_max_horizontal_drift_m=0.5, mavros_state_freshness_s=1.5, control_mode=ramp, enable_route_tracking=False, route_path_topic=/nav2_stage1/path, route_fixed_flight_height_m=1.0, route_start_tolerance_m=0.4, route_goal_tolerance_m=0.2, route_lookahead_m=0.4, route_max_vxy_mps=0.25, route_max_vz_mps=0.15, route_setpoint_rate_hz=30.0, route_path_timeout_s=2.0, route_fail_action=hold, route_final_hold_seconds=3.0
[INFO] [1784445850.011342881] [minipc_mavros_offboard]: Waiting for MAVROS connection
[INFO] [1784445851.045048973] [minipc_mavros_offboard]: Waiting for MAVROS local odometry before arming
[INFO] [1784445851.078516229] [minipc_mavros_offboard]: Averaged MAVROS local odometry at lock x=0.04, y=-0.04, z=-0.12
[INFO] [1784445851.078768658] [minipc_mavros_offboard]: Target setpoint locked to ENU for MAVROS local setpoint x=0.04, y=-0.04, z_start=-0.12, z_final=0.38
[INFO] [1784445851.111321084] [minipc_mavros_offboard]: Streaming pre-arm MAVROS setpoints
[INFO] [1784445854.445124261] [minipc_mavros_offboard]: Streaming setpoints and waiting for RC to switch OFFBOARD
[INFO] [1784445874.078840893] [minipc_mavros_offboard]: OFFBOARD reported by MAVROS state
[INFO] [1784445894.144739381] [minipc_mavros_offboard]: Arming vehicle
[INFO] [1784445894.146526079] [minipc_mavros_offboard]: Requested arming
[INFO] [1784445894.178635932] [minipc_mavros_offboard]: Locked hold yaw to current MAVROS local yaw 0.9 deg
[INFO] [1784445894.211384754] [minipc_mavros_offboard]: Holding MAVROS setpoint
[INFO] [1784445894.212029001] [minipc_mavros_offboard]: Vehicle left armed/OFFBOARD state; continuing debug hold
[INFO] [1784445894.212292601] [minipc_mavros_offboard]: Debug hold after OFFBOARD/armed drop: connected=True, armed=False, guided=False, manual_input=False, mode=OFFBOARD
[INFO] [1784445894.245088359] [minipc_mavros_offboard]: Holding MAVROS setpoint
[INFO] [1784445894.245589835] [minipc_mavros_offboard]: Vehicle left armed/OFFBOARD state; continuing debug hold
[INFO] [1784445894.245789427] [minipc_mavros_offboard]: Debug hold after OFFBOARD/armed drop: connected=True, armed=False, guided=False, manual_input=False, mode=OFFBOARD
[INFO] [1784445894.278560518] [minipc_mavros_offboard]: Holding MAVROS setpoint
[INFO] [1784445894.279020531] [minipc_mavros_offboard]: Vehicle left armed/OFFBOARD state; continuing debug hold
[INFO] [1784445894.279202085] [minipc_mavros_offboard]: Debug hold after OFFBOARD/armed drop: connected=True, armed=False, guided=False, manual_input=False, mode=OFFBOARD
[INFO] [1784445894.312175636] [minipc_mavros_offboard]: Holding MAVROS setpoint
[INFO] [1784445894.312914317] [minipc_mavros_offboard]: Vehicle left armed/OFFBOARD state; continuing debug hold
[INFO] [1784445894.313336560] [minipc_mavros_offboard]: Debug hold after OFFBOARD/armed drop: connected=True, armed=False, guided=False, manual_input=False, mode=OFFBOARD
[INFO] [1784445894.345681217] [minipc_mavros_offboard]: Holding MAVROS setpoint
[INFO] [1784445894.346225838] [minipc_mavros_offboard]: Vehicle left armed/OFFBOARD state; continuing debug hold
[INFO] [1784445894.346432357] [minipc_mavros_offboard]: Debug hold after OFFBOARD/armed drop: connected=True, armed=False, guided=False, manual_input=False, mode=OFFBOARD
[INFO] [1784445894.378606311] [minipc_mavros_offboard]: Holding MAVROS setpoint
[INFO] [1784445894.379053264] [minipc_mavros_offboard]: Vehicle left armed/OFFBOARD state; continuing debug hold
[INFO] [1784445894.379256313] [minipc_mavros_offboard]: Debug hold after OFFBOARD/armed drop: connected=True, armed=False, guided=False, manual_input=False, mode=OFFBOARD
[INFO] [1784445894.412029204] [minipc_mavros_offboard]: Holding MAVROS setpoint
[INFO] [1784445894.412504299] [minipc_mavros_offboard]: Vehicle left armed/OFFBOARD state; continuing debug hold
[INFO] [1784445894.412689592] [minipc_mavros_offboard]: Debug hold after OFFBOARD/armed drop: connected=True, armed=False, guided=False, manual_input=False, mode=OFFBOARD
[INFO] [1784445894.445412327] [minipc_mavros_offboard]: Holding MAVROS setpoint
[INFO] [1784445894.445921455] [minipc_mavros_offboard]: Vehicle left armed/OFFBOARD state; continuing debug hold
[INFO] [1784445894.446172921] [minipc_mavros_offboard]: Debug hold after OFFBOARD/armed drop: connected=True, armed=False, guided=False, manual_input=False, mode=OFFBOARD
[INFO] [1784445894.479282402] [minipc_mavros_offboard]: Holding MAVROS setpoint
[INFO] [1784445894.480089981] [minipc_mavros_offboard]: Vehicle left armed/OFFBOARD state; continuing debug hold
[INFO] [1784445894.480559896] [minipc_mavros_offboard]: Debug hold after OFFBOARD/armed drop: connected=True, armed=False, guided=False, manual_input=False, mode=OFFBOARD
[INFO] [1784445894.512723733] [minipc_mavros_offboard]: Holding MAVROS setpoint
[INFO] [1784445894.513643268] [minipc_mavros_offboard]: Vehicle left armed/OFFBOARD state; continuing debug hold
[INFO] [1784445894.514107862] [minipc_mavros_offboard]: Debug hold after OFFBOARD/armed drop: connected=True, armed=False, guided=False, manual_input=False, mode=OFFBOARD
[INFO] [1784445894.545387450] [minipc_mavros_offboard]: Holding MAVROS setpoint
[INFO] [1784445894.546526965] [minipc_mavros_offboard]: Vehicle left armed/OFFBOARD state; continuing debug hold
[INFO] [1784445894.546843270] [minipc_mavros_offboard]: Debug hold after OFFBOARD/armed drop: connected=True, armed=False, guided=False, manual_input=False, mode=OFFBOARD
[INFO] [1784445894.579063286] [minipc_mavros_offboard]: Holding MAVROS setpoint
[INFO] [1784445894.579791729] [minipc_mavros_offboard]: Vehicle left armed/OFFBOARD state; continuing debug hold
[INFO] [1784445894.580113813] [minipc_mavros_offboard]: Debug hold after OFFBOARD/armed drop: connected=True, armed=False, guided=False, manual_input=False, mode=OFFBOARD
[INFO] [1784445894.611826150] [minipc_mavros_offboard]: Holding MAVROS setpoint
[INFO] [1784445894.612364539] [minipc_mavros_offboard]: Vehicle left armed/OFFBOARD state; continuing debug hold
[INFO] [1784445894.612612497] [minipc_mavros_offboard]: Debug hold after OFFBOARD/armed drop: connected=True, armed=False, guided=False, manual_input=False, mode=OFFBOARD
[INFO] [1784445894.645282351] [minipc_mavros_offboard]: Holding MAVROS setpoint
[INFO] [1784445894.645710207] [minipc_mavros_offboard]: Vehicle left armed/OFFBOARD state; continuing debug hold
[INFO] [1784445894.645881547] [minipc_mavros_offboard]: Debug hold after OFFBOARD/armed drop: connected=True, armed=False, guided=False, manual_input=False, mode=OFFBOARD
[INFO] [1784445894.678548020] [minipc_mavros_offboard]: Holding MAVROS setpoint
[INFO] [1784445894.678967148] [minipc_mavros_offboard]: Vehicle left armed/OFFBOARD state; continuing debug hold
[INFO] [1784445894.679151020] [minipc_mavros_offboard]: Debug hold after OFFBOARD/armed drop: connected=True, armed=False, guided=False, manual_input=False, mode=OFFBOARD
[INFO] [1784445894.711896647] [minipc_mavros_offboard]: Holding MAVROS setpoint
[INFO] [1784445894.712343981] [minipc_mavros_offboard]: Vehicle left armed/OFFBOARD state; continuing debug hold
[INFO] [1784445894.712510330] [minipc_mavros_offboard]: Debug hold after OFFBOARD/armed drop: connected=True, armed=False, guided=False, manual_input=False, mode=OFFBOARD
[INFO] [1784445894.745328184] [minipc_mavros_offboard]: Holding MAVROS setpoint
[INFO] [1784445894.745897520] [minipc_mavros_offboard]: Vehicle left armed/OFFBOARD state; continuing debug hold
[INFO] [1784445894.746119089] [minipc_mavros_offboard]: Debug hold after OFFBOARD/armed drop: connected=True, armed=False, guided=False, manual_input=False, mode=OFFBOARD
[INFO] [1784445894.778649893] [minipc_mavros_offboard]: Holding MAVROS setpoint
[INFO] [1784445894.779117314] [minipc_mavros_offboard]: Vehicle left armed/OFFBOARD state; continuing debug hold
[INFO] [1784445894.779289991] [minipc_mavros_offboard]: Debug hold after OFFBOARD/armed drop: connected=True, armed=False, guided=False, manual_input=False, mode=OFFBOARD
[INFO] [1784445894.811822199] [minipc_mavros_offboard]: Holding MAVROS setpoint
[INFO] [1784445894.812271038] [minipc_mavros_offboard]: Vehicle left armed/OFFBOARD state; continuing debug hold
[INFO] [1784445894.812450335] [minipc_mavros_offboard]: Debug hold after OFFBOARD/armed drop: connected=True, armed=False, guided=False, manual_input=False, mode=OFFBOARD
[INFO] [1784445894.845187479] [minipc_mavros_offboard]: Holding MAVROS setpoint
[INFO] [1784445894.845627393] [minipc_mavros_offboard]: Vehicle left armed/OFFBOARD state; continuing debug hold
[INFO] [1784445894.845824325] [minipc_mavros_offboard]: Debug hold after OFFBOARD/armed drop: connected=True, armed=False, guided=False, manual_input=False, mode=OFFBOARD
[INFO] [1784445894.878991812] [minipc_mavros_offboard]: Holding MAVROS setpoint
[INFO] [1784445894.879516069] [minipc_mavros_offboard]: Vehicle left armed/OFFBOARD state; continuing debug hold
[INFO] [1784445894.879761898] [minipc_mavros_offboard]: Debug hold after OFFBOARD/armed drop: connected=True, armed=False, guided=False, manual_input=False, mode=OFFBOARD
[INFO] [1784445894.912142340] [minipc_mavros_offboard]: Holding MAVROS setpoint
[INFO] [1784445894.912580195] [minipc_mavros_offboard]: Vehicle left armed/OFFBOARD state; continuing debug hold
[INFO] [1784445894.912778815] [minipc_mavros_offboard]: Debug hold after OFFBOARD/armed drop: connected=True, armed=False, guided=False, manual_input=False, mode=OFFBOARD
[INFO] [1784445894.945878113] [minipc_mavros_offboard]: Holding MAVROS setpoint
[INFO] [1784445894.946759394] [minipc_mavros_offboard]: Vehicle left armed/OFFBOARD state; continuing debug hold
[INFO] [1784445894.947258867] [minipc_mavros_offboard]: Debug hold after OFFBOARD/armed drop: connected=True, armed=False, guided=False, manual_input=False, mode=OFFBOARD
[INFO] [1784445894.979150211] [minipc_mavros_offboard]: Holding MAVROS setpoint
[INFO] [1784445894.979859552] [minipc_mavros_offboard]: Vehicle left armed/OFFBOARD state; continuing debug hold
[INFO] [1784445894.980292612] [minipc_mavros_offboard]: Debug hold after OFFBOARD/armed drop: connected=True, armed=False, guided=False, manual_input=False, mode=OFFBOARD
[INFO] [1784445895.012395556] [minipc_mavros_offboard]: Holding MAVROS setpoint
[INFO] [1784445906.845183272] [minipc_mavros_offboard]: Target reached; starting hover timer before landing
[INFO] [1784445916.912424922] [minipc_mavros_offboard]: Landing with OFFBOARD position setpoints
[INFO] [1784445916.912777751] [minipc_mavros_offboard]: Starting OFFBOARD controlled landing: z_start=0.26, z_end=-0.12, speed=0.10 m/s
[INFO] [1784445926.745169003] [minipc_mavros_offboard]: OFFBOARD landing reached AUTO.LAND handoff height; requesting AUTO.LAND
[INFO] [1784445926.778275212] [minipc_mavros_offboard]: Landing
[INFO] [1784445926.779029543] [minipc_mavros_offboard]: Requested AUTO.LAND mode
[INFO] [1784445926.844921411] [minipc_mavros_offboard]: Waiting for landing completion before disarm
[INFO] [1784445929.612373147] [minipc_mavros_offboard]: Landing detected; waiting before disarm request
[INFO] [1784445931.678405688] [minipc_mavros_offboard]: Disarming after landing
[INFO] [1784445931.679213253] [minipc_mavros_offboard]: Requested disarm after landing
[INFO] [1784445931.744927602] [minipc_mavros_offboard]: Waiting for disarm confirmation
[INFO] [1784445931.978372574] [minipc_mavros_offboard]: Vehicle disarmed; motors should be stopped
[INFO] [1784445932.011773413] [minipc_mavros_offboard]: MAVROS offboard control completed; stopping node
