[debug rosbag] starting
[debug rosbag] command: env FLIGHT_TIMESTAMP=20260811_212300 FLIGHT_RUN_DIR=/home/robot/rong_ws/ws_offboard_control/flight_records/20260811/flight_20260811_212300 /home/robot/rong_ws/ws_offboard_control/tools/rosbag/开始录包.sh
[debug rosbag] pid=9338 pgid=9338 log=/home/robot/rong_ws/ws_offboard_control/flight_records/20260811/flight_20260811_212300/logs/rosbag_debug.log
本场次目录：/home/robot/rong_ws/ws_offboard_control/flight_records/20260811/flight_20260811_212300
参数快照目录：/home/robot/rong_ws/ws_offboard_control/flight_records/20260811/flight_20260811_212300/snapshot
录包输出目录：/home/robot/rong_ws/ws_offboard_control/flight_records/20260811/flight_20260811_212300/rosbag
是否录制完整配准点云：false
在本终端按 Ctrl+C 停止录包。
stdin is not a terminal device. Keyboard handling disabled.[INFO] [1786454619.168475633] [rosbag2_recorder]: Press SPACE for pausing/resuming
[INFO] [1786454619.171785925] [rosbag2_storage]: Opened database '/home/robot/rong_ws/ws_offboard_control/flight_records/20260811/flight_20260811_212300/rosbag/rosbag_0.db3' for READ_WRITE.
[INFO] [1786454619.175389040] [rosbag2_recorder]: Listening for topics...
[INFO] [1786454619.175403416] [rosbag2_recorder]: Event publisher thread: Starting
[INFO] [1786454619.179861986] [rosbag2_recorder]: Subscribed to topic '/race/ego/position_command'
[INFO] [1786454619.181454220] [rosbag2_recorder]: Subscribed to topic '/race/ego/odom'
[INFO] [1786454619.182915530] [rosbag2_recorder]: Subscribed to topic '/path'
[INFO] [1786454619.183621220] [rosbag2_recorder]: Subscribed to topic '/Odometry'
[INFO] [1786454619.183720454] [rosbag2_recorder]: Recording...
[INFO] [1786454619.287470990] [rosbag2_recorder]: Subscribed to topic '/mavros/vision_speed/speed_twist_cov'
[INFO] [1786454619.288785448] [rosbag2_recorder]: Subscribed to topic '/race/pose'
[INFO] [1786454619.290114200] [rosbag2_recorder]: Subscribed to topic '/mavros/vision_pose/pose_cov'
[INFO] [1786454619.290981234] [rosbag2_recorder]: Subscribed to topic '/ev_health/velocity_ned'
[INFO] [1786454619.292907644] [rosbag2_recorder]: Subscribed to topic '/ev_health/diagnostics'
[INFO] [1786454619.294597759] [rosbag2_recorder]: Subscribed to topic '/ev_health/status'
[INFO] [1786454619.296371260] [rosbag2_recorder]: Subscribed to topic '/ev_health/fault'
[INFO] [1786454619.298734685] [rosbag2_recorder]: Subscribed to topic '/Odometry/healthy'
[INFO] [1786454619.300527129] [rosbag2_recorder]: Subscribed to topic '/race/odom'
[INFO] [1786454619.305299003] [rosbag2_recorder]: Subscribed to topic '/Odometry/guarded'
[INFO] [1786454619.410283159] [rosbag2_recorder]: Subscribed to topic '/race/control/status'
[INFO] [1786454619.412181571] [rosbag2_recorder]: Subscribed to topic '/race/ego/local_path_reference'
[INFO] [1786454619.413637403] [rosbag2_recorder]: Subscribed to topic '/race/ego/local_goal'
[INFO] [1786454619.417044973] [rosbag2_recorder]: Subscribed to topic '/race/ego/command_local_goal_seq'
[INFO] [1786454619.418198201] [rosbag2_recorder]: Subscribed to topic '/race/global_path'
[INFO] [1786454619.419255277] [rosbag2_recorder]: Subscribed to topic '/race/super_planner/raw_path'
[INFO] [1786454619.420327160] [rosbag2_recorder]: Subscribed to topic '/race/planner/status'
[INFO] [1786454619.421381905] [rosbag2_recorder]: Subscribed to topic '/race/global_planner/status'
[INFO] [1786454619.422855906] [rosbag2_recorder]: Subscribed to topic '/mavros/local_position/velocity_body'
[INFO] [1786454619.428349790] [rosbag2_recorder]: Subscribed to topic '/mavros/setpoint_raw/target_local'
[INFO] [1786454619.429974962] [rosbag2_recorder]: Subscribed to topic '/mavros/local_position/velocity_local'
[INFO] [1786454619.431885549] [rosbag2_recorder]: Subscribed to topic '/mavros/local_position/odom'
[INFO] [1786454619.434349443] [rosbag2_recorder]: Subscribed to topic '/race/ego/validated_bspline'
[INFO] [1786454619.435868298] [rosbag2_recorder]: Subscribed to topic '/goal_pose'
[INFO] [1786454619.437277572] [rosbag2_recorder]: Subscribed to topic '/race/ego/trajectory_setpoint'
[INFO] [1786454619.440699733] [rosbag2_recorder]: Subscribed to topic '/mavros/estimator_status'
[INFO] [1786454619.442755424] [rosbag2_recorder]: Subscribed to topic '/race/ego/status'
[INFO] [1786454619.444610912] [rosbag2_recorder]: Subscribed to topic '/mavros/local_position/pose'
[INFO] [1786454619.446562971] [rosbag2_recorder]: Subscribed to topic '/mavros/setpoint_raw/local'
[INFO] [1786454619.448694870] [rosbag2_recorder]: Subscribed to topic '/mavros/state'
[INFO] [1786454619.869338516] [rosbag2_recorder]: Subscribed to topic '/race/ego/bspline'
[INFO] [1786454680.828452500] [rosbag2_cpp]: Writing remaining messages from cache to the bag. It may take a while
[INFO] [1786454680.833130344] [rosbag2_recorder]: Event publisher thread: Exiting
[INFO] [1786454680.833580378] [rosbag2_recorder]: Recording stopped
[debug rosbag] 已退出，状态码 143
