[debug rosbag] starting
[debug rosbag] command: env FLIGHT_TIMESTAMP=20260812_051545 FLIGHT_RUN_DIR=/home/robot/rong_ws/ws_offboard_control/flight_records/20260812/flight_20260812_051545 /home/robot/rong_ws/ws_offboard_control/tools/rosbag/开始录包.sh
[debug rosbag] pid=6196 pgid=6196 log=/home/robot/rong_ws/ws_offboard_control/flight_records/20260812/flight_20260812_051545/logs/rosbag_debug.log
本场次目录：/home/robot/rong_ws/ws_offboard_control/flight_records/20260812/flight_20260812_051545
参数快照目录：/home/robot/rong_ws/ws_offboard_control/flight_records/20260812/flight_20260812_051545/snapshot
录包输出目录：/home/robot/rong_ws/ws_offboard_control/flight_records/20260812/flight_20260812_051545/rosbag
是否录制完整配准点云：false
在本终端按 Ctrl+C 停止录包。
stdin is not a terminal device. Keyboard handling disabled.[INFO] [1786482975.158453610] [rosbag2_recorder]: Press SPACE for pausing/resuming
[INFO] [1786482975.160937362] [rosbag2_storage]: Opened database '/home/robot/rong_ws/ws_offboard_control/flight_records/20260812/flight_20260812_051545/rosbag/rosbag_0.db3' for READ_WRITE.
[INFO] [1786482975.166175933] [rosbag2_recorder]: Listening for topics...
[INFO] [1786482975.167146100] [rosbag2_recorder]: Event publisher thread: Starting
[INFO] [1786482975.836934292] [rosbag2_recorder]: Subscribed to topic '/goal_pose'
[INFO] [1786482975.838693045] [rosbag2_recorder]: Subscribed to topic '/ev_health/velocity_ned'
[INFO] [1786482975.843097250] [rosbag2_recorder]: Subscribed to topic '/ev_health/diagnostics'
[INFO] [1786482975.847387926] [rosbag2_recorder]: Subscribed to topic '/ev_health/status'
[INFO] [1786482975.848658003] [rosbag2_recorder]: Subscribed to topic '/ev_health/fault'
[INFO] [1786482975.850350626] [rosbag2_recorder]: Subscribed to topic '/Odometry/healthy'
[INFO] [1786482975.850475522] [rosbag2_recorder]: Recording...
[INFO] [1786482975.854848765] [rosbag2_recorder]: Subscribed to topic '/race/super_planner/raw_path'
[INFO] [1786482975.855646288] [rosbag2_recorder]: Subscribed to topic '/race/pose'
[INFO] [1786482975.856204392] [rosbag2_recorder]: Subscribed to topic '/race/planner/status'
[INFO] [1786482975.857567499] [rosbag2_recorder]: Subscribed to topic '/race/global_planner/status'
[INFO] [1786482975.858629555] [rosbag2_recorder]: Subscribed to topic '/Odometry/guarded'
[INFO] [1786482975.860233419] [rosbag2_recorder]: Subscribed to topic '/race/odom'
[INFO] [1786482975.863125185] [rosbag2_recorder]: Subscribed to topic '/mavros/state'
[INFO] [1786482975.864469945] [rosbag2_recorder]: Subscribed to topic '/mavros/local_position/odom'
[INFO] [1786482975.865878182] [rosbag2_recorder]: Subscribed to topic '/mavros/local_position/velocity_local'
[INFO] [1786482975.867457249] [rosbag2_recorder]: Subscribed to topic '/mavros/local_position/velocity_body'
[INFO] [1786482975.869209441] [rosbag2_recorder]: Subscribed to topic '/mavros/setpoint_raw/target_local'
[INFO] [1786482975.871975878] [rosbag2_recorder]: Subscribed to topic '/mavros/estimator_status'
[INFO] [1786482975.873865135] [rosbag2_recorder]: Subscribed to topic '/race/navigation_setpoint'
[INFO] [1786482975.875662481] [rosbag2_recorder]: Subscribed to topic '/mavros/local_position/pose'
[INFO] [1786482976.181076180] [rosbag2_recorder]: Subscribed to topic '/Odometry'
[INFO] [1786482976.181930592] [rosbag2_recorder]: Subscribed to topic '/mavros/vision_speed/speed_twist_cov'
[INFO] [1786482976.182774712] [rosbag2_recorder]: Subscribed to topic '/mavros/vision_pose/pose_cov'
[INFO] [1786482976.183516852] [rosbag2_recorder]: Subscribed to topic '/path'
[INFO] [1786482976.184292955] [rosbag2_recorder]: Subscribed to topic '/mavros/setpoint_raw/local'
[INFO] [1786482976.184974347] [rosbag2_recorder]: Subscribed to topic '/race/control/status'
[INFO] [1786483095.885001841] [rosbag2_cpp]: Writing remaining messages from cache to the bag. It may take a while
[INFO] [1786483095.888360541] [rosbag2_recorder]: Event publisher thread: Exiting
[INFO] [1786483095.888522293] [rosbag2_recorder]: Recording stopped
[debug rosbag] 已退出，状态码 143
