[debug rosbag] starting
[debug rosbag] command: env FLIGHT_TIMESTAMP=20260812_080944 FLIGHT_RUN_DIR=/home/robot/rong_ws/ws_offboard_control/flight_records/20260812/flight_20260812_080944 /home/robot/rong_ws/ws_offboard_control/tools/rosbag/开始录包.sh
[debug rosbag] pid=134675 pgid=134675 log=/home/robot/rong_ws/ws_offboard_control/flight_records/20260812/flight_20260812_080944/logs/rosbag_debug.log
本场次目录：/home/robot/rong_ws/ws_offboard_control/flight_records/20260812/flight_20260812_080944
参数快照目录：/home/robot/rong_ws/ws_offboard_control/flight_records/20260812/flight_20260812_080944/snapshot
录包输出目录：/home/robot/rong_ws/ws_offboard_control/flight_records/20260812/flight_20260812_080944/rosbag
是否录制完整配准点云：false
在本终端按 Ctrl+C 停止录包。
stdin is not a terminal device. Keyboard handling disabled.[INFO] [1786493443.569861166] [rosbag2_recorder]: Press SPACE for pausing/resuming
[INFO] [1786493443.571335957] [rosbag2_storage]: Opened database '/home/robot/rong_ws/ws_offboard_control/flight_records/20260812/flight_20260812_080944/rosbag/rosbag_0.db3' for READ_WRITE.
[INFO] [1786493443.573587624] [rosbag2_recorder]: Listening for topics...
[INFO] [1786493443.574846169] [rosbag2_recorder]: Event publisher thread: Starting
[INFO] [1786493443.579246549] [rosbag2_recorder]: Subscribed to topic '/race/super_planner/raw_path'
[INFO] [1786493443.582845363] [rosbag2_recorder]: Subscribed to topic '/race/pose'
[INFO] [1786493443.586293074] [rosbag2_recorder]: Subscribed to topic '/race/planner/status'
[INFO] [1786493443.592534453] [rosbag2_recorder]: Subscribed to topic '/race/odom'
[INFO] [1786493443.596824866] [rosbag2_recorder]: Subscribed to topic '/race/navigation_setpoint'
[INFO] [1786493443.600465032] [rosbag2_recorder]: Subscribed to topic '/race/global_planner/status'
[INFO] [1786493443.605184514] [rosbag2_recorder]: Subscribed to topic '/race/control/status'
[INFO] [1786493443.613113260] [rosbag2_recorder]: Subscribed to topic '/mavros/setpoint_raw/local'
[INFO] [1786493443.613303712] [rosbag2_recorder]: Recording...
[INFO] [1786493443.726524478] [rosbag2_recorder]: Subscribed to topic '/mavros/local_position/velocity_body'
[INFO] [1786493443.731013734] [rosbag2_recorder]: Subscribed to topic '/mavros/setpoint_raw/target_local'
[INFO] [1786493443.737162283] [rosbag2_recorder]: Subscribed to topic '/mavros/estimator_status'
[INFO] [1786493443.742533333] [rosbag2_recorder]: Subscribed to topic '/ev_health/status'
[INFO] [1786493443.747586962] [rosbag2_recorder]: Subscribed to topic '/goal_pose'
[INFO] [1786493443.752067960] [rosbag2_recorder]: Subscribed to topic '/path'
[INFO] [1786493443.758451177] [rosbag2_recorder]: Subscribed to topic '/mavros/vision_pose/pose_cov'
[INFO] [1786493443.760917579] [rosbag2_recorder]: Subscribed to topic '/mavros/vision_speed/speed_twist_cov'
[INFO] [1786493443.766621917] [rosbag2_recorder]: Subscribed to topic '/mavros/state'
[INFO] [1786493443.768643571] [rosbag2_recorder]: Subscribed to topic '/Odometry'
[INFO] [1786493443.772035586] [rosbag2_recorder]: Subscribed to topic '/mavros/local_position/pose'
[INFO] [1786493443.775964435] [rosbag2_recorder]: Subscribed to topic '/Odometry/guarded'
[INFO] [1786493443.779917704] [rosbag2_recorder]: Subscribed to topic '/Odometry/healthy'
[INFO] [1786493443.783005502] [rosbag2_recorder]: Subscribed to topic '/ev_health/fault'
[INFO] [1786493443.786160728] [rosbag2_recorder]: Subscribed to topic '/mavros/local_position/odom'
[INFO] [1786493443.790800871] [rosbag2_recorder]: Subscribed to topic '/mavros/local_position/velocity_local'
[INFO] [1786493443.798148467] [rosbag2_recorder]: Subscribed to topic '/ev_health/diagnostics'
[INFO] [1786493443.803885257] [rosbag2_recorder]: Subscribed to topic '/ev_health/velocity_ned'
