Flight run directory: /home/robot/ws_offboard_control/flight_records/20260719/flight_20260719_151924
Parameter snapshot: /home/robot/ws_offboard_control/flight_records/20260719/flight_20260719_151924/snapshot
Recording rosbag to: /home/robot/ws_offboard_control/flight_records/20260719/flight_20260719_151924/rosbag
Press Ctrl+C in this terminal to stop recording.
stdin is not a terminal device. Keyboard handling disabled.[INFO] [1784445579.910026472] [rosbag2_recorder]: Press SPACE for pausing/resuming
[INFO] [1784445579.912236045] [rosbag2_storage]: Opened database '/home/robot/ws_offboard_control/flight_records/20260719/flight_20260719_151924/rosbag/rosbag_0.db3' for READ_WRITE.
[INFO] [1784445579.914222215] [rosbag2_recorder]: Listening for topics...
[INFO] [1784445579.914249229] [rosbag2_recorder]: Event publisher thread: Starting
[INFO] [1784445579.915839177] [rosbag2_recorder]: Subscribed to topic '/route_tracker/reference_path_3d'
[INFO] [1784445579.917226504] [rosbag2_recorder]: Subscribed to topic '/minipc_mavros_offboard/mpc_setpoint_debug'
[INFO] [1784445579.917896291] [rosbag2_recorder]: Subscribed to topic '/path'
[INFO] [1784445579.918599283] [rosbag2_recorder]: Subscribed to topic '/mavros/vision_pose/pose_cov'
[INFO] [1784445579.919066414] [rosbag2_recorder]: Subscribed to topic '/route_tracker/lookahead_target'
[INFO] [1784445579.919570544] [rosbag2_recorder]: Subscribed to topic '/mavros/setpoint_raw/local'
[INFO] [1784445579.920715374] [rosbag2_recorder]: Subscribed to topic '/cloud_registered'
[INFO] [1784445579.921501918] [rosbag2_recorder]: Subscribed to topic '/Odometry/guarded'
[INFO] [1784445579.922143102] [rosbag2_recorder]: Subscribed to topic '/Odometry'
[INFO] [1784445579.922304740] [rosbag2_recorder]: Recording...
[INFO] [1784445580.130698174] [rosbag2_recorder]: Subscribed to topic '/mavros/local_position/pose'
[INFO] [1784445580.131346797] [rosbag2_recorder]: Subscribed to topic '/mavros/local_position/odom'
[INFO] [1784445580.131828883] [rosbag2_recorder]: Subscribed to topic '/mavros/setpoint_raw/target_local'
[INFO] [1784445580.132309813] [rosbag2_recorder]: Subscribed to topic '/mavros/state'
