[INFO] [launch]: All log files can be found below /home/robot/.ros/log/2026-07-18-18-21-52-297035-robot-5651
[INFO] [launch]: Default logging verbosity is set to INFO
[INFO] [mavros_node-1]: process started with pid [5652]
[INFO] [fastlio_odometry_guard-2]: process started with pid [5654]
[INFO] [fastlio_mavros_vision_bridge-3]: process started with pid [5656]
[INFO] [static_transform_publisher-4]: process started with pid [5658]
[INFO] [static_transform_publisher-5]: process started with pid [5660]
[INFO] [static_transform_publisher-6]: process started with pid [5662]
[INFO] [static_transform_publisher-7]: process started with pid [5664]
[static_transform_publisher-6] [INFO] [1784370112.409449425] [camera_init_to_camera_init_ned]: Spinning until stopped - publishing transform
[static_transform_publisher-6] translation: ('0.000000', '0.000000', '0.000000')
[static_transform_publisher-6] rotation: ('1.000000', '0.000000', '0.000000', '0.000000')
[static_transform_publisher-6] from 'camera_init' to 'camera_init_ned'
[mavros_node-1] [INFO] [1784370112.411128745] [mavros.mavros_node]: Starting mavros_node container
[mavros_node-1] [INFO] [1784370112.411218530] [mavros.mavros_node]: FCU URL: serial:///dev/ttyUSB0:921600?ids=255,190
[mavros_node-1] [INFO] [1784370112.411224744] [mavros.mavros_node]: GCS URL: 
[mavros_node-1] [INFO] [1784370112.411228622] [mavros.mavros_node]: UAS Prefix: /uas1
[mavros_node-1] [INFO] [1784370112.411232345] [mavros.mavros_node]: Starting mavros router node
[static_transform_publisher-7] [INFO] [1784370112.413789980] [body_to_body_frd]: Spinning until stopped - publishing transform
[static_transform_publisher-7] translation: ('0.000000', '0.000000', '0.000000')
[static_transform_publisher-7] rotation: ('1.000000', '0.000000', '0.000000', '0.000000')
[static_transform_publisher-7] from 'body' to 'body_frd'
[mavros_node-1] [INFO] [1784370112.421219675] [mavros.mavros_router]: Built-in SIMD instructions: SSE, SSE2
[mavros_node-1] [INFO] [1784370112.421283500] [mavros.mavros_router]: Built-in MAVLink package version: 2026.3.3
[mavros_node-1] [INFO] [1784370112.421305019] [mavros.mavros_router]: Known MAVLink dialects: common ardupilotmega ASLUAV AVSSUAS all csAirLink cubepilot development icarous loweheiser marsh matrixpilot paparazzi standard stemstudios storm32 uAvionix ualberta
[mavros_node-1] [INFO] [1784370112.421320742] [mavros.mavros_router]: MAVROS Router started
[mavros_node-1] [INFO] [1784370112.421546500] [mavros.mavros_node]: Starting mavros uas node
[fastlio_odometry_guard-2] [INFO] [1784370112.422633510] [fastlio_odometry_guard]: Guarding odometry /Odometry -> /Odometry/guarded (jump=0.30m, xy=0.20m, z=0.10m, speed=1.20m/s)
[static_transform_publisher-5] [INFO] [1784370112.422689209] [base_link_to_body]: Spinning until stopped - publishing transform
[static_transform_publisher-5] translation: ('0.000000', '0.000000', '0.000000')
[static_transform_publisher-5] rotation: ('0.000000', '0.000000', '0.000000', '1.000000')
[static_transform_publisher-5] from 'base_link' to 'body'
[static_transform_publisher-4] [INFO] [1784370112.425420090] [odom_to_camera_init]: Spinning until stopped - publishing transform
[static_transform_publisher-4] translation: ('0.000000', '0.000000', '0.000000')
[static_transform_publisher-4] rotation: ('0.000000', '0.000000', '0.000000', '1.000000')
[static_transform_publisher-4] from 'odom' to 'camera_init'
[fastlio_mavros_vision_bridge-3] [INFO] [1784370112.427028252] [fastlio_mavros_vision_bridge]: Bridging /Odometry/guarded -> /mavros/vision_pose/pose_cov for MAVROS vision input
[mavros_node-1] [INFO] [1784370112.461545344] [mavros.mavros_router]: Requested to add endpoint: type: 0, url: serial:///dev/ttyUSB0:921600?ids=255,190
[mavros_node-1] [INFO] [1784370112.461685013] [mavros.mavros_router]: Endpoint link[1000] created
[mavros_node-1] [INFO] [1784370112.462878338] [mavros.mavros_router]: link[1000] opened successfully
[mavros_node-1] [INFO] [1784370112.462944503] [mavros.mavros_router]: Requested to add endpoint: type: 2, url: /uas1
[mavros_node-1] [INFO] [1784370112.462962996] [mavros.mavros_router]: link[1000] detected remote address 1.1
[mavros_node-1] [INFO] [1784370112.462971046] [mavros.mavros_router]: Endpoint link[1001] created
[mavros_node-1] [INFO] [1784370112.465447276] [mavros.mavros_router]: link[1001] opened successfully
[mavros_node-1] [INFO] [1784370112.472675803] [mavros.mavros]: UAS Executor started, threads: 16
[mavros_node-1] [INFO] [1784370112.496051738] [mavros.mavros]: Plugin actuator_control created
[mavros_node-1] [INFO] [1784370112.496093353] [mavros.mavros]: Plugin actuator_control initialized
[mavros_node-1] [INFO] [1784370112.514074058] [mavros.mavros]: Plugin adsb created
[mavros_node-1] [INFO] [1784370112.514121989] [mavros.mavros]: Plugin adsb initialized
[mavros_node-1] [INFO] [1784370112.518821792] [mavros.mavros]: Plugin altitude created
[mavros_node-1] [INFO] [1784370112.518921366] [mavros.mavros]: Plugin altitude initialized
[mavros_node-1] [INFO] [1784370112.524363013] [mavros.mavros]: Plugin cam_imu_sync created
[mavros_node-1] [INFO] [1784370112.524597462] [mavros.mavros]: Plugin cam_imu_sync initialized
[mavros_node-1] [INFO] [1784370112.537099370] [mavros.mavros]: Plugin camera created
[mavros_node-1] [INFO] [1784370112.537138136] [mavros.mavros]: Plugin camera initialized
[mavros_node-1] [INFO] [1784370112.542315060] [mavros.mavros]: Plugin cellular_status created
[mavros_node-1] [INFO] [1784370112.542346710] [mavros.mavros]: Plugin cellular_status initialized
[mavros_node-1] [INFO] [1784370112.550756560] [mavros.mavros]: Plugin command created
[mavros_node-1] [INFO] [1784370112.550822670] [mavros.mavros]: Plugin command initialized
[mavros_node-1] [INFO] [1784370112.555025912] [mavros.mavros]: Plugin companion_process_status created
[mavros_node-1] [INFO] [1784370112.555074390] [mavros.mavros]: Plugin companion_process_status initialized
[mavros_node-1] [INFO] [1784370112.559655597] [mavros.mavros]: Plugin debug_value created
[mavros_node-1] [INFO] [1784370112.559715075] [mavros.mavros]: Plugin debug_value initialized
[mavros_node-1] [INFO] [1784370112.559726347] [mavros.mavros]: Plugin distance_sensor ignored
[mavros_node-1] [INFO] [1784370112.569793268] [mavros.mavros]: Plugin esc_status created
[mavros_node-1] [INFO] [1784370112.569838773] [mavros.mavros]: Plugin esc_status initialized
[mavros_node-1] [INFO] [1784370112.574027761] [mavros.mavros]: Plugin esc_telemetry created
[mavros_node-1] [INFO] [1784370112.574069738] [mavros.mavros]: Plugin esc_telemetry initialized
[mavros_node-1] [INFO] [1784370112.579232187] [mavros.mavros]: Plugin fake_gps created
[mavros_node-1] [INFO] [1784370112.579283057] [mavros.mavros]: Plugin fake_gps initialized
[mavros_node-1] [INFO] [1784370112.587090392] [mavros.mavros]: Plugin ftp created
[mavros_node-1] [INFO] [1784370112.587131850] [mavros.mavros]: Plugin ftp initialized
[mavros_node-1] [INFO] [1784370112.592958178] [mavros.mavros]: Plugin geofence created
[mavros_node-1] [INFO] [1784370112.593007570] [mavros.mavros]: Plugin geofence initialized
[mavros_node-1] [INFO] [1784370112.604882517] [mavros.mavros]: Plugin gimbal_control created
[mavros_node-1] [INFO] [1784370112.605011703] [mavros.mavros]: Plugin gimbal_control initialized
[mavros_node-1] [INFO] [1784370112.624208618] [mavros.mavros]: Plugin global_position created
[mavros_node-1] [INFO] [1784370112.624316562] [mavros.mavros]: Plugin global_position initialized
[mavros_node-1] [INFO] [1784370112.633106255] [mavros.mavros]: Plugin gps_input created
[mavros_node-1] [INFO] [1784370112.633157037] [mavros.mavros]: Plugin gps_input initialized
[mavros_node-1] [INFO] [1784370112.645021926] [mavros.mavros]: Plugin gps_rtk created
[mavros_node-1] [INFO] [1784370112.645147476] [mavros.mavros]: Plugin gps_rtk initialized
[mavros_node-1] [INFO] [1784370112.656235467] [mavros.mavros]: Plugin gps_status created
[mavros_node-1] [INFO] [1784370112.656308890] [mavros.mavros]: Plugin gps_status initialized
[mavros_node-1] [INFO] [1784370112.661902012] [mavros.mavros]: Plugin guided_target created
[mavros_node-1] [INFO] [1784370112.661953389] [mavros.mavros]: Plugin guided_target initialized
[mavros_node-1] [INFO] [1784370112.672347813] [mavros.mavros]: Plugin hil created
[mavros_node-1] [INFO] [1784370112.672387327] [mavros.mavros]: Plugin hil initialized
[mavros_node-1] [INFO] [1784370112.678853298] [mavros.mavros]: Plugin home_position created
[mavros_node-1] [INFO] [1784370112.678899544] [mavros.mavros]: Plugin home_position initialized
[mavros_node-1] [INFO] [1784370112.687757232] [mavros.mavros]: Plugin imu created
[mavros_node-1] [INFO] [1784370112.687805369] [mavros.mavros]: Plugin imu initialized
[mavros_node-1] [INFO] [1784370112.695865565] [mavros.mavros]: Plugin landing_target created
[mavros_node-1] [INFO] [1784370112.695936405] [mavros.mavros]: Plugin landing_target initialized
[mavros_node-1] [INFO] [1784370112.710174845] [mavros.mavros]: Plugin local_position created
[mavros_node-1] [INFO] [1784370112.710257546] [mavros.mavros]: Plugin local_position initialized
[mavros_node-1] [INFO] [1784370112.751359378] [mavros.mavros]: Plugin log_transfer created
[mavros_node-1] [INFO] [1784370112.751632822] [mavros.mavros]: Plugin log_transfer initialized
[mavros_node-1] [INFO] [1784370112.764216410] [mavros.mavros]: Plugin mag_calibration_status created
[mavros_node-1] [INFO] [1784370112.764271339] [mavros.mavros]: Plugin mag_calibration_status initialized
[mavros_node-1] [INFO] [1784370112.772503065] [mavros.mavros]: Plugin manual_control created
[mavros_node-1] [INFO] [1784370112.772547739] [mavros.mavros]: Plugin manual_control initialized
[mavros_node-1] [INFO] [1784370112.781173433] [mavros.mavros]: Plugin mocap_pose_estimate created
[mavros_node-1] [INFO] [1784370112.781238639] [mavros.mavros]: Plugin mocap_pose_estimate initialized
[mavros_node-1] [INFO] [1784370112.796177210] [mavros.mavros]: Plugin mount_control created
[mavros_node-1] [INFO] [1784370112.796233885] [mavros.mavros]: Plugin mount_control initialized
[mavros_node-1] [INFO] [1784370112.806623796] [mavros.mavros]: Plugin nav_controller_output created
[mavros_node-1] [INFO] [1784370112.806768077] [mavros.mavros]: Plugin nav_controller_output initialized
[mavros_node-1] [INFO] [1784370112.832064569] [mavros.mavros]: Plugin obstacle_distance created
[mavros_node-1] [INFO] [1784370112.832198933] [mavros.mavros]: Plugin obstacle_distance initialized
[mavros_node-1] [INFO] [1784370112.857394921] [mavros.mavros]: Plugin obstacle_distance_3d created
[mavros_node-1] [INFO] [1784370112.857456184] [mavros.mavros]: Plugin obstacle_distance_3d initialized
[fastlio_odometry_guard-2] [WARN] [1784370112.867789374] [fastlio_odometry_guard]: Rejected FAST-LIO odometry: large dt 1.39983 s; reset guard baseline (accepted=10 rejected=1)
[mavros_node-1] [INFO] [1784370112.873815566] [mavros.mavros]: Plugin odometry created
[mavros_node-1] [INFO] [1784370112.873909747] [mavros.mavros]: Plugin odometry initialized
[mavros_node-1] [INFO] [1784370112.886380286] [mavros.mavros]: Plugin onboard_computer_status created
[mavros_node-1] [INFO] [1784370112.886436038] [mavros.mavros]: Plugin onboard_computer_status initialized
[mavros_node-1] [INFO] [1784370112.896963359] [mavros.mavros]: Plugin open_drone_id created
[mavros_node-1] [INFO] [1784370112.897013712] [mavros.mavros]: Plugin open_drone_id initialized
[mavros_node-1] [INFO] [1784370112.909084658] [mavros.mavros]: Plugin optical_flow created
[mavros_node-1] [INFO] [1784370112.909131676] [mavros.mavros]: Plugin optical_flow initialized
[mavros_node-1] [INFO] [1784370112.922531182] [mavros.mavros]: Plugin param created
[mavros_node-1] [INFO] [1784370112.922586902] [mavros.mavros]: Plugin param initialized
[mavros_node-1] [INFO] [1784370112.933580452] [mavros.mavros]: Plugin play_tune created
[mavros_node-1] [INFO] [1784370112.933643437] [mavros.mavros]: Plugin play_tune initialized
[mavros_node-1] [INFO] [1784370112.947482260] [mavros.mavros]: Plugin px4flow created
[mavros_node-1] [INFO] [1784370112.947543026] [mavros.mavros]: Plugin px4flow initialized
[mavros_node-1] [INFO] [1784370112.960064525] [mavros.mavros]: Plugin rallypoint created
[mavros_node-1] [INFO] [1784370112.960125062] [mavros.mavros]: Plugin rallypoint initialized
[mavros_node-1] [INFO] [1784370112.960131089] [mavros.mavros]: Plugin rangefinder ignored
[mavros_node-1] [INFO] [1784370112.973834992] [mavros.mavros]: Plugin rc_io created
[mavros_node-1] [INFO] [1784370112.973934615] [mavros.mavros]: Plugin rc_io initialized
[mavros_node-1] [INFO] [1784370112.984015914] [mavros.mavros]: Plugin setpoint_accel created
[mavros_node-1] [INFO] [1784370112.984069170] [mavros.mavros]: Plugin setpoint_accel initialized
[mavros_node-1] [INFO] [1784370112.996058023] [mavros.mavros]: Plugin setpoint_attitude created
[mavros_node-1] [INFO] [1784370112.996324374] [mavros.mavros]: Plugin setpoint_attitude initialized
[mavros_node-1] [INFO] [1784370113.012485097] [mavros.mavros]: Plugin setpoint_position created
[mavros_node-1] [INFO] [1784370113.012549692] [mavros.mavros]: Plugin setpoint_position initialized
[mavros_node-1] [INFO] [1784370113.029801379] [mavros.mavros]: Plugin setpoint_raw created
[mavros_node-1] [INFO] [1784370113.029875705] [mavros.mavros]: Plugin setpoint_raw initialized
[mavros_node-1] [INFO] [1784370113.069742201] [mavros.mavros]: Plugin setpoint_trajectory created
[mavros_node-1] [INFO] [1784370113.069882549] [mavros.mavros]: Plugin setpoint_trajectory initialized
[mavros_node-1] [INFO] [1784370113.105409536] [mavros.mavros]: Plugin setpoint_velocity created
[mavros_node-1] [INFO] [1784370113.105470981] [mavros.mavros]: Plugin setpoint_velocity initialized
[mavros_node-1] [INFO] [1784370113.132647838] [mavros.mavros]: Plugin sim_state created
[mavros_node-1] [INFO] [1784370113.132754524] [mavros.mavros]: Plugin sim_state initialized
[mavros_node-1] [INFO] [1784370113.173430984] [mavros.mavros]: Plugin sys_status created
[mavros_node-1] [INFO] [1784370113.173508600] [mavros.mavros]: Plugin sys_status initialized
[mavros_node-1] [INFO] [1784370113.191039719] [mavros.time]: TM: Timesync mode: MAVLINK
[mavros_node-1] [INFO] [1784370113.196159654] [mavros.mavros]: Plugin sys_time created
[mavros_node-1] [INFO] [1784370113.196333248] [mavros.mavros]: Plugin sys_time initialized
[mavros_node-1] [INFO] [1784370113.216667074] [mavros.mavros]: Plugin tdr_radio created
[mavros_node-1] [INFO] [1784370113.216775111] [mavros.mavros]: Plugin tdr_radio initialized
[mavros_node-1] [INFO] [1784370113.271723333] [mavros.mavros]: Plugin terrain created
[mavros_node-1] [INFO] [1784370113.271844501] [mavros.mavros]: Plugin terrain initialized
[mavros_node-1] [INFO] [1784370113.317461634] [mavros.mavros]: Plugin trajectory created
[mavros_node-1] [INFO] [1784370113.317658367] [mavros.mavros]: Plugin trajectory initialized
[mavros_node-1] [INFO] [1784370113.365414498] [mavros.mavros]: Plugin tunnel created
[mavros_node-1] [INFO] [1784370113.365968106] [mavros.mavros]: Plugin tunnel initialized
[mavros_node-1] [INFO] [1784370113.417396917] [mavros.mavros]: Plugin vfr_hud created
[mavros_node-1] [INFO] [1784370113.417616023] [mavros.mavros]: Plugin vfr_hud initialized
[mavros_node-1] [INFO] [1784370113.417632169] [mavros.mavros]: Plugin vibration ignored
[mavros_node-1] [INFO] [1784370113.467773466] [mavros.mavros]: Plugin vision_pose created
[mavros_node-1] [INFO] [1784370113.467852242] [mavros.mavros]: Plugin vision_pose initialized
[mavros_node-1] [INFO] [1784370113.502214090] [mavros.mavros]: Plugin vision_speed created
[mavros_node-1] [INFO] [1784370113.502372811] [mavros.mavros]: Plugin vision_speed initialized
[mavros_node-1] [INFO] [1784370113.562118495] [mavros.mavros]: Plugin waypoint created
[mavros_node-1] [INFO] [1784370113.562253109] [mavros.mavros]: Plugin waypoint initialized
[mavros_node-1] [INFO] [1784370113.562260735] [mavros.mavros]: Plugin wheel_odometry ignored
[mavros_node-1] [INFO] [1784370113.600553381] [mavros.mavros]: Plugin wind_estimation created
[mavros_node-1] [INFO] [1784370113.600758162] [mavros.mavros]: Plugin wind_estimation initialized
[mavros_node-1] [INFO] [1784370113.606770010] [mavros.mavros]: Built-in SIMD instructions: SSE, SSE2
[mavros_node-1] [INFO] [1784370113.606878977] [mavros.mavros]: Built-in MAVLink package version: 2026.3.3
[mavros_node-1] [INFO] [1784370113.606899501] [mavros.mavros]: Known MAVLink dialects: common ardupilotmega ASLUAV AVSSUAS all csAirLink cubepilot development icarous loweheiser marsh matrixpilot paparazzi standard stemstudios storm32 uAvionix ualberta
[mavros_node-1] [INFO] [1784370113.606911600] [mavros.mavros]: MAVROS UAS via /uas1 started. MY ID 255.190, TARGET ID 1.1
[mavros_node-1] [INFO] [1784370113.611734521] [mavros.mavros_router]: link[1001] detected remote address 255.190
[mavros_node-1] [INFO] [1784370113.613332187] [mavros.imu]: IMU: High resolution IMU detected!
[mavros_node-1] [INFO] [1784370113.615727382] [mavros.imu]: IMU: Attitude quaternion IMU detected!
[mavros_node-1] [INFO] [1784370113.624137206] [mavros.rc]: RC_CHANNELS message detected!
[mavros_node-1] [WARN] [1784370113.975984439] [mavros.sys]: FCU: UNK(8): EVENT 11047904 with args -0-128-0-18-1-0-0-0-0-0-0-0-0-131-191-1-128-0-0-0-0-0-0-0-0-0-0-0-0-0-0-0-0-0-0-0-0-0-0-0-
[mavros_node-1] [ERROR] [1784370113.976284867] [mavros.sys]: FCU: EVENT 16642797 with args -124-0-126-0-17-0-0-0-0-0-0-0-0-0-0-0-0-0-0-0-0-0-0-0-0-0-0-0-0-0-0-0-0-0-0-0-0-0-0-0-
[mavros_node-1] [ERROR] [1784370113.976671780] [mavros.sys]: FCU: EVENT 9077977 with args -255-255-255-255-7-0-0-0-0-0-0-0-0-0-0-0-0-0-0-0-0-0-0-0-0-0-0-0-0-0-0-0-0-0-0-0-0-0-0-0-
[mavros_node-1] [ERROR] [1784370113.976988945] [mavros.sys]: FCU: EVENT 13679014 with args -0-64-0-0-20-0-0-0-0-0-0-0-0-0-0-0-0-0-0-0-0-0-0-0-0-0-0-0-0-0-0-0-0-0-0-0-0-0-0-0-
[mavros_node-1] [ERROR] [1784370113.977341784] [mavros.sys]: FCU: EVENT 13835193 with args -124-0-126-0-17-0-0-0-0-0-0-0-0-0-0-0-0-0-0-0-0-0-0-0-0-0-0-0-0-0-0-0-0-0-0-0-0-0-0-0-
[mavros_node-1] [ERROR] [1784370113.977705756] [mavros.sys]: FCU: EVENT 10011251 with args -56-0-0-0-24-0-0-0-0-0-0-0-0-0-0-0-0-0-0-0-0-0-0-0-0-0-0-0-0-0-0-0-0-0-0-0-0-0-0-0-
[mavros_node-1] [INFO] [1784370113.978028631] [mavros.sys]: FCU: EVENT 377561 with args -8-0-0-0-20-0-0-0-0-0-0-0-0-0-0-0-0-0-0-0-0-0-0-0-0-0-0-0-0-0-0-0-0-0-0-0-0-0-0-0-
[mavros_node-1] [INFO] [1784370113.978374362] [mavros.sys]: FCU: EVENT 79408 with args -32-0-0-0-20-0-0-0-0-0-0-0-0-0-0-0-0-0-0-0-0-0-0-0-0-0-0-0-0-0-0-0-0-0-0-0-0-0-0-0-
[mavros_node-1] [ERROR] [1784370113.978715879] [mavros.sys]: FCU: EVENT 12754954 with args -255-255-255-255-20-0-0-0-0-0-0-0-0-0-0-0-0-0-0-0-0-0-0-0-0-0-0-0-0-0-0-0-0-0-0-0-0-0-0-0-
[mavros_node-1] [INFO] [1784370113.979057774] [mavros.sys]: FCU: EVENT 6801787 with args -255-255-255-255-12-0-0-0-0-0-0-0-0-0-0-0-0-0-0-0-0-0-0-0-0-0-0-0-0-0-0-0-0-0-0-0-0-0-0-0-
[mavros_node-1] [WARN] [1784370113.980807982] [mavros.sys]: FCU: UNK(8): EVENT 1914663 with args -0-130-0-2-48-0-0-0-0-0-0-0-0-0-0-0-0-0-0-0-0-0-0-0-0-0-0-0-0-0-0-0-0-0-0-0-0-0-0-0-
[mavros_node-1] [INFO] [1784370114.062780972] [mavros.mavros]: CON: Got HEARTBEAT, connected. FCU: PX4 Autopilot
[mavros_node-1] [INFO] [1784370114.063338677] [mavros.mission]: WP: detected enable_partial_push: 0
[mavros_node-1] [INFO] [1784370114.073205081] [mavros.imu]: IMU: High resolution IMU detected!
[mavros_node-1] [INFO] [1784370114.074213095] [mavros.imu]: IMU: Attitude quaternion IMU detected!
[mavros_node-1] [INFO] [1784370114.076519759] [mavros.rc]: RC_CHANNELS message detected!
[mavros_node-1] [WARN] [1784370115.081651530] [mavros.cmd]: CMD: Unexpected command 520, result 3
[mavros_node-1] [WARN] [1784370116.079370805] [mavros.sys]: VER: broadcast request timeout, retries left 4
[mavros_node-1] [WARN] [1784370116.577112110] [mavros.sys]: FCU: UNK(8): EVENT 11047904 with args -0-128-0-18-1-0-0-0-0-0-0-0-0-199-191-127-128-0-0-0-0-0-0-0-0-0-0-0-0-0-0-0-0-0-0-0-0-0-0-0-
[mavros_node-1] [ERROR] [1784370116.577407607] [mavros.sys]: FCU: EVENT 16642797 with args -124-0-126-0-17-0-0-0-0-0-0-0-0-0-0-0-0-0-0-0-0-0-0-0-0-0-0-0-0-0-0-0-0-0-0-0-0-0-0-0-
[mavros_node-1] [ERROR] [1784370116.577791046] [mavros.sys]: FCU: EVENT 9077977 with args -255-255-255-255-7-0-0-0-0-0-0-0-0-0-0-0-0-0-0-0-0-0-0-0-0-0-0-0-0-0-0-0-0-0-0-0-0-0-0-0-
[mavros_node-1] [ERROR] [1784370116.578117442] [mavros.sys]: FCU: EVENT 11464574 with args -0-64-0-0-20-0-0-0-0-0-0-0-0-0-0-0-0-0-0-0-0-0-0-0-0-0-0-0-0-0-0-0-0-0-0-0-0-0-0-0-
[mavros_node-1] [ERROR] [1784370116.578446306] [mavros.sys]: FCU: EVENT 10011251 with args -56-0-0-0-24-0-0-0-0-0-0-0-0-0-0-0-0-0-0-0-0-0-0-0-0-0-0-0-0-0-0-0-0-0-0-0-0-0-0-0-
[mavros_node-1] [INFO] [1784370116.578793277] [mavros.sys]: FCU: EVENT 377561 with args -8-0-0-0-20-0-0-0-0-0-0-0-0-0-0-0-0-0-0-0-0-0-0-0-0-0-0-0-0-0-0-0-0-0-0-0-0-0-0-0-
[mavros_node-1] [INFO] [1784370116.579146689] [mavros.sys]: FCU: EVENT 79408 with args -32-0-0-0-20-0-0-0-0-0-0-0-0-0-0-0-0-0-0-0-0-0-0-0-0-0-0-0-0-0-0-0-0-0-0-0-0-0-0-0-
[mavros_node-1] [ERROR] [1784370116.579534040] [mavros.sys]: FCU: EVENT 12754954 with args -255-255-255-255-20-0-0-0-0-0-0-0-0-0-0-0-0-0-0-0-0-0-0-0-0-0-0-0-0-0-0-0-0-0-0-0-0-0-0-0-
[mavros_node-1] [INFO] [1784370116.579861071] [mavros.sys]: FCU: EVENT 6801787 with args -255-255-255-255-12-0-0-0-0-0-0-0-0-0-0-0-0-0-0-0-0-0-0-0-0-0-0-0-0-0-0-0-0-0-0-0-0-0-0-0-
[mavros_node-1] [WARN] [1784370116.582029288] [mavros.sys]: FCU: UNK(8): EVENT 1914663 with args -0-130-0-2-48-0-0-0-0-0-0-0-0-0-0-0-0-0-0-0-0-0-0-0-0-0-0-0-0-0-0-0-0-0-0-0-0-0-0-0-
[mavros_node-1] [WARN] [1784370117.068962400] [mavros.sys]: VER: broadcast request timeout, retries left 3
[mavros_node-1] [ERROR] [1784370118.078136405] [mavros.sys]: VER: command plugin service call failed!
[mavros_node-1] [WARN] [1784370118.078203264] [mavros.sys]: VER: unicast request timeout, retries left 2
[mavros_node-1] [ERROR] [1784370119.088911115] [mavros.sys]: VER: command plugin service call failed!
[mavros_node-1] [WARN] [1784370119.088977180] [mavros.sys]: VER: unicast request timeout, retries left 1
[mavros_node-1] [WARN] [1784370119.152827543] [mavros.sys]: FCU: UNK(8): EVENT 11047904 with args -0-128-0-18-1-0-0-0-0-0-0-0-0-199-255-127-128-0-0-0-0-0-0-0-0-0-0-0-0-0-0-0-0-0-0-0-0-0-0-0-
[mavros_node-1] [ERROR] [1784370119.153124270] [mavros.sys]: FCU: EVENT 16642797 with args -124-0-126-0-17-0-0-0-0-0-0-0-0-0-0-0-0-0-0-0-0-0-0-0-0-0-0-0-0-0-0-0-0-0-0-0-0-0-0-0-
[mavros_node-1] [ERROR] [1784370119.153263749] [mavros.sys]: FCU: EVENT 9077977 with args -255-255-255-255-7-0-0-0-0-0-0-0-0-0-0-0-0-0-0-0-0-0-0-0-0-0-0-0-0-0-0-0-0-0-0-0-0-0-0-0-
[mavros_node-1] [ERROR] [1784370119.153321184] [mavros.sys]: FCU: EVENT 10011251 with args -56-0-0-0-24-0-0-0-0-0-0-0-0-0-0-0-0-0-0-0-0-0-0-0-0-0-0-0-0-0-0-0-0-0-0-0-0-0-0-0-
[mavros_node-1] [INFO] [1784370119.153373611] [mavros.sys]: FCU: EVENT 377561 with args -8-0-0-0-20-0-0-0-0-0-0-0-0-0-0-0-0-0-0-0-0-0-0-0-0-0-0-0-0-0-0-0-0-0-0-0-0-0-0-0-
[mavros_node-1] [INFO] [1784370119.153423575] [mavros.sys]: FCU: EVENT 79408 with args -32-0-0-0-20-0-0-0-0-0-0-0-0-0-0-0-0-0-0-0-0-0-0-0-0-0-0-0-0-0-0-0-0-0-0-0-0-0-0-0-
[mavros_node-1] [ERROR] [1784370119.153469481] [mavros.sys]: FCU: EVENT 12754954 with args -255-255-255-255-20-0-0-0-0-0-0-0-0-0-0-0-0-0-0-0-0-0-0-0-0-0-0-0-0-0-0-0-0-0-0-0-0-0-0-0-
[mavros_node-1] [INFO] [1784370119.153524011] [mavros.sys]: FCU: EVENT 6801787 with args -255-255-255-255-12-0-0-0-0-0-0-0-0-0-0-0-0-0-0-0-0-0-0-0-0-0-0-0-0-0-0-0-0-0-0-0-0-0-0-0-
[mavros_node-1] [WARN] [1784370119.156126580] [mavros.sys]: FCU: UNK(8): EVENT 1914663 with args -0-130-0-2-48-0-0-0-0-0-0-0-0-0-0-0-0-0-0-0-0-0-0-0-0-0-0-0-0-0-0-0-0-0-0-0-0-0-0-0-
[mavros_node-1] [ERROR] [1784370120.081537553] [mavros.sys]: VER: command plugin service call failed!
[mavros_node-1] [WARN] [1784370120.081591809] [mavros.sys]: VER: unicast request timeout, retries left 0
[mavros_node-1] [ERROR] [1784370121.083744757] [mavros.sys]: VER: command plugin service call failed!
[mavros_node-1] [WARN] [1784370121.083795181] [mavros.sys]: VER: your FCU don't support AUTOPILOT_VERSION, switched to default capabilities
[mavros_node-1] [WARN] [1784370121.222552747] [mavros.sys]: FCU: UNK(8): EVENT 11047904 with args -0-128-0-16-1-0-0-0-0-0-0-0-0-199-255-127-128-0-0-0-0-0-0-0-0-0-0-0-0-0-0-0-0-0-0-0-0-0-0-0-
[mavros_node-1] [ERROR] [1784370121.222890622] [mavros.sys]: FCU: EVENT 9077977 with args -255-255-255-255-7-0-0-0-0-0-0-0-0-0-0-0-0-0-0-0-0-0-0-0-0-0-0-0-0-0-0-0-0-0-0-0-0-0-0-0-
[mavros_node-1] [ERROR] [1784370121.223305315] [mavros.sys]: FCU: EVENT 10011251 with args -56-0-0-0-24-0-0-0-0-0-0-0-0-0-0-0-0-0-0-0-0-0-0-0-0-0-0-0-0-0-0-0-0-0-0-0-0-0-0-0-
[mavros_node-1] [INFO] [1784370121.223694515] [mavros.sys]: FCU: EVENT 377561 with args -8-0-0-0-20-0-0-0-0-0-0-0-0-0-0-0-0-0-0-0-0-0-0-0-0-0-0-0-0-0-0-0-0-0-0-0-0-0-0-0-
[mavros_node-1] [INFO] [1784370121.223736504] [mavros.sys]: FCU: EVENT 79408 with args -32-0-0-0-20-0-0-0-0-0-0-0-0-0-0-0-0-0-0-0-0-0-0-0-0-0-0-0-0-0-0-0-0-0-0-0-0-0-0-0-
[mavros_node-1] [ERROR] [1784370121.223918071] [mavros.sys]: FCU: EVENT 12754954 with args -255-255-255-255-20-0-0-0-0-0-0-0-0-0-0-0-0-0-0-0-0-0-0-0-0-0-0-0-0-0-0-0-0-0-0-0-0-0-0-0-
[mavros_node-1] [INFO] [1784370121.224248311] [mavros.sys]: FCU: EVENT 6801787 with args -255-255-255-255-12-0-0-0-0-0-0-0-0-0-0-0-0-0-0-0-0-0-0-0-0-0-0-0-0-0-0-0-0-0-0-0-0-0-0-0-
[mavros_node-1] [WARN] [1784370121.226542328] [mavros.sys]: FCU: UNK(8): EVENT 1914663 with args -0-130-0-2-48-0-0-0-0-0-0-0-0-0-0-0-0-0-0-0-0-0-0-0-0-0-0-0-0-0-0-0-0-0-0-0-0-0-0-0-
[mavros_node-1] [INFO] [1784370124.063866607] [mavros.home_position]: HP: requesting home position
[mavros_node-1] [INFO] [1784370129.066225167] [mavros.mission]: WP: mission received
[mavros_node-1] [INFO] [1784370134.067241320] [mavros.rallypoint]: RP: mission received
[mavros_node-1] [WARN] [1784370134.900965655] [mavros.sys]: FCU: UNK(8): EVENT 11047904 with args -0-0-0-16-1-0-0-0-0-0-0-0-0-199-255-127-128-0-0-0-0-0-0-0-0-0-0-0-0-0-0-0-0-0-0-0-0-0-0-0-
[mavros_node-1] [ERROR] [1784370134.901317044] [mavros.sys]: FCU: EVENT 10011251 with args -56-0-0-0-24-0-0-0-0-0-0-0-0-0-0-0-0-0-0-0-0-0-0-0-0-0-0-0-0-0-0-0-0-0-0-0-0-0-0-0-
[mavros_node-1] [INFO] [1784370134.901630864] [mavros.sys]: FCU: EVENT 377561 with args -8-0-0-0-20-0-0-0-0-0-0-0-0-0-0-0-0-0-0-0-0-0-0-0-0-0-0-0-0-0-0-0-0-0-0-0-0-0-0-0-
[mavros_node-1] [INFO] [1784370134.901972820] [mavros.sys]: FCU: EVENT 79408 with args -32-0-0-0-20-0-0-0-0-0-0-0-0-0-0-0-0-0-0-0-0-0-0-0-0-0-0-0-0-0-0-0-0-0-0-0-0-0-0-0-
[mavros_node-1] [ERROR] [1784370134.902291797] [mavros.sys]: FCU: EVENT 12754954 with args -255-255-255-255-20-0-0-0-0-0-0-0-0-0-0-0-0-0-0-0-0-0-0-0-0-0-0-0-0-0-0-0-0-0-0-0-0-0-0-0-
[mavros_node-1] [INFO] [1784370134.902366516] [mavros.sys]: FCU: EVENT 6801787 with args -255-255-255-255-12-0-0-0-0-0-0-0-0-0-0-0-0-0-0-0-0-0-0-0-0-0-0-0-0-0-0-0-0-0-0-0-0-0-0-0-
[mavros_node-1] [WARN] [1784370134.902630008] [mavros.sys]: FCU: UNK(8): EVENT 1914663 with args -0-130-0-2-48-0-0-0-0-0-0-0-0-0-0-0-0-0-0-0-0-0-0-0-0-0-0-0-0-0-0-0-0-0-0-0-0-0-0-0-
[mavros_node-1] [INFO] [1784370134.903301943] [mavros.sys]: FCU: EVENT 16682655 with args -0-0-0-0-0-0-0-0-0-0-0-0-0-0-0-0-0-0-0-0-0-0-0-0-0-0-0-0-0-0-0-0-0-0-0-0-0-0-0-0-
[mavros_node-1] [WARN] [1784370136.941659576] [mavros.sys]: FCU: UNK(8): EVENT 11047904 with args -0-0-0-0-1-0-0-0-0-199-255-127-128-199-255-127-128-0-0-0-0-0-0-0-0-0-0-0-0-0-0-0-0-0-0-0-0-0-0-0-
[mavros_node-1] [ERROR] [1784370136.941884624] [mavros.sys]: FCU: EVENT 10011251 with args -56-0-0-0-24-0-0-0-0-0-0-0-0-0-0-0-0-0-0-0-0-0-0-0-0-0-0-0-0-0-0-0-0-0-0-0-0-0-0-0-
[mavros_node-1] [INFO] [1784370136.942252389] [mavros.sys]: FCU: EVENT 377561 with args -8-0-0-0-20-0-0-0-0-0-0-0-0-0-0-0-0-0-0-0-0-0-0-0-0-0-0-0-0-0-0-0-0-0-0-0-0-0-0-0-
[mavros_node-1] [INFO] [1784370136.942359711] [mavros.sys]: FCU: EVENT 79408 with args -32-0-0-0-20-0-0-0-0-0-0-0-0-0-0-0-0-0-0-0-0-0-0-0-0-0-0-0-0-0-0-0-0-0-0-0-0-0-0-0-
[mavros_node-1] [INFO] [1784370136.942595553] [mavros.sys]: FCU: EVENT 6801787 with args -255-255-255-255-12-0-0-0-0-0-0-0-0-0-0-0-0-0-0-0-0-0-0-0-0-0-0-0-0-0-0-0-0-0-0-0-0-0-0-0-
[mavros_node-1] [WARN] [1784370136.943024530] [mavros.sys]: FCU: UNK(8): EVENT 1914663 with args -0-130-0-2-48-0-0-0-0-0-0-0-0-0-0-0-0-0-0-0-0-0-0-0-0-0-0-0-0-0-0-0-0-0-0-0-0-0-0-0-
[mavros_node-1] [INFO] [1784370139.070071726] [mavros.geofence]: GF: mission received
[mavros_node-1] [INFO] [1784370159.118910468] [mavros.sys]: FCU: EVENT 9489139 with args -4-0-0-0-0-0-0-0-0-0-0-0-0-0-0-0-0-0-0-0-0-0-0-0-0-0-0-0-0-0-0-0-0-0-0-0-0-0-0-0-
[mavros_node-1] [INFO] [1784370159.176992970] [mavros.sys]: FCU: EVENT 1203183 with args -234-7-7-18-10-22-39-0-0-0-0-0-0-0-0-0-0-0-0-0-0-0-0-0-0-0-0-0-0-0-0-0-0-0-0-0-0-0-0-0-
[mavros_node-1] [WARN] [1784370159.299416836] [mavros.sys]: FCU: UNK(8): EVENT 11047904 with args -0-0-0-0-1-0-0-0-0-199-255-127-128-199-255-127-128-0-0-0-0-0-0-0-0-0-0-0-0-0-0-0-0-0-0-0-0-0-0-0-
[mavros_node-1] [ERROR] [1784370159.299718118] [mavros.sys]: FCU: EVENT 10011251 with args -56-0-0-0-24-0-0-0-0-0-0-0-0-0-0-0-0-0-0-0-0-0-0-0-0-0-0-0-0-0-0-0-0-0-0-0-0-0-0-0-
[mavros_node-1] [INFO] [1784370159.300052839] [mavros.sys]: FCU: EVENT 377561 with args -8-0-0-0-20-0-0-0-0-0-0-0-0-0-0-0-0-0-0-0-0-0-0-0-0-0-0-0-0-0-0-0-0-0-0-0-0-0-0-0-
[mavros_node-1] [INFO] [1784370159.300390760] [mavros.sys]: FCU: EVENT 79408 with args -32-0-0-0-20-0-0-0-0-0-0-0-0-0-0-0-0-0-0-0-0-0-0-0-0-0-0-0-0-0-0-0-0-0-0-0-0-0-0-0-
[mavros_node-1] [INFO] [1784370159.300550125] [mavros.sys]: FCU: EVENT 6801787 with args -255-255-255-255-12-0-0-0-0-0-0-0-0-0-0-0-0-0-0-0-0-0-0-0-0-0-0-0-0-0-0-0-0-0-0-0-0-0-0-0-
[mavros_node-1] [WARN] [1784370159.303000680] [mavros.sys]: FCU: UNK(8): EVENT 1914663 with args -0-130-4-2-48-0-0-0-0-0-0-0-0-0-0-0-0-0-0-0-0-0-0-0-0-0-0-0-0-0-0-0-0-0-0-0-0-0-0-0-
[mavros_node-1] [INFO] [1784370160.965881911] [mavros.sys]: FCU: EVENT 4277609 with args -0-0-0-0-0-0-0-0-0-0-0-0-0-0-0-0-0-0-0-0-0-0-0-0-0-0-0-0-0-0-0-0-0-0-0-0-0-0-0-0-
[mavros_node-1] [ERROR] [1784370162.162841971] [mavros.sys]: FCU: EVENT 11290563 with args -0-0-0-0-0-0-0-0-0-0-0-0-0-0-0-0-0-0-0-0-0-0-0-0-0-0-0-0-0-0-0-0-0-0-0-0-0-0-0-0-
[mavros_node-1] [WARN] [1784370162.249860965] [mavros.sys]: FCU: UNK(8): EVENT 11047904 with args -0-0-0-16-1-0-0-0-0-0-0-0-0-199-255-127-128-0-0-0-0-0-0-0-0-0-0-0-0-0-0-0-0-0-0-0-0-0-0-0-
[mavros_node-1] [ERROR] [1784370162.250185372] [mavros.sys]: FCU: EVENT 10011251 with args -56-0-0-0-24-0-0-0-0-0-0-0-0-0-0-0-0-0-0-0-0-0-0-0-0-0-0-0-0-0-0-0-0-0-0-0-0-0-0-0-
[mavros_node-1] [INFO] [1784370162.250435183] [mavros.sys]: FCU: EVENT 377561 with args -8-0-0-0-20-0-0-0-0-0-0-0-0-0-0-0-0-0-0-0-0-0-0-0-0-0-0-0-0-0-0-0-0-0-0-0-0-0-0-0-
[mavros_node-1] [INFO] [1784370162.250796602] [mavros.sys]: FCU: EVENT 79408 with args -32-0-0-0-20-0-0-0-0-0-0-0-0-0-0-0-0-0-0-0-0-0-0-0-0-0-0-0-0-0-0-0-0-0-0-0-0-0-0-0-
[mavros_node-1] [ERROR] [1784370162.251111001] [mavros.sys]: FCU: EVENT 12754954 with args -255-255-255-255-20-0-0-0-0-0-0-0-0-0-0-0-0-0-0-0-0-0-0-0-0-0-0-0-0-0-0-0-0-0-0-0-0-0-0-0-
[mavros_node-1] [INFO] [1784370162.251673600] [mavros.sys]: FCU: EVENT 6801787 with args -255-255-255-255-12-0-0-0-0-0-0-0-0-0-0-0-0-0-0-0-0-0-0-0-0-0-0-0-0-0-0-0-0-0-0-0-0-0-0-0-
[mavros_node-1] [WARN] [1784370162.253857056] [mavros.sys]: FCU: UNK(8): EVENT 1914663 with args -0-130-4-2-48-0-0-0-0-0-0-0-0-0-0-0-0-0-0-0-0-0-0-0-0-0-0-0-0-0-0-0-0-0-0-0-0-0-0-0-
[mavros_node-1] [INFO] [1784370167.175653349] [mavros.sys]: FCU: EVENT 16017271 with args -8-0-0-0-0-0-0-0-0-0-0-0-0-0-0-0-0-0-0-0-0-0-0-0-0-0-0-0-0-0-0-0-0-0-0-0-0-0-0-0-
[mavros_node-1] [WARN] [1784370167.176313090] [mavros.sys]: FCU: UNK(8): EVENT 11047904 with args -0-128-0-16-1-0-0-0-0-0-0-0-0-199-255-127-128-0-0-0-0-0-0-0-0-0-0-0-0-0-0-0-0-0-0-0-0-0-0-0-
[mavros_node-1] [ERROR] [1784370167.176646007] [mavros.sys]: FCU: EVENT 9077977 with args -255-255-255-255-7-0-0-0-0-0-0-0-0-0-0-0-0-0-0-0-0-0-0-0-0-0-0-0-0-0-0-0-0-0-0-0-0-0-0-0-
[mavros_node-1] [ERROR] [1784370167.176776949] [mavros.sys]: FCU: EVENT 10011251 with args -56-0-0-0-24-0-0-0-0-0-0-0-0-0-0-0-0-0-0-0-0-0-0-0-0-0-0-0-0-0-0-0-0-0-0-0-0-0-0-0-
[mavros_node-1] [INFO] [1784370167.176999970] [mavros.sys]: FCU: EVENT 377561 with args -8-0-0-0-20-0-0-0-0-0-0-0-0-0-0-0-0-0-0-0-0-0-0-0-0-0-0-0-0-0-0-0-0-0-0-0-0-0-0-0-
[mavros_node-1] [INFO] [1784370167.177410688] [mavros.sys]: FCU: EVENT 79408 with args -32-0-0-0-20-0-0-0-0-0-0-0-0-0-0-0-0-0-0-0-0-0-0-0-0-0-0-0-0-0-0-0-0-0-0-0-0-0-0-0-
[mavros_node-1] [ERROR] [1784370167.177680733] [mavros.sys]: FCU: EVENT 12754954 with args -255-255-255-255-20-0-0-0-0-0-0-0-0-0-0-0-0-0-0-0-0-0-0-0-0-0-0-0-0-0-0-0-0-0-0-0-0-0-0-0-
[mavros_node-1] [INFO] [1784370167.178040735] [mavros.sys]: FCU: EVENT 6801787 with args -255-255-255-255-12-0-0-0-0-0-0-0-0-0-0-0-0-0-0-0-0-0-0-0-0-0-0-0-0-0-0-0-0-0-0-0-0-0-0-0-
[mavros_node-1] [WARN] [1784370167.178966981] [mavros.sys]: FCU: UNK(8): EVENT 1914663 with args -0-130-4-2-48-0-0-0-0-0-0-0-0-0-0-0-0-0-0-0-0-0-0-0-0-0-0-0-0-0-0-0-0-0-0-0-0-0-0-0-
[mavros_node-1] [WARN] [1784370170.409731786] [mavros.sys]: FCU: UNK(8): EVENT 11047904 with args -0-128-0-16-1-0-0-0-0-0-0-0-0-199-255-127-128-0-0-0-0-0-0-0-0-0-0-0-0-0-0-0-0-0-0-0-0-0-0-0-
[mavros_node-1] [ERROR] [1784370170.410057616] [mavros.sys]: FCU: EVENT 9077977 with args -255-255-255-255-7-0-0-0-0-0-0-0-0-0-0-0-0-0-0-0-0-0-0-0-0-0-0-0-0-0-0-0-0-0-0-0-0-0-0-0-
[mavros_node-1] [ERROR] [1784370170.410392256] [mavros.sys]: FCU: EVENT 10011251 with args -56-0-0-0-24-0-0-0-0-0-0-0-0-0-0-0-0-0-0-0-0-0-0-0-0-0-0-0-0-0-0-0-0-0-0-0-0-0-0-0-
[mavros_node-1] [INFO] [1784370170.410755696] [mavros.sys]: FCU: EVENT 377561 with args -8-0-0-0-20-0-0-0-0-0-0-0-0-0-0-0-0-0-0-0-0-0-0-0-0-0-0-0-0-0-0-0-0-0-0-0-0-0-0-0-
[mavros_node-1] [INFO] [1784370170.411091328] [mavros.sys]: FCU: EVENT 79408 with args -32-0-0-0-20-0-0-0-0-0-0-0-0-0-0-0-0-0-0-0-0-0-0-0-0-0-0-0-0-0-0-0-0-0-0-0-0-0-0-0-
[mavros_node-1] [ERROR] [1784370170.411533053] [mavros.sys]: FCU: EVENT 12754954 with args -255-255-255-255-20-0-0-0-0-0-0-0-0-0-0-0-0-0-0-0-0-0-0-0-0-0-0-0-0-0-0-0-0-0-0-0-0-0-0-0-
[mavros_node-1] [INFO] [1784370170.411837995] [mavros.sys]: FCU: EVENT 6801787 with args -255-255-255-255-12-0-0-0-0-0-0-0-0-0-0-0-0-0-0-0-0-0-0-0-0-0-0-0-0-0-0-0-0-0-0-0-0-0-0-0-
[mavros_node-1] [WARN] [1784370170.414404573] [mavros.sys]: FCU: UNK(8): EVENT 1914663 with args -0-130-0-2-48-0-0-0-0-0-0-0-0-0-0-0-0-0-0-0-0-0-0-0-0-0-0-0-0-0-0-0-0-0-0-0-0-0-0-0-
