Flight run directory: /home/robot/ws_offboard_control/flight_records/20260718/flight_20260718_182147
Parameter snapshot: /home/robot/ws_offboard_control/flight_records/20260718/flight_20260718_182147/snapshot
Recording rosbag to: /home/robot/ws_offboard_control/flight_records/20260718/flight_20260718_182147/rosbag
Press Ctrl+C in this terminal to stop recording.
stdin is not a terminal device. Keyboard handling disabled.[INFO] [1784370123.999314246] [rosbag2_recorder]: Press SPACE for pausing/resuming
[INFO] [1784370124.000938289] [rosbag2_storage]: Opened database '/home/robot/ws_offboard_control/flight_records/20260718/flight_20260718_182147/rosbag/rosbag_0.db3' for READ_WRITE.
[INFO] [1784370124.001981789] [rosbag2_recorder]: Listening for topics...
[INFO] [1784370124.001993233] [rosbag2_recorder]: Event publisher thread: Starting
[INFO] [1784370124.005037395] [rosbag2_recorder]: Subscribed to topic '/route_tracker/reference_path_3d'
[INFO] [1784370124.006987916] [rosbag2_recorder]: Subscribed to topic '/minipc_mavros_offboard/mpc_setpoint_debug'
[INFO] [1784370124.008599474] [rosbag2_recorder]: Subscribed to topic '/path'
[INFO] [1784370124.010174701] [rosbag2_recorder]: Subscribed to topic '/mavros/vision_pose/pose_cov'
[INFO] [1784370124.011006296] [rosbag2_recorder]: Subscribed to topic '/route_tracker/lookahead_target'
[INFO] [1784370124.011875563] [rosbag2_recorder]: Subscribed to topic '/mavros/setpoint_raw/local'
[INFO] [1784370124.013668956] [rosbag2_recorder]: Subscribed to topic '/cloud_registered'
[INFO] [1784370124.014691943] [rosbag2_recorder]: Subscribed to topic '/Odometry/guarded'
[INFO] [1784370124.016492139] [rosbag2_recorder]: Subscribed to topic '/Odometry'
[INFO] [1784370124.016612516] [rosbag2_recorder]: Recording...
[INFO] [1784370124.124172656] [rosbag2_recorder]: Subscribed to topic '/mavros/local_position/pose'
[INFO] [1784370124.125666473] [rosbag2_recorder]: Subscribed to topic '/mavros/local_position/odom'
[INFO] [1784370124.126966683] [rosbag2_recorder]: Subscribed to topic '/mavros/setpoint_raw/target_local'
[INFO] [1784370124.128070033] [rosbag2_recorder]: Subscribed to topic '/mavros/state'
