[debug rosbag] starting
[debug rosbag] command: env FLIGHT_TIMESTAMP=20260815_225247 FLIGHT_RUN_DIR=/home/robot/rong_ws/ws_offboard_control/flight_records/20260815/flight_20260815_225247 /home/robot/rong_ws/ws_offboard_control/tools/rosbag/开始录包.sh
[debug rosbag] pid=13443 pgid=13443 log=/home/robot/rong_ws/ws_offboard_control/flight_records/20260815/flight_20260815_225247/logs/rosbag_debug.log
本场次目录：/home/robot/rong_ws/ws_offboard_control/flight_records/20260815/flight_20260815_225247
参数快照目录：/home/robot/rong_ws/ws_offboard_control/flight_records/20260815/flight_20260815_225247/snapshot
录包输出目录：/home/robot/rong_ws/ws_offboard_control/flight_records/20260815/flight_20260815_225247/rosbag
是否录制完整配准点云：false
是否录制 EGO 障碍诊断：false
是否录制 PX4 DDS /fmu/out 镜像：false
在本终端按 Ctrl+C 停止录包。
[ULog] 检查 PX4 SDLOG_PROFILE 是否包含视觉与避障位（bit 7）...
[ULog] PASS: SDLOG_PROFILE=129，vehicle_visual_odometry 将以约 33 Hz 写入 ULog。
stdin is not a terminal device. Keyboard handling disabled.[INFO] [1786805605.379106914] [rosbag2_recorder]: Press SPACE for pausing/resuming
[INFO] [1786805605.380035855] [rosbag2_storage]: Opened database '/home/robot/rong_ws/ws_offboard_control/flight_records/20260815/flight_20260815_225247/rosbag/rosbag_0.db3' for READ_WRITE.
[INFO] [1786805605.382296455] [rosbag2_recorder]: Listening for topics...
[INFO] [1786805605.382313970] [rosbag2_recorder]: Event publisher thread: Starting
[INFO] [1786805605.382430733] [rosbag2_recorder]: Recording...
[INFO] [1786805605.790213554] [rosbag2_recorder]: Subscribed to topic '/Odometry'
[INFO] [1786805605.792852585] [rosbag2_recorder]: Subscribed to topic '/mavros/odometry/out'
[INFO] [1786805605.797046497] [rosbag2_recorder]: Subscribed to topic '/Odometry/guarded'
[INFO] [1786805605.802174207] [rosbag2_recorder]: Subscribed to topic '/tf_static'
[INFO] [1786805605.805698738] [rosbag2_recorder]: Subscribed to topic '/frlio/high_rate_odom/accel_spike_rejections'
[INFO] [1786805605.807923989] [rosbag2_recorder]: Subscribed to topic '/path'
[INFO] [1786805605.810625570] [rosbag2_recorder]: Subscribed to topic '/frlio/high_rate_odom/anchor_age'
[INFO] [1786805605.812153693] [rosbag2_recorder]: Subscribed to topic '/frlio/high_rate_odom/status'
[INFO] [1786805605.815165200] [rosbag2_recorder]: Subscribed to topic '/tf'
[INFO] [1786805605.922080567] [rosbag2_recorder]: Subscribed to topic '/mavros/local_position/velocity_body'
[INFO] [1786805605.930079173] [rosbag2_recorder]: Subscribed to topic '/mavros/setpoint_raw/target_local'
[INFO] [1786805605.935039418] [rosbag2_recorder]: Subscribed to topic '/mavros/local_position/velocity_local'
[INFO] [1786805605.940076934] [rosbag2_recorder]: Subscribed to topic '/mavros/local_position/odom'
[INFO] [1786805605.947589407] [rosbag2_recorder]: Subscribed to topic '/mavros/estimator_status'
[INFO] [1786805605.953464750] [rosbag2_recorder]: Subscribed to topic '/mavros/state'
[INFO] [1786805605.957283605] [rosbag2_recorder]: Subscribed to topic '/mavros/local_position/pose'
[INFO] [1786805606.375566256] [rosbag2_recorder]: Subscribed to topic '/ev_health/velocity_ned'
[INFO] [1786805606.379309867] [rosbag2_recorder]: Subscribed to topic '/ev_health/flight_ready'
[INFO] [1786805606.381968958] [rosbag2_recorder]: Subscribed to topic '/ev_health/diagnostics'
[INFO] [1786805606.384388962] [rosbag2_recorder]: Subscribed to topic '/ev_health/status'
[INFO] [1786805606.386838580] [rosbag2_recorder]: Subscribed to topic '/Odometry/healthy'
[INFO] [1786805606.388475277] [rosbag2_recorder]: Subscribed to topic '/ev_health/fault'
[INFO] [1786805606.494506022] [rosbag2_recorder]: Subscribed to topic '/livox/lidar'
[INFO] [1786805606.495903933] [rosbag2_recorder]: Subscribed to topic '/livox/imu'
[INFO] [1786805606.812675851] [rosbag2_recorder]: Subscribed to topic '/velocity_calibration/marker'
[INFO] [1786805809.764109423] [rosbag2_cpp]: Writing remaining messages from cache to the bag. It may take a while
[INFO] [1786805809.766498276] [rosbag2_recorder]: Event publisher thread: Exiting
[INFO] [1786805809.766595073] [rosbag2_recorder]: Recording stopped
[debug rosbag] 已退出，状态码 143
