[INFO] 启动前环境清理...
[清理] 环境干净：所选类别下没有遗留进程。
MID360 杆臂校验通过（机体 FLU，控制中心 -> FAST-LIO 原点）：x=0.0 m y=0.0 m z=0.08 m；R_FASTLIO_body yaw=0.0 rad
[INFO] Running canonical preflight check...
Checking offboard autostart prerequisites...
MID360 杆臂校验通过（机体 FLU，控制中心 -> FAST-LIO 原点）：x=0.0 m y=0.0 m z=0.08 m；R_FASTLIO_body yaw=0.0 rad
STRUCTURAL_EV_ENTRY_CONTRACT=PASS
LAUNCH_AST_PARSE_RESULT=PASS
SELECTED_VISION_NODE_IDENTITY=package=px4_ros_com,executable=fastlio_mavros_odometry_bridge,name=fastlio_mavros_odometry_bridge
VISION_CONDITION_BINDING_RESULT=PASS
VISION_INPUT_BINDING_RESULT=PASS:/Odometry/healthy
VISION_RESTAMP_RESULT=PASS:false
VISION_LEVER_ARM_BINDING_RESULT=PASS:body_FLU_control_center_to_FAST_LIO
VISION_WORLD_YAW_BINDING_RESULT=PASS:one_alignment_for_position_and_attitude
PHYSICAL_BODY_TF_RESULT=PASS:base_link_to_FAST_LIO_body
LAUNCH_DEFAULTS_RESULT=PASS:start_mavros_odometry_bridge=true
SINGLE_EV_WRITER_RESULT=PASS:single_ev_node_in_source
STACK_COMMAND_TOKEN_BINDING_RESULT=PASS
Autostart prerequisites look ready.
[INFO] Flight run directory: /home/robot/rong_ws/ws_offboard_control/flight_records/20260815/flight_20260815_225247
[INFO] Navigation=false; planner requested=ego-shadow, effective=ego-shadow, ego_enabled=true, mission=false, output=false, manual_handover=false, rviz=false
[INFO] Recognition=false, rosbag=true, readiness_timeout=90s
[INFO] LIO backend=fr_lio; MID-360 to LIO minimum startup delay=4s
[WARN] FR-LIO high-rate output remains diagnostic only and is not authorized to replace the PX4 EV path.
[INFO] Component windows=true (one GNOME Terminal window per component)
[INFO] Map: <disabled for validation> (auto_load=false)
[INFO] Global relocalization=false keyframes=/home/robot/rong_ws/ws_offboard_control/maps/main
[WARN] NO_MAP_VALIDATION=true: planner output and mission control are disabled; this run is for sensor/EV/link validation only.
[INFO] MID360 body-to-sensor FLU: x=0.0 m, y=0.0 m, z=0.08 m, yaw=0.0 rad
[WARN] Horizontal-drift and takeoff-transient guards are absent. Keep manual RC takeover available.
[INFO] NAVIGATION_ENABLED=false: skipping navigation and all Offboard-capable components.
[INFO] Starting MID-360 driver in its own terminal window; log=/home/robot/rong_ws/ws_offboard_control/flight_records/20260815/flight_20260815_225247/logs/mid360_driver.log
[INFO] Waiting 4s after MID-360 startup before fr_lio...
正在等待 message：/livox/imu（超时 90s）
已就绪：收到来自 /livox/imu 的真实消息
正在等待 message：/livox/lidar（超时 90s）
已就绪：收到来自 /livox/lidar 的真实消息
[INFO] Starting FR-LIO in its own terminal window; log=/home/robot/rong_ws/ws_offboard_control/flight_records/20260815/flight_20260815_225247/logs/fastlio.log
正在等待 message：/Odometry（超时 90s）
已就绪：收到来自 /Odometry 的真实消息
正在等待 message：/cloud_registered_body（超时 90s）
已就绪：收到来自 /cloud_registered_body 的真实消息
[INFO] Starting MAVROS 与 EV 定位链 in its own terminal window; log=/home/robot/rong_ws/ws_offboard_control/flight_records/20260815/flight_20260815_225247/logs/px4_mavros.log
正在等待 mavros_connected：/mavros/state（超时 90s）
已就绪：MAVROS 已连接
正在等待 message：/mavros/local_position/odom（超时 90s）
已就绪：收到来自 /mavros/local_position/odom 的真实消息
正在等待 message：/mavros/local_position/velocity_local（超时 90s）
已就绪：收到来自 /mavros/local_position/velocity_local 的真实消息
正在等待 flight_ready：/ev_health/flight_ready（超时 90s）
Ready: /ev_health/flight_ready=true
正在等待 message：/Odometry/healthy（超时 90s）
已就绪：收到来自 /Odometry/healthy 的真实消息
正在等待 message：/mavros/odometry/out（超时 90s）
已就绪：收到来自 /mavros/odometry/out 的真实消息
[INFO] Starting debug rosbag in its own terminal window; log=/home/robot/rong_ws/ws_offboard_control/flight_records/20260815/flight_20260815_225247/logs/rosbag_debug.log
正在等待 node：/rosbag2_recorder（超时 90s）
Ready: node /rosbag2_recorder exists
[INFO] PASS: complete chain is ready: MID-360 -> fr_lio -> relocalization(false) -> MAVROS/EV -> rosbag(true) -> navigation.
[INFO] Component logs: /home/robot/rong_ws/ws_offboard_control/flight_records/20260815/flight_20260815_225247/logs
[INFO] This terminal now monitors the stack. Press Ctrl+C to stop all components from this run.
[WARN] Received INT; shutting down the complete stack.
[WARN] Stopping components started by this run...
