[debug rosbag] starting
[debug rosbag] command: env FLIGHT_TIMESTAMP=20260811_221629 FLIGHT_RUN_DIR=/home/robot/rong_ws/ws_offboard_control/flight_records/20260811/flight_20260811_221629 /home/robot/rong_ws/ws_offboard_control/tools/rosbag/开始录包.sh
[debug rosbag] pid=13611 pgid=13611 log=/home/robot/rong_ws/ws_offboard_control/flight_records/20260811/flight_20260811_221629/logs/rosbag_debug.log
本场次目录：/home/robot/rong_ws/ws_offboard_control/flight_records/20260811/flight_20260811_221629
参数快照目录：/home/robot/rong_ws/ws_offboard_control/flight_records/20260811/flight_20260811_221629/snapshot
录包输出目录：/home/robot/rong_ws/ws_offboard_control/flight_records/20260811/flight_20260811_221629/rosbag
是否录制完整配准点云：false
在本终端按 Ctrl+C 停止录包。
stdin is not a terminal device. Keyboard handling disabled.[INFO] [1786457829.343278381] [rosbag2_recorder]: Press SPACE for pausing/resuming
[INFO] [1786457829.345163329] [rosbag2_storage]: Opened database '/home/robot/rong_ws/ws_offboard_control/flight_records/20260811/flight_20260811_221629/rosbag/rosbag_0.db3' for READ_WRITE.
[INFO] [1786457829.349550226] [rosbag2_recorder]: Listening for topics...
[INFO] [1786457829.349556230] [rosbag2_recorder]: Event publisher thread: Starting
[INFO] [1786457829.351119941] [rosbag2_recorder]: Subscribed to topic '/race/control/status'
[INFO] [1786457829.352924535] [rosbag2_recorder]: Subscribed to topic '/mavros/setpoint_raw/local'
[INFO] [1786457829.353033457] [rosbag2_recorder]: Recording...
[INFO] [1786457829.762054919] [rosbag2_recorder]: Subscribed to topic '/race/odom'
[INFO] [1786457829.764123502] [rosbag2_recorder]: Subscribed to topic '/race/pose'
[INFO] [1786457829.870350798] [rosbag2_recorder]: Subscribed to topic '/race/ego/bspline'
[INFO] [1786457829.972399794] [rosbag2_recorder]: Subscribed to topic '/Odometry/guarded'
[INFO] [1786457829.973243337] [rosbag2_recorder]: Subscribed to topic '/mavros/vision_pose/pose_cov'
[INFO] [1786457829.974235915] [rosbag2_recorder]: Subscribed to topic '/mavros/vision_speed/speed_twist_cov'
[INFO] [1786457830.079571966] [rosbag2_recorder]: Subscribed to topic '/mavros/estimator_status'
[INFO] [1786457830.080889416] [rosbag2_recorder]: Subscribed to topic '/mavros/state'
[INFO] [1786457830.081670224] [rosbag2_recorder]: Subscribed to topic '/mavros/local_position/velocity_body'
[INFO] [1786457830.082319913] [rosbag2_recorder]: Subscribed to topic '/mavros/local_position/pose'
[INFO] [1786457830.083039534] [rosbag2_recorder]: Subscribed to topic '/mavros/setpoint_raw/target_local'
[INFO] [1786457830.083906040] [rosbag2_recorder]: Subscribed to topic '/mavros/local_position/velocity_local'
[INFO] [1786457830.084498141] [rosbag2_recorder]: Subscribed to topic '/mavros/local_position/odom'
[INFO] [1786457830.897885666] [rosbag2_recorder]: Subscribed to topic '/ev_health/velocity_ned'
[INFO] [1786457830.900028561] [rosbag2_recorder]: Subscribed to topic '/ev_health/diagnostics'
[INFO] [1786457830.901549464] [rosbag2_recorder]: Subscribed to topic '/ev_health/status'
[INFO] [1786457830.903475609] [rosbag2_recorder]: Subscribed to topic '/ev_health/fault'
[INFO] [1786457830.904801352] [rosbag2_recorder]: Subscribed to topic '/Odometry/healthy'
[INFO] [1786457831.518836655] [rosbag2_recorder]: Subscribed to topic '/Odometry'
[INFO] [1786457831.519543911] [rosbag2_recorder]: Subscribed to topic '/path'
[INFO] [1786457832.140818354] [rosbag2_recorder]: Subscribed to topic '/race/ego/odom'
[INFO] [1786457832.142710339] [rosbag2_recorder]: Subscribed to topic '/race/ego/local_path_reference'
[INFO] [1786457832.146226050] [rosbag2_recorder]: Subscribed to topic '/race/ego/local_goal'
[INFO] [1786457832.148334728] [rosbag2_recorder]: Subscribed to topic '/race/ego/command_local_goal_seq'
[INFO] [1786457832.150255100] [rosbag2_recorder]: Subscribed to topic '/race/global_path'
[INFO] [1786457832.152745170] [rosbag2_recorder]: Subscribed to topic '/race/ego/position_command'
[INFO] [1786457832.154225215] [rosbag2_recorder]: Subscribed to topic '/race/ego/status'
[INFO] [1786457832.155632581] [rosbag2_recorder]: Subscribed to topic '/race/ego/validated_bspline'
[INFO] [1786457832.157200275] [rosbag2_recorder]: Subscribed to topic '/race/ego/trajectory_setpoint'
[INFO] [1786457832.160221687] [rosbag2_recorder]: Subscribed to topic '/race/global_planner/status'
[INFO] [1786457832.163938860] [rosbag2_recorder]: Subscribed to topic '/race/super_planner/raw_path'
[INFO] [1786457832.165702995] [rosbag2_recorder]: Subscribed to topic '/race/planner/status'
[INFO] [1786457832.271213821] [rosbag2_recorder]: Subscribed to topic '/goal_pose'
[INFO] [1786457862.430692540] [rosbag2_cpp]: Writing remaining messages from cache to the bag. It may take a while
[INFO] [1786457862.449530851] [rosbag2_recorder]: Event publisher thread: Exiting
[INFO] [1786457862.449768988] [rosbag2_recorder]: Recording stopped
[debug rosbag] 已退出，状态码 143
