Flight run directory: /home/robot/ws_offboard_control/flight_records/20260804/flight_20260804_203655
Parameter snapshot: /home/robot/ws_offboard_control/flight_records/20260804/flight_20260804_203655/snapshot
Recording rosbag to: /home/robot/ws_offboard_control/flight_records/20260804/flight_20260804_203655/rosbag
Record full registered point cloud: false
Press Ctrl+C in this terminal to stop recording.
stdin is not a terminal device. Keyboard handling disabled.[INFO] [1785847032.257499708] [rosbag2_recorder]: Press SPACE for pausing/resuming
[INFO] [1785847032.258543982] [rosbag2_storage]: Opened database '/home/robot/ws_offboard_control/flight_records/20260804/flight_20260804_203655/rosbag/rosbag_0.db3' for READ_WRITE.
[INFO] [1785847032.259390578] [rosbag2_recorder]: Listening for topics...
[INFO] [1785847032.259399412] [rosbag2_recorder]: Event publisher thread: Starting
[INFO] [1785847032.262001233] [rosbag2_recorder]: Subscribed to topic '/route_tracker/reference_path_3d'
[INFO] [1785847032.264420762] [rosbag2_recorder]: Subscribed to topic '/minipc_mavros_offboard/mpc_setpoint_debug'
[INFO] [1785847032.265839745] [rosbag2_recorder]: Subscribed to topic '/mavros/vision_speed/speed_twist_cov'
[INFO] [1785847032.267049388] [rosbag2_recorder]: Subscribed to topic '/mavros/vision_pose/pose_cov'
[INFO] [1785847032.268210980] [rosbag2_recorder]: Subscribed to topic '/route_tracker/lookahead_target'
[INFO] [1785847032.269490813] [rosbag2_recorder]: Subscribed to topic '/mavros/setpoint_raw/local'
[INFO] [1785847032.270628256] [rosbag2_recorder]: Subscribed to topic '/ev_health/velocity_ned'
[INFO] [1785847032.272842150] [rosbag2_recorder]: Subscribed to topic '/ev_health/diagnostics'
[INFO] [1785847032.274543890] [rosbag2_recorder]: Subscribed to topic '/ev_health/status'
[INFO] [1785847032.275685651] [rosbag2_recorder]: Subscribed to topic '/ev_health/fault'
[INFO] [1785847032.276843647] [rosbag2_recorder]: Subscribed to topic '/Odometry/healthy'
[INFO] [1785847032.277677325] [rosbag2_recorder]: Subscribed to topic '/Odometry/guarded'
[INFO] [1785847032.277803181] [rosbag2_recorder]: Recording...
[INFO] [1785847032.381950850] [rosbag2_recorder]: Subscribed to topic '/mavros/state'
[INFO] [1785847032.382618872] [rosbag2_recorder]: Subscribed to topic '/mavros/local_position/pose'
[INFO] [1785847032.383335378] [rosbag2_recorder]: Subscribed to topic '/mavros/setpoint_raw/target_local'
[INFO] [1785847032.383928441] [rosbag2_recorder]: Subscribed to topic '/mavros/local_position/velocity_local'
[INFO] [1785847032.384482440] [rosbag2_recorder]: Subscribed to topic '/mavros/local_position/odom'
[INFO] [1785847033.008592892] [rosbag2_recorder]: Subscribed to topic '/Odometry'
[INFO] [1785847033.009940761] [rosbag2_recorder]: Subscribed to topic '/path'
