[debug rosbag] starting
[debug rosbag] command: env FLIGHT_TIMESTAMP=20260812_042438 FLIGHT_RUN_DIR=/home/robot/rong_ws/ws_offboard_control/flight_records/20260812/flight_20260812_042438 /home/robot/rong_ws/ws_offboard_control/tools/rosbag/开始录包.sh
[debug rosbag] pid=11621 pgid=11621 log=/home/robot/rong_ws/ws_offboard_control/flight_records/20260812/flight_20260812_042438/logs/rosbag_debug.log
本场次目录：/home/robot/rong_ws/ws_offboard_control/flight_records/20260812/flight_20260812_042438
参数快照目录：/home/robot/rong_ws/ws_offboard_control/flight_records/20260812/flight_20260812_042438/snapshot
录包输出目录：/home/robot/rong_ws/ws_offboard_control/flight_records/20260812/flight_20260812_042438/rosbag
是否录制完整配准点云：false
在本终端按 Ctrl+C 停止录包。
stdin is not a terminal device. Keyboard handling disabled.[INFO] [1786479914.585973097] [rosbag2_recorder]: Press SPACE for pausing/resuming
[INFO] [1786479914.588379944] [rosbag2_storage]: Opened database '/home/robot/rong_ws/ws_offboard_control/flight_records/20260812/flight_20260812_042438/rosbag/rosbag_0.db3' for READ_WRITE.
[INFO] [1786479914.589016345] [rosbag2_recorder]: Listening for topics...
[INFO] [1786479914.589028703] [rosbag2_recorder]: Event publisher thread: Starting
[INFO] [1786479914.589107442] [rosbag2_recorder]: Recording...
[INFO] [1786479915.894344877] [rosbag2_recorder]: Subscribed to topic '/goal_pose'
[INFO] [1786479915.897239321] [rosbag2_recorder]: Subscribed to topic '/mavros/setpoint_raw/local'
[INFO] [1786479915.898490900] [rosbag2_recorder]: Subscribed to topic '/race/control/status'
[INFO] [1786479915.900332981] [rosbag2_recorder]: Subscribed to topic '/race/global_planner/status'
[INFO] [1786479915.901858643] [rosbag2_recorder]: Subscribed to topic '/race/navigation_setpoint'
[INFO] [1786479915.907779557] [rosbag2_recorder]: Subscribed to topic '/race/odom'
[INFO] [1786479915.910722082] [rosbag2_recorder]: Subscribed to topic '/race/planner/status'
[INFO] [1786479915.911371849] [rosbag2_recorder]: Subscribed to topic '/race/pose'
[INFO] [1786479915.912119180] [rosbag2_recorder]: Subscribed to topic '/race/super_planner/raw_path'
[INFO] [1786479916.015632128] [rosbag2_recorder]: Subscribed to topic '/mavros/vision_pose/pose_cov'
[INFO] [1786479916.016479331] [rosbag2_recorder]: Subscribed to topic '/mavros/vision_speed/speed_twist_cov'
[INFO] [1786479916.017122544] [rosbag2_recorder]: Subscribed to topic '/mavros/state'
[INFO] [1786479916.017785368] [rosbag2_recorder]: Subscribed to topic '/mavros/local_position/velocity_body'
[INFO] [1786479916.018376801] [rosbag2_recorder]: Subscribed to topic '/mavros/local_position/pose'
[INFO] [1786479916.018985918] [rosbag2_recorder]: Subscribed to topic '/mavros/setpoint_raw/target_local'
[INFO] [1786479916.019695159] [rosbag2_recorder]: Subscribed to topic '/mavros/local_position/velocity_local'
[INFO] [1786479916.020296149] [rosbag2_recorder]: Subscribed to topic '/mavros/local_position/odom'
[INFO] [1786479916.021079519] [rosbag2_recorder]: Subscribed to topic '/mavros/estimator_status'
[INFO] [1786479916.021908448] [rosbag2_recorder]: Subscribed to topic '/Odometry/guarded'
[INFO] [1786479916.334098185] [rosbag2_recorder]: Subscribed to topic '/Odometry'
[INFO] [1786479916.337720003] [rosbag2_recorder]: Subscribed to topic '/path'
[INFO] [1786479916.445874171] [rosbag2_recorder]: Subscribed to topic '/ev_health/velocity_ned'
[INFO] [1786479916.449222574] [rosbag2_recorder]: Subscribed to topic '/ev_health/diagnostics'
[INFO] [1786479916.450372151] [rosbag2_recorder]: Subscribed to topic '/ev_health/status'
[INFO] [1786479916.451564696] [rosbag2_recorder]: Subscribed to topic '/ev_health/fault'
[INFO] [1786479916.452664173] [rosbag2_recorder]: Subscribed to topic '/Odometry/healthy'
[INFO] [1786480005.723988011] [rosbag2_cpp]: Writing remaining messages from cache to the bag. It may take a while
[INFO] [1786480005.726419877] [rosbag2_recorder]: Event publisher thread: Exiting
[INFO] [1786480005.726500231] [rosbag2_recorder]: Recording stopped
[debug rosbag] 已退出，状态码 143
