[FAST-LIO] starting
[FAST-LIO] command: /home/robot/livox_mid360_env/run_fastlio_mid360.sh
[FAST-LIO] pid=110043 pgid=110043 log=/home/robot/rong_ws/ws_offboard_control/flight_records/20260809/flight_20260809_183508/logs/fastlio.log
[INFO] [launch]: All log files can be found below /home/robot/.ros/log/2026-08-09-18-35-26-262491-robot-110118
[INFO] [launch]: Default logging verbosity is set to INFO
[INFO] [fastlio_mapping-1]: process started with pid [110122]
[fastlio_mapping-1] [INFO] [1786271726.377174416] [laser_mapping]: p_pre->lidar_type 1
[fastlio_mapping-1] Multi thread started 
[fastlio_mapping-1] ~~~~/home/robot/livox_mid360_env/ws_fastlio/src/fast_lio/ file opened
[fastlio_mapping-1] [INFO] [1786271726.381020470] [laser_mapping]: Node init finished.
[fastlio_mapping-1] [WARN] [1786271727.730733571] [laser_mapping]: No point, skip this scan!
[fastlio_mapping-1] 
[fastlio_mapping-1] [WARN] [1786271728.490679952] [laser_mapping]: No point, skip this scan!
[fastlio_mapping-1] 
[fastlio_mapping-1] [WARN] [1786271728.500752047] [laser_mapping]: No point, skip this scan!
[fastlio_mapping-1] 
[fastlio_mapping-1] [WARN] [1786271728.510709766] [laser_mapping]: No point, skip this scan!
[fastlio_mapping-1] 
[fastlio_mapping-1] [WARN] [1786271728.520703344] [laser_mapping]: No point, skip this scan!
[fastlio_mapping-1] 
[fastlio_mapping-1] [WARN] [1786271728.530811221] [laser_mapping]: No point, skip this scan!
[fastlio_mapping-1] 
[fastlio_mapping-1] [WARN] [1786271728.540723309] [laser_mapping]: No point, skip this scan!
[fastlio_mapping-1] 
[fastlio_mapping-1] [WARN] [1786271728.550699523] [laser_mapping]: No point, skip this scan!
[fastlio_mapping-1] 
[fastlio_mapping-1] [WARN] [1786271728.700725358] [laser_mapping]: No point, skip this scan!
[fastlio_mapping-1] 
[fastlio_mapping-1] [WARN] [1786271728.710735688] [laser_mapping]: No point, skip this scan!
[fastlio_mapping-1] 
[fastlio_mapping-1] [WARN] [1786271728.790706679] [laser_mapping]: No point, skip this scan!
[fastlio_mapping-1] 
[fastlio_mapping-1] [WARN] [1786271728.920806818] [laser_mapping]: No point, skip this scan!
[fastlio_mapping-1] 
[fastlio_mapping-1] IMU Initial Done
[fastlio_mapping-1] [WARN] [1786271728.980825372] [laser_mapping]: No point, skip this scan!
[fastlio_mapping-1] 
[fastlio_mapping-1] [INFO] [1786271729.351120404] [laser_mapping]: Initialize the map kdtree
[FAST-LIO] stopping process group 110043
[FAST-LIO] exited with status 143
