MID360 lever arm validated (body FLU, control-center -> FAST-LIO origin): x=0.0 m y=0.0 m z=0.08 m; R_FASTLIO_body yaw=0.0 rad
[INFO] Running canonical preflight check...
Checking offboard autostart prerequisites...
MID360 lever arm validated (body FLU, control-center -> FAST-LIO origin): x=0.0 m y=0.0 m z=0.08 m; R_FASTLIO_body yaw=0.0 rad
STRUCTURAL_EV_ENTRY_CONTRACT=PASS
LAUNCH_AST_PARSE_RESULT=PASS
SELECTED_VISION_NODE_IDENTITY=package=px4_ros_com,executable=fastlio_mavros_vision_bridge,name=fastlio_mavros_vision_bridge
VISION_CONDITION_BINDING_RESULT=PASS
VISION_INPUT_BINDING_RESULT=PASS:/Odometry/healthy
VISION_RESTAMP_RESULT=PASS:false
VISION_LEVER_ARM_BINDING_RESULT=PASS:body_FLU_control_center_to_FAST_LIO
VISION_WORLD_YAW_BINDING_RESULT=PASS:one_alignment_for_position_and_attitude
PHYSICAL_BODY_TF_RESULT=PASS:base_link_to_FAST_LIO_body
LAUNCH_DEFAULTS_RESULT=PASS:start_mavros_vision_bridge=true
SINGLE_EV_WRITER_RESULT=PASS:single_ev_node_in_source
STACK_COMMAND_TOKEN_BINDING_RESULT=PASS
Autostart prerequisites look ready.
[INFO] Flight run directory: /home/robot/rong_ws/ws_offboard_control/flight_records/20260809/flight_20260809_150109
[INFO] Planner=ego-shadow, mission=false, output=false, rviz=false
[INFO] Recognition=false, rosbag=true, readiness_timeout=90s
[INFO] Map: <disabled for validation> (auto_load=false)
[WARN] NO_MAP_VALIDATION=true: planner output and mission control are disabled; this run is for sensor/EV/link validation only.
[INFO] MID360 body-to-sensor FLU: x=0.0 m, y=0.0 m, z=0.08 m, yaw=0.0 rad
[WARN] Horizontal-drift and takeoff-transient guards are absent. Keep manual RC takeover available.
[INFO] Starting MID-360 driver; log=/home/robot/rong_ws/ws_offboard_control/flight_records/20260809/flight_20260809_150109/logs/mid360_driver.log
Waiting for message: /livox/imu (timeout=90s)
Ready: received a message from /livox/imu
Waiting for message: /livox/lidar (timeout=90s)
Ready: received a message from /livox/lidar
[INFO] Starting FAST-LIO; log=/home/robot/rong_ws/ws_offboard_control/flight_records/20260809/flight_20260809_150109/logs/fastlio.log
Waiting for message: /Odometry (timeout=90s)
Ready: received a message from /Odometry
[INFO] Starting MAVROS and EV chain; log=/home/robot/rong_ws/ws_offboard_control/flight_records/20260809/flight_20260809_150109/logs/px4_mavros.log
Waiting for mavros_connected: /mavros/state (timeout=90s)
Ready: MAVROS connected
Waiting for healthy: /ev_health/status (timeout=90s)
Ready: /ev_health/status=HEALTHY
Waiting for message: /mavros/local_position/odom (timeout=90s)
Ready: received a message from /mavros/local_position/odom
[INFO] Starting debug rosbag; log=/home/robot/rong_ws/ws_offboard_control/flight_records/20260809/flight_20260809_150109/logs/rosbag_debug.log
Waiting for node: /rosbag2_recorder (timeout=90s)
Ready: node /rosbag2_recorder exists
[INFO] Starting navigation stack; log=/home/robot/rong_ws/ws_offboard_control/flight_records/20260809/flight_20260809_150109/logs/navigation.log
Waiting for message: /race/odom (timeout=90s)
Ready: received a message from /race/odom
[WARN] No map is loaded; skipping /saved_map readiness (validation mode only).
Waiting for message: /race/control/status (timeout=90s)
Ready: received a message from /race/control/status
[INFO] PASS: complete chain is ready: MID-360 -> FAST-LIO -> MAVROS/EV -> rosbag(true) -> navigation.
[INFO] Component logs: /home/robot/rong_ws/ws_offboard_control/flight_records/20260809/flight_20260809_150109/logs
[INFO] This terminal now monitors the stack. Press Ctrl+C to stop all components from this run.
[INFO] Auto-stop validation: shutting down in 5s.
[WARN] Stopping components started by this run...
