[navigation stack (prewarm)] starting
[navigation stack (prewarm)] command: env MAP_FILE=/home/robot/rong_ws/ws_offboard_control/maps/fastlio_global_3d_20260810/GlobalMap_去顶端_z3m.pcd PLANNER_BACKEND=super TUNING_FILE=/home/robot/rong_ws/ws_offboard_control/src/race_bringup/config/astar_ego_tuning.yaml MISSION_ENABLED=false RECOGNITION_ENABLED=false RVIZ=true ENABLE_OUTPUT=true MANUAL_HANDOVER=true BODY_TO_SENSOR_X_M=0.0 BODY_TO_SENSOR_Y_M=0.0 BODY_TO_SENSOR_Z_M=0.08 BODY_TO_FASTLIO_YAW_RAD=0.0 WORLD_YAW_ALIGNMENT_RAD=0.0 PUBLISH_FASTLIO_BRIDGE=true PUBLISH_CAMERA_INIT_TF=false MAP_FRAME_ID=map FASTLIO_ODOM_TOPIC=/planning/odom REQUIRE_MAP_LOCAL_ALIGNMENT=true MAP_AUTO_LOAD=true /home/robot/rong_ws/ws_offboard_control/tools/flight/运行导航控制.sh
[navigation stack (prewarm)] pid=42671 pgid=42671 log=/home/robot/rong_ws/ws_offboard_control/flight_records/20260812/flight_20260812_195111/logs/navigation.log
导航后端：    请求=super，实际=super，EGO开关=false
任务序列器：  false
地图文件：    /home/robot/rong_ws/ws_offboard_control/maps/fastlio_global_3d_20260810/GlobalMap_去顶端_z3m.pcd
地图自动加载：true
Recognition:        false
导航输出：    true
人工接管：    true
[INFO] [launch]: All log files can be found below /home/robot/.ros/log/2026-08-12-19-51-22-645280-robot-42671
[INFO] [launch]: Default logging verbosity is set to INFO
[INFO] [launch.user]: [PLANNER_BACKEND] requested=super effective=super ego_enabled=False
[INFO] [launch.user]: [TUNING_FILE]
[INFO] [launch.user]: path=/home/robot/rong_ws/ws_offboard_control/src/race_bringup/config/astar_ego_tuning.yaml
[INFO] [launch.user]: schema_version=1
[INFO] [launch.user]: [EGO_MAP_SOURCE]
[INFO] [launch.user]: ego_map_source=static_live_px4
[INFO] [launch.user]: [EGO_MAP_TUNING]
[INFO] [launch.user]: {'live_topic': '/cloud_registered', 'body_topic': '/cloud_registered_body', 'pose_topic': '/race/pose', 'live_obstacle_memory_sec': 1.0, 'live_obstacle_voxel_size_m': 0.1, 'live_obstacle_min_observations': 2, 'minimum_reliable_detection_range_m': 0.725, 'pose_sync_max_skew_sec': 0.3, 'pose_buffer_duration_sec': 1.0}
[INFO] [launch.user]: [SHARED_BOUNDS]
[INFO] [launch.user]: x=[-0.85,11.9] y=[-3.2,12.4] z=[0.5,0.85] margin=0.15
[INFO] [launch.user]: [GLOBAL_PLANNER_TUNING]
[INFO] [launch.user]: {'grid_resolution': 0.15, 'planning_resolution': 0.05, 'hard_inflation_radius': 0.28, 'min_planning_inflation_radius': 0.28, 'soft_obstacle_cost_radius': 0.54, 'clearance_cost_weight': 3.0, 'tracking_lookahead_distance': 0.3, 'max_local_goal_distance': 1.7, 'smoothing_min_clearance': 0.1, 'allow_direct_path': False, 'enable_path_shortcut': False}
[INFO] [launch.user]: [EGO_TUNING]
[INFO] [launch.user]: {'enable': False, 'planning_horizon': 5.0, 'local_update_range_x': 6.0, 'local_update_range_y': 6.0, 'local_update_range_z': 1.25, 'occupancy_map_size_x': 24.0, 'occupancy_map_size_y': 26.0, 'occupancy_publish_max_height': 2.5, 'max_velocity': 0.6, 'max_acceleration': 0.8, 'control_point_spacing': 0.25, 'planning_clearance_m': 0.34, 'constrained_clearance_enable': False, 'constrained_clearance_m': 0.24, 'constrained_optimization_clearance_m': 0.3, 'far_end_clearance_extra_m': 0.06, 'optimization_clearance_m': 0.42, 'max_reference_deviation_m': 0.8, 'use_distinctive_trajectories': True, 'replan_start_position_error_m': 0.25, 'handover_position_tolerance_m': 0.01, 'handover_velocity_tolerance_mps': 0.005, 'handover_acceleration_tolerance_mps2': 0.01, 'fixed_flight_height': 0.78}
[INFO] [launch.user]: [BRIDGE_TUNING]
[INFO] [launch.user]: {'occupancy_timeout_sec': 1.0, 'active_recheck_history_sec': 0.5, 'bspline_timeout_sec': 0.2, 'command_timeout_sec': 0.2, 'dynamic_invalid_grace_sec': 0.75, 'replan_hold_timeout_sec': 3.0, 'collision_sample_spacing_m': 0.04, 'braking_deceleration_mps2': 0.8, 'reaction_time_sec': 0.15, 'dynamic_limit_margin': 1.1, 'max_yaw_rate_rad_s': 0.8}
[INFO] [launch.user]: [OFFBOARD_TUNING]
[INFO] [launch.user]: {'takeoff_height_m': 0.55, 'ego_goal_release_height_m': 0.5, 'ego_goal_stable_height_tolerance_m': 0.05, 'ego_goal_stable_horizontal_speed_mps': 0.08, 'ego_goal_stable_vertical_speed_mps': 0.05, 'ego_goal_stable_duration_sec': 0.5, 'fixed_flight_height_m': 0.78, 'max_safe_height_m': 0.85, 'goal_tolerance_xy_m': 0.1, 'goal_tolerance_z_m': 0.05, 'setpoint_rate_hz': 20.0, 'trusted_position_max_speed_mps': 4.0, 'trusted_position_jump_allowance_m': 0.4, 'ego_setpoint_max_lead_m': 2.0, 'ego_setpoint_timeout_sec': 2.5, 'same_goal_retry_on_safety_latch': True, 'ego_yaw_rate_limit_rad_s': 0.8, 'initial_position_stabilization_sec': 0.5, 'initial_position_max_spread_m': 0.08, 'initial_position_max_speed_mps': 0.2}
[INFO] [offboard_waypoint_node-1]: process started with pid [42771]
[INFO] [fastlio_bridge_node-2]: process started with pid [42773]
[INFO] [frame_transform_node-3]: process started with pid [42775]
[INFO] [map_io_node-4]: process started with pid [42777]
[INFO] [mapping_manager_node-5]: process started with pid [42779]
[INFO] [super_planner_ros2_node-6]: process started with pid [42781]
[INFO] [rviz2-7]: process started with pid [42783]
[fastlio_bridge_node-2] [INFO] [1786535482.824368356] [fastlio_bridge_node]: FAST-LIO2 ENU/map -> base_link bridge: /planning/odom -> /race/odom, /race/pose lever=(0.000, 0.000, 0.080) installation_yaw=0.000000 world_yaw=0.000000
[frame_transform_node-3] [INFO] [1786535482.825540833] [frame_transform_node]: frame_transform_node started
[frame_transform_node-3] [INFO] [1786535482.825630967] [frame_transform_node]:   Published static TF: map -> odom (identity)
[frame_transform_node-3] [INFO] [1786535482.825642981] [frame_transform_node]:   Fixed map -> camera_init TF disabled
[mapping_manager_node-5] [INFO] [1786535482.833307014] [mapping_manager_node]: mapping_manager_node started
[mapping_manager_node-5] [INFO] [1786535482.833456205] [mapping_manager_node]:   auto_load_on_start: false
[mapping_manager_node-5] [INFO] [1786535482.833464839] [mapping_manager_node]:   auto_save_on_land: true
[offboard_waypoint_node-1] [INFO] [1786535482.835407026] [offboard_waypoint_node]: Offboard adapter: control_source=navigation navigation_topic=/race/navigation_setpoint ego_topic=/race/ego/trajectory_setpoint frame=px4_ned timeout=0.80s ego_timeout=0.20s height=[0.50, 0.85]m warmup=1.0s stabilization=3.0s takeoff_complete=0.55m strict_health=false
[offboard_waypoint_node-1] [INFO] [1786535482.835527066] [offboard_waypoint_node]: [PLANNER_SOURCE] backend=navigation
[offboard_waypoint_node-1] [INFO] [1786535482.835533630] [offboard_waypoint_node]: [TRAJECTORY_SOURCE] selected=navigation timeout=2.50s
[super_planner_ros2_node-6] [INFO] [1786535482.880705058] [super_planner_ros2_node]: MODE_INIT enable_output=true setpoint_topic=/race/navigation_setpoint setpoint_frame=px4_ned control_rate=20.0 replan_rate=2.0 tracking_lookahead=0.30 heading_lookahead=0.80 max_yaw_rate=1.00 odom_topic=/race/odom odom_input_frame=map require_mavros_connected=false mavros_state_topic=/mavros/state cloud_topic=/saved_map PLANNER_INTERNAL_FRAME=map hard_inflation=0.28 soft_cost_radius=0.54 clearance_cost_weight=3.00 smoothing=true method=chaikin iterations=2 sample_resolution=0.10 allow_direct_path=false enable_path_shortcut=false
[super_planner_ros2_node-6] [INFO] [1786535482.880926893] [super_planner_ros2_node]: [SUPER_TRACKING_POLICY] replan_while_tracking=false
[super_planner_ros2_node-6] [INFO] [1786535482.880944049] [super_planner_ros2_node]: GLOBAL_MODE global_only=false control_output=true global_path=disabled local_goal=disabled
[super_planner_ros2_node-6] [INFO] [1786535482.880969968] [super_planner_ros2_node]: [SUPER_MODE] global_only=false max_planning_distance=9.000 segment_chaining=false
[super_planner_ros2_node-6] [INFO] [1786535482.880982817] [super_planner_ros2_node]: [SUPER_DIRECT_MODE] enabled=false
[super_planner_ros2_node-6] [INFO] [1786535482.880992828] [super_planner_ros2_node]: [SHARED_BOUNDS] x=[-0.85,11.90] y=[-3.20,12.40] z=[0.50,0.85] margin=0.15
[offboard_waypoint_node-1] [INFO] [1786535482.885590589] [offboard_waypoint_node]: [EV_HOLD_WAIT] continuous_healthy=0.00s required=7.50s
[offboard_waypoint_node-1] [INFO] [1786535482.885769450] [offboard_waypoint_node]: [CONTROL_ARBITER] selected_source=waiting_for_ev_ground_reference state=WAITING_FOR_ODOM
[map_io_node-4] [INFO] [1786535482.923888048] [map_io_node]: map_io_node started
[map_io_node-4] [INFO] [1786535482.924069470] [map_io_node]:   map_file: /home/robot/rong_ws/ws_offboard_control/maps/fastlio_global_3d_20260810/GlobalMap_去顶端_z3m.pcd
[map_io_node-4] [INFO] [1786535482.924076121] [map_io_node]:   publish_topic: /saved_map
[map_io_node-4] [INFO] [1786535482.924079515] [map_io_node]:   display_leaf_size: 0.10 m
[map_io_node-4] [INFO] [1786535482.924086842] [map_io_node]:   max_display_points: 3000000
[super_planner_ros2_node-6] [INFO] [1786535482.930963423] [super_planner_ros2_node]: SUPER_ROS2 mode=NO_ODOM enable_output=true reason=NO_ODOM odom=(0.00,0.00,0.00) goal=none tracking_setpoint_enu=(0.00,0.00,0.00) setpoint_ned=none yaw(desired/cmd/rate)=(0.00/0.00/0.00) cross_track=0.00 frame_id=px4_ned path_points=0 odom_source=none cloud_source=none mavros_connected=false
[rviz2-7] [INFO] [1786535483.357742010] [rviz2]: Stereo is NOT SUPPORTED
[rviz2-7] [INFO] [1786535483.358302710] [rviz2]: OpenGl version: 4.6 (GLSL 4.6)
[rviz2-7] [INFO] [1786535483.394392744] [rviz2]: Stereo is NOT SUPPORTED
[map_io_node-4] [INFO] [1786535483.927570689] [map_io_node]: Loaded 9628 points from /home/robot/rong_ws/ws_offboard_control/maps/fastlio_global_3d_20260810/GlobalMap_去顶端_z3m.pcd
[map_io_node-4] [INFO] [1786535483.928109292] [map_io_node]: Downsampled display map: 9628 -> 9161 points (leaf 0.10 m)
[map_io_node-4] [INFO] [1786535483.928574751] [map_io_node]: Published map to /saved_map (frame: map)
[super_planner_ros2_node-6] [WARN] [1786535483.929165999] [super_planner_ros2_node]: Using cloud source: /saved_map frame_id=map
[offboard_waypoint_node-1] [INFO] [1786535483.935395484] [offboard_waypoint_node]: [EV_HOLD_WAIT] continuous_healthy=0.00s required=7.50s
[offboard_waypoint_node-1] [INFO] [1786535483.935480137] [offboard_waypoint_node]: [CONTROL_ARBITER] selected_source=waiting_for_ev_ground_reference state=WAITING_FOR_ODOM
[super_planner_ros2_node-6] [INFO] [1786535483.980802182] [super_planner_ros2_node]: SUPER_ROS2 mode=NO_ODOM enable_output=true reason=NO_ODOM odom=(0.00,0.00,0.00) goal=none tracking_setpoint_enu=(0.00,0.00,0.00) setpoint_ned=none yaw(desired/cmd/rate)=(0.00/0.00/0.00) cross_track=0.00 frame_id=px4_ned path_points=0 odom_source=none cloud_source=/saved_map mavros_connected=false
[offboard_waypoint_node-1] [INFO] [1786535484.985284055] [offboard_waypoint_node]: [EV_HOLD_WAIT] continuous_healthy=0.00s required=7.50s
[offboard_waypoint_node-1] [INFO] [1786535484.985370314] [offboard_waypoint_node]: [CONTROL_ARBITER] selected_source=waiting_for_ev_ground_reference state=WAITING_FOR_ODOM
[super_planner_ros2_node-6] [INFO] [1786535485.030899632] [super_planner_ros2_node]: SUPER_ROS2 mode=NO_ODOM enable_output=true reason=NO_ODOM odom=(0.00,0.00,0.00) goal=none tracking_setpoint_enu=(0.00,0.00,0.00) setpoint_ned=none yaw(desired/cmd/rate)=(0.00/0.00/0.00) cross_track=0.00 frame_id=px4_ned path_points=0 odom_source=none cloud_source=/saved_map mavros_connected=false
[offboard_waypoint_node-1] [INFO] [1786535485.985598914] [offboard_waypoint_node]: [EV_HOLD_WAIT] continuous_healthy=0.00s required=7.50s
[offboard_waypoint_node-1] [INFO] [1786535485.986219884] [offboard_waypoint_node]: [CONTROL_ARBITER] selected_source=waiting_for_ev_ground_reference state=WAITING_FOR_ODOM
[super_planner_ros2_node-6] [INFO] [1786535486.031306881] [super_planner_ros2_node]: SUPER_ROS2 mode=NO_ODOM enable_output=true reason=NO_ODOM odom=(0.00,0.00,0.00) goal=none tracking_setpoint_enu=(0.00,0.00,0.00) setpoint_ned=none yaw(desired/cmd/rate)=(0.00/0.00/0.00) cross_track=0.00 frame_id=px4_ned path_points=0 odom_source=none cloud_source=/saved_map mavros_connected=false
[offboard_waypoint_node-1] [INFO] [1786535487.035323906] [offboard_waypoint_node]: [EV_HOLD_WAIT] continuous_healthy=0.00s required=7.50s
[offboard_waypoint_node-1] [INFO] [1786535487.035404713] [offboard_waypoint_node]: [CONTROL_ARBITER] selected_source=waiting_for_ev_ground_reference state=WAITING_FOR_ODOM
[super_planner_ros2_node-6] [INFO] [1786535487.080486537] [super_planner_ros2_node]: SUPER_ROS2 mode=NO_ODOM enable_output=true reason=NO_ODOM odom=(0.00,0.00,0.00) goal=none tracking_setpoint_enu=(0.00,0.00,0.00) setpoint_ned=none yaw(desired/cmd/rate)=(0.00/0.00/0.00) cross_track=0.00 frame_id=px4_ned path_points=0 odom_source=none cloud_source=/saved_map mavros_connected=false
[offboard_waypoint_node-1] [INFO] [1786535488.084994533] [offboard_waypoint_node]: [EV_HOLD_WAIT] continuous_healthy=0.00s required=7.50s
[offboard_waypoint_node-1] [INFO] [1786535488.085107284] [offboard_waypoint_node]: [CONTROL_ARBITER] selected_source=waiting_for_ev_ground_reference state=WAITING_FOR_ODOM
[super_planner_ros2_node-6] [INFO] [1786535488.130824116] [super_planner_ros2_node]: SUPER_ROS2 mode=NO_ODOM enable_output=true reason=NO_ODOM odom=(0.00,0.00,0.00) goal=none tracking_setpoint_enu=(0.00,0.00,0.00) setpoint_ned=none yaw(desired/cmd/rate)=(0.00/0.00/0.00) cross_track=0.00 frame_id=px4_ned path_points=0 odom_source=none cloud_source=/saved_map mavros_connected=false
[offboard_waypoint_node-1] [INFO] [1786535489.134965431] [offboard_waypoint_node]: [EV_HOLD_WAIT] continuous_healthy=0.00s required=7.50s
[offboard_waypoint_node-1] [INFO] [1786535489.135032880] [offboard_waypoint_node]: [CONTROL_ARBITER] selected_source=waiting_for_ev_ground_reference state=WAITING_FOR_ODOM
[super_planner_ros2_node-6] [INFO] [1786535489.180286903] [super_planner_ros2_node]: SUPER_ROS2 mode=NO_ODOM enable_output=true reason=NO_ODOM odom=(0.00,0.00,0.00) goal=none tracking_setpoint_enu=(0.00,0.00,0.00) setpoint_ned=none yaw(desired/cmd/rate)=(0.00/0.00/0.00) cross_track=0.00 frame_id=px4_ned path_points=0 odom_source=none cloud_source=/saved_map mavros_connected=false
[offboard_waypoint_node-1] [INFO] [1786535490.184802118] [offboard_waypoint_node]: [EV_HOLD_WAIT] continuous_healthy=0.00s required=7.50s
[offboard_waypoint_node-1] [INFO] [1786535490.184888700] [offboard_waypoint_node]: [CONTROL_ARBITER] selected_source=waiting_for_ev_ground_reference state=WAITING_FOR_ODOM
[super_planner_ros2_node-6] [INFO] [1786535490.230440983] [super_planner_ros2_node]: SUPER_ROS2 mode=NO_ODOM enable_output=true reason=NO_ODOM odom=(0.00,0.00,0.00) goal=none tracking_setpoint_enu=(0.00,0.00,0.00) setpoint_ned=none yaw(desired/cmd/rate)=(0.00/0.00/0.00) cross_track=0.00 frame_id=px4_ned path_points=0 odom_source=none cloud_source=/saved_map mavros_connected=false
[super_planner_ros2_node-6] [INFO] [1786535491.230477639] [super_planner_ros2_node]: SUPER_ROS2 mode=NO_ODOM enable_output=true reason=NO_ODOM odom=(0.00,0.00,0.00) goal=none tracking_setpoint_enu=(0.00,0.00,0.00) setpoint_ned=none yaw(desired/cmd/rate)=(0.00/0.00/0.00) cross_track=0.00 frame_id=px4_ned path_points=0 odom_source=none cloud_source=/saved_map mavros_connected=false
[offboard_waypoint_node-1] [INFO] [1786535491.234721368] [offboard_waypoint_node]: [EV_HOLD_WAIT] continuous_healthy=0.00s required=7.50s
[offboard_waypoint_node-1] [INFO] [1786535491.234810054] [offboard_waypoint_node]: [CONTROL_ARBITER] selected_source=waiting_for_ev_ground_reference state=WAITING_FOR_ODOM
[super_planner_ros2_node-6] [INFO] [1786535492.280488382] [super_planner_ros2_node]: SUPER_ROS2 mode=NO_ODOM enable_output=true reason=NO_ODOM odom=(0.00,0.00,0.00) goal=none tracking_setpoint_enu=(0.00,0.00,0.00) setpoint_ned=none yaw(desired/cmd/rate)=(0.00/0.00/0.00) cross_track=0.00 frame_id=px4_ned path_points=0 odom_source=none cloud_source=/saved_map mavros_connected=false
[offboard_waypoint_node-1] [INFO] [1786535492.284642516] [offboard_waypoint_node]: [EV_HOLD_WAIT] continuous_healthy=0.00s required=7.50s
[offboard_waypoint_node-1] [INFO] [1786535492.284771514] [offboard_waypoint_node]: [CONTROL_ARBITER] selected_source=waiting_for_ev_ground_reference state=WAITING_FOR_ODOM
[offboard_waypoint_node-1] [INFO] [1786535493.284781643] [offboard_waypoint_node]: [EV_HOLD_WAIT] continuous_healthy=0.00s required=7.50s
[offboard_waypoint_node-1] [INFO] [1786535493.285263744] [offboard_waypoint_node]: [CONTROL_ARBITER] selected_source=waiting_for_ev_ground_reference state=WAITING_FOR_ODOM
[super_planner_ros2_node-6] [INFO] [1786535493.330398651] [super_planner_ros2_node]: SUPER_ROS2 mode=NO_ODOM enable_output=true reason=NO_ODOM odom=(0.00,0.00,0.00) goal=none tracking_setpoint_enu=(0.00,0.00,0.00) setpoint_ned=none yaw(desired/cmd/rate)=(0.00/0.00/0.00) cross_track=0.00 frame_id=px4_ned path_points=0 odom_source=none cloud_source=/saved_map mavros_connected=false
[offboard_waypoint_node-1] [INFO] [1786535494.334429722] [offboard_waypoint_node]: [EV_HOLD_WAIT] continuous_healthy=0.00s required=7.50s
[offboard_waypoint_node-1] [INFO] [1786535494.334513645] [offboard_waypoint_node]: [CONTROL_ARBITER] selected_source=waiting_for_ev_ground_reference state=WAITING_FOR_ODOM
[super_planner_ros2_node-6] [INFO] [1786535494.379818111] [super_planner_ros2_node]: SUPER_ROS2 mode=NO_ODOM enable_output=true reason=NO_ODOM odom=(0.00,0.00,0.00) goal=none tracking_setpoint_enu=(0.00,0.00,0.00) setpoint_ned=none yaw(desired/cmd/rate)=(0.00/0.00/0.00) cross_track=0.00 frame_id=px4_ned path_points=0 odom_source=none cloud_source=/saved_map mavros_connected=false
[super_planner_ros2_node-6] [INFO] [1786535495.379941104] [super_planner_ros2_node]: SUPER_ROS2 mode=NO_ODOM enable_output=true reason=NO_ODOM odom=(0.00,0.00,0.00) goal=none tracking_setpoint_enu=(0.00,0.00,0.00) setpoint_ned=none yaw(desired/cmd/rate)=(0.00/0.00/0.00) cross_track=0.00 frame_id=px4_ned path_points=0 odom_source=none cloud_source=/saved_map mavros_connected=false
[offboard_waypoint_node-1] [INFO] [1786535495.384382707] [offboard_waypoint_node]: [EV_HOLD_WAIT] continuous_healthy=0.00s required=7.50s
[offboard_waypoint_node-1] [INFO] [1786535495.384474424] [offboard_waypoint_node]: [CONTROL_ARBITER] selected_source=waiting_for_ev_ground_reference state=WAITING_FOR_ODOM
[super_planner_ros2_node-6] [INFO] [1786535496.379945506] [super_planner_ros2_node]: SUPER_ROS2 mode=NO_ODOM enable_output=true reason=NO_ODOM odom=(0.00,0.00,0.00) goal=none tracking_setpoint_enu=(0.00,0.00,0.00) setpoint_ned=none yaw(desired/cmd/rate)=(0.00/0.00/0.00) cross_track=0.00 frame_id=px4_ned path_points=0 odom_source=none cloud_source=/saved_map mavros_connected=false
[offboard_waypoint_node-1] [INFO] [1786535496.434277482] [offboard_waypoint_node]: [EV_HOLD_WAIT] continuous_healthy=0.00s required=7.50s
[offboard_waypoint_node-1] [INFO] [1786535496.434413449] [offboard_waypoint_node]: [CONTROL_ARBITER] selected_source=waiting_for_ev_ground_reference state=WAITING_FOR_ODOM
[super_planner_ros2_node-6] [INFO] [1786535497.429527123] [super_planner_ros2_node]: SUPER_ROS2 mode=NO_ODOM enable_output=true reason=NO_ODOM odom=(0.00,0.00,0.00) goal=none tracking_setpoint_enu=(0.00,0.00,0.00) setpoint_ned=none yaw(desired/cmd/rate)=(0.00/0.00/0.00) cross_track=0.00 frame_id=px4_ned path_points=0 odom_source=none cloud_source=/saved_map mavros_connected=false
[offboard_waypoint_node-1] [INFO] [1786535497.484123227] [offboard_waypoint_node]: [EV_HOLD_WAIT] continuous_healthy=0.00s required=7.50s
[offboard_waypoint_node-1] [INFO] [1786535497.484199816] [offboard_waypoint_node]: [CONTROL_ARBITER] selected_source=waiting_for_ev_ground_reference state=WAITING_FOR_ODOM
[super_planner_ros2_node-6] [INFO] [1786535498.429576348] [super_planner_ros2_node]: SUPER_ROS2 mode=NO_ODOM enable_output=true reason=NO_ODOM odom=(0.00,0.00,0.00) goal=none tracking_setpoint_enu=(0.00,0.00,0.00) setpoint_ned=none yaw(desired/cmd/rate)=(0.00/0.00/0.00) cross_track=0.00 frame_id=px4_ned path_points=0 odom_source=none cloud_source=/saved_map mavros_connected=false
[offboard_waypoint_node-1] [INFO] [1786535498.534153810] [offboard_waypoint_node]: [EV_HOLD_WAIT] continuous_healthy=0.00s required=7.50s
[offboard_waypoint_node-1] [INFO] [1786535498.534409076] [offboard_waypoint_node]: [CONTROL_ARBITER] selected_source=waiting_for_ev_ground_reference state=WAITING_FOR_ODOM
[super_planner_ros2_node-6] [INFO] [1786535499.479768206] [super_planner_ros2_node]: SUPER_ROS2 mode=NO_ODOM enable_output=true reason=NO_ODOM odom=(0.00,0.00,0.00) goal=none tracking_setpoint_enu=(0.00,0.00,0.00) setpoint_ned=none yaw(desired/cmd/rate)=(0.00/0.00/0.00) cross_track=0.00 frame_id=px4_ned path_points=0 odom_source=none cloud_source=/saved_map mavros_connected=false
[offboard_waypoint_node-1] [INFO] [1786535499.534733321] [offboard_waypoint_node]: [EV_HOLD_WAIT] continuous_healthy=0.00s required=7.50s
[offboard_waypoint_node-1] [INFO] [1786535499.534912753] [offboard_waypoint_node]: [CONTROL_ARBITER] selected_source=waiting_for_ev_ground_reference state=WAITING_FOR_ODOM
[super_planner_ros2_node-6] [INFO] [1786535500.529312808] [super_planner_ros2_node]: SUPER_ROS2 mode=NO_ODOM enable_output=true reason=NO_ODOM odom=(0.00,0.00,0.00) goal=none tracking_setpoint_enu=(0.00,0.00,0.00) setpoint_ned=none yaw(desired/cmd/rate)=(0.00/0.00/0.00) cross_track=0.00 frame_id=px4_ned path_points=0 odom_source=none cloud_source=/saved_map mavros_connected=false
[offboard_waypoint_node-1] [INFO] [1786535500.583917160] [offboard_waypoint_node]: [EV_HOLD_WAIT] continuous_healthy=0.00s required=7.50s
[offboard_waypoint_node-1] [INFO] [1786535500.584017606] [offboard_waypoint_node]: [CONTROL_ARBITER] selected_source=waiting_for_ev_ground_reference state=WAITING_FOR_ODOM
[super_planner_ros2_node-6] [INFO] [1786535501.529459498] [super_planner_ros2_node]: SUPER_ROS2 mode=NO_ODOM enable_output=true reason=NO_ODOM odom=(0.00,0.00,0.00) goal=none tracking_setpoint_enu=(0.00,0.00,0.00) setpoint_ned=none yaw(desired/cmd/rate)=(0.00/0.00/0.00) cross_track=0.00 frame_id=px4_ned path_points=0 odom_source=none cloud_source=/saved_map mavros_connected=false
[offboard_waypoint_node-1] [INFO] [1786535501.633808637] [offboard_waypoint_node]: [EV_HOLD_WAIT] continuous_healthy=0.00s required=7.50s
[offboard_waypoint_node-1] [INFO] [1786535501.633940631] [offboard_waypoint_node]: [CONTROL_ARBITER] selected_source=waiting_for_ev_ground_reference state=WAITING_FOR_ODOM
[super_planner_ros2_node-6] [INFO] [1786535502.529587170] [super_planner_ros2_node]: SUPER_ROS2 mode=NO_ODOM enable_output=true reason=NO_ODOM odom=(0.00,0.00,0.00) goal=none tracking_setpoint_enu=(0.00,0.00,0.00) setpoint_ned=none yaw(desired/cmd/rate)=(0.00/0.00/0.00) cross_track=0.00 frame_id=px4_ned path_points=0 odom_source=none cloud_source=/saved_map mavros_connected=false
[offboard_waypoint_node-1] [INFO] [1786535502.683661639] [offboard_waypoint_node]: [EV_HOLD_WAIT] continuous_healthy=0.00s required=7.50s
[offboard_waypoint_node-1] [INFO] [1786535502.683724911] [offboard_waypoint_node]: [CONTROL_ARBITER] selected_source=waiting_for_ev_ground_reference state=WAITING_FOR_ODOM
[super_planner_ros2_node-6] [INFO] [1786535503.579155640] [super_planner_ros2_node]: SUPER_ROS2 mode=NO_ODOM enable_output=true reason=NO_ODOM odom=(0.00,0.00,0.00) goal=none tracking_setpoint_enu=(0.00,0.00,0.00) setpoint_ned=none yaw(desired/cmd/rate)=(0.00/0.00/0.00) cross_track=0.00 frame_id=px4_ned path_points=0 odom_source=none cloud_source=/saved_map mavros_connected=false
[offboard_waypoint_node-1] [INFO] [1786535503.733629274] [offboard_waypoint_node]: [EV_HOLD_WAIT] continuous_healthy=0.00s required=7.50s
[offboard_waypoint_node-1] [INFO] [1786535503.733777072] [offboard_waypoint_node]: [CONTROL_ARBITER] selected_source=waiting_for_ev_ground_reference state=WAITING_FOR_ODOM
[super_planner_ros2_node-6] [INFO] [1786535504.628873716] [super_planner_ros2_node]: SUPER_ROS2 mode=NO_ODOM enable_output=true reason=NO_ODOM odom=(0.00,0.00,0.00) goal=none tracking_setpoint_enu=(0.00,0.00,0.00) setpoint_ned=none yaw(desired/cmd/rate)=(0.00/0.00/0.00) cross_track=0.00 frame_id=px4_ned path_points=0 odom_source=none cloud_source=/saved_map mavros_connected=false
[offboard_waypoint_node-1] [INFO] [1786535504.783471851] [offboard_waypoint_node]: [EV_HOLD_WAIT] continuous_healthy=0.00s required=7.50s
[offboard_waypoint_node-1] [INFO] [1786535504.783545620] [offboard_waypoint_node]: [CONTROL_ARBITER] selected_source=waiting_for_ev_ground_reference state=WAITING_FOR_ODOM
[super_planner_ros2_node-6] [INFO] [1786535505.628990814] [super_planner_ros2_node]: SUPER_ROS2 mode=NO_ODOM enable_output=true reason=NO_ODOM odom=(0.00,0.00,0.00) goal=none tracking_setpoint_enu=(0.00,0.00,0.00) setpoint_ned=none yaw(desired/cmd/rate)=(0.00/0.00/0.00) cross_track=0.00 frame_id=px4_ned path_points=0 odom_source=none cloud_source=/saved_map mavros_connected=false
[offboard_waypoint_node-1] [INFO] [1786535505.833406835] [offboard_waypoint_node]: [EV_HOLD_WAIT] continuous_healthy=0.00s required=7.50s
[offboard_waypoint_node-1] [INFO] [1786535505.833515243] [offboard_waypoint_node]: [CONTROL_ARBITER] selected_source=waiting_for_ev_ground_reference state=WAITING_FOR_ODOM
[super_planner_ros2_node-6] [INFO] [1786535506.678718264] [super_planner_ros2_node]: SUPER_ROS2 mode=NO_ODOM enable_output=true reason=NO_ODOM odom=(0.00,0.00,0.00) goal=none tracking_setpoint_enu=(0.00,0.00,0.00) setpoint_ned=none yaw(desired/cmd/rate)=(0.00/0.00/0.00) cross_track=0.00 frame_id=px4_ned path_points=0 odom_source=none cloud_source=/saved_map mavros_connected=false
[offboard_waypoint_node-1] [INFO] [1786535506.883297487] [offboard_waypoint_node]: [EV_HOLD_WAIT] continuous_healthy=0.00s required=7.50s
[offboard_waypoint_node-1] [INFO] [1786535506.883371654] [offboard_waypoint_node]: [CONTROL_ARBITER] selected_source=waiting_for_ev_ground_reference state=WAITING_FOR_ODOM
[super_planner_ros2_node-6] [INFO] [1786535507.728619275] [super_planner_ros2_node]: SUPER_ROS2 mode=NO_ODOM enable_output=true reason=NO_ODOM odom=(0.00,0.00,0.00) goal=none tracking_setpoint_enu=(0.00,0.00,0.00) setpoint_ned=none yaw(desired/cmd/rate)=(0.00/0.00/0.00) cross_track=0.00 frame_id=px4_ned path_points=0 odom_source=none cloud_source=/saved_map mavros_connected=false
[offboard_waypoint_node-1] [INFO] [1786535507.933174147] [offboard_waypoint_node]: [EV_HOLD_WAIT] continuous_healthy=0.00s required=7.50s
[offboard_waypoint_node-1] [INFO] [1786535507.933247139] [offboard_waypoint_node]: [CONTROL_ARBITER] selected_source=waiting_for_ev_ground_reference state=WAITING_FOR_ODOM
[super_planner_ros2_node-6] [INFO] [1786535508.778621834] [super_planner_ros2_node]: SUPER_ROS2 mode=NO_ODOM enable_output=true reason=NO_ODOM odom=(0.00,0.00,0.00) goal=none tracking_setpoint_enu=(0.00,0.00,0.00) setpoint_ned=none yaw(desired/cmd/rate)=(0.00/0.00/0.00) cross_track=0.00 frame_id=px4_ned path_points=0 odom_source=none cloud_source=/saved_map mavros_connected=false
[offboard_waypoint_node-1] [INFO] [1786535508.933396711] [offboard_waypoint_node]: [EV_HOLD_WAIT] continuous_healthy=0.00s required=7.50s
[offboard_waypoint_node-1] [INFO] [1786535508.933673696] [offboard_waypoint_node]: [CONTROL_ARBITER] selected_source=waiting_for_ev_ground_reference state=WAITING_FOR_ODOM
[super_planner_ros2_node-6] [INFO] [1786535509.828723757] [super_planner_ros2_node]: SUPER_ROS2 mode=NO_ODOM enable_output=true reason=NO_ODOM odom=(0.00,0.00,0.00) goal=none tracking_setpoint_enu=(0.00,0.00,0.00) setpoint_ned=none yaw(desired/cmd/rate)=(0.00/0.00/0.00) cross_track=0.00 frame_id=px4_ned path_points=0 odom_source=none cloud_source=/saved_map mavros_connected=false
[offboard_waypoint_node-1] [INFO] [1786535509.983027224] [offboard_waypoint_node]: [EV_HOLD_WAIT] continuous_healthy=0.00s required=7.50s
[offboard_waypoint_node-1] [INFO] [1786535509.983158290] [offboard_waypoint_node]: [CONTROL_ARBITER] selected_source=waiting_for_ev_ground_reference state=WAITING_FOR_ODOM
[super_planner_ros2_node-6] [WARN] [1786535510.645588371] [super_planner_ros2_node]: Using odom source: /race/odom odom_input_frame=map planner_map=(0.09, -0.26, -0.09) current_yaw_ned=-3.122
[super_planner_ros2_node-6] [INFO] [1786535510.878333471] [super_planner_ros2_node]: SUPER_ROS2 mode=IDLE enable_output=true reason=NO_GOAL odom=(0.09,-0.25,-0.09) goal=none tracking_setpoint_enu=(0.09,-0.25,0.78) setpoint_ned=none yaw(desired/cmd/rate)=(0.00/0.00/0.00) cross_track=0.00 frame_id=px4_ned path_points=0 odom_source=/race/odom cloud_source=/saved_map mavros_connected=false
[offboard_waypoint_node-1] [INFO] [1786535511.032900242] [offboard_waypoint_node]: [EV_HOLD_WAIT] continuous_healthy=0.00s required=7.50s
[offboard_waypoint_node-1] [INFO] [1786535511.032974334] [offboard_waypoint_node]: [CONTROL_ARBITER] selected_source=waiting_for_ev_ground_reference state=WAITING_FOR_ODOM
[super_planner_ros2_node-6] [INFO] [1786535511.928225909] [super_planner_ros2_node]: SUPER_ROS2 mode=IDLE enable_output=true reason=NO_GOAL odom=(0.09,-0.25,-0.08) goal=none tracking_setpoint_enu=(0.09,-0.25,0.78) setpoint_ned=none yaw(desired/cmd/rate)=(0.00/0.00/0.00) cross_track=0.00 frame_id=px4_ned path_points=0 odom_source=/race/odom cloud_source=/saved_map mavros_connected=false
[fastlio_bridge_node-2] [INFO] [1786535512.046204081] [fastlio_bridge_node]: 已桥接并转换里程计: ENU(0.09, -0.26, -0.09) -> NED(-0.26, 0.09, 0.09)
[offboard_waypoint_node-1] [INFO] [1786535512.082903601] [offboard_waypoint_node]: [EV_HOLD_WAIT] continuous_healthy=0.00s required=7.50s
[offboard_waypoint_node-1] [INFO] [1786535512.083078230] [offboard_waypoint_node]: [CONTROL_ARBITER] selected_source=waiting_for_ev_ground_reference state=WAITING_FOR_ODOM
[mapping_manager_node-5] [INFO] [1786535512.832074571] [mapping_manager_node]: Mapping status: in_flight=false, map_loaded=false, map_saved=false
[super_planner_ros2_node-6] [INFO] [1786535513.080039562] [super_planner_ros2_node]: SUPER_ROS2 mode=IDLE enable_output=true reason=NO_GOAL odom=(0.08,-0.25,-0.08) goal=none tracking_setpoint_enu=(0.08,-0.25,0.78) setpoint_ned=none yaw(desired/cmd/rate)=(0.00/0.00/0.00) cross_track=0.00 frame_id=px4_ned path_points=0 odom_source=/race/odom cloud_source=/saved_map mavros_connected=false
[offboard_waypoint_node-1] [INFO] [1786535513.133124185] [offboard_waypoint_node]: [EV_HOLD_WAIT] continuous_healthy=0.00s required=7.50s
[offboard_waypoint_node-1] [INFO] [1786535513.133307912] [offboard_waypoint_node]: [CONTROL_ARBITER] selected_source=waiting_for_ev_ground_reference state=WAITING_FOR_ODOM
[super_planner_ros2_node-6] [WARN] [1786535513.601432236] [super_planner_ros2_node]: MAVROS reports connected=false; FCU link is down.
[offboard_waypoint_node-1] [WARN] [1786535513.790456924] [offboard_waypoint_node]: [POSE_WAIT] no local velocity sample yet on /mavros/local_position/velocity_local
[fastlio_bridge_node-2] [INFO] [1786535514.046513462] [fastlio_bridge_node]: 已桥接并转换里程计: ENU(0.08, -0.25, -0.09) -> NED(-0.25, 0.08, 0.09)
[super_planner_ros2_node-6] [INFO] [1786535514.128407176] [super_planner_ros2_node]: SUPER_ROS2 mode=IDLE enable_output=true reason=NO_GOAL odom=(0.08,-0.25,-0.09) goal=none tracking_setpoint_enu=(0.08,-0.25,0.78) setpoint_ned=none yaw(desired/cmd/rate)=(0.00/0.00/0.00) cross_track=0.00 frame_id=px4_ned path_points=0 odom_source=/race/odom cloud_source=/saved_map mavros_connected=false
[offboard_waypoint_node-1] [INFO] [1786535514.182676509] [offboard_waypoint_node]: [EV_HOLD_WAIT] continuous_healthy=0.00s required=7.50s
[offboard_waypoint_node-1] [INFO] [1786535514.182736144] [offboard_waypoint_node]: [CONTROL_ARBITER] selected_source=waiting_for_ev_ground_reference state=WAITING_FOR_ODOM
[offboard_waypoint_node-1] [INFO] [1786535514.322702405] [offboard_waypoint_node]: [POSE_TRUSTED] stable_for=0.50s position_ned=(-0.808,-0.226,5.104)
[super_planner_ros2_node-6] [INFO] [1786535515.177908178] [super_planner_ros2_node]: SUPER_ROS2 mode=IDLE enable_output=true reason=NO_GOAL odom=(0.09,-0.25,-0.09) goal=none tracking_setpoint_enu=(0.09,-0.25,0.78) setpoint_ned=none yaw(desired/cmd/rate)=(0.00/0.00/0.00) cross_track=0.00 frame_id=px4_ned path_points=0 odom_source=/race/odom cloud_source=/saved_map mavros_connected=true
[offboard_waypoint_node-1] [INFO] [1786535515.232575364] [offboard_waypoint_node]: [EV_HOLD_WAIT] continuous_healthy=0.00s required=7.50s
[offboard_waypoint_node-1] [INFO] [1786535515.232665837] [offboard_waypoint_node]: [CONTROL_ARBITER] selected_source=waiting_for_ev_ground_reference state=WAITING_FOR_ODOM
[offboard_waypoint_node-1] [INFO] [1786535515.546217467] [offboard_waypoint_node]: [EV_HEALTH] state=FAULT continuous_healthy=0.00s
[fastlio_bridge_node-2] [INFO] [1786535516.045072535] [fastlio_bridge_node]: 已桥接并转换里程计: ENU(0.08, -0.25, -0.09) -> NED(-0.25, 0.08, 0.09)
[super_planner_ros2_node-6] [INFO] [1786535516.227865207] [super_planner_ros2_node]: SUPER_ROS2 mode=IDLE enable_output=true reason=NO_GOAL odom=(0.09,-0.26,-0.09) goal=none tracking_setpoint_enu=(0.09,-0.26,0.78) setpoint_ned=none yaw(desired/cmd/rate)=(0.00/0.00/0.00) cross_track=0.00 frame_id=px4_ned path_points=0 odom_source=/race/odom cloud_source=/saved_map mavros_connected=true
[offboard_waypoint_node-1] [INFO] [1786535516.282463781] [offboard_waypoint_node]: [EV_HOLD_WAIT] continuous_healthy=0.00s required=7.50s
[offboard_waypoint_node-1] [INFO] [1786535516.282538529] [offboard_waypoint_node]: [CONTROL_ARBITER] selected_source=waiting_for_ev_ground_reference state=WAITING_FOR_ODOM
[super_planner_ros2_node-6] [INFO] [1786535517.277787898] [super_planner_ros2_node]: SUPER_ROS2 mode=IDLE enable_output=true reason=NO_GOAL odom=(0.09,-0.25,-0.09) goal=none tracking_setpoint_enu=(0.09,-0.25,0.78) setpoint_ned=none yaw(desired/cmd/rate)=(0.00/0.00/0.00) cross_track=0.00 frame_id=px4_ned path_points=0 odom_source=/race/odom cloud_source=/saved_map mavros_connected=true
[offboard_waypoint_node-1] [INFO] [1786535517.332585227] [offboard_waypoint_node]: [EV_HOLD_WAIT] continuous_healthy=0.00s required=7.50s
[offboard_waypoint_node-1] [INFO] [1786535517.332948271] [offboard_waypoint_node]: [CONTROL_ARBITER] selected_source=waiting_for_ev_ground_reference state=WAITING_FOR_ODOM
[fastlio_bridge_node-2] [INFO] [1786535518.045652871] [fastlio_bridge_node]: 已桥接并转换里程计: ENU(0.09, -0.25, -0.09) -> NED(-0.25, 0.09, 0.09)
[super_planner_ros2_node-6] [INFO] [1786535518.327785811] [super_planner_ros2_node]: SUPER_ROS2 mode=IDLE enable_output=true reason=NO_GOAL odom=(0.09,-0.25,-0.08) goal=none tracking_setpoint_enu=(0.09,-0.25,0.78) setpoint_ned=none yaw(desired/cmd/rate)=(0.00/0.00/0.00) cross_track=0.00 frame_id=px4_ned path_points=0 odom_source=/race/odom cloud_source=/saved_map mavros_connected=true
[offboard_waypoint_node-1] [INFO] [1786535518.332712069] [offboard_waypoint_node]: [EV_HOLD_WAIT] continuous_healthy=0.00s required=7.50s
[offboard_waypoint_node-1] [INFO] [1786535518.333208002] [offboard_waypoint_node]: [CONTROL_ARBITER] selected_source=waiting_for_ev_ground_reference state=WAITING_FOR_ODOM
[offboard_waypoint_node-1] [INFO] [1786535519.347206489] [offboard_waypoint_node]: [EV_HEALTH] state=HEALTHY continuous_healthy=0.00s
[super_planner_ros2_node-6] [INFO] [1786535519.377626105] [super_planner_ros2_node]: SUPER_ROS2 mode=IDLE enable_output=true reason=NO_GOAL odom=(0.09,-0.25,-0.09) goal=none tracking_setpoint_enu=(0.09,-0.25,0.78) setpoint_ned=none yaw(desired/cmd/rate)=(0.00/0.00/0.00) cross_track=0.00 frame_id=px4_ned path_points=0 odom_source=/race/odom cloud_source=/saved_map mavros_connected=true
[offboard_waypoint_node-1] [INFO] [1786535519.382210149] [offboard_waypoint_node]: [EV_HOLD_WAIT] continuous_healthy=0.04s required=7.50s
[offboard_waypoint_node-1] [INFO] [1786535519.382298844] [offboard_waypoint_node]: [CONTROL_ARBITER] selected_source=waiting_for_ev_ground_reference state=WAITING_FOR_ODOM
[offboard_waypoint_node-1] [INFO] [1786535519.547067730] [offboard_waypoint_node]: [EV_HEALTH] state=SUSPECT continuous_healthy=0.00s
[offboard_waypoint_node-1] [ERROR] [1786535519.799005747] [offboard_waypoint_node]: [POSE_REJECT] jump=5.057m dt=0.001s trusted=(-0.806,-0.219,5.115) received=(-0.250,0.091,0.098)
[fastlio_bridge_node-2] [INFO] [1786535520.045864421] [fastlio_bridge_node]: 已桥接并转换里程计: ENU(0.09, -0.26, -0.09) -> NED(-0.26, 0.09, 0.09)
[super_planner_ros2_node-6] [INFO] [1786535520.427696772] [super_planner_ros2_node]: SUPER_ROS2 mode=IDLE enable_output=true reason=NO_GOAL odom=(0.09,-0.25,-0.09) goal=none tracking_setpoint_enu=(0.09,-0.25,0.78) setpoint_ned=none yaw(desired/cmd/rate)=(0.00/0.00/0.00) cross_track=0.00 frame_id=px4_ned path_points=0 odom_source=/race/odom cloud_source=/saved_map mavros_connected=true
[offboard_waypoint_node-1] [INFO] [1786535520.432122763] [offboard_waypoint_node]: [EV_HOLD_WAIT] continuous_healthy=0.00s required=7.50s
[offboard_waypoint_node-1] [INFO] [1786535520.432215524] [offboard_waypoint_node]: [CONTROL_ARBITER] selected_source=waiting_for_ev_ground_reference state=WAITING_FOR_ODOM
[offboard_waypoint_node-1] [ERROR] [1786535520.821028807] [offboard_waypoint_node]: [POSE_REJECT] jump=5.054m dt=1.023s trusted=(-0.806,-0.219,5.115) received=(-0.251,0.087,0.101)
[super_planner_ros2_node-6] [INFO] [1786535521.477671642] [super_planner_ros2_node]: SUPER_ROS2 mode=IDLE enable_output=true reason=NO_GOAL odom=(0.09,-0.25,-0.08) goal=none tracking_setpoint_enu=(0.09,-0.25,0.78) setpoint_ned=none yaw(desired/cmd/rate)=(0.00/0.00/0.00) cross_track=0.00 frame_id=px4_ned path_points=0 odom_source=/race/odom cloud_source=/saved_map mavros_connected=true
[offboard_waypoint_node-1] [INFO] [1786535521.482054749] [offboard_waypoint_node]: [EV_HOLD_WAIT] continuous_healthy=0.00s required=7.50s
[offboard_waypoint_node-1] [INFO] [1786535521.482215759] [offboard_waypoint_node]: [CONTROL_ARBITER] selected_source=waiting_for_ev_ground_reference state=WAITING_FOR_ODOM
[offboard_waypoint_node-1] [INFO] [1786535521.847940867] [offboard_waypoint_node]: [EV_HEALTH] state=HEALTHY continuous_healthy=0.00s
[super_planner_ros2_node-6] [INFO] [1786535522.527285424] [super_planner_ros2_node]: SUPER_ROS2 mode=IDLE enable_output=true reason=NO_GOAL odom=(0.09,-0.26,-0.09) goal=none tracking_setpoint_enu=(0.09,-0.26,0.78) setpoint_ned=none yaw(desired/cmd/rate)=(0.00/0.00/0.00) cross_track=0.00 frame_id=px4_ned path_points=0 odom_source=/race/odom cloud_source=/saved_map mavros_connected=true
[offboard_waypoint_node-1] [INFO] [1786535522.531929385] [offboard_waypoint_node]: [EV_HOLD_WAIT] continuous_healthy=0.68s required=7.50s
[offboard_waypoint_node-1] [INFO] [1786535522.532006516] [offboard_waypoint_node]: [CONTROL_ARBITER] selected_source=waiting_for_ev_ground_reference state=WAITING_FOR_ODOM
[offboard_waypoint_node-1] [INFO] [1786535523.345698612] [offboard_waypoint_node]: [EV_HEALTH] state=SUSPECT continuous_healthy=0.00s
[super_planner_ros2_node-6] [INFO] [1786535523.527342125] [super_planner_ros2_node]: SUPER_ROS2 mode=IDLE enable_output=true reason=NO_GOAL odom=(0.08,-0.26,-0.09) goal=none tracking_setpoint_enu=(0.08,-0.26,0.78) setpoint_ned=none yaw(desired/cmd/rate)=(0.00/0.00/0.00) cross_track=0.00 frame_id=px4_ned path_points=0 odom_source=/race/odom cloud_source=/saved_map mavros_connected=true
[offboard_waypoint_node-1] [INFO] [1786535523.531931251] [offboard_waypoint_node]: [EV_HOLD_WAIT] continuous_healthy=0.00s required=7.50s
[offboard_waypoint_node-1] [INFO] [1786535523.532106050] [offboard_waypoint_node]: [CONTROL_ARBITER] selected_source=waiting_for_ev_ground_reference state=WAITING_FOR_ODOM
[fastlio_bridge_node-2] [INFO] [1786535524.046449958] [fastlio_bridge_node]: 已桥接并转换里程计: ENU(0.08, -0.25, -0.09) -> NED(-0.25, 0.08, 0.09)
[super_planner_ros2_node-6] [INFO] [1786535524.577093025] [super_planner_ros2_node]: SUPER_ROS2 mode=IDLE enable_output=true reason=NO_GOAL odom=(0.09,-0.25,-0.09) goal=none tracking_setpoint_enu=(0.09,-0.25,0.78) setpoint_ned=none yaw(desired/cmd/rate)=(0.00/0.00/0.00) cross_track=0.00 frame_id=px4_ned path_points=0 odom_source=/race/odom cloud_source=/saved_map mavros_connected=true
[offboard_waypoint_node-1] [INFO] [1786535524.581774953] [offboard_waypoint_node]: [EV_HOLD_WAIT] continuous_healthy=0.00s required=7.50s
[offboard_waypoint_node-1] [INFO] [1786535524.581829617] [offboard_waypoint_node]: [CONTROL_ARBITER] selected_source=waiting_for_ev_ground_reference state=WAITING_FOR_ODOM
[offboard_waypoint_node-1] [INFO] [1786535525.448693501] [offboard_waypoint_node]: [EV_HEALTH] state=HEALTHY continuous_healthy=0.00s
[super_planner_ros2_node-6] [INFO] [1786535525.577346739] [super_planner_ros2_node]: SUPER_ROS2 mode=IDLE enable_output=true reason=NO_GOAL odom=(0.08,-0.26,-0.09) goal=none tracking_setpoint_enu=(0.08,-0.26,0.78) setpoint_ned=none yaw(desired/cmd/rate)=(0.00/0.00/0.00) cross_track=0.00 frame_id=px4_ned path_points=0 odom_source=/race/odom cloud_source=/saved_map mavros_connected=true
[offboard_waypoint_node-1] [INFO] [1786535525.582936548] [offboard_waypoint_node]: [EV_HOLD_WAIT] continuous_healthy=0.13s required=7.50s
[offboard_waypoint_node-1] [INFO] [1786535525.583166009] [offboard_waypoint_node]: [CONTROL_ARBITER] selected_source=waiting_for_ev_ground_reference state=WAITING_FOR_ODOM
[fastlio_bridge_node-2] [INFO] [1786535526.047554846] [fastlio_bridge_node]: 已桥接并转换里程计: ENU(0.08, -0.25, -0.09) -> NED(-0.25, 0.08, 0.09)
[super_planner_ros2_node-6] [INFO] [1786535526.577443310] [super_planner_ros2_node]: SUPER_ROS2 mode=IDLE enable_output=true reason=NO_GOAL odom=(0.08,-0.26,-0.09) goal=none tracking_setpoint_enu=(0.08,-0.26,0.78) setpoint_ned=none yaw(desired/cmd/rate)=(0.00/0.00/0.00) cross_track=0.00 frame_id=px4_ned path_points=0 odom_source=/race/odom cloud_source=/saved_map mavros_connected=true
[offboard_waypoint_node-1] [INFO] [1786535526.631692138] [offboard_waypoint_node]: [EV_HOLD_WAIT] continuous_healthy=1.18s required=7.50s
[offboard_waypoint_node-1] [INFO] [1786535526.631884104] [offboard_waypoint_node]: [CONTROL_ARBITER] selected_source=waiting_for_ev_ground_reference state=WAITING_FOR_ODOM
[super_planner_ros2_node-6] [INFO] [1786535527.626946249] [super_planner_ros2_node]: SUPER_ROS2 mode=IDLE enable_output=true reason=NO_GOAL odom=(0.08,-0.26,-0.09) goal=none tracking_setpoint_enu=(0.08,-0.26,0.78) setpoint_ned=none yaw(desired/cmd/rate)=(0.00/0.00/0.00) cross_track=0.00 frame_id=px4_ned path_points=0 odom_source=/race/odom cloud_source=/saved_map mavros_connected=true
[offboard_waypoint_node-1] [INFO] [1786535527.681516425] [offboard_waypoint_node]: [EV_HOLD_WAIT] continuous_healthy=2.23s required=7.50s
[offboard_waypoint_node-1] [INFO] [1786535527.681619987] [offboard_waypoint_node]: [CONTROL_ARBITER] selected_source=waiting_for_ev_ground_reference state=WAITING_FOR_ODOM
[fastlio_bridge_node-2] [INFO] [1786535528.045911207] [fastlio_bridge_node]: 已桥接并转换里程计: ENU(0.09, -0.26, -0.09) -> NED(-0.26, 0.09, 0.09)
[super_planner_ros2_node-6] [INFO] [1786535528.627176277] [super_planner_ros2_node]: SUPER_ROS2 mode=IDLE enable_output=true reason=NO_GOAL odom=(0.08,-0.26,-0.09) goal=none tracking_setpoint_enu=(0.08,-0.26,0.78) setpoint_ned=none yaw(desired/cmd/rate)=(0.00/0.00/0.00) cross_track=0.00 frame_id=px4_ned path_points=0 odom_source=/race/odom cloud_source=/saved_map mavros_connected=true
[offboard_waypoint_node-1] [INFO] [1786535528.731477718] [offboard_waypoint_node]: [EV_HOLD_WAIT] continuous_healthy=3.28s required=7.50s
[offboard_waypoint_node-1] [INFO] [1786535528.731731813] [offboard_waypoint_node]: [CONTROL_ARBITER] selected_source=waiting_for_ev_ground_reference state=WAITING_FOR_ODOM
[super_planner_ros2_node-6] [INFO] [1786535529.676800041] [super_planner_ros2_node]: SUPER_ROS2 mode=IDLE enable_output=true reason=NO_GOAL odom=(0.08,-0.25,-0.09) goal=none tracking_setpoint_enu=(0.08,-0.25,0.78) setpoint_ned=none yaw(desired/cmd/rate)=(0.00/0.00/0.00) cross_track=0.00 frame_id=px4_ned path_points=0 odom_source=/race/odom cloud_source=/saved_map mavros_connected=true
[offboard_waypoint_node-1] [INFO] [1786535529.781366248] [offboard_waypoint_node]: [EV_HOLD_WAIT] continuous_healthy=4.33s required=7.50s
[offboard_waypoint_node-1] [INFO] [1786535529.781483732] [offboard_waypoint_node]: [CONTROL_ARBITER] selected_source=waiting_for_ev_ground_reference state=WAITING_FOR_ODOM
[fastlio_bridge_node-2] [INFO] [1786535530.045531104] [fastlio_bridge_node]: 已桥接并转换里程计: ENU(0.08, -0.26, -0.09) -> NED(-0.26, 0.08, 0.09)
[super_planner_ros2_node-6] [INFO] [1786535530.726714128] [super_planner_ros2_node]: SUPER_ROS2 mode=IDLE enable_output=true reason=NO_GOAL odom=(0.08,-0.25,-0.09) goal=none tracking_setpoint_enu=(0.08,-0.25,0.78) setpoint_ned=none yaw(desired/cmd/rate)=(0.00/0.00/0.00) cross_track=0.00 frame_id=px4_ned path_points=0 odom_source=/race/odom cloud_source=/saved_map mavros_connected=true
[offboard_waypoint_node-1] [INFO] [1786535530.831238889] [offboard_waypoint_node]: [EV_HOLD_WAIT] continuous_healthy=5.38s required=7.50s
[offboard_waypoint_node-1] [INFO] [1786535530.831329256] [offboard_waypoint_node]: [CONTROL_ARBITER] selected_source=waiting_for_ev_ground_reference state=WAITING_FOR_ODOM
[super_planner_ros2_node-6] [INFO] [1786535531.776547369] [super_planner_ros2_node]: SUPER_ROS2 mode=IDLE enable_output=true reason=NO_GOAL odom=(0.08,-0.26,-0.09) goal=none tracking_setpoint_enu=(0.08,-0.26,0.78) setpoint_ned=none yaw(desired/cmd/rate)=(0.00/0.00/0.00) cross_track=0.00 frame_id=px4_ned path_points=0 odom_source=/race/odom cloud_source=/saved_map mavros_connected=true
[offboard_waypoint_node-1] [INFO] [1786535531.881161879] [offboard_waypoint_node]: [EV_HOLD_WAIT] continuous_healthy=6.43s required=7.50s
[offboard_waypoint_node-1] [INFO] [1786535531.881265243] [offboard_waypoint_node]: [CONTROL_ARBITER] selected_source=waiting_for_ev_ground_reference state=WAITING_FOR_ODOM
[fastlio_bridge_node-2] [INFO] [1786535532.050120793] [fastlio_bridge_node]: 已桥接并转换里程计: ENU(0.08, -0.26, -0.09) -> NED(-0.26, 0.08, 0.09)
[super_planner_ros2_node-6] [INFO] [1786535532.826458769] [super_planner_ros2_node]: SUPER_ROS2 mode=IDLE enable_output=true reason=NO_GOAL odom=(0.08,-0.25,-0.09) goal=none tracking_setpoint_enu=(0.08,-0.25,0.78) setpoint_ned=none yaw(desired/cmd/rate)=(0.00/0.00/0.00) cross_track=0.00 frame_id=px4_ned path_points=0 odom_source=/race/odom cloud_source=/saved_map mavros_connected=true
[offboard_waypoint_node-1] [INFO] [1786535532.930995874] [offboard_waypoint_node]: [EV_HOLD_WAIT] continuous_healthy=7.48s required=7.50s
[offboard_waypoint_node-1] [INFO] [1786535532.931061848] [offboard_waypoint_node]: [CONTROL_ARBITER] selected_source=waiting_for_ev_ground_reference state=WAITING_FOR_ODOM
[offboard_waypoint_node-1] [WARN] [1786535532.981003488] [offboard_waypoint_node]: [HOLD_POSITION] x=-0.257 y=0.081 z=0.091 yaw=-3.121 reason=EV-ready startup idle hold
[offboard_waypoint_node-1] [WARN] [1786535532.981068934] [offboard_waypoint_node]: [CONTROL_STATE] WAITING_FOR_ODOM -> IDLE_HOLD: no active goal
[offboard_waypoint_node-1] [INFO] [1786535532.981189783] [offboard_waypoint_node]: [HOLD_ERROR] position_error=0.000 velocity=0.005 state=IDLE_HOLD
[super_planner_ros2_node-6] [INFO] [1786535533.876333299] [super_planner_ros2_node]: SUPER_ROS2 mode=IDLE enable_output=true reason=NO_GOAL odom=(0.08,-0.25,-0.09) goal=none tracking_setpoint_enu=(0.08,-0.25,0.78) setpoint_ned=none yaw(desired/cmd/rate)=(0.00/0.00/0.00) cross_track=0.00 frame_id=px4_ned path_points=0 odom_source=/race/odom cloud_source=/saved_map mavros_connected=true
[offboard_waypoint_node-1] [INFO] [1786535533.931363912] [offboard_waypoint_node]: [CONTROL_ARBITER] selected_source=safety_hold state=IDLE_HOLD
[offboard_waypoint_node-1] [WARN] [1786535533.987688475] [offboard_waypoint_node]: [MAP_LOCAL_ALIGNMENT_LOCKED] yaw=-0.003026 translation=(-0.002,-0.005,-0.005)
[offboard_waypoint_node-1] [INFO] [1786535534.030981706] [offboard_waypoint_node]: [HOLD_ERROR] position_error=0.005 velocity=0.001 state=IDLE_HOLD
[fastlio_bridge_node-2] [INFO] [1786535534.045907544] [fastlio_bridge_node]: 已桥接并转换里程计: ENU(0.08, -0.25, -0.09) -> NED(-0.25, 0.08, 0.09)
[super_planner_ros2_node-6] [INFO] [1786535534.926493310] [super_planner_ros2_node]: SUPER_ROS2 mode=IDLE enable_output=true reason=NO_GOAL odom=(0.08,-0.25,-0.09) goal=none tracking_setpoint_enu=(0.08,-0.25,0.78) setpoint_ned=none yaw(desired/cmd/rate)=(0.00/0.00/0.00) cross_track=0.00 frame_id=px4_ned path_points=0 odom_source=/race/odom cloud_source=/saved_map mavros_connected=true
[offboard_waypoint_node-1] [INFO] [1786535534.981018206] [offboard_waypoint_node]: [CONTROL_ARBITER] selected_source=safety_hold state=IDLE_HOLD
[offboard_waypoint_node-1] [INFO] [1786535535.031468928] [offboard_waypoint_node]: [HOLD_ERROR] position_error=0.010 velocity=0.009 state=IDLE_HOLD
[super_planner_ros2_node-6] [INFO] [1786535535.976224024] [super_planner_ros2_node]: SUPER_ROS2 mode=IDLE enable_output=true reason=NO_GOAL odom=(0.09,-0.26,-0.09) goal=none tracking_setpoint_enu=(0.09,-0.26,0.78) setpoint_ned=none yaw(desired/cmd/rate)=(0.00/0.00/0.00) cross_track=0.00 frame_id=px4_ned path_points=0 odom_source=/race/odom cloud_source=/saved_map mavros_connected=true
[offboard_waypoint_node-1] [INFO] [1786535536.031424613] [offboard_waypoint_node]: [CONTROL_ARBITER] selected_source=safety_hold state=IDLE_HOLD
[fastlio_bridge_node-2] [INFO] [1786535536.046787901] [fastlio_bridge_node]: 已桥接并转换里程计: ENU(0.09, -0.26, -0.09) -> NED(-0.26, 0.09, 0.09)
[offboard_waypoint_node-1] [INFO] [1786535536.080871934] [offboard_waypoint_node]: [HOLD_ERROR] position_error=0.011 velocity=0.004 state=IDLE_HOLD
[super_planner_ros2_node-6] [INFO] [1786535537.026484624] [super_planner_ros2_node]: SUPER_ROS2 mode=IDLE enable_output=true reason=NO_GOAL odom=(0.08,-0.25,-0.09) goal=none tracking_setpoint_enu=(0.08,-0.25,0.78) setpoint_ned=none yaw(desired/cmd/rate)=(0.00/0.00/0.00) cross_track=0.00 frame_id=px4_ned path_points=0 odom_source=/race/odom cloud_source=/saved_map mavros_connected=true
[offboard_waypoint_node-1] [INFO] [1786535537.080984069] [offboard_waypoint_node]: [HOLD_ERROR] position_error=0.007 velocity=0.008 state=IDLE_HOLD
[offboard_waypoint_node-1] [INFO] [1786535537.081181720] [offboard_waypoint_node]: [CONTROL_ARBITER] selected_source=safety_hold state=IDLE_HOLD
[fastlio_bridge_node-2] [INFO] [1786535538.050983781] [fastlio_bridge_node]: 已桥接并转换里程计: ENU(0.08, -0.25, -0.09) -> NED(-0.25, 0.08, 0.09)
[super_planner_ros2_node-6] [INFO] [1786535538.076298677] [super_planner_ros2_node]: SUPER_ROS2 mode=IDLE enable_output=true reason=NO_GOAL odom=(0.08,-0.25,-0.09) goal=none tracking_setpoint_enu=(0.08,-0.25,0.78) setpoint_ned=none yaw(desired/cmd/rate)=(0.00/0.00/0.00) cross_track=0.00 frame_id=px4_ned path_points=0 odom_source=/race/odom cloud_source=/saved_map mavros_connected=true
[offboard_waypoint_node-1] [INFO] [1786535538.131088798] [offboard_waypoint_node]: [HOLD_ERROR] position_error=0.005 velocity=0.009 state=IDLE_HOLD
[offboard_waypoint_node-1] [INFO] [1786535538.131247357] [offboard_waypoint_node]: [CONTROL_ARBITER] selected_source=safety_hold state=IDLE_HOLD
[super_planner_ros2_node-6] [INFO] [1786535539.076337664] [super_planner_ros2_node]: SUPER_ROS2 mode=IDLE enable_output=true reason=NO_GOAL odom=(0.09,-0.25,-0.09) goal=none tracking_setpoint_enu=(0.09,-0.25,0.78) setpoint_ned=none yaw(desired/cmd/rate)=(0.00/0.00/0.00) cross_track=0.00 frame_id=px4_ned path_points=0 odom_source=/race/odom cloud_source=/saved_map mavros_connected=true
[offboard_waypoint_node-1] [INFO] [1786535539.180837043] [offboard_waypoint_node]: [HOLD_ERROR] position_error=0.003 velocity=0.008 state=IDLE_HOLD
[offboard_waypoint_node-1] [INFO] [1786535539.181067610] [offboard_waypoint_node]: [CONTROL_ARBITER] selected_source=safety_hold state=IDLE_HOLD
[fastlio_bridge_node-2] [INFO] [1786535540.050234707] [fastlio_bridge_node]: 已桥接并转换里程计: ENU(0.09, -0.25, -0.09) -> NED(-0.25, 0.09, 0.09)
[super_planner_ros2_node-6] [INFO] [1786535540.126123368] [super_planner_ros2_node]: SUPER_ROS2 mode=IDLE enable_output=true reason=NO_GOAL odom=(0.09,-0.25,-0.09) goal=none tracking_setpoint_enu=(0.09,-0.25,0.78) setpoint_ned=none yaw(desired/cmd/rate)=(0.00/0.00/0.00) cross_track=0.00 frame_id=px4_ned path_points=0 odom_source=/race/odom cloud_source=/saved_map mavros_connected=true
[offboard_waypoint_node-1] [INFO] [1786535540.230811942] [offboard_waypoint_node]: [HOLD_ERROR] position_error=0.004 velocity=0.002 state=IDLE_HOLD
[offboard_waypoint_node-1] [INFO] [1786535540.231114776] [offboard_waypoint_node]: [CONTROL_ARBITER] selected_source=safety_hold state=IDLE_HOLD
[offboard_waypoint_node-1] [INFO] [1786535540.450160609] [offboard_waypoint_node]: [EV_HEALTH] state=SUSPECT continuous_healthy=0.00s
[offboard_waypoint_node-1] [WARN] [1786535540.480565616] [offboard_waypoint_node]: [GROUND_REFERENCE_INVALIDATED] EV is no longer continuously healthy while disarmed
[offboard_waypoint_node-1] [WARN] [1786535540.480825707] [offboard_waypoint_node]: [CONTROL_STATE] IDLE_HOLD -> WAITING_FOR_ODOM: waiting for continuous EV health before initial hold
[offboard_waypoint_node-1] [INFO] [1786535540.480862486] [offboard_waypoint_node]: [EV_HOLD_WAIT] continuous_healthy=0.00s required=7.50s
[super_planner_ros2_node-6] [INFO] [1786535541.126507550] [super_planner_ros2_node]: SUPER_ROS2 mode=IDLE enable_output=true reason=NO_GOAL odom=(0.08,-0.25,-0.09) goal=none tracking_setpoint_enu=(0.08,-0.25,0.78) setpoint_ned=none yaw(desired/cmd/rate)=(0.00/0.00/0.00) cross_track=0.00 frame_id=px4_ned path_points=0 odom_source=/race/odom cloud_source=/saved_map mavros_connected=true
[offboard_waypoint_node-1] [INFO] [1786535541.280651022] [offboard_waypoint_node]: [CONTROL_ARBITER] selected_source=waiting_for_ev_ground_reference state=WAITING_FOR_ODOM
[offboard_waypoint_node-1] [INFO] [1786535541.530541310] [offboard_waypoint_node]: [EV_HOLD_WAIT] continuous_healthy=0.00s required=7.50s
[fastlio_bridge_node-2] [INFO] [1786535542.046618213] [fastlio_bridge_node]: 已桥接并转换里程计: ENU(0.08, -0.25, -0.09) -> NED(-0.25, 0.08, 0.09)
[super_planner_ros2_node-6] [INFO] [1786535542.176222515] [super_planner_ros2_node]: SUPER_ROS2 mode=IDLE enable_output=true reason=NO_GOAL odom=(0.08,-0.25,-0.09) goal=none tracking_setpoint_enu=(0.08,-0.25,0.78) setpoint_ned=none yaw(desired/cmd/rate)=(0.00/0.00/0.00) cross_track=0.00 frame_id=px4_ned path_points=0 odom_source=/race/odom cloud_source=/saved_map mavros_connected=true
[offboard_waypoint_node-1] [INFO] [1786535542.330670353] [offboard_waypoint_node]: [CONTROL_ARBITER] selected_source=waiting_for_ev_ground_reference state=WAITING_FOR_ODOM
[offboard_waypoint_node-1] [INFO] [1786535542.580311710] [offboard_waypoint_node]: [EV_HOLD_WAIT] continuous_healthy=0.00s required=7.50s
[mapping_manager_node-5] [INFO] [1786535542.829115825] [mapping_manager_node]: Mapping status: in_flight=false, map_loaded=false, map_saved=false
[super_planner_ros2_node-6] [INFO] [1786535543.225814758] [super_planner_ros2_node]: SUPER_ROS2 mode=IDLE enable_output=true reason=NO_GOAL odom=(0.08,-0.25,-0.09) goal=none tracking_setpoint_enu=(0.08,-0.25,0.78) setpoint_ned=none yaw(desired/cmd/rate)=(0.00/0.00/0.00) cross_track=0.00 frame_id=px4_ned path_points=0 odom_source=/race/odom cloud_source=/saved_map mavros_connected=true
[offboard_waypoint_node-1] [INFO] [1786535543.380437326] [offboard_waypoint_node]: [CONTROL_ARBITER] selected_source=waiting_for_ev_ground_reference state=WAITING_FOR_ODOM
[offboard_waypoint_node-1] [INFO] [1786535543.630221581] [offboard_waypoint_node]: [EV_HOLD_WAIT] continuous_healthy=0.00s required=7.50s
[offboard_waypoint_node-1] [INFO] [1786535543.855798554] [offboard_waypoint_node]: [EV_HEALTH] state=HEALTHY continuous_healthy=0.00s
[fastlio_bridge_node-2] [INFO] [1786535544.047714799] [fastlio_bridge_node]: 已桥接并转换里程计: ENU(0.08, -0.25, -0.09) -> NED(-0.25, 0.08, 0.09)
[super_planner_ros2_node-6] [INFO] [1786535544.275656374] [super_planner_ros2_node]: SUPER_ROS2 mode=IDLE enable_output=true reason=NO_GOAL odom=(0.08,-0.25,-0.09) goal=none tracking_setpoint_enu=(0.08,-0.25,0.78) setpoint_ned=none yaw(desired/cmd/rate)=(0.00/0.00/0.00) cross_track=0.00 frame_id=px4_ned path_points=0 odom_source=/race/odom cloud_source=/saved_map mavros_connected=true
[offboard_waypoint_node-1] [INFO] [1786535544.430366668] [offboard_waypoint_node]: [CONTROL_ARBITER] selected_source=waiting_for_ev_ground_reference state=WAITING_FOR_ODOM
[offboard_waypoint_node-1] [INFO] [1786535544.630387329] [offboard_waypoint_node]: [EV_HOLD_WAIT] continuous_healthy=0.77s required=7.50s
[super_planner_ros2_node-6] [INFO] [1786535545.275693282] [super_planner_ros2_node]: SUPER_ROS2 mode=IDLE enable_output=true reason=NO_GOAL odom=(0.08,-0.25,-0.08) goal=none tracking_setpoint_enu=(0.08,-0.25,0.78) setpoint_ned=none yaw(desired/cmd/rate)=(0.00/0.00/0.00) cross_track=0.00 frame_id=px4_ned path_points=0 odom_source=/race/odom cloud_source=/saved_map mavros_connected=true
[offboard_waypoint_node-1] [INFO] [1786535545.430701439] [offboard_waypoint_node]: [CONTROL_ARBITER] selected_source=waiting_for_ev_ground_reference state=WAITING_FOR_ODOM
[offboard_waypoint_node-1] [INFO] [1786535545.680151944] [offboard_waypoint_node]: [EV_HOLD_WAIT] continuous_healthy=1.82s required=7.50s
[fastlio_bridge_node-2] [INFO] [1786535546.049289613] [fastlio_bridge_node]: 已桥接并转换里程计: ENU(0.08, -0.25, -0.09) -> NED(-0.25, 0.08, 0.09)
[super_planner_ros2_node-6] [INFO] [1786535546.325321536] [super_planner_ros2_node]: SUPER_ROS2 mode=IDLE enable_output=true reason=NO_GOAL odom=(0.08,-0.25,-0.09) goal=none tracking_setpoint_enu=(0.08,-0.25,0.78) setpoint_ned=none yaw(desired/cmd/rate)=(0.00/0.00/0.00) cross_track=0.00 frame_id=px4_ned path_points=0 odom_source=/race/odom cloud_source=/saved_map mavros_connected=true
[offboard_waypoint_node-1] [INFO] [1786535546.480444965] [offboard_waypoint_node]: [CONTROL_ARBITER] selected_source=waiting_for_ev_ground_reference state=WAITING_FOR_ODOM
[offboard_waypoint_node-1] [INFO] [1786535546.680850202] [offboard_waypoint_node]: [EV_HOLD_WAIT] continuous_healthy=2.83s required=7.50s
[super_planner_ros2_node-6] [INFO] [1786535547.325339821] [super_planner_ros2_node]: SUPER_ROS2 mode=IDLE enable_output=true reason=NO_GOAL odom=(0.08,-0.25,-0.09) goal=none tracking_setpoint_enu=(0.08,-0.25,0.78) setpoint_ned=none yaw(desired/cmd/rate)=(0.00/0.00/0.00) cross_track=0.00 frame_id=px4_ned path_points=0 odom_source=/race/odom cloud_source=/saved_map mavros_connected=true
[offboard_waypoint_node-1] [INFO] [1786535547.529878375] [offboard_waypoint_node]: [CONTROL_ARBITER] selected_source=waiting_for_ev_ground_reference state=WAITING_FOR_ODOM
[offboard_waypoint_node-1] [INFO] [1786535547.729797356] [offboard_waypoint_node]: [EV_HOLD_WAIT] continuous_healthy=3.87s required=7.50s
[fastlio_bridge_node-2] [INFO] [1786535548.046461133] [fastlio_bridge_node]: 已桥接并转换里程计: ENU(0.09, -0.26, -0.09) -> NED(-0.26, 0.09, 0.09)
[super_planner_ros2_node-6] [INFO] [1786535548.375211383] [super_planner_ros2_node]: SUPER_ROS2 mode=IDLE enable_output=true reason=NO_GOAL odom=(0.08,-0.25,-0.09) goal=none tracking_setpoint_enu=(0.08,-0.25,0.78) setpoint_ned=none yaw(desired/cmd/rate)=(0.00/0.00/0.00) cross_track=0.00 frame_id=px4_ned path_points=0 odom_source=/race/odom cloud_source=/saved_map mavros_connected=true
[offboard_waypoint_node-1] [INFO] [1786535548.530090804] [offboard_waypoint_node]: [CONTROL_ARBITER] selected_source=waiting_for_ev_ground_reference state=WAITING_FOR_ODOM
[offboard_waypoint_node-1] [INFO] [1786535548.729843800] [offboard_waypoint_node]: [EV_HOLD_WAIT] continuous_healthy=4.87s required=7.50s
[super_planner_ros2_node-6] [INFO] [1786535549.375221519] [super_planner_ros2_node]: SUPER_ROS2 mode=IDLE enable_output=true reason=NO_GOAL odom=(0.08,-0.26,-0.09) goal=none tracking_setpoint_enu=(0.08,-0.26,0.78) setpoint_ned=none yaw(desired/cmd/rate)=(0.00/0.00/0.00) cross_track=0.00 frame_id=px4_ned path_points=0 odom_source=/race/odom cloud_source=/saved_map mavros_connected=true
[offboard_waypoint_node-1] [INFO] [1786535549.579899060] [offboard_waypoint_node]: [CONTROL_ARBITER] selected_source=waiting_for_ev_ground_reference state=WAITING_FOR_ODOM
[offboard_waypoint_node-1] [INFO] [1786535549.779663175] [offboard_waypoint_node]: [EV_HOLD_WAIT] continuous_healthy=5.92s required=7.50s
[fastlio_bridge_node-2] [INFO] [1786535550.045619886] [fastlio_bridge_node]: 已桥接并转换里程计: ENU(0.08, -0.25, -0.09) -> NED(-0.25, 0.08, 0.09)
[super_planner_ros2_node-6] [INFO] [1786535550.375428711] [super_planner_ros2_node]: SUPER_ROS2 mode=IDLE enable_output=true reason=NO_GOAL odom=(0.08,-0.26,-0.10) goal=none tracking_setpoint_enu=(0.08,-0.26,0.78) setpoint_ned=none yaw(desired/cmd/rate)=(0.00/0.00/0.00) cross_track=0.00 frame_id=px4_ned path_points=0 odom_source=/race/odom cloud_source=/saved_map mavros_connected=true
[offboard_waypoint_node-1] [INFO] [1786535550.579979518] [offboard_waypoint_node]: [CONTROL_ARBITER] selected_source=waiting_for_ev_ground_reference state=WAITING_FOR_ODOM
[offboard_waypoint_node-1] [INFO] [1786535550.829616527] [offboard_waypoint_node]: [EV_HOLD_WAIT] continuous_healthy=6.97s required=7.50s
[offboard_waypoint_node-1] [WARN] [1786535551.379524705] [offboard_waypoint_node]: [HOLD_POSITION] x=-0.261 y=0.079 z=0.093 yaw=-3.122 reason=EV-ready startup idle hold
[offboard_waypoint_node-1] [WARN] [1786535551.379590284] [offboard_waypoint_node]: [CONTROL_STATE] WAITING_FOR_ODOM -> IDLE_HOLD: no active goal
[offboard_waypoint_node-1] [INFO] [1786535551.379655803] [offboard_waypoint_node]: [HOLD_ERROR] position_error=0.000 velocity=0.010 state=IDLE_HOLD
[super_planner_ros2_node-6] [INFO] [1786535551.425056538] [super_planner_ros2_node]: SUPER_ROS2 mode=IDLE enable_output=true reason=NO_GOAL odom=(0.08,-0.25,-0.09) goal=none tracking_setpoint_enu=(0.08,-0.25,0.78) setpoint_ned=none yaw(desired/cmd/rate)=(0.00/0.00/0.00) cross_track=0.00 frame_id=px4_ned path_points=0 odom_source=/race/odom cloud_source=/saved_map mavros_connected=true
[offboard_waypoint_node-1] [INFO] [1786535551.629601468] [offboard_waypoint_node]: [CONTROL_ARBITER] selected_source=safety_hold state=IDLE_HOLD
[fastlio_bridge_node-2] [INFO] [1786535552.048395130] [fastlio_bridge_node]: 已桥接并转换里程计: ENU(0.08, -0.26, -0.09) -> NED(-0.26, 0.08, 0.09)
[offboard_waypoint_node-1] [INFO] [1786535552.429575470] [offboard_waypoint_node]: [HOLD_ERROR] position_error=0.005 velocity=0.005 state=IDLE_HOLD
[super_planner_ros2_node-6] [INFO] [1786535552.474880036] [super_planner_ros2_node]: SUPER_ROS2 mode=IDLE enable_output=true reason=NO_GOAL odom=(0.08,-0.25,-0.09) goal=none tracking_setpoint_enu=(0.08,-0.25,0.78) setpoint_ned=none yaw(desired/cmd/rate)=(0.00/0.00/0.00) cross_track=0.00 frame_id=px4_ned path_points=0 odom_source=/race/odom cloud_source=/saved_map mavros_connected=true
[offboard_waypoint_node-1] [INFO] [1786535552.629637578] [offboard_waypoint_node]: [CONTROL_ARBITER] selected_source=safety_hold state=IDLE_HOLD
[offboard_waypoint_node-1] [INFO] [1786535553.429586172] [offboard_waypoint_node]: [HOLD_ERROR] position_error=0.007 velocity=0.004 state=IDLE_HOLD
[super_planner_ros2_node-6] [INFO] [1786535553.475104038] [super_planner_ros2_node]: SUPER_ROS2 mode=IDLE enable_output=true reason=NO_GOAL odom=(0.08,-0.25,-0.09) goal=none tracking_setpoint_enu=(0.08,-0.25,0.78) setpoint_ned=none yaw(desired/cmd/rate)=(0.00/0.00/0.00) cross_track=0.00 frame_id=px4_ned path_points=0 odom_source=/race/odom cloud_source=/saved_map mavros_connected=true
[offboard_waypoint_node-1] [INFO] [1786535553.629722767] [offboard_waypoint_node]: [CONTROL_ARBITER] selected_source=safety_hold state=IDLE_HOLD
[fastlio_bridge_node-2] [INFO] [1786535554.045905066] [fastlio_bridge_node]: 已桥接并转换里程计: ENU(0.08, -0.25, -0.09) -> NED(-0.25, 0.08, 0.09)
[offboard_waypoint_node-1] [INFO] [1786535554.479395970] [offboard_waypoint_node]: [HOLD_ERROR] position_error=0.011 velocity=0.003 state=IDLE_HOLD
[super_planner_ros2_node-6] [INFO] [1786535554.524811083] [super_planner_ros2_node]: SUPER_ROS2 mode=IDLE enable_output=true reason=NO_GOAL odom=(0.08,-0.25,-0.09) goal=none tracking_setpoint_enu=(0.08,-0.25,0.78) setpoint_ned=none yaw(desired/cmd/rate)=(0.00/0.00/0.00) cross_track=0.00 frame_id=px4_ned path_points=0 odom_source=/race/odom cloud_source=/saved_map mavros_connected=true
[offboard_waypoint_node-1] [INFO] [1786535554.629873752] [offboard_waypoint_node]: [CONTROL_ARBITER] selected_source=safety_hold state=IDLE_HOLD
[offboard_waypoint_node-1] [INFO] [1786535555.529477819] [offboard_waypoint_node]: [HOLD_ERROR] position_error=0.011 velocity=0.004 state=IDLE_HOLD
[super_planner_ros2_node-6] [INFO] [1786535555.574757118] [super_planner_ros2_node]: SUPER_ROS2 mode=IDLE enable_output=true reason=NO_GOAL odom=(0.08,-0.25,-0.09) goal=none tracking_setpoint_enu=(0.08,-0.25,0.78) setpoint_ned=none yaw(desired/cmd/rate)=(0.00/0.00/0.00) cross_track=0.00 frame_id=px4_ned path_points=0 odom_source=/race/odom cloud_source=/saved_map mavros_connected=true
[offboard_waypoint_node-1] [INFO] [1786535555.679707285] [offboard_waypoint_node]: [CONTROL_ARBITER] selected_source=safety_hold state=IDLE_HOLD
[fastlio_bridge_node-2] [INFO] [1786535556.048262953] [fastlio_bridge_node]: 已桥接并转换里程计: ENU(0.08, -0.26, -0.09) -> NED(-0.26, 0.08, 0.09)
[offboard_waypoint_node-1] [INFO] [1786535556.529636923] [offboard_waypoint_node]: [HOLD_ERROR] position_error=0.010 velocity=0.005 state=IDLE_HOLD
[super_planner_ros2_node-6] [INFO] [1786535556.574800816] [super_planner_ros2_node]: SUPER_ROS2 mode=IDLE enable_output=true reason=NO_GOAL odom=(0.08,-0.26,-0.09) goal=none tracking_setpoint_enu=(0.08,-0.26,0.78) setpoint_ned=none yaw(desired/cmd/rate)=(0.00/0.00/0.00) cross_track=0.00 frame_id=px4_ned path_points=0 odom_source=/race/odom cloud_source=/saved_map mavros_connected=true
[offboard_waypoint_node-1] [INFO] [1786535556.729449820] [offboard_waypoint_node]: [CONTROL_ARBITER] selected_source=safety_hold state=IDLE_HOLD
[offboard_waypoint_node-1] [INFO] [1786535557.529874673] [offboard_waypoint_node]: [HOLD_ERROR] position_error=0.008 velocity=0.004 state=IDLE_HOLD
[super_planner_ros2_node-6] [INFO] [1786535557.624399261] [super_planner_ros2_node]: SUPER_ROS2 mode=IDLE enable_output=true reason=NO_GOAL odom=(0.08,-0.26,-0.09) goal=none tracking_setpoint_enu=(0.08,-0.26,0.78) setpoint_ned=none yaw(desired/cmd/rate)=(0.00/0.00/0.00) cross_track=0.00 frame_id=px4_ned path_points=0 odom_source=/race/odom cloud_source=/saved_map mavros_connected=true
[offboard_waypoint_node-1] [INFO] [1786535557.729464483] [offboard_waypoint_node]: [CONTROL_ARBITER] selected_source=safety_hold state=IDLE_HOLD
[offboard_waypoint_node-1] [INFO] [1786535558.349388628] [offboard_waypoint_node]: [EV_HEALTH] state=SUSPECT continuous_healthy=0.00s
[offboard_waypoint_node-1] [WARN] [1786535558.378936616] [offboard_waypoint_node]: [GROUND_REFERENCE_INVALIDATED] EV is no longer continuously healthy while disarmed
[offboard_waypoint_node-1] [WARN] [1786535558.379016266] [offboard_waypoint_node]: [CONTROL_STATE] IDLE_HOLD -> WAITING_FOR_ODOM: waiting for continuous EV health before initial hold
[offboard_waypoint_node-1] [INFO] [1786535558.379028612] [offboard_waypoint_node]: [EV_HOLD_WAIT] continuous_healthy=0.00s required=7.50s
[offboard_waypoint_node-1] [INFO] [1786535558.669809444] [offboard_waypoint_node]: [EV_HEALTH] state=FAULT continuous_healthy=0.00s
[super_planner_ros2_node-6] [INFO] [1786535558.674342992] [super_planner_ros2_node]: SUPER_ROS2 mode=IDLE enable_output=true reason=NO_GOAL odom=(0.08,-0.25,-0.09) goal=none tracking_setpoint_enu=(0.08,-0.25,0.78) setpoint_ned=none yaw(desired/cmd/rate)=(0.00/0.00/0.00) cross_track=0.00 frame_id=px4_ned path_points=0 odom_source=/race/odom cloud_source=/saved_map mavros_connected=true
[offboard_waypoint_node-1] [INFO] [1786535558.778995776] [offboard_waypoint_node]: [CONTROL_ARBITER] selected_source=waiting_for_ev_ground_reference state=WAITING_FOR_ODOM
[offboard_waypoint_node-1] [INFO] [1786535559.428964406] [offboard_waypoint_node]: [EV_HOLD_WAIT] continuous_healthy=0.00s required=7.50s
[super_planner_ros2_node-6] [INFO] [1786535559.724307044] [super_planner_ros2_node]: SUPER_ROS2 mode=IDLE enable_output=true reason=NO_GOAL odom=(0.08,-0.25,-0.09) goal=none tracking_setpoint_enu=(0.08,-0.25,0.78) setpoint_ned=none yaw(desired/cmd/rate)=(0.00/0.00/0.00) cross_track=0.00 frame_id=px4_ned path_points=0 odom_source=/race/odom cloud_source=/saved_map mavros_connected=true
[offboard_waypoint_node-1] [INFO] [1786535559.779267897] [offboard_waypoint_node]: [CONTROL_ARBITER] selected_source=waiting_for_ev_ground_reference state=WAITING_FOR_ODOM
[fastlio_bridge_node-2] [INFO] [1786535560.046382612] [fastlio_bridge_node]: 已桥接并转换里程计: ENU(0.08, -0.26, -0.09) -> NED(-0.26, 0.08, 0.09)
[offboard_waypoint_node-1] [INFO] [1786535560.478773348] [offboard_waypoint_node]: [EV_HOLD_WAIT] continuous_healthy=0.00s required=7.50s
[super_planner_ros2_node-6] [INFO] [1786535560.774269856] [super_planner_ros2_node]: SUPER_ROS2 mode=IDLE enable_output=true reason=NO_GOAL odom=(0.08,-0.25,-0.09) goal=none tracking_setpoint_enu=(0.08,-0.25,0.78) setpoint_ned=none yaw(desired/cmd/rate)=(0.00/0.00/0.00) cross_track=0.00 frame_id=px4_ned path_points=0 odom_source=/race/odom cloud_source=/saved_map mavros_connected=true
[offboard_waypoint_node-1] [INFO] [1786535560.828843048] [offboard_waypoint_node]: [CONTROL_ARBITER] selected_source=waiting_for_ev_ground_reference state=WAITING_FOR_ODOM
[navigation stack (prewarm)] 正在停止进程组 42671
[navigation stack (prewarm)] 已退出，状态码 143
