[INFO] [1784376782.798535609] [minipc_mavros_offboard]: Started minipc_mavros_offboard with arm_only=False, takeoff_height_m=0.8, hover_seconds=10.0, offboard_stabilize_seconds=20.0, use_rc_offboard=True, hold_after_arm_reject=True, ignore_z_in_arm_only=True, debug_hold_after_mode_drop=True, recent_pose_samples=30, require_vision_pose=True, vision_freshness_s=1.0, lift_only_seconds=0.0, z_ramp_seconds=1.0, target_xyz=(0.0, 0.0, -0.5), xy_move_unlock_height_m=0.5, yaw_deg=0.0, auto_land=False, land_on_offboard_loss=True, offboard_land=True, offboard_land_speed_mps=0.1, offboard_land_auto_handoff_height_m=0.1, auto_disarm_after_land=True, disarm_after_land_delay_s=2.0, land_wait_timeout_s=45.0, landed_ground_tolerance_m=0.06, target_reached_tolerance_m=0.15, landed_hold_seconds=0.0, drift_guard_enabled=True, drift_warning_m=0.2, drift_land_m=0.3, drift_emergency_m=0.5, legacy_max_horizontal_drift_m=0.5, mavros_state_freshness_s=1.5, control_mode=ramp, enable_route_tracking=False, route_path_topic=/nav2_stage1/path, route_fixed_flight_height_m=1.0, route_start_tolerance_m=0.4, route_goal_tolerance_m=0.2, route_lookahead_m=0.4, route_max_vxy_mps=0.25, route_max_vz_mps=0.15, route_setpoint_rate_hz=30.0, route_path_timeout_s=2.0, route_fail_action=hold, route_final_hold_seconds=3.0
[INFO] [1784376782.817749147] [minipc_mavros_offboard]: Waiting for MAVROS connection
[INFO] [1784376784.285064040] [minipc_mavros_offboard]: Waiting for MAVROS local odometry before arming
[INFO] [1784376784.285954576] [minipc_mavros_offboard]: Averaged MAVROS local odometry at lock x=-0.04, y=-0.02, z=-0.04
[INFO] [1784376784.286398897] [minipc_mavros_offboard]: Target setpoint locked to ENU for MAVROS local setpoint x=-0.04, y=-0.02, z_start=-0.04, z_final=0.46
[INFO] [1784376784.317918237] [minipc_mavros_offboard]: Streaming pre-arm MAVROS setpoints
[INFO] [1784376787.651257033] [minipc_mavros_offboard]: Streaming setpoints and waiting for RC to switch OFFBOARD
[INFO] [1784376798.251726872] [minipc_mavros_offboard]: OFFBOARD reported by MAVROS state
[INFO] [1784376818.317779333] [minipc_mavros_offboard]: Arming vehicle
[INFO] [1784376818.318618753] [minipc_mavros_offboard]: Requested arming
[INFO] [1784376818.351741827] [minipc_mavros_offboard]: Locked hold yaw to current MAVROS local yaw 0.5 deg
[INFO] [1784376818.387241412] [minipc_mavros_offboard]: Holding MAVROS setpoint
[INFO] [1784376818.388777815] [minipc_mavros_offboard]: Vehicle left armed/OFFBOARD state; continuing debug hold
[INFO] [1784376818.389028336] [minipc_mavros_offboard]: Debug hold after OFFBOARD/armed drop: connected=True, armed=False, guided=False, manual_input=False, mode=OFFBOARD
[INFO] [1784376818.418340389] [minipc_mavros_offboard]: Holding MAVROS setpoint
[INFO] [1784376818.419478685] [minipc_mavros_offboard]: Vehicle left armed/OFFBOARD state; continuing debug hold
[INFO] [1784376818.419767917] [minipc_mavros_offboard]: Debug hold after OFFBOARD/armed drop: connected=True, armed=False, guided=False, manual_input=False, mode=OFFBOARD
[INFO] [1784376818.451633674] [minipc_mavros_offboard]: Holding MAVROS setpoint
[INFO] [1784376818.452348031] [minipc_mavros_offboard]: Vehicle left armed/OFFBOARD state; continuing debug hold
[INFO] [1784376818.452994749] [minipc_mavros_offboard]: Debug hold after OFFBOARD/armed drop: connected=True, armed=False, guided=False, manual_input=False, mode=OFFBOARD
[INFO] [1784376818.484532921] [minipc_mavros_offboard]: Holding MAVROS setpoint
[INFO] [1784376818.485005969] [minipc_mavros_offboard]: Vehicle left armed/OFFBOARD state; continuing debug hold
[INFO] [1784376818.485208831] [minipc_mavros_offboard]: Debug hold after OFFBOARD/armed drop: connected=True, armed=False, guided=False, manual_input=False, mode=OFFBOARD
[INFO] [1784376818.522511658] [minipc_mavros_offboard]: Holding MAVROS setpoint
[INFO] [1784376818.524826459] [minipc_mavros_offboard]: Vehicle left armed/OFFBOARD state; continuing debug hold
[INFO] [1784376818.525123760] [minipc_mavros_offboard]: Debug hold after OFFBOARD/armed drop: connected=True, armed=False, guided=False, manual_input=False, mode=OFFBOARD
[INFO] [1784376818.551517885] [minipc_mavros_offboard]: Holding MAVROS setpoint
[INFO] [1784376818.552418059] [minipc_mavros_offboard]: Vehicle left armed/OFFBOARD state; continuing debug hold
[INFO] [1784376818.552874240] [minipc_mavros_offboard]: Debug hold after OFFBOARD/armed drop: connected=True, armed=False, guided=False, manual_input=False, mode=OFFBOARD
[INFO] [1784376818.585473956] [minipc_mavros_offboard]: Holding MAVROS setpoint
[INFO] [1784376818.586950114] [minipc_mavros_offboard]: Vehicle left armed/OFFBOARD state; continuing debug hold
[INFO] [1784376818.587594848] [minipc_mavros_offboard]: Debug hold after OFFBOARD/armed drop: connected=True, armed=False, guided=False, manual_input=False, mode=OFFBOARD
[INFO] [1784376818.620273753] [minipc_mavros_offboard]: Holding MAVROS setpoint
[INFO] [1784376818.621915872] [minipc_mavros_offboard]: Vehicle left armed/OFFBOARD state; continuing debug hold
[INFO] [1784376818.622386004] [minipc_mavros_offboard]: Debug hold after OFFBOARD/armed drop: connected=True, armed=False, guided=False, manual_input=False, mode=OFFBOARD
[INFO] [1784376818.654130177] [minipc_mavros_offboard]: Holding MAVROS setpoint
[INFO] [1784376818.656109332] [minipc_mavros_offboard]: Vehicle left armed/OFFBOARD state; continuing debug hold
[INFO] [1784376818.656763954] [minipc_mavros_offboard]: Debug hold after OFFBOARD/armed drop: connected=True, armed=False, guided=False, manual_input=False, mode=OFFBOARD
[INFO] [1784376818.685901032] [minipc_mavros_offboard]: Holding MAVROS setpoint
[INFO] [1784376818.687207771] [minipc_mavros_offboard]: Vehicle left armed/OFFBOARD state; continuing debug hold
[INFO] [1784376818.687658689] [minipc_mavros_offboard]: Debug hold after OFFBOARD/armed drop: connected=True, armed=False, guided=False, manual_input=False, mode=OFFBOARD
[INFO] [1784376818.719925471] [minipc_mavros_offboard]: Holding MAVROS setpoint
[INFO] [1784376818.722949766] [minipc_mavros_offboard]: Vehicle left armed/OFFBOARD state; continuing debug hold
[INFO] [1784376818.724920483] [minipc_mavros_offboard]: Debug hold after OFFBOARD/armed drop: connected=True, armed=False, guided=False, manual_input=False, mode=OFFBOARD
[INFO] [1784376818.752428257] [minipc_mavros_offboard]: Holding MAVROS setpoint
[INFO] [1784376818.754275715] [minipc_mavros_offboard]: Vehicle left armed/OFFBOARD state; continuing debug hold
[INFO] [1784376818.754834148] [minipc_mavros_offboard]: Debug hold after OFFBOARD/armed drop: connected=True, armed=False, guided=False, manual_input=False, mode=OFFBOARD
[INFO] [1784376818.786939859] [minipc_mavros_offboard]: Holding MAVROS setpoint
[INFO] [1784376818.791766154] [minipc_mavros_offboard]: Vehicle left armed/OFFBOARD state; continuing debug hold
[INFO] [1784376818.792566971] [minipc_mavros_offboard]: Debug hold after OFFBOARD/armed drop: connected=True, armed=False, guided=False, manual_input=False, mode=OFFBOARD
[INFO] [1784376818.818953065] [minipc_mavros_offboard]: Holding MAVROS setpoint
[INFO] [1784376818.819913002] [minipc_mavros_offboard]: Vehicle left armed/OFFBOARD state; continuing debug hold
[INFO] [1784376818.820108667] [minipc_mavros_offboard]: Debug hold after OFFBOARD/armed drop: connected=True, armed=False, guided=False, manual_input=False, mode=OFFBOARD
[INFO] [1784376818.851698997] [minipc_mavros_offboard]: Holding MAVROS setpoint
[INFO] [1784376818.852761631] [minipc_mavros_offboard]: Vehicle left armed/OFFBOARD state; continuing debug hold
[INFO] [1784376818.853012462] [minipc_mavros_offboard]: Debug hold after OFFBOARD/armed drop: connected=True, armed=False, guided=False, manual_input=False, mode=OFFBOARD
[INFO] [1784376818.887067875] [minipc_mavros_offboard]: Holding MAVROS setpoint
[INFO] [1784376818.888574468] [minipc_mavros_offboard]: Vehicle left armed/OFFBOARD state; continuing debug hold
[INFO] [1784376818.889040283] [minipc_mavros_offboard]: Debug hold after OFFBOARD/armed drop: connected=True, armed=False, guided=False, manual_input=False, mode=OFFBOARD
[INFO] [1784376818.919412151] [minipc_mavros_offboard]: Holding MAVROS setpoint
[INFO] [1784376818.921146248] [minipc_mavros_offboard]: Vehicle left armed/OFFBOARD state; continuing debug hold
[INFO] [1784376818.922205278] [minipc_mavros_offboard]: Debug hold after OFFBOARD/armed drop: connected=True, armed=False, guided=False, manual_input=False, mode=OFFBOARD
[INFO] [1784376818.952142195] [minipc_mavros_offboard]: Holding MAVROS setpoint
[INFO] [1784376818.954041636] [minipc_mavros_offboard]: Vehicle left armed/OFFBOARD state; continuing debug hold
[INFO] [1784376818.954545694] [minipc_mavros_offboard]: Debug hold after OFFBOARD/armed drop: connected=True, armed=False, guided=False, manual_input=False, mode=OFFBOARD
[INFO] [1784376818.984821002] [minipc_mavros_offboard]: Holding MAVROS setpoint
[INFO] [1784376818.985678575] [minipc_mavros_offboard]: Vehicle left armed/OFFBOARD state; continuing debug hold
[INFO] [1784376818.985877377] [minipc_mavros_offboard]: Debug hold after OFFBOARD/armed drop: connected=True, armed=False, guided=False, manual_input=False, mode=OFFBOARD
[INFO] [1784376819.018208461] [minipc_mavros_offboard]: Holding MAVROS setpoint
[INFO] [1784376819.019027282] [minipc_mavros_offboard]: Vehicle left armed/OFFBOARD state; continuing debug hold
[INFO] [1784376819.019256070] [minipc_mavros_offboard]: Debug hold after OFFBOARD/armed drop: connected=True, armed=False, guided=False, manual_input=False, mode=OFFBOARD
[INFO] [1784376819.051246335] [minipc_mavros_offboard]: Holding MAVROS setpoint
[INFO] [1784376819.051892282] [minipc_mavros_offboard]: Vehicle left armed/OFFBOARD state; continuing debug hold
[INFO] [1784376819.052086874] [minipc_mavros_offboard]: Debug hold after OFFBOARD/armed drop: connected=True, armed=False, guided=False, manual_input=False, mode=OFFBOARD
[INFO] [1784376819.084799429] [minipc_mavros_offboard]: Holding MAVROS setpoint
[INFO] [1784376819.085436905] [minipc_mavros_offboard]: Vehicle left armed/OFFBOARD state; continuing debug hold
[INFO] [1784376819.085628859] [minipc_mavros_offboard]: Debug hold after OFFBOARD/armed drop: connected=True, armed=False, guided=False, manual_input=False, mode=OFFBOARD
[INFO] [1784376819.118770701] [minipc_mavros_offboard]: Holding MAVROS setpoint
[INFO] [1784376819.119589629] [minipc_mavros_offboard]: Vehicle left armed/OFFBOARD state; continuing debug hold
[INFO] [1784376819.119803624] [minipc_mavros_offboard]: Debug hold after OFFBOARD/armed drop: connected=True, armed=False, guided=False, manual_input=False, mode=OFFBOARD
[INFO] [1784376819.152596849] [minipc_mavros_offboard]: Holding MAVROS setpoint
[INFO] [1784376819.153813270] [minipc_mavros_offboard]: Vehicle left armed/OFFBOARD state; continuing debug hold
[INFO] [1784376819.154055633] [minipc_mavros_offboard]: Debug hold after OFFBOARD/armed drop: connected=True, armed=False, guided=False, manual_input=False, mode=OFFBOARD
[INFO] [1784376819.186180535] [minipc_mavros_offboard]: Holding MAVROS setpoint
[INFO] [1784376819.186906698] [minipc_mavros_offboard]: Vehicle left armed/OFFBOARD state; continuing debug hold
[INFO] [1784376819.187286662] [minipc_mavros_offboard]: Debug hold after OFFBOARD/armed drop: connected=True, armed=False, guided=False, manual_input=False, mode=OFFBOARD
[INFO] [1784376819.218227319] [minipc_mavros_offboard]: Holding MAVROS setpoint
[INFO] [1784376819.218966376] [minipc_mavros_offboard]: Vehicle left armed/OFFBOARD state; continuing debug hold
[INFO] [1784376819.219404524] [minipc_mavros_offboard]: Debug hold after OFFBOARD/armed drop: connected=True, armed=False, guided=False, manual_input=False, mode=OFFBOARD
[INFO] [1784376819.251856158] [minipc_mavros_offboard]: Holding MAVROS setpoint
[WARN] [1784376820.588964793] [minipc_mavros_offboard]: Horizontal error warning: error=0.20 m >= warning=0.20 m
[ERROR] [1784376820.822049769] [minipc_mavros_offboard]: Horizontal drift guard triggered: error=0.30 m >= limit=0.30 m. Automatic landing on drift is disabled; continuing to publish setpoints.
[INFO] [1784376822.151669989] [minipc_mavros_offboard]: Target reached; starting hover timer before landing
[FATAL] [1784376824.720529898] [minipc_mavros_offboard]: Horizontal error emergency threshold exceeded: error=0.51 m >= emergency=0.50 m. Manual takeover recommended immediately.
[INFO] [1784376825.751703604] [minipc_mavros_offboard]: Vehicle left OFFBOARD while armed; requesting AUTO.LAND: connected=True, armed=True, guided=False, manual_input=True, mode=ALTCTL
[INFO] [1784376825.786909170] [minipc_mavros_offboard]: Landing
[INFO] [1784376825.788186775] [minipc_mavros_offboard]: Requested AUTO.LAND mode
[INFO] [1784376825.852686778] [minipc_mavros_offboard]: Waiting for landing completion before disarm
[INFO] [1784376833.251064135] [minipc_mavros_offboard]: Landing detected; waiting before disarm request
[INFO] [1784376835.251521121] [minipc_mavros_offboard]: Vehicle is already disarmed after AUTO.LAND
[INFO] [1784376835.287071712] [minipc_mavros_offboard]: MAVROS offboard control completed; stopping node
