[INFO] 启动前环境清理...
[清理] 环境干净：所选类别下没有遗留进程。
MID360 杆臂校验通过（机体 FLU，控制中心 -> FAST-LIO 原点）：x=0.0 m y=0.0 m z=0.08 m；R_FASTLIO_body yaw=0.0 rad
[INFO] Running canonical preflight check...
Checking offboard autostart prerequisites...
MID360 杆臂校验通过（机体 FLU，控制中心 -> FAST-LIO 原点）：x=0.0 m y=0.0 m z=0.08 m；R_FASTLIO_body yaw=0.0 rad
STRUCTURAL_EV_ENTRY_CONTRACT=PASS
LAUNCH_AST_PARSE_RESULT=PASS
SELECTED_VISION_NODE_IDENTITY=package=px4_ros_com,executable=fastlio_mavros_vision_bridge,name=fastlio_mavros_vision_bridge
VISION_CONDITION_BINDING_RESULT=PASS
VISION_INPUT_BINDING_RESULT=PASS:/Odometry/healthy
VISION_RESTAMP_RESULT=PASS:false
VISION_LEVER_ARM_BINDING_RESULT=PASS:body_FLU_control_center_to_FAST_LIO
VISION_WORLD_YAW_BINDING_RESULT=PASS:one_alignment_for_position_and_attitude
PHYSICAL_BODY_TF_RESULT=PASS:base_link_to_FAST_LIO_body
LAUNCH_DEFAULTS_RESULT=PASS:start_mavros_vision_bridge=true
SINGLE_EV_WRITER_RESULT=PASS:single_ev_node_in_source
STACK_COMMAND_TOKEN_BINDING_RESULT=PASS
Autostart prerequisites look ready.
[INFO] Flight run directory: /home/robot/rong_ws/ws_offboard_control/flight_records/20260812/flight_20260812_055930
[INFO] Planner requested=super, effective=super, ego_enabled=false, mission=false, output=true, manual_handover=true, rviz=true
[INFO] Recognition=false, rosbag=true, readiness_timeout=90s
[INFO] MID-360 to FAST-LIO minimum startup delay=4s
[INFO] Component windows=false (one GNOME Terminal window per component)
[INFO] Map: /home/robot/rong_ws/ws_offboard_control/maps/fastlio_global_3d_20260810/GlobalMap_去顶端_z3m.pcd (auto_load=true)
[INFO] MID360 body-to-sensor FLU: x=0.0 m, y=0.0 m, z=0.08 m, yaw=0.0 rad
[WARN] Horizontal-drift and takeoff-transient guards are absent. Keep manual RC takeover available.
[INFO] Starting navigation stack (prewarm) in its own terminal window; log=/home/robot/rong_ws/ws_offboard_control/flight_records/20260812/flight_20260812_055930/logs/navigation.log
正在等待 message：/race/control/status（超时 90s）
已就绪：收到来自 /race/control/status 的真实消息
正在等待 topic：/saved_map（超时 90s）
Ready: topic /saved_map has a publisher
正在等待 node：/rviz2（超时 90s）
Ready: node /rviz2 exists
[INFO] Starting MID-360 driver in its own terminal window; log=/home/robot/rong_ws/ws_offboard_control/flight_records/20260812/flight_20260812_055930/logs/mid360_driver.log
[INFO] Waiting 4s after MID-360 startup before FAST-LIO...
正在等待 message：/livox/imu（超时 90s）
已就绪：收到来自 /livox/imu 的真实消息
正在等待 message：/livox/lidar（超时 90s）
已就绪：收到来自 /livox/lidar 的真实消息
[INFO] Starting FAST-LIO in its own terminal window; log=/home/robot/rong_ws/ws_offboard_control/flight_records/20260812/flight_20260812_055930/logs/fastlio.log
正在等待 message：/Odometry（超时 90s）
已就绪：收到来自 /Odometry 的真实消息
正在等待 message：/cloud_registered_body（超时 90s）
已就绪：收到来自 /cloud_registered_body 的真实消息
[INFO] Starting MAVROS and EV chain in its own terminal window; log=/home/robot/rong_ws/ws_offboard_control/flight_records/20260812/flight_20260812_055930/logs/px4_mavros.log
正在等待 mavros_connected：/mavros/state（超时 90s）
已就绪：MAVROS 已连接
正在等待 message：/mavros/local_position/odom（超时 90s）
已就绪：收到来自 /mavros/local_position/odom 的真实消息
正在等待 message：/mavros/local_position/velocity_local（超时 90s）
已就绪：收到来自 /mavros/local_position/velocity_local 的真实消息
正在等待 healthy：/ev_health/status（超时 90s）
Ready: /ev_health/status=HEALTHY
正在等待 message：/Odometry/healthy（超时 90s）
已就绪：收到来自 /Odometry/healthy 的真实消息
正在等待 message：/mavros/vision_pose/pose_cov（超时 90s）
已就绪：收到来自 /mavros/vision_pose/pose_cov 的真实消息
正在等待 message：/mavros/vision_speed/speed_twist_cov（超时 90s）
已就绪：收到来自 /mavros/vision_speed/speed_twist_cov 的真实消息
[INFO] Starting debug rosbag in its own terminal window; log=/home/robot/rong_ws/ws_offboard_control/flight_records/20260812/flight_20260812_055930/logs/rosbag_debug.log
正在等待 node：/rosbag2_recorder（超时 90s）
Ready: node /rosbag2_recorder exists
正在等待 healthy：/ev_health/status（超时 90s）
Ready: /ev_health/status=HEALTHY
正在等待 message：/Odometry/healthy（超时 90s）
已就绪：收到来自 /Odometry/healthy 的真实消息
正在等待 message：/mavros/vision_pose/pose_cov（超时 90s）
已就绪：收到来自 /mavros/vision_pose/pose_cov 的真实消息
正在等待 message：/race/odom（超时 90s）
已就绪：收到来自 /race/odom 的真实消息
正在等待 healthy：/ev_health/status（超时 90s）
Ready: /ev_health/status=HEALTHY
正在等待 message：/mavros/vision_pose/pose_cov（超时 90s）
已就绪：收到来自 /mavros/vision_pose/pose_cov 的真实消息
[INFO] PASS: complete chain is ready: MID-360 -> FAST-LIO -> MAVROS/EV -> rosbag(true) -> navigation.
[INFO] Component logs: /home/robot/rong_ws/ws_offboard_control/flight_records/20260812/flight_20260812_055930/logs
[INFO] This terminal now monitors the stack. Press Ctrl+C to stop all components from this run.
[ERROR] Component 'rosbag_debug' is not ready. Log: /home/robot/rong_ws/ws_offboard_control/flight_records/20260812/flight_20260812_055930/logs/rosbag_debug.log
[ERROR] Last 30 log lines from 'rosbag_debug':
[INFO] [1786485617.401075251] [rosbag2_recorder]: Subscribed to topic '/mavros/vision_pose/pose_cov'
[INFO] [1786485617.401563577] [rosbag2_recorder]: Recording...
[INFO] [1786485617.509675315] [rosbag2_recorder]: Subscribed to topic '/Odometry'
[INFO] [1786485617.515764018] [rosbag2_recorder]: Subscribed to topic '/mavros/local_position/pose'
[INFO] [1786485617.524351191] [rosbag2_recorder]: Subscribed to topic '/mavros/estimator_status'
[INFO] [1786485617.526520389] [rosbag2_recorder]: Subscribed to topic '/mavros/local_position/odom'
[INFO] [1786485617.527851010] [rosbag2_recorder]: Subscribed to topic '/mavros/local_position/velocity_local'
[INFO] [1786485617.529011571] [rosbag2_recorder]: Subscribed to topic '/mavros/setpoint_raw/target_local'
[INFO] [1786485617.530017823] [rosbag2_recorder]: Subscribed to topic '/mavros/local_position/velocity_body'
[INFO] [1786485617.531496440] [rosbag2_recorder]: Subscribed to topic '/mavros/state'
[INFO] [1786485617.532993449] [rosbag2_recorder]: Subscribed to topic '/path'
[INFO] [1786485617.638561143] [rosbag2_recorder]: Subscribed to topic '/ev_health/velocity_ned'
[INFO] [1786485617.642967092] [rosbag2_recorder]: Subscribed to topic '/ev_health/diagnostics'
[INFO] [1786485617.646971262] [rosbag2_recorder]: Subscribed to topic '/ev_health/status'
[INFO] [1786485617.648664175] [rosbag2_recorder]: Subscribed to topic '/ev_health/fault'
[INFO] [1786485617.652076481] [rosbag2_recorder]: Subscribed to topic '/Odometry/healthy'
[INFO] [1786485618.694076035] [rosbag2_recorder]: Subscribed to topic '/race/odom'
[INFO] [1786485618.696385669] [rosbag2_recorder]: Subscribed to topic '/race/pose'
[INFO] [1786485618.704038558] [rosbag2_recorder]: Subscribed to topic '/mavros/setpoint_raw/local'
[INFO] [1786485618.707027070] [rosbag2_recorder]: Subscribed to topic '/race/control/status'
[INFO] [1786485618.920239024] [rosbag2_recorder]: Subscribed to topic '/goal_pose'
[INFO] [1786485618.925643290] [rosbag2_recorder]: Subscribed to topic '/race/navigation_setpoint'
[INFO] [1786485618.929219666] [rosbag2_recorder]: Subscribed to topic '/race/global_planner/status'
[INFO] [1786485618.931608907] [rosbag2_recorder]: Subscribed to topic '/race/planner/status'
[INFO] [1786485618.935890815] [rosbag2_recorder]: Subscribed to topic '/race/super_planner/raw_path'
[INFO] [1786485620.089921297] [rosbag2_recorder]: Subscribed to topic '/Odometry/guarded'
terminate called after throwing an instance of 'rosbag2_storage_plugins::SqliteException'
  what():  Error when processing SQL statement. SQLite error (5): database is locked
/home/robot/rong_ws/ws_offboard_control/tools/rosbag/开始录包.sh: 第 287 行： 34623 已中止               （核心已转储） ros2 bag record -o "${bag_dir}" "${bag_topics[@]}"
[debug rosbag] 已退出，状态码 0
[WARN] Stopping components started by this run...
