[MAVROS and EV chain] starting
[MAVROS and EV chain] command: ros2 launch px4_ros_com fastlio_mavros_autofix.launch.py fcu_url:=serial:///dev/ttyUSB0:921600\?ids=255\,190 start_mavros_vision_bridge:=true start_odom_guard:=true start_ev_health_monitor:=true start_tf:=true vision_world_yaw_alignment_rad:=0.0 body_to_sensor_x_m:=0.0 body_to_sensor_y_m:=0.0 body_to_sensor_z_m:=0.08 body_to_fastlio_yaw_rad:=0.0
[MAVROS and EV chain] pid=15142 pgid=15142 log=/home/robot/rong_ws/ws_offboard_control/flight_records/20260811/flight_20260811_212445/logs/px4_mavros.log
[INFO] [launch]: All log files can be found below /home/robot/.ros/log/2026-08-11-21-25-10-158609-robot-15142
[INFO] [launch]: Default logging verbosity is set to INFO
[INFO] [mavros_node-1]: process started with pid [15196]
[INFO] [fastlio_odometry_guard-2]: process started with pid [15198]
[INFO] [fastlio_ev_health_monitor.py-3]: process started with pid [15202]
[INFO] [fix_mavros_odometry_frames.py-4]: process started with pid [15205]
[INFO] [fastlio_mavros_vision_bridge-5]: process started with pid [15207]
[INFO] [static_transform_publisher-6]: process started with pid [15209]
[INFO] [static_transform_publisher-7]: process started with pid [15211]
[INFO] [static_transform_publisher-8]: process started with pid [15213]
[INFO] [static_transform_publisher-9]: process started with pid [15215]
[mavros_node-1] [INFO] [1786454710.668493980] [mavros.mavros_node]: Starting mavros_node container
[mavros_node-1] [INFO] [1786454710.670510720] [mavros.mavros_node]: FCU URL: serial:///dev/ttyUSB0:921600?ids=255,190
[mavros_node-1] [INFO] [1786454710.670555451] [mavros.mavros_node]: GCS URL: 
[mavros_node-1] [INFO] [1786454710.670565185] [mavros.mavros_node]: UAS Prefix: /uas1
[mavros_node-1] [INFO] [1786454710.670573216] [mavros.mavros_node]: Starting mavros router node
[static_transform_publisher-9] [INFO] [1786454710.672000744] [body_to_body_frd]: Spinning until stopped - publishing transform
[static_transform_publisher-9] translation: ('0.000000', '0.000000', '0.000000')
[static_transform_publisher-9] rotation: ('1.000000', '0.000000', '0.000000', '0.000000')
[static_transform_publisher-9] from 'body' to 'body_frd'
[fastlio_mavros_vision_bridge-5] [INFO] [1786454710.946458628] [fastlio_mavros_vision_bridge]: Bridging /Odometry/healthy -> /mavros/vision_pose/pose_cov + vision_speed for MAVROS vision input; body->FAST-LIO origin in body FLU=(0.0000, 0.0000, 0.0800) m, R_FASTLIO_body yaw=0.000000 rad, world yaw alignment=0.000000 rad
[mavros_node-1] [INFO] [1786454710.948048590] [mavros.mavros_router]: Built-in SIMD instructions: SSE, SSE2
[mavros_node-1] [INFO] [1786454710.948137048] [mavros.mavros_router]: Built-in MAVLink package version: 2026.3.3
[mavros_node-1] [INFO] [1786454710.948151847] [mavros.mavros_router]: Known MAVLink dialects: common ardupilotmega ASLUAV AVSSUAS all csAirLink cubepilot development icarous loweheiser marsh matrixpilot paparazzi standard stemstudios storm32 uAvionix ualberta
[mavros_node-1] [INFO] [1786454710.948161106] [mavros.mavros_router]: MAVROS Router started
[mavros_node-1] [INFO] [1786454710.948313993] [mavros.mavros_node]: Starting mavros uas node
[static_transform_publisher-8] [INFO] [1786454711.275389587] [camera_init_to_camera_init_ned]: Spinning until stopped - publishing transform
[static_transform_publisher-8] translation: ('0.000000', '0.000000', '0.000000')
[static_transform_publisher-8] rotation: ('0.707107', '0.707107', '0.000000', '0.000000')
[static_transform_publisher-8] from 'camera_init' to 'camera_init_ned'
[fastlio_odometry_guard-2] [INFO] [1786454711.283314105] [fastlio_odometry_guard]: Guarding odometry /Odometry -> /Odometry/guarded (jump=0.30m, xy=0.20m, z=0.10m, speed=1.20m/s, unknown angular variance>=100000)
[static_transform_publisher-6] [INFO] [1786454711.338488445] [odom_to_camera_init]: Spinning until stopped - publishing transform
[static_transform_publisher-6] translation: ('0.000000', '0.000000', '0.000000')
[static_transform_publisher-6] rotation: ('0.000000', '0.000000', '0.000000', '1.000000')
[static_transform_publisher-6] from 'odom' to 'camera_init'
[static_transform_publisher-7] [INFO] [1786454711.449176533] [base_link_to_body]: Spinning until stopped - publishing transform
[static_transform_publisher-7] translation: ('0.000000', '0.000000', '0.080000')
[static_transform_publisher-7] rotation: ('0.000000', '0.000000', '-0.000000', '1.000000')
[static_transform_publisher-7] from 'base_link' to 'body'
[fix_mavros_odometry_frames.py-4] [INFO] [1786454711.450381277] [fix_mavros_odometry_frames]: Waiting for /mavros/odometry parameter service...
[mavros_node-1] [INFO] [1786454711.597097876] [mavros.mavros_router]: Requested to add endpoint: type: 0, url: serial:///dev/ttyUSB0:921600?ids=255,190
[mavros_node-1] [INFO] [1786454711.597468731] [mavros.mavros_router]: Endpoint link[1000] created
[mavros_node-1] [INFO] [1786454711.602828103] [mavros.mavros_router]: link[1000] opened successfully
[mavros_node-1] [INFO] [1786454711.602946018] [mavros.mavros_router]: link[1000] detected remote address 1.1
[mavros_node-1] [WARN] [1786454711.602986948] [mavros.mavros_router]: Message dropped: msgid: 30, source: 1.1, target: 0.0
[mavros_node-1] [INFO] [1786454711.603004575] [mavros.mavros_router]: Requested to add endpoint: type: 2, url: /uas1
[mavros_node-1] [INFO] [1786454711.603057792] [mavros.mavros_router]: Endpoint link[1001] created
[mavros_node-1] [INFO] [1786454711.607551567] [mavros.mavros]: UAS Executor started, threads: 16
[mavros_node-1] [INFO] [1786454711.607593611] [mavros.mavros]: Plugin actuator_control ignored
[mavros_node-1] [INFO] [1786454711.609797192] [mavros.mavros]: Plugin adsb ignored
[mavros_node-1] [INFO] [1786454711.609808327] [mavros.mavros]: Plugin altitude ignored
[mavros_node-1] [INFO] [1786454711.609814763] [mavros.mavros]: Plugin cam_imu_sync ignored
[mavros_node-1] [INFO] [1786454711.609819442] [mavros.mavros]: Plugin camera ignored
[mavros_node-1] [INFO] [1786454711.609823778] [mavros.mavros]: Plugin cellular_status ignored
[mavros_node-1] [INFO] [1786454711.617540171] [mavros.mavros_router]: link[1001] opened successfully
[mavros_node-1] [INFO] [1786454711.691936893] [mavros.mavros]: Plugin command created
[mavros_node-1] [INFO] [1786454711.692252680] [mavros.mavros]: Plugin command initialized
[mavros_node-1] [INFO] [1786454711.692284037] [mavros.mavros]: Plugin companion_process_status ignored
[mavros_node-1] [INFO] [1786454711.692292052] [mavros.mavros]: Plugin debug_value ignored
[mavros_node-1] [INFO] [1786454711.692299261] [mavros.mavros]: Plugin distance_sensor ignored
[mavros_node-1] [INFO] [1786454711.692305636] [mavros.mavros]: Plugin esc_status ignored
[mavros_node-1] [INFO] [1786454711.692310427] [mavros.mavros]: Plugin esc_telemetry ignored
[mavros_node-1] [INFO] [1786454711.692313819] [mavros.mavros]: Plugin fake_gps ignored
[mavros_node-1] [INFO] [1786454711.692319193] [mavros.mavros]: Plugin ftp ignored
[mavros_node-1] [INFO] [1786454711.692323604] [mavros.mavros]: Plugin geofence ignored
[mavros_node-1] [INFO] [1786454711.692327062] [mavros.mavros]: Plugin gimbal_control ignored
[mavros_node-1] [INFO] [1786454711.692330512] [mavros.mavros]: Plugin global_position ignored
[mavros_node-1] [INFO] [1786454711.692334491] [mavros.mavros]: Plugin gps_input ignored
[mavros_node-1] [INFO] [1786454711.692339059] [mavros.mavros]: Plugin gps_rtk ignored
[mavros_node-1] [INFO] [1786454711.692342399] [mavros.mavros]: Plugin gps_status ignored
[mavros_node-1] [INFO] [1786454711.692364037] [mavros.mavros]: Plugin guided_target ignored
[mavros_node-1] [INFO] [1786454711.692369023] [mavros.mavros]: Plugin hil ignored
[mavros_node-1] [INFO] [1786454711.692375263] [mavros.mavros]: Plugin home_position ignored
[fastlio_ev_health_monitor.py-3] [INFO] [1786454711.710350105] [fastlio_ev_health_monitor]: EV health gate /Odometry -> /Odometry/healthy; compare /mavros/local_position/velocity_local in PX4 local NED; status=/ev_health/status, diagnostics=/ev_health/diagnostics
[fastlio_ev_health_monitor.py-3] [WARN] [1786454711.717644451] [fastlio_ev_health_monitor]: EV health state=SUSPECT: px4_velocity_unaligned
[mavros_node-1] [INFO] [1786454711.731605404] [mavros.mavros]: Plugin imu created
[mavros_node-1] [INFO] [1786454711.731715807] [mavros.mavros]: Plugin imu initialized
[mavros_node-1] [INFO] [1786454711.731735401] [mavros.mavros]: Plugin landing_target ignored
[mavros_node-1] [INFO] [1786454711.772447886] [mavros.mavros]: Plugin local_position created
[mavros_node-1] [INFO] [1786454711.772903577] [mavros.mavros]: Plugin local_position initialized
[mavros_node-1] [INFO] [1786454711.772948252] [mavros.mavros]: Plugin log_transfer ignored
[mavros_node-1] [INFO] [1786454711.772961750] [mavros.mavros]: Plugin mag_calibration_status ignored
[mavros_node-1] [INFO] [1786454711.773125469] [mavros.mavros]: Plugin manual_control ignored
[mavros_node-1] [INFO] [1786454711.773140433] [mavros.mavros]: Plugin mocap_pose_estimate ignored
[mavros_node-1] [INFO] [1786454711.773157022] [mavros.mavros]: Plugin mount_control ignored
[mavros_node-1] [INFO] [1786454711.773168228] [mavros.mavros]: Plugin nav_controller_output ignored
[mavros_node-1] [INFO] [1786454711.773180724] [mavros.mavros]: Plugin obstacle_distance ignored
[mavros_node-1] [INFO] [1786454711.773192438] [mavros.mavros]: Plugin obstacle_distance_3d ignored
[mavros_node-1] [INFO] [1786454711.837402052] [mavros.mavros]: Plugin odometry created
[mavros_node-1] [INFO] [1786454711.837626034] [mavros.mavros]: Plugin odometry initialized
[mavros_node-1] [INFO] [1786454711.837659618] [mavros.mavros]: Plugin onboard_computer_status ignored
[mavros_node-1] [INFO] [1786454711.837673908] [mavros.mavros]: Plugin open_drone_id ignored
[mavros_node-1] [INFO] [1786454711.837686820] [mavros.mavros]: Plugin optical_flow ignored
[mavros_node-1] [INFO] [1786454711.837698056] [mavros.mavros]: Plugin param ignored
[mavros_node-1] [INFO] [1786454711.837713679] [mavros.mavros]: Plugin play_tune ignored
[mavros_node-1] [INFO] [1786454711.837725807] [mavros.mavros]: Plugin px4flow ignored
[mavros_node-1] [INFO] [1786454711.837737470] [mavros.mavros]: Plugin rallypoint ignored
[mavros_node-1] [INFO] [1786454711.837752290] [mavros.mavros]: Plugin rangefinder ignored
[mavros_node-1] [INFO] [1786454711.837765871] [mavros.mavros]: Plugin rc_io ignored
[mavros_node-1] [INFO] [1786454711.837778052] [mavros.mavros]: Plugin setpoint_accel ignored
[mavros_node-1] [INFO] [1786454711.837791469] [mavros.mavros]: Plugin setpoint_attitude ignored
[mavros_node-1] [INFO] [1786454711.837804875] [mavros.mavros]: Plugin setpoint_position ignored
[mavros_node-1] [INFO] [1786454711.894224023] [mavros.mavros]: Plugin setpoint_raw created
[mavros_node-1] [INFO] [1786454711.894377581] [mavros.mavros]: Plugin setpoint_raw initialized
[mavros_node-1] [INFO] [1786454711.894395674] [mavros.mavros]: Plugin setpoint_trajectory ignored
[mavros_node-1] [INFO] [1786454711.894404754] [mavros.mavros]: Plugin setpoint_velocity ignored
[mavros_node-1] [INFO] [1786454711.894412586] [mavros.mavros]: Plugin sim_state ignored
[fix_mavros_odometry_frames.py-4] [INFO] [1786454711.953525122] [fix_mavros_odometry_frames]: Setting MAVROS odometry target frames to odom/base_link.
[fix_mavros_odometry_frames.py-4] [INFO] [1786454711.987223507] [fix_mavros_odometry_frames]: MAVROS odometry frame targets updated successfully.
[mavros_node-1] [INFO] [1786454711.993445626] [mavros.mavros]: Plugin sys_status created
[mavros_node-1] [INFO] [1786454711.993606615] [mavros.mavros]: Plugin sys_status initialized
[fastlio_ev_health_monitor.py-3] [WARN] [1786454712.039321136] [fastlio_ev_health_monitor]: EV health state=FAULT: px4_velocity_unaligned
[mavros_node-1] [INFO] [1786454712.055996407] [mavros.time]: TM: Timesync mode: MAVLINK
[mavros_node-1] [INFO] [1786454712.064946867] [mavros.mavros]: Plugin sys_time created
[mavros_node-1] [INFO] [1786454712.065066530] [mavros.mavros]: Plugin sys_time initialized
[mavros_node-1] [INFO] [1786454712.065094173] [mavros.mavros]: Plugin tdr_radio ignored
[mavros_node-1] [INFO] [1786454712.065109024] [mavros.mavros]: Plugin terrain ignored
[mavros_node-1] [INFO] [1786454712.065122249] [mavros.mavros]: Plugin trajectory ignored
[mavros_node-1] [INFO] [1786454712.065135322] [mavros.mavros]: Plugin tunnel ignored
[mavros_node-1] [INFO] [1786454712.065146811] [mavros.mavros]: Plugin vfr_hud ignored
[mavros_node-1] [INFO] [1786454712.065160345] [mavros.mavros]: Plugin vibration ignored
[mavros_node-1] [INFO] [1786454712.114509016] [mavros.mavros]: Plugin vision_pose created
[mavros_node-1] [INFO] [1786454712.114928736] [mavros.mavros]: Plugin vision_pose initialized
[mavros_node-1] [INFO] [1786454712.170019680] [mavros.mavros]: Plugin vision_speed created
[mavros_node-1] [INFO] [1786454712.170108991] [mavros.mavros]: Plugin vision_speed initialized
[mavros_node-1] [INFO] [1786454712.170118561] [mavros.mavros]: Plugin waypoint ignored
[mavros_node-1] [INFO] [1786454712.170122387] [mavros.mavros]: Plugin wheel_odometry ignored
[mavros_node-1] [INFO] [1786454712.170125902] [mavros.mavros]: Plugin wind_estimation ignored
[mavros_node-1] [INFO] [1786454712.186141987] [mavros.mavros]: Built-in SIMD instructions: SSE, SSE2
[mavros_node-1] [INFO] [1786454712.186298685] [mavros.mavros]: Built-in MAVLink package version: 2026.3.3
[mavros_node-1] [INFO] [1786454712.186313341] [mavros.mavros]: Known MAVLink dialects: common ardupilotmega ASLUAV AVSSUAS all csAirLink cubepilot development icarous loweheiser marsh matrixpilot paparazzi standard stemstudios storm32 uAvionix ualberta
[mavros_node-1] [INFO] [1786454712.186322792] [mavros.mavros]: MAVROS UAS via /uas1 started. MY ID 255.190, TARGET ID 1.1
[mavros_node-1] [INFO] [1786454712.192889672] [mavros.imu]: IMU: High resolution IMU detected!
[mavros_node-1] [INFO] [1786454712.193572246] [mavros.imu]: IMU: Attitude quaternion IMU detected!
[mavros_node-1] [INFO] [1786454712.221630419] [mavros.mavros_router]: link[1001] detected remote address 255.190
[INFO] [fix_mavros_odometry_frames.py-4]: process has finished cleanly [pid 15205]
[mavros_node-1] [INFO] [1786454712.920016098] [mavros.mavros]: CON: Got HEARTBEAT, connected. FCU: PX4 Autopilot
[mavros_node-1] [INFO] [1786454712.924032969] [mavros.imu]: IMU: High resolution IMU detected!
[mavros_node-1] [INFO] [1786454712.925473933] [mavros.imu]: IMU: Attitude quaternion IMU detected!
[mavros_node-1] [WARN] [1786454713.941044016] [mavros.cmd]: CMD: Unexpected command 520, result 3
[fastlio_ev_health_monitor.py-3] [INFO] [1786454714.218139854] [fastlio_ev_health_monitor]: EV health state=HEALTHY: ok
[mavros_node-1] [WARN] [1786454714.466561216] [mavros.sys]: FCU: UNK(8): EVENT 11047904 with args -0-128-0-18-1-0-0-0-0-0-0-0-0-131-191-1-128-0-0-0-0-0-0-0-0-0-0-0-0-0-0-0-0-0-0-0-0-0-0-0-
[mavros_node-1] [ERROR] [1786454714.466912880] [mavros.sys]: FCU: EVENT 9697819 with args -126-209-126-0-17-0-0-0-0-0-0-0-0-0-0-0-0-0-0-0-0-0-0-0-0-0-0-0-0-0-0-0-0-0-0-0-0-0-0-0-
[mavros_node-1] [ERROR] [1786454714.467227451] [mavros.sys]: FCU: EVENT 9077977 with args -255-255-255-255-7-0-0-0-0-0-0-0-0-0-0-0-0-0-0-0-0-0-0-0-0-0-0-0-0-0-0-0-0-0-0-0-0-0-0-0-
[mavros_node-1] [ERROR] [1786454714.467582156] [mavros.sys]: FCU: EVENT 13679014 with args -0-64-0-0-20-0-0-0-0-0-0-0-0-0-0-0-0-0-0-0-0-0-0-0-0-0-0-0-0-0-0-0-0-0-0-0-0-0-0-0-
[mavros_node-1] [ERROR] [1786454714.467887840] [mavros.sys]: FCU: EVENT 13835193 with args -124-0-126-0-17-0-0-0-0-0-0-0-0-0-0-0-0-0-0-0-0-0-0-0-0-0-0-0-0-0-0-0-0-0-0-0-0-0-0-0-
[mavros_node-1] [ERROR] [1786454714.468032343] [mavros.sys]: FCU: EVENT 10011251 with args -56-0-0-0-24-0-0-0-0-0-0-0-0-0-0-0-0-0-0-0-0-0-0-0-0-0-0-0-0-0-0-0-0-0-0-0-0-0-0-0-
[mavros_node-1] [INFO] [1786454714.468219797] [mavros.sys]: FCU: EVENT 377561 with args -8-0-0-0-20-0-0-0-0-0-0-0-0-0-0-0-0-0-0-0-0-0-0-0-0-0-0-0-0-0-0-0-0-0-0-0-0-0-0-0-
[mavros_node-1] [INFO] [1786454714.468582880] [mavros.sys]: FCU: EVENT 79408 with args -32-0-0-0-20-0-0-0-0-0-0-0-0-0-0-0-0-0-0-0-0-0-0-0-0-0-0-0-0-0-0-0-0-0-0-0-0-0-0-0-
[mavros_node-1] [ERROR] [1786454714.468937932] [mavros.sys]: FCU: EVENT 12754954 with args -255-255-255-255-20-0-0-0-0-0-0-0-0-0-0-0-0-0-0-0-0-0-0-0-0-0-0-0-0-0-0-0-0-0-0-0-0-0-0-0-
[mavros_node-1] [WARN] [1786454714.469325850] [mavros.sys]: FCU: UNK(8): EVENT 1914663 with args -0-130-16-2-48-0-0-0-0-0-0-0-0-0-0-0-0-0-0-0-0-0-0-0-0-0-0-0-0-0-0-0-0-0-0-0-0-0-0-0-
[mavros_node-1] [WARN] [1786454714.931356041] [mavros.sys]: VER: broadcast request timeout, retries left 4
[mavros_node-1] [WARN] [1786454715.921160469] [uas]: PX4: Unknown sub-mode 3.2
[mavros_node-1] [WARN] [1786454715.924261344] [mavros.sys]: VER: broadcast request timeout, retries left 3
[mavros_node-1] [WARN] [1786454716.493669527] [mavros.sys]: FCU: UNK(8): EVENT 11047904 with args -0-128-0-18-1-0-0-0-0-0-0-0-0-131-191-1-128-0-0-0-0-0-0-0-0-0-0-0-0-0-0-0-0-0-0-0-0-0-0-0-
[mavros_node-1] [ERROR] [1786454716.493763129] [mavros.sys]: FCU: EVENT 9077977 with args -255-255-255-255-7-0-0-0-0-0-0-0-0-0-0-0-0-0-0-0-0-0-0-0-0-0-0-0-0-0-0-0-0-0-0-0-0-0-0-0-
[mavros_node-1] [ERROR] [1786454716.493812525] [mavros.sys]: FCU: EVENT 13679014 with args -0-64-0-0-20-0-0-0-0-0-0-0-0-0-0-0-0-0-0-0-0-0-0-0-0-0-0-0-0-0-0-0-0-0-0-0-0-0-0-0-
[mavros_node-1] [ERROR] [1786454716.493841985] [mavros.sys]: FCU: EVENT 13835193 with args -124-0-126-0-17-0-0-0-0-0-0-0-0-0-0-0-0-0-0-0-0-0-0-0-0-0-0-0-0-0-0-0-0-0-0-0-0-0-0-0-
[mavros_node-1] [ERROR] [1786454716.493870200] [mavros.sys]: FCU: EVENT 10011251 with args -56-0-0-0-24-0-0-0-0-0-0-0-0-0-0-0-0-0-0-0-0-0-0-0-0-0-0-0-0-0-0-0-0-0-0-0-0-0-0-0-
[mavros_node-1] [INFO] [1786454716.493899444] [mavros.sys]: FCU: EVENT 377561 with args -8-0-0-0-20-0-0-0-0-0-0-0-0-0-0-0-0-0-0-0-0-0-0-0-0-0-0-0-0-0-0-0-0-0-0-0-0-0-0-0-
[mavros_node-1] [INFO] [1786454716.493927501] [mavros.sys]: FCU: EVENT 79408 with args -32-0-0-0-20-0-0-0-0-0-0-0-0-0-0-0-0-0-0-0-0-0-0-0-0-0-0-0-0-0-0-0-0-0-0-0-0-0-0-0-
[mavros_node-1] [ERROR] [1786454716.495413666] [mavros.sys]: FCU: EVENT 12754954 with args -255-255-255-255-20-0-0-0-0-0-0-0-0-0-0-0-0-0-0-0-0-0-0-0-0-0-0-0-0-0-0-0-0-0-0-0-0-0-0-0-
[mavros_node-1] [WARN] [1786454716.495783963] [mavros.sys]: FCU: UNK(8): EVENT 1914663 with args -0-130-16-2-48-0-0-0-0-0-0-0-0-0-0-0-0-0-0-0-0-0-0-0-0-0-0-0-0-0-0-0-0-0-0-0-0-0-0-0-
[mavros_node-1] [WARN] [1786454716.919396976] [uas]: PX4: Unknown sub-mode 3.2
[mavros_node-1] [ERROR] [1786454716.937424701] [mavros.sys]: VER: command plugin service call failed!
[mavros_node-1] [WARN] [1786454716.937581207] [mavros.sys]: VER: unicast request timeout, retries left 2
[mavros_node-1] [WARN] [1786454717.917759314] [uas]: PX4: Unknown sub-mode 3.2
[mavros_node-1] [ERROR] [1786454717.936564733] [mavros.sys]: VER: command plugin service call failed!
[mavros_node-1] [WARN] [1786454717.936805735] [mavros.sys]: VER: unicast request timeout, retries left 1
[MAVROS and EV chain] 正在停止进程组 15142
[MAVROS and EV chain] 已退出，状态码 143
