[MAVROS and EV chain] starting
[MAVROS and EV chain] command: ros2 launch px4_ros_com fastlio_mavros_autofix.launch.py fcu_url:=serial:///dev/ttyUSB0:921600\?ids=255\,190 start_mavros_vision_bridge:=true start_odom_guard:=true start_ev_health_monitor:=true start_tf:=true vision_world_yaw_alignment_rad:=0.0 body_to_sensor_x_m:=0.0 body_to_sensor_y_m:=0.0 body_to_sensor_z_m:=0.08 body_to_fastlio_yaw_rad:=0.0
[MAVROS and EV chain] pid=19377 pgid=19377 log=/home/robot/rong_ws/ws_offboard_control/flight_records/20260811/flight_20260811_161802/logs/px4_mavros.log
[INFO] [launch]: All log files can be found below /home/robot/.ros/log/2026-08-11-16-18-19-782144-robot-19377
[INFO] [launch]: Default logging verbosity is set to INFO
[INFO] [mavros_node-1]: process started with pid [19426]
[INFO] [fastlio_odometry_guard-2]: process started with pid [19428]
[INFO] [fastlio_ev_health_monitor.py-3]: process started with pid [19430]
[INFO] [fix_mavros_odometry_frames.py-4]: process started with pid [19432]
[INFO] [fastlio_mavros_vision_bridge-5]: process started with pid [19434]
[INFO] [static_transform_publisher-6]: process started with pid [19436]
[INFO] [static_transform_publisher-7]: process started with pid [19444]
[INFO] [static_transform_publisher-8]: process started with pid [19446]
[INFO] [static_transform_publisher-9]: process started with pid [19448]
[mavros_node-1] [INFO] [1786436299.974054945] [mavros.mavros_node]: Starting mavros_node container
[mavros_node-1] [INFO] [1786436299.974173243] [mavros.mavros_node]: FCU URL: serial:///dev/ttyUSB0:921600?ids=255,190
[mavros_node-1] [INFO] [1786436299.974181101] [mavros.mavros_node]: GCS URL: 
[mavros_node-1] [INFO] [1786436299.974185481] [mavros.mavros_node]: UAS Prefix: /uas1
[mavros_node-1] [INFO] [1786436299.974189700] [mavros.mavros_node]: Starting mavros router node
[static_transform_publisher-8] [INFO] [1786436300.032171942] [camera_init_to_camera_init_ned]: Spinning until stopped - publishing transform
[static_transform_publisher-8] translation: ('0.000000', '0.000000', '0.000000')
[static_transform_publisher-8] rotation: ('0.707107', '0.707107', '0.000000', '0.000000')
[static_transform_publisher-8] from 'camera_init' to 'camera_init_ned'
[static_transform_publisher-6] [INFO] [1786436300.039444310] [odom_to_camera_init]: Spinning until stopped - publishing transform
[static_transform_publisher-6] translation: ('0.000000', '0.000000', '0.000000')
[static_transform_publisher-6] rotation: ('0.000000', '0.000000', '0.000000', '1.000000')
[static_transform_publisher-6] from 'odom' to 'camera_init'
[fastlio_mavros_vision_bridge-5] [INFO] [1786436300.042844212] [fastlio_mavros_vision_bridge]: Bridging /Odometry/healthy -> /mavros/vision_pose/pose_cov + vision_speed for MAVROS vision input; body->FAST-LIO origin in body FLU=(0.0000, 0.0000, 0.0800) m, R_FASTLIO_body yaw=0.000000 rad, world yaw alignment=0.000000 rad
[mavros_node-1] [INFO] [1786436300.058283719] [mavros.mavros_router]: Built-in SIMD instructions: SSE, SSE2
[mavros_node-1] [INFO] [1786436300.058338924] [mavros.mavros_router]: Built-in MAVLink package version: 2026.3.3
[mavros_node-1] [INFO] [1786436300.058349719] [mavros.mavros_router]: Known MAVLink dialects: common ardupilotmega ASLUAV AVSSUAS all csAirLink cubepilot development icarous loweheiser marsh matrixpilot paparazzi standard stemstudios storm32 uAvionix ualberta
[mavros_node-1] [INFO] [1786436300.058354647] [mavros.mavros_router]: MAVROS Router started
[mavros_node-1] [INFO] [1786436300.058546992] [mavros.mavros_node]: Starting mavros uas node
[static_transform_publisher-9] [INFO] [1786436300.063202101] [body_to_body_frd]: Spinning until stopped - publishing transform
[static_transform_publisher-9] translation: ('0.000000', '0.000000', '0.000000')
[static_transform_publisher-9] rotation: ('1.000000', '0.000000', '0.000000', '0.000000')
[static_transform_publisher-9] from 'body' to 'body_frd'
[static_transform_publisher-7] [INFO] [1786436300.087182521] [base_link_to_body]: Spinning until stopped - publishing transform
[static_transform_publisher-7] translation: ('0.000000', '0.000000', '0.080000')
[static_transform_publisher-7] rotation: ('0.000000', '0.000000', '-0.000000', '1.000000')
[static_transform_publisher-7] from 'base_link' to 'body'
[fastlio_odometry_guard-2] [INFO] [1786436300.099973315] [fastlio_odometry_guard]: Guarding odometry /Odometry -> /Odometry/guarded (jump=0.30m, xy=0.20m, z=0.10m, speed=1.20m/s, unknown angular variance>=100000)
[mavros_node-1] [INFO] [1786436300.265195279] [mavros.mavros_router]: Requested to add endpoint: type: 0, url: serial:///dev/ttyUSB0:921600?ids=255,190
[mavros_node-1] [INFO] [1786436300.265327846] [mavros.mavros_router]: Endpoint link[1000] created
[mavros_node-1] [INFO] [1786436300.266745186] [mavros.mavros_router]: link[1000] opened successfully
[mavros_node-1] [INFO] [1786436300.266805004] [mavros.mavros_router]: Requested to add endpoint: type: 2, url: /uas1
[mavros_node-1] [INFO] [1786436300.266830872] [mavros.mavros_router]: Endpoint link[1001] created
[mavros_node-1] [INFO] [1786436300.267638805] [mavros.mavros_router]: link[1000] detected remote address 1.1
[mavros_node-1] [INFO] [1786436300.272039708] [mavros.mavros_router]: link[1001] opened successfully
[mavros_node-1] [INFO] [1786436300.274795312] [mavros.mavros]: UAS Executor started, threads: 16
[mavros_node-1] [INFO] [1786436300.312504547] [mavros.mavros]: Plugin actuator_control created
[mavros_node-1] [INFO] [1786436300.312676509] [mavros.mavros]: Plugin actuator_control initialized
[fix_mavros_odometry_frames.py-4] [INFO] [1786436300.313841096] [fix_mavros_odometry_frames]: Waiting for /mavros/odometry parameter service...
[mavros_node-1] [INFO] [1786436300.351969041] [mavros.mavros]: Plugin adsb created
[mavros_node-1] [INFO] [1786436300.352010492] [mavros.mavros]: Plugin adsb initialized
[mavros_node-1] [INFO] [1786436300.458479797] [mavros.mavros]: Plugin altitude created
[mavros_node-1] [INFO] [1786436300.459054897] [mavros.mavros]: Plugin altitude initialized
[mavros_node-1] [INFO] [1786436300.494312414] [mavros.mavros]: Plugin cam_imu_sync created
[mavros_node-1] [INFO] [1786436300.494382570] [mavros.mavros]: Plugin cam_imu_sync initialized
[mavros_node-1] [INFO] [1786436300.509987880] [mavros.mavros]: Plugin camera created
[mavros_node-1] [INFO] [1786436300.510064915] [mavros.mavros]: Plugin camera initialized
[fastlio_ev_health_monitor.py-3] [INFO] [1786436300.517361434] [fastlio_ev_health_monitor]: EV health gate /Odometry -> /Odometry/healthy; compare /mavros/local_position/velocity_local in PX4 local NED; status=/ev_health/status, diagnostics=/ev_health/diagnostics
[mavros_node-1] [INFO] [1786436300.526310773] [mavros.mavros]: Plugin cellular_status created
[mavros_node-1] [INFO] [1786436300.526385895] [mavros.mavros]: Plugin cellular_status initialized
[mavros_node-1] [INFO] [1786436300.549705040] [mavros.mavros]: Plugin command created
[mavros_node-1] [INFO] [1786436300.549771007] [mavros.mavros]: Plugin command initialized
[mavros_node-1] [INFO] [1786436300.562208211] [mavros.mavros]: Plugin companion_process_status created
[mavros_node-1] [INFO] [1786436300.562279856] [mavros.mavros]: Plugin companion_process_status initialized
[mavros_node-1] [INFO] [1786436300.584640798] [mavros.mavros]: Plugin debug_value created
[mavros_node-1] [INFO] [1786436300.584691263] [mavros.mavros]: Plugin debug_value initialized
[mavros_node-1] [INFO] [1786436300.584697036] [mavros.mavros]: Plugin distance_sensor ignored
[mavros_node-1] [INFO] [1786436300.597943695] [mavros.mavros]: Plugin esc_status created
[mavros_node-1] [INFO] [1786436300.598029881] [mavros.mavros]: Plugin esc_status initialized
[fastlio_ev_health_monitor.py-3] [WARN] [1786436300.606164863] [fastlio_ev_health_monitor]: EV health state=SUSPECT: waiting_for_ev
[mavros_node-1] [INFO] [1786436300.611858776] [mavros.mavros]: Plugin esc_telemetry created
[mavros_node-1] [INFO] [1786436300.611914266] [mavros.mavros]: Plugin esc_telemetry initialized
[mavros_node-1] [INFO] [1786436300.628705221] [mavros.mavros]: Plugin fake_gps created
[mavros_node-1] [INFO] [1786436300.628780944] [mavros.mavros]: Plugin fake_gps initialized
[mavros_node-1] [INFO] [1786436300.653230969] [mavros.mavros]: Plugin ftp created
[mavros_node-1] [INFO] [1786436300.653305191] [mavros.mavros]: Plugin ftp initialized
[mavros_node-1] [INFO] [1786436300.675791518] [mavros.mavros]: Plugin geofence created
[mavros_node-1] [INFO] [1786436300.675887923] [mavros.mavros]: Plugin geofence initialized
[mavros_node-1] [INFO] [1786436300.705230317] [mavros.mavros]: Plugin gimbal_control created
[mavros_node-1] [INFO] [1786436300.705300991] [mavros.mavros]: Plugin gimbal_control initialized
[mavros_node-1] [INFO] [1786436300.729312429] [mavros.mavros]: Plugin global_position created
[mavros_node-1] [INFO] [1786436300.729457160] [mavros.mavros]: Plugin global_position initialized
[mavros_node-1] [INFO] [1786436300.743511498] [mavros.mavros]: Plugin gps_input created
[mavros_node-1] [INFO] [1786436300.743561902] [mavros.mavros]: Plugin gps_input initialized
[mavros_node-1] [INFO] [1786436300.755535378] [mavros.mavros]: Plugin gps_rtk created
[mavros_node-1] [INFO] [1786436300.755617789] [mavros.mavros]: Plugin gps_rtk initialized
[mavros_node-1] [INFO] [1786436300.771459137] [mavros.mavros]: Plugin gps_status created
[mavros_node-1] [INFO] [1786436300.771582398] [mavros.mavros]: Plugin gps_status initialized
[mavros_node-1] [INFO] [1786436300.785116434] [mavros.mavros]: Plugin guided_target created
[mavros_node-1] [INFO] [1786436300.785183236] [mavros.mavros]: Plugin guided_target initialized
[mavros_node-1] [INFO] [1786436300.800606275] [mavros.mavros]: Plugin hil created
[mavros_node-1] [INFO] [1786436300.800671464] [mavros.mavros]: Plugin hil initialized
[mavros_node-1] [INFO] [1786436300.815570106] [mavros.mavros]: Plugin home_position created
[mavros_node-1] [INFO] [1786436300.815625595] [mavros.mavros]: Plugin home_position initialized
[mavros_node-1] [INFO] [1786436300.838475118] [mavros.mavros]: Plugin imu created
[mavros_node-1] [INFO] [1786436300.838537485] [mavros.mavros]: Plugin imu initialized
[mavros_node-1] [INFO] [1786436300.856864635] [mavros.mavros]: Plugin landing_target created
[mavros_node-1] [INFO] [1786436300.856936145] [mavros.mavros]: Plugin landing_target initialized
[mavros_node-1] [INFO] [1786436300.878189404] [mavros.mavros]: Plugin local_position created
[mavros_node-1] [INFO] [1786436300.878242234] [mavros.mavros]: Plugin local_position initialized
[mavros_node-1] [INFO] [1786436300.897118496] [mavros.mavros]: Plugin log_transfer created
[mavros_node-1] [INFO] [1786436300.897205107] [mavros.mavros]: Plugin log_transfer initialized
[fastlio_ev_health_monitor.py-3] [WARN] [1786436300.907141244] [fastlio_ev_health_monitor]: EV health state=FAULT: px4_velocity_timeout
[mavros_node-1] [INFO] [1786436300.917900635] [mavros.mavros]: Plugin mag_calibration_status created
[mavros_node-1] [INFO] [1786436300.917977971] [mavros.mavros]: Plugin mag_calibration_status initialized
[mavros_node-1] [INFO] [1786436300.935584271] [mavros.mavros]: Plugin manual_control created
[mavros_node-1] [INFO] [1786436300.935652835] [mavros.mavros]: Plugin manual_control initialized
[mavros_node-1] [INFO] [1786436300.954638741] [mavros.mavros]: Plugin mocap_pose_estimate created
[mavros_node-1] [INFO] [1786436300.954734950] [mavros.mavros]: Plugin mocap_pose_estimate initialized
[mavros_node-1] [INFO] [1786436300.975323046] [mavros.mavros]: Plugin mount_control created
[mavros_node-1] [INFO] [1786436300.975391039] [mavros.mavros]: Plugin mount_control initialized
[mavros_node-1] [INFO] [1786436300.989877306] [mavros.mavros]: Plugin nav_controller_output created
[mavros_node-1] [INFO] [1786436300.989956781] [mavros.mavros]: Plugin nav_controller_output initialized
[mavros_node-1] [INFO] [1786436301.004248739] [mavros.mavros]: Plugin obstacle_distance created
[mavros_node-1] [INFO] [1786436301.004332491] [mavros.mavros]: Plugin obstacle_distance initialized
[mavros_node-1] [INFO] [1786436301.023322393] [mavros.mavros]: Plugin obstacle_distance_3d created
[mavros_node-1] [INFO] [1786436301.023396465] [mavros.mavros]: Plugin obstacle_distance_3d initialized
[mavros_node-1] [INFO] [1786436301.052494182] [mavros.mavros]: Plugin odometry created
[mavros_node-1] [INFO] [1786436301.052569407] [mavros.mavros]: Plugin odometry initialized
[fix_mavros_odometry_frames.py-4] [INFO] [1786436301.066810991] [fix_mavros_odometry_frames]: Setting MAVROS odometry target frames to odom/base_link.
[fix_mavros_odometry_frames.py-4] [INFO] [1786436301.070054396] [fix_mavros_odometry_frames]: MAVROS odometry frame targets updated successfully.
[mavros_node-1] [INFO] [1786436301.074924421] [mavros.mavros]: Plugin onboard_computer_status created
[mavros_node-1] [INFO] [1786436301.075007472] [mavros.mavros]: Plugin onboard_computer_status initialized
[mavros_node-1] [INFO] [1786436301.105615029] [mavros.mavros]: Plugin open_drone_id created
[mavros_node-1] [INFO] [1786436301.105682665] [mavros.mavros]: Plugin open_drone_id initialized
[mavros_node-1] [INFO] [1786436301.127394231] [mavros.mavros]: Plugin optical_flow created
[mavros_node-1] [INFO] [1786436301.127539031] [mavros.mavros]: Plugin optical_flow initialized
[mavros_node-1] [INFO] [1786436301.150622246] [mavros.mavros]: Plugin param created
[mavros_node-1] [INFO] [1786436301.150689970] [mavros.mavros]: Plugin param initialized
[mavros_node-1] [INFO] [1786436301.168441305] [mavros.mavros]: Plugin play_tune created
[mavros_node-1] [INFO] [1786436301.168539171] [mavros.mavros]: Plugin play_tune initialized
[mavros_node-1] [INFO] [1786436301.192240916] [mavros.mavros]: Plugin px4flow created
[mavros_node-1] [INFO] [1786436301.192306136] [mavros.mavros]: Plugin px4flow initialized
[INFO] [fix_mavros_odometry_frames.py-4]: process has finished cleanly [pid 19432]
[mavros_node-1] [INFO] [1786436301.216387074] [mavros.mavros]: Plugin rallypoint created
[mavros_node-1] [INFO] [1786436301.216498315] [mavros.mavros]: Plugin rallypoint initialized
[mavros_node-1] [INFO] [1786436301.216509431] [mavros.mavros]: Plugin rangefinder ignored
[mavros_node-1] [INFO] [1786436301.237251092] [mavros.mavros]: Plugin rc_io created
[mavros_node-1] [INFO] [1786436301.237374055] [mavros.mavros]: Plugin rc_io initialized
[mavros_node-1] [INFO] [1786436301.255551063] [mavros.mavros]: Plugin setpoint_accel created
[mavros_node-1] [INFO] [1786436301.255624328] [mavros.mavros]: Plugin setpoint_accel initialized
[mavros_node-1] [INFO] [1786436301.277242082] [mavros.mavros]: Plugin setpoint_attitude created
[mavros_node-1] [INFO] [1786436301.277314318] [mavros.mavros]: Plugin setpoint_attitude initialized
[mavros_node-1] [INFO] [1786436301.298895753] [mavros.mavros]: Plugin setpoint_position created
[mavros_node-1] [INFO] [1786436301.298960422] [mavros.mavros]: Plugin setpoint_position initialized
[mavros_node-1] [INFO] [1786436301.328341495] [mavros.mavros]: Plugin setpoint_raw created
[mavros_node-1] [INFO] [1786436301.328411672] [mavros.mavros]: Plugin setpoint_raw initialized
[mavros_node-1] [INFO] [1786436301.355824025] [mavros.mavros]: Plugin setpoint_trajectory created
[mavros_node-1] [INFO] [1786436301.355941512] [mavros.mavros]: Plugin setpoint_trajectory initialized
[mavros_node-1] [INFO] [1786436301.386941995] [mavros.mavros]: Plugin setpoint_velocity created
[mavros_node-1] [INFO] [1786436301.387022425] [mavros.mavros]: Plugin setpoint_velocity initialized
[mavros_node-1] [INFO] [1786436301.413942994] [mavros.mavros]: Plugin sim_state created
[mavros_node-1] [INFO] [1786436301.414033768] [mavros.mavros]: Plugin sim_state initialized
[mavros_node-1] [INFO] [1786436301.455831663] [mavros.mavros]: Plugin sys_status created
[mavros_node-1] [INFO] [1786436301.455916580] [mavros.mavros]: Plugin sys_status initialized
[mavros_node-1] [INFO] [1786436301.486875969] [mavros.time]: TM: Timesync mode: MAVLINK
[mavros_node-1] [INFO] [1786436301.497156592] [mavros.mavros]: Plugin sys_time created
[mavros_node-1] [INFO] [1786436301.497247741] [mavros.mavros]: Plugin sys_time initialized
[mavros_node-1] [INFO] [1786436301.535289333] [mavros.mavros]: Plugin tdr_radio created
[mavros_node-1] [INFO] [1786436301.535402480] [mavros.mavros]: Plugin tdr_radio initialized
[mavros_node-1] [INFO] [1786436301.559223734] [mavros.mavros]: Plugin terrain created
[mavros_node-1] [INFO] [1786436301.559354474] [mavros.mavros]: Plugin terrain initialized
[mavros_node-1] [INFO] [1786436301.590594394] [mavros.mavros]: Plugin trajectory created
[mavros_node-1] [INFO] [1786436301.590715186] [mavros.mavros]: Plugin trajectory initialized
[mavros_node-1] [INFO] [1786436301.612037265] [mavros.mavros]: Plugin tunnel created
[mavros_node-1] [INFO] [1786436301.612106146] [mavros.mavros]: Plugin tunnel initialized
[mavros_node-1] [INFO] [1786436301.632507195] [mavros.mavros]: Plugin vfr_hud created
[mavros_node-1] [INFO] [1786436301.632598971] [mavros.mavros]: Plugin vfr_hud initialized
[mavros_node-1] [INFO] [1786436301.632609140] [mavros.mavros]: Plugin vibration ignored
[mavros_node-1] [INFO] [1786436301.658095897] [mavros.mavros]: Plugin vision_pose created
[mavros_node-1] [INFO] [1786436301.658155042] [mavros.mavros]: Plugin vision_pose initialized
[mavros_node-1] [INFO] [1786436301.684397868] [mavros.mavros]: Plugin vision_speed created
[mavros_node-1] [INFO] [1786436301.684458060] [mavros.mavros]: Plugin vision_speed initialized
[mavros_node-1] [INFO] [1786436301.715490923] [mavros.mavros]: Plugin waypoint created
[mavros_node-1] [INFO] [1786436301.715617389] [mavros.mavros]: Plugin waypoint initialized
[mavros_node-1] [INFO] [1786436301.715628567] [mavros.mavros]: Plugin wheel_odometry ignored
[mavros_node-1] [INFO] [1786436301.741860481] [mavros.mavros]: Plugin wind_estimation created
[mavros_node-1] [INFO] [1786436301.742041217] [mavros.mavros]: Plugin wind_estimation initialized
[mavros_node-1] [INFO] [1786436301.744830184] [mavros.mavros]: Built-in SIMD instructions: SSE, SSE2
[mavros_node-1] [INFO] [1786436301.744912519] [mavros.mavros]: Built-in MAVLink package version: 2026.3.3
[mavros_node-1] [INFO] [1786436301.744942899] [mavros.mavros]: Known MAVLink dialects: common ardupilotmega ASLUAV AVSSUAS all csAirLink cubepilot development icarous loweheiser marsh matrixpilot paparazzi standard stemstudios storm32 uAvionix ualberta
[mavros_node-1] [INFO] [1786436301.744957130] [mavros.mavros]: MAVROS UAS via /uas1 started. MY ID 255.190, TARGET ID 1.1
[mavros_node-1] [INFO] [1786436301.757712816] [mavros.imu]: IMU: High resolution IMU detected!
[mavros_node-1] [INFO] [1786436301.759945598] [mavros.imu]: IMU: Attitude quaternion IMU detected!
[mavros_node-1] [INFO] [1786436301.781021585] [mavros.rc]: RC_CHANNELS message detected!
[mavros_node-1] [INFO] [1786436301.827390455] [mavros.mavros_router]: link[1001] detected remote address 255.190
[mavros_node-1] [INFO] [1786436302.225483020] [mavros.mavros]: CON: Got HEARTBEAT, connected. FCU: PX4 Autopilot
[mavros_node-1] [INFO] [1786436302.225730547] [mavros.mission]: WP: detected enable_partial_push: 0
[mavros_node-1] [INFO] [1786436302.230434996] [mavros.rc]: RC_CHANNELS message detected!
[mavros_node-1] [INFO] [1786436302.237745963] [mavros.imu]: IMU: High resolution IMU detected!
[mavros_node-1] [INFO] [1786436302.240026672] [mavros.imu]: IMU: Attitude quaternion IMU detected!
[mavros_node-1] [WARN] [1786436303.236970071] [mavros.cmd]: CMD: Unexpected command 520, result 3
[fastlio_ev_health_monitor.py-3] [INFO] [1786436303.822393210] [fastlio_ev_health_monitor]: EV health state=HEALTHY: ok
[mavros_node-1] [WARN] [1786436304.055462392] [mavros.sys]: FCU: UNK(8): EVENT 11047904 with args -0-0-0-18-1-0-0-0-0-129-46-1-128-131-191-1-128-0-0-0-0-0-0-0-0-0-0-0-0-0-0-0-0-0-0-0-0-0-0-0-
[mavros_node-1] [ERROR] [1786436304.055771033] [mavros.sys]: FCU: EVENT 9697819 with args -126-209-126-0-17-0-0-0-0-0-0-0-0-0-0-0-0-0-0-0-0-0-0-0-0-0-0-0-0-0-0-0-0-0-0-0-0-0-0-0-
[mavros_node-1] [ERROR] [1786436304.056105610] [mavros.sys]: FCU: EVENT 13679014 with args -0-64-0-0-20-0-0-0-0-0-0-0-0-0-0-0-0-0-0-0-0-0-0-0-0-0-0-0-0-0-0-0-0-0-0-0-0-0-0-0-
[mavros_node-1] [ERROR] [1786436304.056475487] [mavros.sys]: FCU: EVENT 13835193 with args -124-0-126-0-17-0-0-0-0-0-0-0-0-0-0-0-0-0-0-0-0-0-0-0-0-0-0-0-0-0-0-0-0-0-0-0-0-0-0-0-
[mavros_node-1] [ERROR] [1786436304.056807030] [mavros.sys]: FCU: EVENT 10011251 with args -56-0-0-0-24-0-0-0-0-0-0-0-0-0-0-0-0-0-0-0-0-0-0-0-0-0-0-0-0-0-0-0-0-0-0-0-0-0-0-0-
[mavros_node-1] [INFO] [1786436304.057213095] [mavros.sys]: FCU: EVENT 377561 with args -8-0-0-0-20-0-0-0-0-0-0-0-0-0-0-0-0-0-0-0-0-0-0-0-0-0-0-0-0-0-0-0-0-0-0-0-0-0-0-0-
[mavros_node-1] [INFO] [1786436304.057505256] [mavros.sys]: FCU: EVENT 79408 with args -32-0-0-0-20-0-0-0-0-0-0-0-0-0-0-0-0-0-0-0-0-0-0-0-0-0-0-0-0-0-0-0-0-0-0-0-0-0-0-0-
[mavros_node-1] [INFO] [1786436304.057606847] [mavros.sys]: FCU: EVENT 6801787 with args -255-255-255-255-12-0-0-0-0-0-0-0-0-0-0-0-0-0-0-0-0-0-0-0-0-0-0-0-0-0-0-0-0-0-0-0-0-0-0-0-
[mavros_node-1] [WARN] [1786436304.057888726] [mavros.sys]: FCU: UNK(8): EVENT 1914663 with args -0-130-0-2-48-0-0-0-0-0-0-0-0-0-0-0-0-0-0-0-0-0-0-0-0-0-0-0-0-0-0-0-0-0-0-0-0-0-0-0-
[mavros_node-1] [WARN] [1786436304.235274244] [mavros.sys]: VER: broadcast request timeout, retries left 4
[mavros_node-1] [WARN] [1786436305.234882477] [mavros.sys]: VER: broadcast request timeout, retries left 3
[mavros_node-1] [WARN] [1786436306.089062980] [mavros.sys]: FCU: UNK(8): EVENT 11047904 with args -0-0-0-18-1-0-0-0-0-131-191-1-128-131-191-1-128-0-0-0-0-0-0-0-0-0-0-0-0-0-0-0-0-0-0-0-0-0-0-0-
[mavros_node-1] [ERROR] [1786436306.089353664] [mavros.sys]: FCU: EVENT 13679014 with args -0-64-0-0-20-0-0-0-0-0-0-0-0-0-0-0-0-0-0-0-0-0-0-0-0-0-0-0-0-0-0-0-0-0-0-0-0-0-0-0-
[mavros_node-1] [ERROR] [1786436306.089688129] [mavros.sys]: FCU: EVENT 13835193 with args -124-0-126-0-17-0-0-0-0-0-0-0-0-0-0-0-0-0-0-0-0-0-0-0-0-0-0-0-0-0-0-0-0-0-0-0-0-0-0-0-
[mavros_node-1] [ERROR] [1786436306.089785099] [mavros.sys]: FCU: EVENT 10011251 with args -56-0-0-0-24-0-0-0-0-0-0-0-0-0-0-0-0-0-0-0-0-0-0-0-0-0-0-0-0-0-0-0-0-0-0-0-0-0-0-0-
[mavros_node-1] [INFO] [1786436306.090033021] [mavros.sys]: FCU: EVENT 377561 with args -8-0-0-0-20-0-0-0-0-0-0-0-0-0-0-0-0-0-0-0-0-0-0-0-0-0-0-0-0-0-0-0-0-0-0-0-0-0-0-0-
[mavros_node-1] [INFO] [1786436306.090384828] [mavros.sys]: FCU: EVENT 79408 with args -32-0-0-0-20-0-0-0-0-0-0-0-0-0-0-0-0-0-0-0-0-0-0-0-0-0-0-0-0-0-0-0-0-0-0-0-0-0-0-0-
[mavros_node-1] [INFO] [1786436306.090722054] [mavros.sys]: FCU: EVENT 6801787 with args -255-255-255-255-12-0-0-0-0-0-0-0-0-0-0-0-0-0-0-0-0-0-0-0-0-0-0-0-0-0-0-0-0-0-0-0-0-0-0-0-
[mavros_node-1] [WARN] [1786436306.091822289] [mavros.sys]: FCU: UNK(8): EVENT 1914663 with args -0-130-0-2-48-0-0-0-0-0-0-0-0-0-0-0-0-0-0-0-0-0-0-0-0-0-0-0-0-0-0-0-0-0-0-0-0-0-0-0-
[mavros_node-1] [ERROR] [1786436306.246073356] [mavros.sys]: VER: command plugin service call failed!
[mavros_node-1] [WARN] [1786436306.246124486] [mavros.sys]: VER: unicast request timeout, retries left 2
[mavros_node-1] [ERROR] [1786436307.422966731] [mavros.sys]: VER: command plugin service call failed!
[mavros_node-1] [WARN] [1786436307.423044444] [mavros.sys]: VER: unicast request timeout, retries left 1
[mavros_node-1] [WARN] [1786436308.168876872] [mavros.sys]: FCU: UNK(8): EVENT 11047904 with args -0-0-0-16-1-0-0-0-0-199-191-127-128-199-191-127-128-0-0-0-0-0-0-0-0-0-0-0-0-0-0-0-0-0-0-0-0-0-0-0-
[mavros_node-1] [ERROR] [1786436308.169531514] [mavros.sys]: FCU: EVENT 11464574 with args -0-64-0-0-20-0-0-0-0-0-0-0-0-0-0-0-0-0-0-0-0-0-0-0-0-0-0-0-0-0-0-0-0-0-0-0-0-0-0-0-
[mavros_node-1] [ERROR] [1786436308.169693491] [mavros.sys]: FCU: EVENT 10011251 with args -56-0-0-0-24-0-0-0-0-0-0-0-0-0-0-0-0-0-0-0-0-0-0-0-0-0-0-0-0-0-0-0-0-0-0-0-0-0-0-0-
[mavros_node-1] [INFO] [1786436308.170242241] [mavros.sys]: FCU: EVENT 377561 with args -8-0-0-0-20-0-0-0-0-0-0-0-0-0-0-0-0-0-0-0-0-0-0-0-0-0-0-0-0-0-0-0-0-0-0-0-0-0-0-0-
[mavros_node-1] [INFO] [1786436308.170608240] [mavros.sys]: FCU: EVENT 79408 with args -32-0-0-0-20-0-0-0-0-0-0-0-0-0-0-0-0-0-0-0-0-0-0-0-0-0-0-0-0-0-0-0-0-0-0-0-0-0-0-0-
[mavros_node-1] [INFO] [1786436308.170749879] [mavros.sys]: FCU: EVENT 6801787 with args -255-255-255-255-12-0-0-0-0-0-0-0-0-0-0-0-0-0-0-0-0-0-0-0-0-0-0-0-0-0-0-0-0-0-0-0-0-0-0-0-
[mavros_node-1] [WARN] [1786436308.171569241] [mavros.sys]: FCU: UNK(8): EVENT 1914663 with args -0-130-0-2-48-0-0-0-0-0-0-0-0-0-0-0-0-0-0-0-0-0-0-0-0-0-0-0-0-0-0-0-0-0-0-0-0-0-0-0-
[mavros_node-1] [ERROR] [1786436308.242790032] [mavros.sys]: VER: command plugin service call failed!
[mavros_node-1] [WARN] [1786436308.242850017] [mavros.sys]: VER: unicast request timeout, retries left 0
[mavros_node-1] [ERROR] [1786436309.241009952] [mavros.sys]: VER: command plugin service call failed!
[mavros_node-1] [WARN] [1786436309.241084780] [mavros.sys]: VER: your FCU don't support AUTOPILOT_VERSION, switched to default capabilities
[mavros_node-1] [WARN] [1786436311.341540007] [mavros.sys]: FCU: UNK(8): EVENT 11047904 with args -0-0-0-0-1-0-0-0-0-199-255-127-128-199-255-127-128-0-0-0-0-0-0-0-0-0-0-0-0-0-0-0-0-0-0-0-0-0-0-0-
[mavros_node-1] [ERROR] [1786436311.341927670] [mavros.sys]: FCU: EVENT 10011251 with args -56-0-0-0-24-0-0-0-0-0-0-0-0-0-0-0-0-0-0-0-0-0-0-0-0-0-0-0-0-0-0-0-0-0-0-0-0-0-0-0-
[mavros_node-1] [INFO] [1786436311.342195925] [mavros.sys]: FCU: EVENT 377561 with args -8-0-0-0-20-0-0-0-0-0-0-0-0-0-0-0-0-0-0-0-0-0-0-0-0-0-0-0-0-0-0-0-0-0-0-0-0-0-0-0-
[mavros_node-1] [INFO] [1786436311.342650485] [mavros.sys]: FCU: EVENT 79408 with args -32-0-0-0-20-0-0-0-0-0-0-0-0-0-0-0-0-0-0-0-0-0-0-0-0-0-0-0-0-0-0-0-0-0-0-0-0-0-0-0-
[mavros_node-1] [INFO] [1786436311.342923237] [mavros.sys]: FCU: EVENT 6801787 with args -255-255-255-255-12-0-0-0-0-0-0-0-0-0-0-0-0-0-0-0-0-0-0-0-0-0-0-0-0-0-0-0-0-0-0-0-0-0-0-0-
[mavros_node-1] [WARN] [1786436311.345522100] [mavros.sys]: FCU: UNK(8): EVENT 1914663 with args -0-130-0-2-48-0-0-0-0-0-0-0-0-0-0-0-0-0-0-0-0-0-0-0-0-0-0-0-0-0-0-0-0-0-0-0-0-0-0-0-
[mavros_node-1] [INFO] [1786436312.225674726] [mavros.home_position]: HP: requesting home position
[mavros_node-1] [INFO] [1786436317.227671767] [mavros.mission]: WP: mission received
[mavros_node-1] [INFO] [1786436322.229709672] [mavros.rallypoint]: RP: mission received
[mavros_node-1] [INFO] [1786436327.224107786] [mavros.geofence]: GF: mission received
[mavros_node-1] [INFO] [1786436340.296948822] [mavros.sys]: FCU: EVENT 9489139 with args -2-0-0-0-0-0-0-0-0-0-0-0-0-0-0-0-0-0-0-0-0-0-0-0-0-0-0-0-0-0-0-0-0-0-0-0-0-0-0-0-
[mavros_node-1] [INFO] [1786436340.358040237] [mavros.sys]: FCU: EVENT 4535132 with args -2-0-101-0-0-0-0-0-0-0-0-0-0-0-0-0-0-0-0-0-0-0-0-0-0-0-0-0-0-0-0-0-0-0-0-0-0-0-0-0-
[mavros_node-1] [WARN] [1786436340.563740618] [mavros.sys]: FCU: UNK(8): EVENT 11047904 with args -0-0-0-0-1-0-0-0-0-199-255-127-128-199-255-127-128-0-0-0-0-0-0-0-0-0-0-0-0-0-0-0-0-0-0-0-0-0-0-0-
[mavros_node-1] [ERROR] [1786436340.564044512] [mavros.sys]: FCU: EVENT 10011251 with args -56-0-0-0-24-0-0-0-0-0-0-0-0-0-0-0-0-0-0-0-0-0-0-0-0-0-0-0-0-0-0-0-0-0-0-0-0-0-0-0-
[mavros_node-1] [INFO] [1786436340.564311682] [mavros.sys]: FCU: EVENT 377561 with args -8-0-0-0-20-0-0-0-0-0-0-0-0-0-0-0-0-0-0-0-0-0-0-0-0-0-0-0-0-0-0-0-0-0-0-0-0-0-0-0-
[mavros_node-1] [INFO] [1786436340.564686943] [mavros.sys]: FCU: EVENT 79408 with args -32-0-0-0-20-0-0-0-0-0-0-0-0-0-0-0-0-0-0-0-0-0-0-0-0-0-0-0-0-0-0-0-0-0-0-0-0-0-0-0-
[mavros_node-1] [INFO] [1786436340.565062127] [mavros.sys]: FCU: EVENT 6801787 with args -255-255-255-255-12-0-0-0-0-0-0-0-0-0-0-0-0-0-0-0-0-0-0-0-0-0-0-0-0-0-0-0-0-0-0-0-0-0-0-0-
[mavros_node-1] [WARN] [1786436340.565081518] [mavros.sys]: FCU: UNK(8): EVENT 1914663 with args -0-130-4-2-48-0-0-0-0-0-0-0-0-0-0-0-0-0-0-0-0-0-0-0-0-0-0-0-0-0-0-0-0-0-0-0-0-0-0-0-
[fastlio_ev_health_monitor.py-3] [WARN] [1786436343.222810858] [fastlio_ev_health_monitor]: EV health state=SUSPECT: internal_velocity_mismatch difference=0.662m/s
[mavros_node-1] [INFO] [1786436343.550220627] [mavros.sys]: FCU: EVENT 4277609 with args -0-0-0-0-0-0-0-0-0-0-0-0-0-0-0-0-0-0-0-0-0-0-0-0-0-0-0-0-0-0-0-0-0-0-0-0-0-0-0-0-
[fastlio_ev_health_monitor.py-3] [WARN] [1786436343.806323959] [fastlio_ev_health_monitor]: EV health state=FAULT: internal_velocity_mismatch difference=0.639m/s
[fastlio_odometry_guard-2] [WARN] [1786436345.223529254] [fastlio_odometry_guard]: Rejected FAST-LIO odometry: reported z speed 2.0006 m/s (accepted=451 rejected=1)
[mavros_node-1] [INFO] [1786436345.500428722] [mavros.sys]: FCU: EVENT 9844908 with args -0-0-0-0-0-0-0-0-0-0-0-0-0-0-0-0-0-0-0-0-0-0-0-0-0-0-0-0-0-0-0-0-0-0-0-0-0-0-0-0-
[mavros_node-1] [INFO] [1786436347.262105867] [mavros.sys]: FCU: EVENT 16017271 with args -2-0-0-0-0-0-0-0-0-0-0-0-0-0-0-0-0-0-0-0-0-0-0-0-0-0-0-0-0-0-0-0-0-0-0-0-0-0-0-0-
[mavros_node-1] [WARN] [1786436348.386601247] [mavros.sys]: FCU: UNK(8): EVENT 11047904 with args -0-0-0-18-1-0-0-0-0-131-191-1-128-131-191-1-128-0-0-0-0-0-0-0-0-0-0-0-0-0-0-0-0-0-0-0-0-0-0-0-
[mavros_node-1] [ERROR] [1786436348.386777928] [mavros.sys]: FCU: EVENT 13679014 with args -0-64-0-0-20-0-0-0-0-0-0-0-0-0-0-0-0-0-0-0-0-0-0-0-0-0-0-0-0-0-0-0-0-0-0-0-0-0-0-0-
[mavros_node-1] [ERROR] [1786436348.387045212] [mavros.sys]: FCU: EVENT 13835193 with args -124-0-126-0-17-0-0-0-0-0-0-0-0-0-0-0-0-0-0-0-0-0-0-0-0-0-0-0-0-0-0-0-0-0-0-0-0-0-0-0-
[mavros_node-1] [ERROR] [1786436348.387388524] [mavros.sys]: FCU: EVENT 10011251 with args -56-0-0-0-24-0-0-0-0-0-0-0-0-0-0-0-0-0-0-0-0-0-0-0-0-0-0-0-0-0-0-0-0-0-0-0-0-0-0-0-
[mavros_node-1] [INFO] [1786436348.387739882] [mavros.sys]: FCU: EVENT 377561 with args -8-0-0-0-20-0-0-0-0-0-0-0-0-0-0-0-0-0-0-0-0-0-0-0-0-0-0-0-0-0-0-0-0-0-0-0-0-0-0-0-
[mavros_node-1] [INFO] [1786436348.388056648] [mavros.sys]: FCU: EVENT 79408 with args -32-0-0-0-20-0-0-0-0-0-0-0-0-0-0-0-0-0-0-0-0-0-0-0-0-0-0-0-0-0-0-0-0-0-0-0-0-0-0-0-
[mavros_node-1] [INFO] [1786436348.388405307] [mavros.sys]: FCU: EVENT 6801787 with args -255-255-255-255-12-0-0-0-0-0-0-0-0-0-0-0-0-0-0-0-0-0-0-0-0-0-0-0-0-0-0-0-0-0-0-0-0-0-0-0-
[mavros_node-1] [WARN] [1786436348.388489205] [mavros.sys]: FCU: UNK(8): EVENT 1914663 with args -0-130-4-2-48-0-0-0-0-0-0-0-0-0-0-0-0-0-0-0-0-0-0-0-0-0-0-0-0-0-0-0-0-0-0-0-0-0-0-0-
[fastlio_odometry_guard-2] [WARN] [1786436349.020011496] [fastlio_odometry_guard]: Rejected FAST-LIO odometry: z jump -0.100478 m; resynced guard baseline (accepted=483 rejected=7)
[mavros_node-1] [WARN] [1786436350.564628286] [mavros.sys]: FCU: UNK(8): EVENT 11047904 with args -0-0-0-18-1-0-0-0-0-131-191-1-128-131-191-1-128-0-0-0-0-0-0-0-0-0-0-0-0-0-0-0-0-0-0-0-0-0-0-0-
[mavros_node-1] [ERROR] [1786436350.564791910] [mavros.sys]: FCU: EVENT 13679014 with args -0-64-0-0-20-0-0-0-0-0-0-0-0-0-0-0-0-0-0-0-0-0-0-0-0-0-0-0-0-0-0-0-0-0-0-0-0-0-0-0-
[mavros_node-1] [ERROR] [1786436350.565056637] [mavros.sys]: FCU: EVENT 13835193 with args -124-0-126-0-17-0-0-0-0-0-0-0-0-0-0-0-0-0-0-0-0-0-0-0-0-0-0-0-0-0-0-0-0-0-0-0-0-0-0-0-
[mavros_node-1] [ERROR] [1786436350.565330346] [mavros.sys]: FCU: EVENT 10011251 with args -56-0-0-0-24-0-0-0-0-0-0-0-0-0-0-0-0-0-0-0-0-0-0-0-0-0-0-0-0-0-0-0-0-0-0-0-0-0-0-0-
[mavros_node-1] [INFO] [1786436350.565730233] [mavros.sys]: FCU: EVENT 377561 with args -8-0-0-0-20-0-0-0-0-0-0-0-0-0-0-0-0-0-0-0-0-0-0-0-0-0-0-0-0-0-0-0-0-0-0-0-0-0-0-0-
[mavros_node-1] [INFO] [1786436350.566046316] [mavros.sys]: FCU: EVENT 79408 with args -32-0-0-0-20-0-0-0-0-0-0-0-0-0-0-0-0-0-0-0-0-0-0-0-0-0-0-0-0-0-0-0-0-0-0-0-0-0-0-0-
[mavros_node-1] [INFO] [1786436350.566429225] [mavros.sys]: FCU: EVENT 6801787 with args -255-255-255-255-12-0-0-0-0-0-0-0-0-0-0-0-0-0-0-0-0-0-0-0-0-0-0-0-0-0-0-0-0-0-0-0-0-0-0-0-
[mavros_node-1] [WARN] [1786436350.568770108] [mavros.sys]: FCU: UNK(8): EVENT 1914663 with args -0-130-0-2-48-0-0-0-0-0-0-0-0-0-0-0-0-0-0-0-0-0-0-0-0-0-0-0-0-0-0-0-0-0-0-0-0-0-0-0-
[fastlio_ev_health_monitor.py-3] [INFO] [1786436351.921881128] [fastlio_ev_health_monitor]: EV health state=HEALTHY: ok
[mavros_node-1] [WARN] [1786436353.181297529] [mavros.sys]: FCU: UNK(8): EVENT 11047904 with args -0-0-0-16-1-0-0-0-0-199-191-127-128-199-191-127-128-0-0-0-0-0-0-0-0-0-0-0-0-0-0-0-0-0-0-0-0-0-0-0-
[mavros_node-1] [ERROR] [1786436353.181639911] [mavros.sys]: FCU: EVENT 11464574 with args -0-64-0-0-20-0-0-0-0-0-0-0-0-0-0-0-0-0-0-0-0-0-0-0-0-0-0-0-0-0-0-0-0-0-0-0-0-0-0-0-
[mavros_node-1] [ERROR] [1786436353.181919573] [mavros.sys]: FCU: EVENT 10011251 with args -56-0-0-0-24-0-0-0-0-0-0-0-0-0-0-0-0-0-0-0-0-0-0-0-0-0-0-0-0-0-0-0-0-0-0-0-0-0-0-0-
[mavros_node-1] [INFO] [1786436353.182313211] [mavros.sys]: FCU: EVENT 377561 with args -8-0-0-0-20-0-0-0-0-0-0-0-0-0-0-0-0-0-0-0-0-0-0-0-0-0-0-0-0-0-0-0-0-0-0-0-0-0-0-0-
[mavros_node-1] [INFO] [1786436353.182607895] [mavros.sys]: FCU: EVENT 79408 with args -32-0-0-0-20-0-0-0-0-0-0-0-0-0-0-0-0-0-0-0-0-0-0-0-0-0-0-0-0-0-0-0-0-0-0-0-0-0-0-0-
[mavros_node-1] [INFO] [1786436353.182997211] [mavros.sys]: FCU: EVENT 6801787 with args -255-255-255-255-12-0-0-0-0-0-0-0-0-0-0-0-0-0-0-0-0-0-0-0-0-0-0-0-0-0-0-0-0-0-0-0-0-0-0-0-
[mavros_node-1] [WARN] [1786436353.184868281] [mavros.sys]: FCU: UNK(8): EVENT 1914663 with args -0-130-0-2-48-0-0-0-0-0-0-0-0-0-0-0-0-0-0-0-0-0-0-0-0-0-0-0-0-0-0-0-0-0-0-0-0-0-0-0-
[mavros_node-1] [WARN] [1786436359.437789151] [mavros.sys]: FCU: UNK(8): EVENT 11047904 with args -0-0-0-0-1-0-0-0-0-199-255-127-128-199-255-127-128-0-0-0-0-0-0-0-0-0-0-0-0-0-0-0-0-0-0-0-0-0-0-0-
[mavros_node-1] [ERROR] [1786436359.438183520] [mavros.sys]: FCU: EVENT 10011251 with args -56-0-0-0-24-0-0-0-0-0-0-0-0-0-0-0-0-0-0-0-0-0-0-0-0-0-0-0-0-0-0-0-0-0-0-0-0-0-0-0-
[mavros_node-1] [INFO] [1786436359.438483440] [mavros.sys]: FCU: EVENT 377561 with args -8-0-0-0-20-0-0-0-0-0-0-0-0-0-0-0-0-0-0-0-0-0-0-0-0-0-0-0-0-0-0-0-0-0-0-0-0-0-0-0-
[mavros_node-1] [INFO] [1786436359.438806016] [mavros.sys]: FCU: EVENT 79408 with args -32-0-0-0-20-0-0-0-0-0-0-0-0-0-0-0-0-0-0-0-0-0-0-0-0-0-0-0-0-0-0-0-0-0-0-0-0-0-0-0-
[mavros_node-1] [INFO] [1786436359.439222153] [mavros.sys]: FCU: EVENT 6801787 with args -255-255-255-255-12-0-0-0-0-0-0-0-0-0-0-0-0-0-0-0-0-0-0-0-0-0-0-0-0-0-0-0-0-0-0-0-0-0-0-0-
[mavros_node-1] [WARN] [1786436359.439343543] [mavros.sys]: FCU: UNK(8): EVENT 1914663 with args -0-130-0-2-48-0-0-0-0-0-0-0-0-0-0-0-0-0-0-0-0-0-0-0-0-0-0-0-0-0-0-0-0-0-0-0-0-0-0-0-
[mavros_node-1] [INFO] [1786436371.019046366] [mavros.sys]: FCU: EVENT 11290563 with args -0-0-0-0-0-0-0-0-0-0-0-0-0-0-0-0-0-0-0-0-0-0-0-0-0-0-0-0-0-0-0-0-0-0-0-0-0-0-0-0-
[mavros_node-1] [WARN] [1786436371.030627047] [mavros.sys]: FCU: UNK(8): EVENT 11047904 with args -0-128-0-16-1-0-0-0-0-0-0-0-0-199-255-127-128-0-0-0-0-0-0-0-0-0-0-0-0-0-0-0-0-0-0-0-0-0-0-0-
[mavros_node-1] [ERROR] [1786436371.030943446] [mavros.sys]: FCU: EVENT 9077977 with args -255-255-255-255-7-0-0-0-0-0-0-0-0-0-0-0-0-0-0-0-0-0-0-0-0-0-0-0-0-0-0-0-0-0-0-0-0-0-0-0-
[mavros_node-1] [ERROR] [1786436371.031252387] [mavros.sys]: FCU: EVENT 10011251 with args -56-0-0-0-24-0-0-0-0-0-0-0-0-0-0-0-0-0-0-0-0-0-0-0-0-0-0-0-0-0-0-0-0-0-0-0-0-0-0-0-
[mavros_node-1] [INFO] [1786436371.031632387] [mavros.sys]: FCU: EVENT 377561 with args -8-0-0-0-20-0-0-0-0-0-0-0-0-0-0-0-0-0-0-0-0-0-0-0-0-0-0-0-0-0-0-0-0-0-0-0-0-0-0-0-
[mavros_node-1] [INFO] [1786436371.031949568] [mavros.sys]: FCU: EVENT 79408 with args -32-0-0-0-20-0-0-0-0-0-0-0-0-0-0-0-0-0-0-0-0-0-0-0-0-0-0-0-0-0-0-0-0-0-0-0-0-0-0-0-
[mavros_node-1] [ERROR] [1786436371.032349580] [mavros.sys]: FCU: EVENT 12754954 with args -255-255-255-255-20-0-0-0-0-0-0-0-0-0-0-0-0-0-0-0-0-0-0-0-0-0-0-0-0-0-0-0-0-0-0-0-0-0-0-0-
[mavros_node-1] [INFO] [1786436371.032649551] [mavros.sys]: FCU: EVENT 6801787 with args -255-255-255-255-12-0-0-0-0-0-0-0-0-0-0-0-0-0-0-0-0-0-0-0-0-0-0-0-0-0-0-0-0-0-0-0-0-0-0-0-
[mavros_node-1] [WARN] [1786436371.033288540] [mavros.sys]: FCU: UNK(8): EVENT 1914663 with args -0-130-0-2-48-0-0-0-0-0-0-0-0-0-0-0-0-0-0-0-0-0-0-0-0-0-0-0-0-0-0-0-0-0-0-0-0-0-0-0-
[mavros_node-1] [INFO] [1786436377.995574489] [mavros.sys]: FCU: EVENT 16682655 with args -0-0-0-0-0-0-0-0-0-0-0-0-0-0-0-0-0-0-0-0-0-0-0-0-0-0-0-0-0-0-0-0-0-0-0-0-0-0-0-0-
[mavros_node-1] [WARN] [1786436378.015447407] [mavros.sys]: FCU: UNK(8): EVENT 11047904 with args -0-0-0-0-1-0-0-0-0-199-255-127-128-199-255-127-128-0-0-0-0-0-0-0-0-0-0-0-0-0-0-0-0-0-0-0-0-0-0-0-
[mavros_node-1] [ERROR] [1786436378.015883287] [mavros.sys]: FCU: EVENT 10011251 with args -56-0-0-0-24-0-0-0-0-0-0-0-0-0-0-0-0-0-0-0-0-0-0-0-0-0-0-0-0-0-0-0-0-0-0-0-0-0-0-0-
[mavros_node-1] [INFO] [1786436378.016157984] [mavros.sys]: FCU: EVENT 377561 with args -8-0-0-0-20-0-0-0-0-0-0-0-0-0-0-0-0-0-0-0-0-0-0-0-0-0-0-0-0-0-0-0-0-0-0-0-0-0-0-0-
[mavros_node-1] [INFO] [1786436378.016544073] [mavros.sys]: FCU: EVENT 79408 with args -32-0-0-0-20-0-0-0-0-0-0-0-0-0-0-0-0-0-0-0-0-0-0-0-0-0-0-0-0-0-0-0-0-0-0-0-0-0-0-0-
[mavros_node-1] [INFO] [1786436378.017668815] [mavros.sys]: FCU: EVENT 6801787 with args -255-255-255-255-12-0-0-0-0-0-0-0-0-0-0-0-0-0-0-0-0-0-0-0-0-0-0-0-0-0-0-0-0-0-0-0-0-0-0-0-
[mavros_node-1] [WARN] [1786436378.017853967] [mavros.sys]: FCU: UNK(8): EVENT 1914663 with args -0-130-0-2-48-0-0-0-0-0-0-0-0-0-0-0-0-0-0-0-0-0-0-0-0-0-0-0-0-0-0-0-0-0-0-0-0-0-0-0-
[mavros_node-1] [INFO] [1786436378.437252674] [mavros.sys]: FCU: EVENT 9489139 with args -2-0-0-0-0-0-0-0-0-0-0-0-0-0-0-0-0-0-0-0-0-0-0-0-0-0-0-0-0-0-0-0-0-0-0-0-0-0-0-0-
[mavros_node-1] [INFO] [1786436378.439432547] [mavros.sys]: FCU: EVENT 4535132 with args -2-0-102-0-0-0-0-0-0-0-0-0-0-0-0-0-0-0-0-0-0-0-0-0-0-0-0-0-0-0-0-0-0-0-0-0-0-0-0-0-
[mavros_node-1] [WARN] [1786436380.102476108] [mavros.sys]: FCU: UNK(8): EVENT 11047904 with args -0-0-0-0-1-0-0-0-0-199-255-127-128-199-255-127-128-0-0-0-0-0-0-0-0-0-0-0-0-0-0-0-0-0-0-0-0-0-0-0-
[mavros_node-1] [ERROR] [1786436380.102924139] [mavros.sys]: FCU: EVENT 10011251 with args -56-0-0-0-24-0-0-0-0-0-0-0-0-0-0-0-0-0-0-0-0-0-0-0-0-0-0-0-0-0-0-0-0-0-0-0-0-0-0-0-
[mavros_node-1] [INFO] [1786436380.103166449] [mavros.sys]: FCU: EVENT 377561 with args -8-0-0-0-20-0-0-0-0-0-0-0-0-0-0-0-0-0-0-0-0-0-0-0-0-0-0-0-0-0-0-0-0-0-0-0-0-0-0-0-
[mavros_node-1] [INFO] [1786436380.103505102] [mavros.sys]: FCU: EVENT 79408 with args -32-0-0-0-20-0-0-0-0-0-0-0-0-0-0-0-0-0-0-0-0-0-0-0-0-0-0-0-0-0-0-0-0-0-0-0-0-0-0-0-
[mavros_node-1] [INFO] [1786436380.103879403] [mavros.sys]: FCU: EVENT 6801787 with args -255-255-255-255-12-0-0-0-0-0-0-0-0-0-0-0-0-0-0-0-0-0-0-0-0-0-0-0-0-0-0-0-0-0-0-0-0-0-0-0-
[mavros_node-1] [WARN] [1786436380.103989957] [mavros.sys]: FCU: UNK(8): EVENT 1914663 with args -0-130-4-2-48-0-0-0-0-0-0-0-0-0-0-0-0-0-0-0-0-0-0-0-0-0-0-0-0-0-0-0-0-0-0-0-0-0-0-0-
[mavros_node-1] [INFO] [1786436381.079330078] [mavros.sys]: FCU: EVENT 4277609 with args -0-0-0-0-0-0-0-0-0-0-0-0-0-0-0-0-0-0-0-0-0-0-0-0-0-0-0-0-0-0-0-0-0-0-0-0-0-0-0-0-
[fastlio_odometry_guard-2] [WARN] [1786436381.525182925] [fastlio_odometry_guard]: Rejected FAST-LIO odometry: z jump 0.140385 m; resynced guard baseline (accepted=806 rejected=9)
[fastlio_ev_health_monitor.py-3] [WARN] [1786436381.529913736] [fastlio_ev_health_monitor]: EV health state=SUSPECT: internal_velocity_mismatch difference=0.518m/s
[fastlio_ev_health_monitor.py-3] [WARN] [1786436381.908539876] [fastlio_ev_health_monitor]: EV health state=FAULT: internal_velocity_mismatch difference=1.016m/s
[fastlio_odometry_guard-2] [WARN] [1786436382.534805430] [fastlio_odometry_guard]: Rejected FAST-LIO odometry: reported z speed 2.40606 m/s (accepted=806 rejected=19)
[fastlio_odometry_guard-2] [WARN] [1786436383.553717777] [fastlio_odometry_guard]: Rejected FAST-LIO odometry: reported speed 8.84419 m/s (accepted=806 rejected=29)
[fastlio_odometry_guard-2] [WARN] [1786436384.645034510] [fastlio_odometry_guard]: Rejected FAST-LIO odometry: reported speed 8.19104 m/s (accepted=806 rejected=40)
[fastlio_odometry_guard-2] [WARN] [1786436385.722703858] [fastlio_odometry_guard]: Rejected FAST-LIO odometry: reported speed 6.84981 m/s (accepted=806 rejected=51)
[mavros_node-1] [WARN] [1786436386.508599423] [mavros.sys]: FCU: UNK(8): EVENT 11047904 with args -0-0-0-18-1-0-0-0-0-131-191-1-128-131-191-1-128-0-0-0-0-0-0-0-0-0-0-0-0-0-0-0-0-0-0-0-0-0-0-0-
[mavros_node-1] [ERROR] [1786436386.508875754] [mavros.sys]: FCU: EVENT 13679014 with args -0-64-0-0-20-0-0-0-0-0-0-0-0-0-0-0-0-0-0-0-0-0-0-0-0-0-0-0-0-0-0-0-0-0-0-0-0-0-0-0-
[mavros_node-1] [ERROR] [1786436386.509245022] [mavros.sys]: FCU: EVENT 13835193 with args -124-0-126-0-17-0-0-0-0-0-0-0-0-0-0-0-0-0-0-0-0-0-0-0-0-0-0-0-0-0-0-0-0-0-0-0-0-0-0-0-
[mavros_node-1] [ERROR] [1786436386.509606738] [mavros.sys]: FCU: EVENT 10011251 with args -56-0-0-0-24-0-0-0-0-0-0-0-0-0-0-0-0-0-0-0-0-0-0-0-0-0-0-0-0-0-0-0-0-0-0-0-0-0-0-0-
[mavros_node-1] [INFO] [1786436386.509926518] [mavros.sys]: FCU: EVENT 377561 with args -8-0-0-0-20-0-0-0-0-0-0-0-0-0-0-0-0-0-0-0-0-0-0-0-0-0-0-0-0-0-0-0-0-0-0-0-0-0-0-0-
[mavros_node-1] [INFO] [1786436386.510304711] [mavros.sys]: FCU: EVENT 79408 with args -32-0-0-0-20-0-0-0-0-0-0-0-0-0-0-0-0-0-0-0-0-0-0-0-0-0-0-0-0-0-0-0-0-0-0-0-0-0-0-0-
[mavros_node-1] [INFO] [1786436386.510616644] [mavros.sys]: FCU: EVENT 6801787 with args -255-255-255-255-12-0-0-0-0-0-0-0-0-0-0-0-0-0-0-0-0-0-0-0-0-0-0-0-0-0-0-0-0-0-0-0-0-0-0-0-
[mavros_node-1] [WARN] [1786436386.512768037] [mavros.sys]: FCU: UNK(8): EVENT 1914663 with args -0-130-4-2-48-0-0-0-0-0-0-0-0-0-0-0-0-0-0-0-0-0-0-0-0-0-0-0-0-0-0-0-0-0-0-0-0-0-0-0-
[fastlio_odometry_guard-2] [WARN] [1786436386.821086366] [fastlio_odometry_guard]: Rejected FAST-LIO odometry: reported speed 6.25757 m/s (accepted=806 rejected=62)
[fastlio_odometry_guard-2] [WARN] [1786436387.822253557] [fastlio_odometry_guard]: Rejected FAST-LIO odometry: reported speed 6.86851 m/s (accepted=806 rejected=72)
[fastlio_odometry_guard-2] [WARN] [1786436388.928605353] [fastlio_odometry_guard]: Rejected FAST-LIO odometry: reported speed 6.27469 m/s (accepted=806 rejected=83)
[fastlio_odometry_guard-2] [WARN] [1786436390.026507127] [fastlio_odometry_guard]: Rejected FAST-LIO odometry: reported z speed 2.2812 m/s (accepted=806 rejected=94)
[mavros_node-1] [ERROR] [1786436391.419555067] [mavros.sys]: FCU: EVENT 10503063 with args -0-0-3-2-9-0-0-0-0-0-0-0-0-0-0-0-0-0-0-0-0-0-0-0-0-0-0-0-0-0-0-0-0-0-0-0-0-0-0-0-
[fastlio_odometry_guard-2] [WARN] [1786436395.121826107] [fastlio_odometry_guard]: Rejected FAST-LIO odometry: computed speed 1.22836 m/s; resynced guard baseline (accepted=850 rejected=101)
[fastlio_odometry_guard-2] [WARN] [1786436396.220170286] [fastlio_odometry_guard]: Rejected FAST-LIO odometry: z jump -0.230869 m; resynced guard baseline (accepted=850 rejected=112)
[fastlio_odometry_guard-2] [WARN] [1786436397.319108112] [fastlio_odometry_guard]: Rejected FAST-LIO odometry: reported speed 16.4496 m/s (accepted=850 rejected=123)
[fastlio_odometry_guard-2] [WARN] [1786436398.418927558] [fastlio_odometry_guard]: Rejected FAST-LIO odometry: reported speed 16.7224 m/s (accepted=850 rejected=134)
[fastlio_odometry_guard-2] [WARN] [1786436399.418929150] [fastlio_odometry_guard]: Rejected FAST-LIO odometry: reported speed 15.7992 m/s (accepted=850 rejected=144)
[fastlio_odometry_guard-2] [WARN] [1786436400.418998292] [fastlio_odometry_guard]: Rejected FAST-LIO odometry: reported speed 13.6526 m/s (accepted=850 rejected=154)
[fastlio_odometry_guard-2] [WARN] [1786436401.419251581] [fastlio_odometry_guard]: Rejected FAST-LIO odometry: reported speed 11.7091 m/s (accepted=850 rejected=164)
[fastlio_odometry_guard-2] [WARN] [1786436402.518737678] [fastlio_odometry_guard]: Rejected FAST-LIO odometry: reported speed 12.0036 m/s (accepted=850 rejected=175)
[fastlio_odometry_guard-2] [WARN] [1786436403.519157243] [fastlio_odometry_guard]: Rejected FAST-LIO odometry: reported speed 13.9622 m/s (accepted=850 rejected=185)
[fastlio_odometry_guard-2] [WARN] [1786436404.519244333] [fastlio_odometry_guard]: Rejected FAST-LIO odometry: reported speed 15.0376 m/s (accepted=850 rejected=195)
[mavros_node-1] [WARN] [1786436405.261219586] [mavros.mavros]: CON: Lost connection, HEARTBEAT timed out.
[fastlio_odometry_guard-2] [WARN] [1786436405.520538322] [fastlio_odometry_guard]: Rejected FAST-LIO odometry: reported speed 15.1257 m/s (accepted=850 rejected=205)
[fastlio_odometry_guard-2] [WARN] [1786436406.521190601] [fastlio_odometry_guard]: Rejected FAST-LIO odometry: reported speed 14.955 m/s (accepted=850 rejected=215)
[fastlio_odometry_guard-2] [WARN] [1786436407.619240166] [fastlio_odometry_guard]: Rejected FAST-LIO odometry: reported speed 16.1459 m/s (accepted=850 rejected=226)
[fastlio_odometry_guard-2] [WARN] [1786436408.719138882] [fastlio_odometry_guard]: Rejected FAST-LIO odometry: reported speed 19.6919 m/s (accepted=850 rejected=237)
[fastlio_odometry_guard-2] [WARN] [1786436409.720008224] [fastlio_odometry_guard]: Rejected FAST-LIO odometry: reported speed 23.8109 m/s (accepted=850 rejected=247)
[fastlio_odometry_guard-2] [WARN] [1786436410.721512935] [fastlio_odometry_guard]: Rejected FAST-LIO odometry: reported speed 27.2899 m/s (accepted=850 rejected=257)
[MAVROS and EV chain] 正在停止进程组 19377
[MAVROS and EV chain] 已退出，状态码 143
