[MID-360 driver] starting
[MID-360 driver] command: /home/robot/livox_mid360_env/run_mid360_driver.sh
[MID-360 driver] pid=6301 pgid=6301 log=/home/robot/rong_ws/ws_offboard_control/flight_records/20260812/flight_20260812_210036/logs/mid360_driver.log
[INFO] [launch]: All log files can be found below /home/robot/.ros/log/2026-08-12-21-00-47-550413-robot-6335
[INFO] [launch]: Default logging verbosity is set to INFO
[INFO] [livox_ros_driver2_node-1]: process started with pid [6339]
[livox_ros_driver2_node-1] [INFO] [1786539647.958893710] [livox_lidar_publisher]: Livox Ros Driver2 Version: 1.2.6
[livox_ros_driver2_node-1] [INFO] [1786539647.959823028] [livox_lidar_publisher]: Data Source is raw lidar.
[livox_ros_driver2_node-1] [INFO] [1786539647.959855555] [livox_lidar_publisher]: Config file : /home/robot/livox_mid360_env/ws_livox/install/livox_ros_driver2/share/livox_ros_driver2/launch_ROS2/../config/MID360_config.json
[livox_ros_driver2_node-1] LdsLidar *GetInstance
[livox_ros_driver2_node-1] config lidar type: 8
[livox_ros_driver2_node-1] successfully parse base config, counts: 1
[livox_ros_driver2_node-1] [INFO] [1786539647.962730192] [livox_lidar_publisher]: Init lds lidar success!
[livox_ros_driver2_node-1] GetFreeIndex key:livox_lidar_2147592384.
[livox_ros_driver2_node-1] Init queue, real query size:16.
[livox_ros_driver2_node-1] Lidar[0] storage queue size: 10
[livox_ros_driver2_node-1] set pcl data type, handle: 2147592384, data type: 1
[livox_ros_driver2_node-1] set scan pattern, handle: 2147592384, scan pattern: 0
[livox_ros_driver2_node-1] begin to change work mode to 'Normal', handle: 2147592384
[livox_ros_driver2_node-1] successfully set data type, handle: 2147592384, set_bit: 2
[livox_ros_driver2_node-1] successfully set pattern mode, handle: 2147592384, set_bit: 0
[livox_ros_driver2_node-1] successfully set lidar attitude, ip: 192.168.1.128
[livox_ros_driver2_node-1] successfully change work mode, handle: 2147592384
[livox_ros_driver2_node-1] successfully enable Livox Lidar imu, ip: 192.168.1.128
[livox_ros_driver2_node-1] [INFO] [1786539650.962961899] [livox_lidar_publisher]: livox/imu publish use imu format
[livox_ros_driver2_node-1] [INFO] [1786539650.963855182] [livox_lidar_publisher]: livox/lidar publish use livox custom format
[MID-360 driver] 正在停止进程组 6301
[MID-360 driver] 已退出，状态码 143
