[MAVROS and EV chain] starting
[MAVROS and EV chain] command: ros2 launch px4_ros_com fastlio_mavros_autofix.launch.py fcu_url:=serial:///dev/ttyUSB0:921600\?ids=255\,190 start_mavros_vision_bridge:=true start_odom_guard:=true start_ev_health_monitor:=true start_tf:=true world_yaw_alignment_rad:=0.0 fastlio_odom_topic:=/planning/odom body_to_sensor_x_m:=0.0 body_to_sensor_y_m:=0.0 body_to_sensor_z_m:=0.08 body_to_fastlio_yaw_rad:=0.0
[MAVROS and EV chain] pid=7448 pgid=7448 log=/home/robot/rong_ws/ws_offboard_control/flight_records/20260812/flight_20260812_210036/logs/px4_mavros.log
[INFO] [launch]: All log files can be found below /home/robot/.ros/log/2026-08-12-21-01-11-746305-robot-7448
[INFO] [launch]: Default logging verbosity is set to INFO
[INFO] [mavros_node-1]: process started with pid [7490]
[INFO] [fastlio_odometry_guard-2]: process started with pid [7492]
[INFO] [fastlio_ev_health_monitor.py-3]: process started with pid [7494]
[INFO] [fix_mavros_odometry_frames.py-4]: process started with pid [7497]
[INFO] [fastlio_mavros_vision_bridge-5]: process started with pid [7499]
[INFO] [static_transform_publisher-6]: process started with pid [7501]
[INFO] [static_transform_publisher-7]: process started with pid [7503]
[INFO] [static_transform_publisher-8]: process started with pid [7505]
[fastlio_odometry_guard-2] [INFO] [1786539672.047130045] [fastlio_odometry_guard]: Guarding odometry /planning/odom -> /Odometry/guarded (jump=0.30m, xy=0.20m, z=0.10m, speed=1.20m/s, unknown angular variance>=100000)
[static_transform_publisher-8] [INFO] [1786539672.059153893] [body_to_body_frd]: Spinning until stopped - publishing transform
[static_transform_publisher-8] translation: ('0.000000', '0.000000', '0.000000')
[static_transform_publisher-8] rotation: ('1.000000', '0.000000', '0.000000', '0.000000')
[static_transform_publisher-8] from 'body' to 'body_frd'
[fastlio_mavros_vision_bridge-5] [INFO] [1786539672.070335156] [fastlio_mavros_vision_bridge]: Bridging /Odometry/healthy -> /mavros/vision_pose/pose_cov + vision_speed for MAVROS vision input; body->FAST-LIO origin in body FLU=(0.0000, 0.0000, 0.0800) m, R_FASTLIO_body yaw=0.000000 rad, world yaw alignment=0.000000 rad
[mavros_node-1] [INFO] [1786539672.104112270] [mavros.mavros_node]: Starting mavros_node container
[mavros_node-1] [INFO] [1786539672.104493341] [mavros.mavros_node]: FCU URL: serial:///dev/ttyUSB0:921600?ids=255,190
[mavros_node-1] [INFO] [1786539672.104504903] [mavros.mavros_node]: GCS URL: 
[mavros_node-1] [INFO] [1786539672.104512553] [mavros.mavros_node]: UAS Prefix: /uas1
[mavros_node-1] [INFO] [1786539672.104518255] [mavros.mavros_node]: Starting mavros router node
[static_transform_publisher-7] [INFO] [1786539672.177308796] [camera_init_to_camera_init_ned]: Spinning until stopped - publishing transform
[static_transform_publisher-7] translation: ('0.000000', '0.000000', '0.000000')
[static_transform_publisher-7] rotation: ('0.707107', '0.707107', '0.000000', '0.000000')
[static_transform_publisher-7] from 'camera_init' to 'camera_init_ned'
[static_transform_publisher-6] [INFO] [1786539672.179266630] [base_link_to_body]: Spinning until stopped - publishing transform
[static_transform_publisher-6] translation: ('0.000000', '0.000000', '0.080000')
[static_transform_publisher-6] rotation: ('0.000000', '0.000000', '-0.000000', '1.000000')
[static_transform_publisher-6] from 'base_link' to 'body'
[mavros_node-1] [INFO] [1786539672.193396777] [mavros.mavros_router]: Built-in SIMD instructions: SSE, SSE2
[mavros_node-1] [INFO] [1786539672.193446146] [mavros.mavros_router]: Built-in MAVLink package version: 2026.3.3
[mavros_node-1] [INFO] [1786539672.193457680] [mavros.mavros_router]: Known MAVLink dialects: common ardupilotmega ASLUAV AVSSUAS all csAirLink cubepilot development icarous loweheiser marsh matrixpilot paparazzi standard stemstudios storm32 uAvionix ualberta
[mavros_node-1] [INFO] [1786539672.193463589] [mavros.mavros_router]: MAVROS Router started
[mavros_node-1] [INFO] [1786539672.194057222] [mavros.mavros_node]: Starting mavros uas node
[fix_mavros_odometry_frames.py-4] [INFO] [1786539672.243326042] [fix_mavros_odometry_frames]: Waiting for /mavros/odometry parameter service...
[mavros_node-1] [INFO] [1786539672.285018837] [mavros.mavros_router]: Requested to add endpoint: type: 0, url: serial:///dev/ttyUSB0:921600?ids=255,190
[mavros_node-1] [INFO] [1786539672.285096089] [mavros.mavros_router]: Endpoint link[1000] created
[mavros_node-1] [INFO] [1786539672.286263221] [mavros.mavros_router]: link[1000] opened successfully
[mavros_node-1] [INFO] [1786539672.286313452] [mavros.mavros_router]: Requested to add endpoint: type: 2, url: /uas1
[mavros_node-1] [INFO] [1786539672.286345429] [mavros.mavros_router]: Endpoint link[1001] created
[mavros_node-1] [INFO] [1786539672.288782080] [mavros.mavros_router]: link[1001] opened successfully
[mavros_node-1] [INFO] [1786539672.295174230] [mavros.mavros]: UAS Executor started, threads: 16
[mavros_node-1] [INFO] [1786539672.295206100] [mavros.mavros]: Plugin actuator_control ignored
[mavros_node-1] [INFO] [1786539672.295290200] [mavros.mavros]: Plugin adsb ignored
[mavros_node-1] [INFO] [1786539672.295295088] [mavros.mavros]: Plugin altitude ignored
[mavros_node-1] [INFO] [1786539672.295298761] [mavros.mavros]: Plugin cam_imu_sync ignored
[mavros_node-1] [INFO] [1786539672.295302345] [mavros.mavros]: Plugin camera ignored
[mavros_node-1] [INFO] [1786539672.295305979] [mavros.mavros]: Plugin cellular_status ignored
[mavros_node-1] [INFO] [1786539672.297949349] [mavros.mavros_router]: link[1000] detected remote address 8.8
[mavros_node-1] [INFO] [1786539672.300745321] [mavros.mavros_router]: link[1000] detected remote address 1.1
[mavros_node-1] [INFO] [1786539672.365524849] [mavros.mavros]: Plugin command created
[mavros_node-1] [INFO] [1786539672.365644966] [mavros.mavros]: Plugin command initialized
[mavros_node-1] [INFO] [1786539672.365666014] [mavros.mavros]: Plugin companion_process_status ignored
[mavros_node-1] [INFO] [1786539672.365677475] [mavros.mavros]: Plugin debug_value ignored
[mavros_node-1] [INFO] [1786539672.365688067] [mavros.mavros]: Plugin distance_sensor ignored
[mavros_node-1] [INFO] [1786539672.365698033] [mavros.mavros]: Plugin esc_status ignored
[mavros_node-1] [INFO] [1786539672.365709370] [mavros.mavros]: Plugin esc_telemetry ignored
[mavros_node-1] [INFO] [1786539672.365719136] [mavros.mavros]: Plugin fake_gps ignored
[mavros_node-1] [INFO] [1786539672.365729243] [mavros.mavros]: Plugin ftp ignored
[mavros_node-1] [INFO] [1786539672.365739036] [mavros.mavros]: Plugin geofence ignored
[mavros_node-1] [INFO] [1786539672.365748780] [mavros.mavros]: Plugin gimbal_control ignored
[mavros_node-1] [INFO] [1786539672.365758474] [mavros.mavros]: Plugin global_position ignored
[mavros_node-1] [INFO] [1786539672.365768282] [mavros.mavros]: Plugin gps_input ignored
[mavros_node-1] [INFO] [1786539672.365778775] [mavros.mavros]: Plugin gps_rtk ignored
[mavros_node-1] [INFO] [1786539672.365788804] [mavros.mavros]: Plugin gps_status ignored
[mavros_node-1] [INFO] [1786539672.365813136] [mavros.mavros]: Plugin guided_target ignored
[mavros_node-1] [INFO] [1786539672.365824477] [mavros.mavros]: Plugin hil ignored
[mavros_node-1] [INFO] [1786539672.365834278] [mavros.mavros]: Plugin home_position ignored
[mavros_node-1] [INFO] [1786539672.405364777] [mavros.mavros]: Plugin imu created
[mavros_node-1] [INFO] [1786539672.405461773] [mavros.mavros]: Plugin imu initialized
[mavros_node-1] [INFO] [1786539672.405482805] [mavros.mavros]: Plugin landing_target ignored
[mavros_node-1] [INFO] [1786539672.462190858] [mavros.mavros]: Plugin local_position created
[mavros_node-1] [INFO] [1786539672.462273179] [mavros.mavros]: Plugin local_position initialized
[mavros_node-1] [INFO] [1786539672.462282577] [mavros.mavros]: Plugin log_transfer ignored
[mavros_node-1] [INFO] [1786539672.462285864] [mavros.mavros]: Plugin mag_calibration_status ignored
[mavros_node-1] [INFO] [1786539672.462332228] [mavros.mavros]: Plugin manual_control ignored
[mavros_node-1] [INFO] [1786539672.462337069] [mavros.mavros]: Plugin mocap_pose_estimate ignored
[mavros_node-1] [INFO] [1786539672.462341290] [mavros.mavros]: Plugin mount_control ignored
[mavros_node-1] [INFO] [1786539672.462345746] [mavros.mavros]: Plugin nav_controller_output ignored
[mavros_node-1] [INFO] [1786539672.462350742] [mavros.mavros]: Plugin obstacle_distance ignored
[mavros_node-1] [INFO] [1786539672.462354468] [mavros.mavros]: Plugin obstacle_distance_3d ignored
[mavros_node-1] [INFO] [1786539672.511481420] [mavros.mavros]: Plugin odometry created
[mavros_node-1] [INFO] [1786539672.511563435] [mavros.mavros]: Plugin odometry initialized
[mavros_node-1] [INFO] [1786539672.511581470] [mavros.mavros]: Plugin onboard_computer_status ignored
[mavros_node-1] [INFO] [1786539672.511592808] [mavros.mavros]: Plugin open_drone_id ignored
[mavros_node-1] [INFO] [1786539672.511604110] [mavros.mavros]: Plugin optical_flow ignored
[mavros_node-1] [INFO] [1786539672.511614819] [mavros.mavros]: Plugin param ignored
[mavros_node-1] [INFO] [1786539672.511624840] [mavros.mavros]: Plugin play_tune ignored
[mavros_node-1] [INFO] [1786539672.511634890] [mavros.mavros]: Plugin px4flow ignored
[mavros_node-1] [INFO] [1786539672.511644702] [mavros.mavros]: Plugin rallypoint ignored
[mavros_node-1] [INFO] [1786539672.511654888] [mavros.mavros]: Plugin rangefinder ignored
[mavros_node-1] [INFO] [1786539672.511664507] [mavros.mavros]: Plugin rc_io ignored
[mavros_node-1] [INFO] [1786539672.511674098] [mavros.mavros]: Plugin setpoint_accel ignored
[mavros_node-1] [INFO] [1786539672.511684153] [mavros.mavros]: Plugin setpoint_attitude ignored
[mavros_node-1] [INFO] [1786539672.511694158] [mavros.mavros]: Plugin setpoint_position ignored
[mavros_node-1] [INFO] [1786539672.535166687] [mavros.mavros]: Plugin setpoint_raw created
[mavros_node-1] [INFO] [1786539672.535296296] [mavros.mavros]: Plugin setpoint_raw initialized
[mavros_node-1] [INFO] [1786539672.535308576] [mavros.mavros]: Plugin setpoint_trajectory ignored
[mavros_node-1] [INFO] [1786539672.535312791] [mavros.mavros]: Plugin setpoint_velocity ignored
[mavros_node-1] [INFO] [1786539672.535317853] [mavros.mavros]: Plugin sim_state ignored
[mavros_node-1] [INFO] [1786539672.566025472] [mavros.mavros]: Plugin sys_status created
[mavros_node-1] [INFO] [1786539672.566310855] [mavros.mavros]: Plugin sys_status initialized
[mavros_node-1] [INFO] [1786539672.582508442] [mavros.time]: TM: Timesync mode: MAVLINK
[mavros_node-1] [INFO] [1786539672.588548651] [mavros.mavros]: Plugin sys_time created
[mavros_node-1] [INFO] [1786539672.588649813] [mavros.mavros]: Plugin sys_time initialized
[mavros_node-1] [INFO] [1786539672.588659292] [mavros.mavros]: Plugin tdr_radio ignored
[mavros_node-1] [INFO] [1786539672.588662412] [mavros.mavros]: Plugin terrain ignored
[mavros_node-1] [INFO] [1786539672.588665457] [mavros.mavros]: Plugin trajectory ignored
[mavros_node-1] [INFO] [1786539672.588668588] [mavros.mavros]: Plugin tunnel ignored
[mavros_node-1] [INFO] [1786539672.588671778] [mavros.mavros]: Plugin vfr_hud ignored
[mavros_node-1] [INFO] [1786539672.588675528] [mavros.mavros]: Plugin vibration ignored
[mavros_node-1] [INFO] [1786539672.606115482] [mavros.mavros]: Plugin vision_pose created
[mavros_node-1] [INFO] [1786539672.606188526] [mavros.mavros]: Plugin vision_pose initialized
[mavros_node-1] [INFO] [1786539672.624547373] [mavros.mavros]: Plugin vision_speed created
[mavros_node-1] [INFO] [1786539672.624589912] [mavros.mavros]: Plugin vision_speed initialized
[mavros_node-1] [INFO] [1786539672.624596888] [mavros.mavros]: Plugin waypoint ignored
[mavros_node-1] [INFO] [1786539672.624600176] [mavros.mavros]: Plugin wheel_odometry ignored
[mavros_node-1] [INFO] [1786539672.624603012] [mavros.mavros]: Plugin wind_estimation ignored
[mavros_node-1] [INFO] [1786539672.626115972] [mavros.mavros]: Built-in SIMD instructions: SSE, SSE2
[mavros_node-1] [INFO] [1786539672.626158506] [mavros.mavros]: Built-in MAVLink package version: 2026.3.3
[mavros_node-1] [INFO] [1786539672.626163935] [mavros.mavros]: Known MAVLink dialects: common ardupilotmega ASLUAV AVSSUAS all csAirLink cubepilot development icarous loweheiser marsh matrixpilot paparazzi standard stemstudios storm32 uAvionix ualberta
[mavros_node-1] [INFO] [1786539672.626168255] [mavros.mavros]: MAVROS UAS via /uas1 started. MY ID 255.190, TARGET ID 1.1
[mavros_node-1] [INFO] [1786539672.635303516] [mavros.imu]: IMU: Attitude quaternion IMU detected!
[mavros_node-1] [INFO] [1786539672.639526107] [mavros.imu]: IMU: High resolution IMU detected!
[mavros_node-1] [INFO] [1786539672.650857247] [mavros.mavros_router]: link[1001] detected remote address 255.190
[fastlio_ev_health_monitor.py-3] [INFO] [1786539672.848341325] [fastlio_ev_health_monitor]: EV health gate /planning/odom -> /Odometry/healthy; compare /mavros/local_position/velocity_local in PX4 local NED; status=/ev_health/status, diagnostics=/ev_health/diagnostics
[fastlio_ev_health_monitor.py-3] [WARN] [1786539672.886492073] [fastlio_ev_health_monitor]: EV health state=SUSPECT: recovering (0.00/2.00s)
[fix_mavros_odometry_frames.py-4] [INFO] [1786539672.997529478] [fix_mavros_odometry_frames]: Setting MAVROS odometry target frames to odom/base_link.
[fix_mavros_odometry_frames.py-4] [INFO] [1786539673.003216961] [fix_mavros_odometry_frames]: MAVROS odometry frame targets updated successfully.
[INFO] [fix_mavros_odometry_frames.py-4]: process has finished cleanly [pid 7497]
[mavros_node-1] [WARN] [1786539673.293481703] [mavros.sys]: FCU: UNK(8): EVENT 11047904 with args -0-128-0-18-1-0-0-0-0-0-0-0-0-131-191-1-128-0-0-0-0-0-0-0-0-0-0-0-0-0-0-0-0-0-0-0-0-0-0-0-
[mavros_node-1] [ERROR] [1786539673.293981589] [mavros.sys]: FCU: EVENT 16642797 with args -124-0-126-0-17-0-0-0-0-0-0-0-0-0-0-0-0-0-0-0-0-0-0-0-0-0-0-0-0-0-0-0-0-0-0-0-0-0-0-0-
[mavros_node-1] [ERROR] [1786539673.294168131] [mavros.sys]: FCU: EVENT 9077977 with args -255-255-255-255-7-0-0-0-0-0-0-0-0-0-0-0-0-0-0-0-0-0-0-0-0-0-0-0-0-0-0-0-0-0-0-0-0-0-0-0-
[mavros_node-1] [ERROR] [1786539673.294395068] [mavros.sys]: FCU: EVENT 11464574 with args -0-64-0-0-20-0-0-0-0-0-0-0-0-0-0-0-0-0-0-0-0-0-0-0-0-0-0-0-0-0-0-0-0-0-0-0-0-0-0-0-
[mavros_node-1] [ERROR] [1786539673.294682856] [mavros.sys]: FCU: EVENT 13835193 with args -124-0-126-0-17-0-0-0-0-0-0-0-0-0-0-0-0-0-0-0-0-0-0-0-0-0-0-0-0-0-0-0-0-0-0-0-0-0-0-0-
[mavros_node-1] [ERROR] [1786539673.295053877] [mavros.sys]: FCU: EVENT 10011251 with args -56-0-0-0-24-0-0-0-0-0-0-0-0-0-0-0-0-0-0-0-0-0-0-0-0-0-0-0-0-0-0-0-0-0-0-0-0-0-0-0-
[mavros_node-1] [INFO] [1786539673.295438151] [mavros.sys]: FCU: EVENT 377561 with args -8-0-0-0-20-0-0-0-0-0-0-0-0-0-0-0-0-0-0-0-0-0-0-0-0-0-0-0-0-0-0-0-0-0-0-0-0-0-0-0-
[mavros_node-1] [INFO] [1786539673.295740809] [mavros.sys]: FCU: EVENT 79408 with args -32-0-0-0-20-0-0-0-0-0-0-0-0-0-0-0-0-0-0-0-0-0-0-0-0-0-0-0-0-0-0-0-0-0-0-0-0-0-0-0-
[mavros_node-1] [ERROR] [1786539673.296201920] [mavros.sys]: FCU: EVENT 12754954 with args -255-255-255-255-20-0-0-0-0-0-0-0-0-0-0-0-0-0-0-0-0-0-0-0-0-0-0-0-0-0-0-0-0-0-0-0-0-0-0-0-
[mavros_node-1] [WARN] [1786539673.296431849] [mavros.sys]: FCU: UNK(8): EVENT 1914663 with args -0-130-16-2-48-0-0-0-0-0-0-0-0-0-0-0-0-0-0-0-0-0-0-0-0-0-0-0-0-0-0-0-0-0-0-0-0-0-0-0-
[mavros_node-1] [INFO] [1786539673.348527100] [mavros.mavros]: CON: Got HEARTBEAT, connected. FCU: PX4 Autopilot
[mavros_node-1] [INFO] [1786539673.354748384] [mavros.imu]: IMU: Attitude quaternion IMU detected!
[mavros_node-1] [INFO] [1786539673.360278884] [mavros.imu]: IMU: High resolution IMU detected!
[mavros_node-1] [WARN] [1786539674.362938833] [mavros.cmd]: CMD: Unexpected command 520, result 3
[fastlio_ev_health_monitor.py-3] [INFO] [1786539674.981968104] [fastlio_ev_health_monitor]: EV health state=HEALTHY: ok
[mavros_node-1] [WARN] [1786539675.311171706] [mavros.sys]: FCU: UNK(8): EVENT 11047904 with args -0-128-0-16-1-0-0-0-0-0-0-0-0-199-191-127-128-0-0-0-0-0-0-0-0-0-0-0-0-0-0-0-0-0-0-0-0-0-0-0-
[mavros_node-1] [ERROR] [1786539675.311497911] [mavros.sys]: FCU: EVENT 9077977 with args -255-255-255-255-7-0-0-0-0-0-0-0-0-0-0-0-0-0-0-0-0-0-0-0-0-0-0-0-0-0-0-0-0-0-0-0-0-0-0-0-
[mavros_node-1] [ERROR] [1786539675.311833893] [mavros.sys]: FCU: EVENT 11464574 with args -0-64-0-0-20-0-0-0-0-0-0-0-0-0-0-0-0-0-0-0-0-0-0-0-0-0-0-0-0-0-0-0-0-0-0-0-0-0-0-0-
[mavros_node-1] [ERROR] [1786539675.313059248] [mavros.sys]: FCU: EVENT 10011251 with args -56-0-0-0-24-0-0-0-0-0-0-0-0-0-0-0-0-0-0-0-0-0-0-0-0-0-0-0-0-0-0-0-0-0-0-0-0-0-0-0-
[mavros_node-1] [INFO] [1786539675.313247754] [mavros.sys]: FCU: EVENT 377561 with args -8-0-0-0-20-0-0-0-0-0-0-0-0-0-0-0-0-0-0-0-0-0-0-0-0-0-0-0-0-0-0-0-0-0-0-0-0-0-0-0-
[mavros_node-1] [INFO] [1786539675.313367581] [mavros.sys]: FCU: EVENT 79408 with args -32-0-0-0-20-0-0-0-0-0-0-0-0-0-0-0-0-0-0-0-0-0-0-0-0-0-0-0-0-0-0-0-0-0-0-0-0-0-0-0-
[mavros_node-1] [ERROR] [1786539675.313468076] [mavros.sys]: FCU: EVENT 12754954 with args -255-255-255-255-20-0-0-0-0-0-0-0-0-0-0-0-0-0-0-0-0-0-0-0-0-0-0-0-0-0-0-0-0-0-0-0-0-0-0-0-
[mavros_node-1] [WARN] [1786539675.315510778] [mavros.sys]: FCU: UNK(8): EVENT 1914663 with args -0-130-16-2-48-0-0-0-0-0-0-0-0-0-0-0-0-0-0-0-0-0-0-0-0-0-0-0-0-0-0-0-0-0-0-0-0-0-0-0-
[mavros_node-1] [WARN] [1786539675.352557122] [mavros.sys]: VER: broadcast request timeout, retries left 4
[mavros_node-1] [WARN] [1786539676.353100309] [mavros.sys]: VER: broadcast request timeout, retries left 3
[mavros_node-1] [ERROR] [1786539677.364300612] [mavros.sys]: VER: command plugin service call failed!
[mavros_node-1] [WARN] [1786539677.364388112] [mavros.sys]: VER: unicast request timeout, retries left 2
[mavros_node-1] [ERROR] [1786539678.355934101] [mavros.sys]: VER: command plugin service call failed!
[mavros_node-1] [WARN] [1786539678.356010648] [mavros.sys]: VER: unicast request timeout, retries left 1
[mavros_node-1] [ERROR] [1786539679.357305752] [mavros.sys]: VER: command plugin service call failed!
[mavros_node-1] [WARN] [1786539679.357358111] [mavros.sys]: VER: unicast request timeout, retries left 0
[mavros_node-1] [ERROR] [1786539680.355194482] [mavros.sys]: VER: command plugin service call failed!
[mavros_node-1] [WARN] [1786539680.355266123] [mavros.sys]: VER: your FCU don't support AUTOPILOT_VERSION, switched to default capabilities
[mavros_node-1] [WARN] [1786539682.492397353] [mavros.sys]: FCU: UNK(8): EVENT 11047904 with args -0-128-0-16-1-0-0-0-0-0-0-0-0-199-255-127-128-0-0-0-0-0-0-0-0-0-0-0-0-0-0-0-0-0-0-0-0-0-0-0-
[mavros_node-1] [ERROR] [1786539682.492708597] [mavros.sys]: FCU: EVENT 9077977 with args -255-255-255-255-7-0-0-0-0-0-0-0-0-0-0-0-0-0-0-0-0-0-0-0-0-0-0-0-0-0-0-0-0-0-0-0-0-0-0-0-
[mavros_node-1] [ERROR] [1786539682.493097170] [mavros.sys]: FCU: EVENT 10011251 with args -56-0-0-0-24-0-0-0-0-0-0-0-0-0-0-0-0-0-0-0-0-0-0-0-0-0-0-0-0-0-0-0-0-0-0-0-0-0-0-0-
[mavros_node-1] [INFO] [1786539682.493428947] [mavros.sys]: FCU: EVENT 377561 with args -8-0-0-0-20-0-0-0-0-0-0-0-0-0-0-0-0-0-0-0-0-0-0-0-0-0-0-0-0-0-0-0-0-0-0-0-0-0-0-0-
[mavros_node-1] [INFO] [1786539682.493745860] [mavros.sys]: FCU: EVENT 79408 with args -32-0-0-0-20-0-0-0-0-0-0-0-0-0-0-0-0-0-0-0-0-0-0-0-0-0-0-0-0-0-0-0-0-0-0-0-0-0-0-0-
[mavros_node-1] [ERROR] [1786539682.494098491] [mavros.sys]: FCU: EVENT 12754954 with args -255-255-255-255-20-0-0-0-0-0-0-0-0-0-0-0-0-0-0-0-0-0-0-0-0-0-0-0-0-0-0-0-0-0-0-0-0-0-0-0-
[mavros_node-1] [WARN] [1786539682.494459914] [mavros.sys]: FCU: UNK(8): EVENT 1914663 with args -0-130-16-2-48-0-0-0-0-0-0-0-0-0-0-0-0-0-0-0-0-0-0-0-0-0-0-0-0-0-0-0-0-0-0-0-0-0-0-0-
[fastlio_ev_health_monitor.py-3] [WARN] [1786539683.504470359] [fastlio_ev_health_monitor]: EV health state=SUSPECT: stale_input age=0.335s
[mavros_node-1] [WARN] [1786539684.518893135] [mavros.sys]: FCU: UNK(8): EVENT 11047904 with args -0-128-0-18-1-0-0-0-0-0-0-0-0-199-191-5-128-0-0-0-0-0-0-0-0-0-0-0-0-0-0-0-0-0-0-0-0-0-0-0-
[mavros_node-1] [ERROR] [1786539684.519249314] [mavros.sys]: FCU: EVENT 9077977 with args -255-255-255-255-7-0-0-0-0-0-0-0-0-0-0-0-0-0-0-0-0-0-0-0-0-0-0-0-0-0-0-0-0-0-0-0-0-0-0-0-
[mavros_node-1] [ERROR] [1786539684.519878263] [mavros.sys]: FCU: EVENT 13679014 with args -0-64-0-0-20-0-0-0-0-0-0-0-0-0-0-0-0-0-0-0-0-0-0-0-0-0-0-0-0-0-0-0-0-0-0-0-0-0-0-0-
[mavros_node-1] [ERROR] [1786539684.520048607] [mavros.sys]: FCU: EVENT 13835193 with args -56-0-122-0-17-0-0-0-0-0-0-0-0-0-0-0-0-0-0-0-0-0-0-0-0-0-0-0-0-0-0-0-0-0-0-0-0-0-0-0-
[mavros_node-1] [ERROR] [1786539684.520234741] [mavros.sys]: FCU: EVENT 10011251 with args -56-0-0-0-24-0-0-0-0-0-0-0-0-0-0-0-0-0-0-0-0-0-0-0-0-0-0-0-0-0-0-0-0-0-0-0-0-0-0-0-
[mavros_node-1] [INFO] [1786539684.520585610] [mavros.sys]: FCU: EVENT 377561 with args -8-0-0-0-20-0-0-0-0-0-0-0-0-0-0-0-0-0-0-0-0-0-0-0-0-0-0-0-0-0-0-0-0-0-0-0-0-0-0-0-
[mavros_node-1] [INFO] [1786539684.520923794] [mavros.sys]: FCU: EVENT 79408 with args -32-0-0-0-20-0-0-0-0-0-0-0-0-0-0-0-0-0-0-0-0-0-0-0-0-0-0-0-0-0-0-0-0-0-0-0-0-0-0-0-
[mavros_node-1] [ERROR] [1786539684.521292585] [mavros.sys]: FCU: EVENT 12754954 with args -255-255-255-255-20-0-0-0-0-0-0-0-0-0-0-0-0-0-0-0-0-0-0-0-0-0-0-0-0-0-0-0-0-0-0-0-0-0-0-0-
[mavros_node-1] [WARN] [1786539684.523254380] [mavros.sys]: FCU: UNK(8): EVENT 1914663 with args -0-130-16-2-48-0-0-0-0-0-0-0-0-0-0-0-0-0-0-0-0-0-0-0-0-0-0-0-0-0-0-0-0-0-0-0-0-0-0-0-
[fastlio_ev_health_monitor.py-3] [INFO] [1786539685.581858959] [fastlio_ev_health_monitor]: EV health state=HEALTHY: ok
[mavros_node-1] [WARN] [1786539686.596098788] [mavros.sys]: FCU: UNK(8): EVENT 11047904 with args -0-128-0-16-1-0-0-0-0-0-0-0-0-199-191-127-128-0-0-0-0-0-0-0-0-0-0-0-0-0-0-0-0-0-0-0-0-0-0-0-
[mavros_node-1] [ERROR] [1786539686.596329188] [mavros.sys]: FCU: EVENT 9077977 with args -255-255-255-255-7-0-0-0-0-0-0-0-0-0-0-0-0-0-0-0-0-0-0-0-0-0-0-0-0-0-0-0-0-0-0-0-0-0-0-0-
[mavros_node-1] [ERROR] [1786539686.596508642] [mavros.sys]: FCU: EVENT 11464574 with args -0-64-0-0-20-0-0-0-0-0-0-0-0-0-0-0-0-0-0-0-0-0-0-0-0-0-0-0-0-0-0-0-0-0-0-0-0-0-0-0-
[mavros_node-1] [ERROR] [1786539686.596669761] [mavros.sys]: FCU: EVENT 10011251 with args -56-0-0-0-24-0-0-0-0-0-0-0-0-0-0-0-0-0-0-0-0-0-0-0-0-0-0-0-0-0-0-0-0-0-0-0-0-0-0-0-
[mavros_node-1] [INFO] [1786539686.596829549] [mavros.sys]: FCU: EVENT 377561 with args -8-0-0-0-20-0-0-0-0-0-0-0-0-0-0-0-0-0-0-0-0-0-0-0-0-0-0-0-0-0-0-0-0-0-0-0-0-0-0-0-
[mavros_node-1] [INFO] [1786539686.596995485] [mavros.sys]: FCU: EVENT 79408 with args -32-0-0-0-20-0-0-0-0-0-0-0-0-0-0-0-0-0-0-0-0-0-0-0-0-0-0-0-0-0-0-0-0-0-0-0-0-0-0-0-
[mavros_node-1] [ERROR] [1786539686.597151557] [mavros.sys]: FCU: EVENT 12754954 with args -255-255-255-255-20-0-0-0-0-0-0-0-0-0-0-0-0-0-0-0-0-0-0-0-0-0-0-0-0-0-0-0-0-0-0-0-0-0-0-0-
[mavros_node-1] [WARN] [1786539686.597833462] [mavros.sys]: FCU: UNK(8): EVENT 1914663 with args -0-130-16-2-48-0-0-0-0-0-0-0-0-0-0-0-0-0-0-0-0-0-0-0-0-0-0-0-0-0-0-0-0-0-0-0-0-0-0-0-
[mavros_node-1] [WARN] [1786539693.093624479] [mavros.sys]: FCU: UNK(8): EVENT 11047904 with args -0-128-0-16-1-0-0-0-0-0-0-0-0-199-255-127-128-0-0-0-0-0-0-0-0-0-0-0-0-0-0-0-0-0-0-0-0-0-0-0-
[mavros_node-1] [ERROR] [1786539693.093847954] [mavros.sys]: FCU: EVENT 9077977 with args -255-255-255-255-7-0-0-0-0-0-0-0-0-0-0-0-0-0-0-0-0-0-0-0-0-0-0-0-0-0-0-0-0-0-0-0-0-0-0-0-
[mavros_node-1] [ERROR] [1786539693.094125176] [mavros.sys]: FCU: EVENT 10011251 with args -56-0-0-0-24-0-0-0-0-0-0-0-0-0-0-0-0-0-0-0-0-0-0-0-0-0-0-0-0-0-0-0-0-0-0-0-0-0-0-0-
[mavros_node-1] [INFO] [1786539693.094270457] [mavros.sys]: FCU: EVENT 377561 with args -8-0-0-0-20-0-0-0-0-0-0-0-0-0-0-0-0-0-0-0-0-0-0-0-0-0-0-0-0-0-0-0-0-0-0-0-0-0-0-0-
[mavros_node-1] [INFO] [1786539693.094390981] [mavros.sys]: FCU: EVENT 79408 with args -32-0-0-0-20-0-0-0-0-0-0-0-0-0-0-0-0-0-0-0-0-0-0-0-0-0-0-0-0-0-0-0-0-0-0-0-0-0-0-0-
[mavros_node-1] [ERROR] [1786539693.094521206] [mavros.sys]: FCU: EVENT 12754954 with args -255-255-255-255-20-0-0-0-0-0-0-0-0-0-0-0-0-0-0-0-0-0-0-0-0-0-0-0-0-0-0-0-0-0-0-0-0-0-0-0-
[mavros_node-1] [WARN] [1786539693.096165748] [mavros.sys]: FCU: UNK(8): EVENT 1914663 with args -0-130-16-2-48-0-0-0-0-0-0-0-0-0-0-0-0-0-0-0-0-0-0-0-0-0-0-0-0-0-0-0-0-0-0-0-0-0-0-0-
[mavros_node-1] [WARN] [1786539709.937326417] [mavros.sys]: FCU: UNK(8): EVENT 11047904 with args -0-0-0-16-1-0-0-0-0-0-0-0-0-199-255-127-128-0-0-0-0-0-0-0-0-0-0-0-0-0-0-0-0-0-0-0-0-0-0-0-
[mavros_node-1] [ERROR] [1786539709.937541977] [mavros.sys]: FCU: EVENT 10011251 with args -56-0-0-0-24-0-0-0-0-0-0-0-0-0-0-0-0-0-0-0-0-0-0-0-0-0-0-0-0-0-0-0-0-0-0-0-0-0-0-0-
[mavros_node-1] [INFO] [1786539709.937826665] [mavros.sys]: FCU: EVENT 377561 with args -8-0-0-0-20-0-0-0-0-0-0-0-0-0-0-0-0-0-0-0-0-0-0-0-0-0-0-0-0-0-0-0-0-0-0-0-0-0-0-0-
[mavros_node-1] [INFO] [1786539709.937936555] [mavros.sys]: FCU: EVENT 79408 with args -32-0-0-0-20-0-0-0-0-0-0-0-0-0-0-0-0-0-0-0-0-0-0-0-0-0-0-0-0-0-0-0-0-0-0-0-0-0-0-0-
[mavros_node-1] [ERROR] [1786539709.938111888] [mavros.sys]: FCU: EVENT 12754954 with args -255-255-255-255-20-0-0-0-0-0-0-0-0-0-0-0-0-0-0-0-0-0-0-0-0-0-0-0-0-0-0-0-0-0-0-0-0-0-0-0-
[mavros_node-1] [WARN] [1786539709.938279689] [mavros.sys]: FCU: UNK(8): EVENT 1914663 with args -0-130-16-2-48-0-0-0-0-0-0-0-0-0-0-0-0-0-0-0-0-0-0-0-0-0-0-0-0-0-0-0-0-0-0-0-0-0-0-0-
[mavros_node-1] [INFO] [1786539709.939588466] [mavros.sys]: FCU: EVENT 16682655 with args -0-0-0-0-0-0-0-0-0-0-0-0-0-0-0-0-0-0-0-0-0-0-0-0-0-0-0-0-0-0-0-0-0-0-0-0-0-0-0-0-
[mavros_node-1] [INFO] [1786539711.219417845] [mavros.sys]: FCU: EVENT 9489139 with args -2-0-0-0-0-0-0-0-0-0-0-0-0-0-0-0-0-0-0-0-0-0-0-0-0-0-0-0-0-0-0-0-0-0-0-0-0-0-0-0-
[mavros_node-1] [INFO] [1786539711.332009316] [mavros.sys]: FCU: EVENT 4535132 with args -2-0-100-0-0-0-0-0-0-0-0-0-0-0-0-0-0-0-0-0-0-0-0-0-0-0-0-0-0-0-0-0-0-0-0-0-0-0-0-0-
[mavros_node-1] [WARN] [1786539711.986283944] [mavros.sys]: FCU: UNK(8): EVENT 11047904 with args -0-0-0-0-1-0-0-0-0-199-255-127-128-199-255-127-128-0-0-0-0-0-0-0-0-0-0-0-0-0-0-0-0-0-0-0-0-0-0-0-
[mavros_node-1] [ERROR] [1786539711.986444494] [mavros.sys]: FCU: EVENT 10011251 with args -56-0-0-0-24-0-0-0-0-0-0-0-0-0-0-0-0-0-0-0-0-0-0-0-0-0-0-0-0-0-0-0-0-0-0-0-0-0-0-0-
[mavros_node-1] [INFO] [1786539711.986734713] [mavros.sys]: FCU: EVENT 377561 with args -8-0-0-0-20-0-0-0-0-0-0-0-0-0-0-0-0-0-0-0-0-0-0-0-0-0-0-0-0-0-0-0-0-0-0-0-0-0-0-0-
[mavros_node-1] [INFO] [1786539711.987161078] [mavros.sys]: FCU: EVENT 79408 with args -32-0-0-0-20-0-0-0-0-0-0-0-0-0-0-0-0-0-0-0-0-0-0-0-0-0-0-0-0-0-0-0-0-0-0-0-0-0-0-0-
[mavros_node-1] [WARN] [1786539711.988211274] [mavros.sys]: FCU: UNK(8): EVENT 1914663 with args -0-130-20-2-48-0-0-0-0-0-0-0-0-0-0-0-0-0-0-0-0-0-0-0-0-0-0-0-0-0-0-0-0-0-0-0-0-0-0-0-
[mavros_node-1] [INFO] [1786539712.834707331] [mavros.sys]: FCU: EVENT 4277609 with args -0-0-0-0-0-0-0-0-0-0-0-0-0-0-0-0-0-0-0-0-0-0-0-0-0-0-0-0-0-0-0-0-0-0-0-0-0-0-0-0-
[mavros_node-1] [INFO] [1786539713.029416200] [mavros.mavros_router]: link[1000] detected remote address 102.230
[mavros_node-1] [WARN] [1786539722.343878423] [uas]: PX4: Unknown sub-mode 3.2
[mavros_node-1] [WARN] [1786539723.343362188] [uas]: PX4: Unknown sub-mode 3.2
[mavros_node-1] [WARN] [1786539724.345524923] [uas]: PX4: Unknown sub-mode 3.2
[mavros_node-1] [WARN] [1786539725.344002934] [uas]: PX4: Unknown sub-mode 3.2
[mavros_node-1] [WARN] [1786539726.344853079] [uas]: PX4: Unknown sub-mode 3.2
[mavros_node-1] [WARN] [1786539727.344079134] [uas]: PX4: Unknown sub-mode 3.2
[mavros_node-1] [WARN] [1786539729.343845693] [uas]: PX4: Unknown sub-mode 3.2
[mavros_node-1] [WARN] [1786539730.342760549] [uas]: PX4: Unknown sub-mode 3.2
[mavros_node-1] [WARN] [1786539731.342576518] [uas]: PX4: Unknown sub-mode 3.2
[mavros_node-1] [WARN] [1786539732.344505356] [uas]: PX4: Unknown sub-mode 3.2
[mavros_node-1] [WARN] [1786539733.344316612] [uas]: PX4: Unknown sub-mode 3.2
[mavros_node-1] [WARN] [1786539734.342306129] [uas]: PX4: Unknown sub-mode 3.2
[mavros_node-1] [WARN] [1786539735.342452741] [uas]: PX4: Unknown sub-mode 3.2
[mavros_node-1] [WARN] [1786539736.342018076] [uas]: PX4: Unknown sub-mode 3.2
[mavros_node-1] [WARN] [1786539737.343196373] [uas]: PX4: Unknown sub-mode 3.2
[mavros_node-1] [WARN] [1786539738.344328202] [uas]: PX4: Unknown sub-mode 3.2
[mavros_node-1] [WARN] [1786539741.343899276] [uas]: PX4: Unknown sub-mode 3.2
[mavros_node-1] [WARN] [1786539742.342118118] [uas]: PX4: Unknown sub-mode 3.2
[mavros_node-1] [WARN] [1786539743.341955310] [uas]: PX4: Unknown sub-mode 3.2
[mavros_node-1] [WARN] [1786539744.341786648] [uas]: PX4: Unknown sub-mode 3.2
[mavros_node-1] [WARN] [1786539750.342218431] [uas]: PX4: Unknown sub-mode 3.2
[mavros_node-1] [WARN] [1786539751.341223508] [uas]: PX4: Unknown sub-mode 3.2
[mavros_node-1] [WARN] [1786539752.341326771] [uas]: PX4: Unknown sub-mode 3.2
[mavros_node-1] [WARN] [1786539753.341129448] [uas]: PX4: Unknown sub-mode 3.2
[mavros_node-1] [WARN] [1786539754.343807097] [uas]: PX4: Unknown sub-mode 3.2
[mavros_node-1] [WARN] [1786539755.342128195] [uas]: PX4: Unknown sub-mode 3.2
[mavros_node-1] [WARN] [1786539756.342834199] [uas]: PX4: Unknown sub-mode 3.2
[mavros_node-1] [WARN] [1786539757.342400957] [uas]: PX4: Unknown sub-mode 3.2
[mavros_node-1] [WARN] [1786539758.340999423] [uas]: PX4: Unknown sub-mode 3.2
[mavros_node-1] [WARN] [1786539759.343137003] [uas]: PX4: Unknown sub-mode 3.2
[fastlio_ev_health_monitor.py-3] [WARN] [1786539759.597193101] [fastlio_ev_health_monitor]: EV health state=SUSPECT: px4_velocity_unaligned
[mavros_node-1] [WARN] [1786539760.341183154] [uas]: PX4: Unknown sub-mode 3.2
[mavros_node-1] [WARN] [1786539761.340959187] [uas]: PX4: Unknown sub-mode 3.2
[fastlio_ev_health_monitor.py-3] [INFO] [1786539761.993469152] [fastlio_ev_health_monitor]: EV health state=HEALTHY: ok
[mavros_node-1] [WARN] [1786539762.344185723] [uas]: PX4: Unknown sub-mode 3.2
[mavros_node-1] [WARN] [1786539763.341887427] [uas]: PX4: Unknown sub-mode 3.2
[mavros_node-1] [WARN] [1786539764.342717958] [uas]: PX4: Unknown sub-mode 3.2
[mavros_node-1] [WARN] [1786539765.343292687] [uas]: PX4: Unknown sub-mode 3.2
[mavros_node-1] [WARN] [1786539766.342196162] [uas]: PX4: Unknown sub-mode 3.2
[mavros_node-1] [WARN] [1786539767.342043818] [uas]: PX4: Unknown sub-mode 3.2
[mavros_node-1] [WARN] [1786539768.341165591] [uas]: PX4: Unknown sub-mode 3.2
[mavros_node-1] [INFO] [1786539769.245908246] [mavros.mavros_router]: link[1000] detected remote address 33.1
[mavros_node-1] [WARN] [1786539769.341096993] [uas]: PX4: Unknown sub-mode 3.2
[mavros_node-1] [INFO] [1786539770.229792278] [mavros.mavros_router]: link[1000] detected remote address 1.31
[mavros_node-1] [WARN] [1786539770.340599378] [uas]: PX4: Unknown sub-mode 3.2
[mavros_node-1] [WARN] [1786539771.339986049] [uas]: PX4: Unknown sub-mode 3.2
[mavros_node-1] [WARN] [1786539772.342804614] [uas]: PX4: Unknown sub-mode 3.2
[fastlio_ev_health_monitor.py-3] [WARN] [1786539772.353610868] [fastlio_ev_health_monitor]: EV health state=SUSPECT: px4_velocity_unaligned
[mavros_node-1] [WARN] [1786539773.340886162] [uas]: PX4: Unknown sub-mode 3.2
[mavros_node-1] [WARN] [1786539774.342715871] [uas]: PX4: Unknown sub-mode 3.2
[fastlio_ev_health_monitor.py-3] [INFO] [1786539774.486137119] [fastlio_ev_health_monitor]: EV health state=HEALTHY: ok
[mavros_node-1] [WARN] [1786539775.340763110] [uas]: PX4: Unknown sub-mode 3.2
[mavros_node-1] [WARN] [1786539776.339845261] [uas]: PX4: Unknown sub-mode 3.2
[mavros_node-1] [WARN] [1786539777.342090135] [uas]: PX4: Unknown sub-mode 3.2
[mavros_node-1] [WARN] [1786539778.339883596] [uas]: PX4: Unknown sub-mode 3.2
[mavros_node-1] [WARN] [1786539779.341798957] [uas]: PX4: Unknown sub-mode 3.2
[mavros_node-1] [WARN] [1786539780.341673695] [uas]: PX4: Unknown sub-mode 3.2
[mavros_node-1] [WARN] [1786539781.339366916] [uas]: PX4: Unknown sub-mode 3.2
[mavros_node-1] [WARN] [1786539782.340589731] [uas]: PX4: Unknown sub-mode 3.2
[mavros_node-1] [WARN] [1786539783.340401862] [uas]: PX4: Unknown sub-mode 3.2
[mavros_node-1] [WARN] [1786539784.342123010] [uas]: PX4: Unknown sub-mode 3.2
[mavros_node-1] [WARN] [1786539785.340051274] [uas]: PX4: Unknown sub-mode 3.2
[mavros_node-1] [WARN] [1786539786.339238421] [uas]: PX4: Unknown sub-mode 3.2
[mavros_node-1] [WARN] [1786539787.340912524] [uas]: PX4: Unknown sub-mode 3.2
[mavros_node-1] [WARN] [1786539788.342180035] [uas]: PX4: Unknown sub-mode 3.2
[mavros_node-1] [WARN] [1786539789.341607965] [uas]: PX4: Unknown sub-mode 3.2
[mavros_node-1] [WARN] [1786539790.340341099] [uas]: PX4: Unknown sub-mode 3.2
[mavros_node-1] [WARN] [1786539791.341328229] [uas]: PX4: Unknown sub-mode 3.2
[mavros_node-1] [INFO] [1786539792.186352935] [mavros.mavros_router]: link[1000] removed stale remote address 8.0
[mavros_node-1] [INFO] [1786539792.186607166] [mavros.mavros_router]: link[1000] removed stale remote address 8.8
[mavros_node-1] [INFO] [1786539792.186693923] [mavros.mavros_router]: link[1000] removed stale remote address 102.0
[mavros_node-1] [INFO] [1786539792.186761838] [mavros.mavros_router]: link[1000] removed stale remote address 102.230
[mavros_node-1] [WARN] [1786539792.338021209] [uas]: PX4: Unknown sub-mode 3.2
[mavros_node-1] [WARN] [1786539793.338730246] [uas]: PX4: Unknown sub-mode 3.2
[mavros_node-1] [WARN] [1786539794.339688141] [uas]: PX4: Unknown sub-mode 3.2
[mavros_node-1] [WARN] [1786539795.341065645] [uas]: PX4: Unknown sub-mode 3.2
[mavros_node-1] [WARN] [1786539796.338785002] [uas]: PX4: Unknown sub-mode 3.2
[mavros_node-1] [WARN] [1786539797.343130719] [uas]: PX4: Unknown sub-mode 3.2
[mavros_node-1] [WARN] [1786539798.340895724] [uas]: PX4: Unknown sub-mode 3.2
[mavros_node-1] [WARN] [1786539799.340902536] [uas]: PX4: Unknown sub-mode 3.2
[mavros_node-1] [WARN] [1786539800.338633709] [uas]: PX4: Unknown sub-mode 3.2
[fastlio_ev_health_monitor.py-3] [WARN] [1786539825.604874711] [fastlio_ev_health_monitor]: EV health state=SUSPECT: px4_velocity_unaligned
[fastlio_ev_health_monitor.py-3] [INFO] [1786539827.998029371] [fastlio_ev_health_monitor]: EV health state=HEALTHY: ok
[fastlio_ev_health_monitor.py-3] [WARN] [1786539832.522262035] [fastlio_ev_health_monitor]: EV health state=SUSPECT: px4_velocity_unaligned
[fastlio_ev_health_monitor.py-3] [INFO] [1786539835.590566056] [fastlio_ev_health_monitor]: EV health state=HEALTHY: ok
[mavros_node-1] [INFO] [1786539852.182126283] [mavros.mavros_router]: link[1000] removed stale remote address 33.0
[mavros_node-1] [INFO] [1786539852.182183928] [mavros.mavros_router]: link[1000] removed stale remote address 33.1
[fastlio_ev_health_monitor.py-3] [WARN] [1786539852.602477084] [fastlio_ev_health_monitor]: EV health state=SUSPECT: px4_velocity_unaligned
[fastlio_ev_health_monitor.py-3] [INFO] [1786539854.987047503] [fastlio_ev_health_monitor]: EV health state=HEALTHY: ok
[mavros_node-1] [INFO] [1786539857.366053386] [mavros.mavros_router]: link[1000] detected remote address 193.1
[mavros_node-1] [INFO] [1786539866.104155673] [mavros.mavros_router]: link[1000] detected remote address 10.31
[mavros_node-1] [INFO] [1786539871.681894090] [mavros.mavros_router]: link[1000] detected remote address 64.64
[fastlio_ev_health_monitor.py-3] [WARN] [1786539874.983866702] [fastlio_ev_health_monitor]: EV health state=SUSPECT: px4_velocity_unaligned
[mavros_node-1] [INFO] [1786539876.333903479] [mavros.mavros_router]: link[1000] detected remote address 192.207
[fastlio_ev_health_monitor.py-3] [INFO] [1786539877.293221942] [fastlio_ev_health_monitor]: EV health state=HEALTHY: ok
[mavros_node-1] [INFO] [1786539880.160367112] [mavros.mavros_router]: link[1000] detected remote address 42.103
[mavros_node-1] [INFO] [1786539881.514858501] [mavros.mavros_router]: link[1000] detected remote address 1.33
[fastlio_ev_health_monitor.py-3] [WARN] [1786539881.521030576] [fastlio_ev_health_monitor]: EV health state=SUSPECT: stale_input age=0.352s
[mavros_node-1] [INFO] [1786539881.751284325] [mavros.mavros_router]: link[1000] detected remote address 59.0
[mavros_node-1] [INFO] [1786539882.053367923] [mavros.mavros_router]: link[1000] detected remote address 50.250
[fastlio_ev_health_monitor.py-3] [INFO] [1786539883.585490832] [fastlio_ev_health_monitor]: EV health state=HEALTHY: ok
[mavros_node-1] [INFO] [1786539884.215375028] [mavros.mavros_router]: link[1000] detected remote address 14.95
[mavros_node-1] [INFO] [1786539884.501186023] [mavros.mavros_router]: link[1000] detected remote address 68.0
[mavros_node-1] [INFO] [1786539884.572296832] [mavros.mavros_router]: link[1000] detected remote address 31.0
[mavros_node-1] [INFO] [1786539884.615376647] [mavros.mavros_router]: link[1000] detected remote address 191.21
[mavros_node-1] [INFO] [1786539884.865551371] [mavros.mavros_router]: link[1000] detected remote address 118.63
[mavros_node-1] [INFO] [1786539885.284869587] [mavros.mavros_router]: link[1000] detected remote address 43.46
[mavros_node-1] [WARN] [1786539885.332961975] [uas]: PX4: Unknown sub-mode 3.2
[mavros_node-1] [WARN] [1786539886.334004100] [uas]: PX4: Unknown sub-mode 3.2
[mavros_node-1] [INFO] [1786539886.503528084] [mavros.mavros_router]: link[1000] detected remote address 1.129
[mavros_node-1] [INFO] [1786539886.819832970] [mavros.mavros_router]: link[1000] detected remote address 1.74
[mavros_node-1] [WARN] [1786539887.332912432] [uas]: PX4: Unknown sub-mode 3.2
[mavros_node-1] [INFO] [1786539887.337102841] [mavros.mavros_router]: link[1000] detected remote address 1.245
[mavros_node-1] [INFO] [1786539888.030761748] [mavros.mavros_router]: link[1000] detected remote address 3.0
[mavros_node-1] [WARN] [1786539888.333729767] [uas]: PX4: Unknown sub-mode 3.2
[mavros_node-1] [INFO] [1786539889.155090019] [mavros.mavros_router]: link[1000] detected remote address 61.126
[mavros_node-1] [ERROR] [1786539889.227776767] [mavros.sys]: FCU: EVENT 11290563 with args -0-0-0-0-0-0-0-0-0-0-0-0-0-0-0-0-0-0-0-0-0-0-0-0-0-0-0-0-0-0-0-0-0-0-0-0-0-0-0-0-
[mavros_node-1] [WARN] [1786539889.293148734] [mavros.sys]: FCU: UNK(8): EVENT 11047904 with args -0-0-0-16-1-0-0-0-0-0-0-0-0-199-255-127-128-0-0-0-0-0-0-0-0-0-0-0-0-0-0-0-0-0-0-0-0-0-0-0-
[mavros_node-1] [ERROR] [1786539889.293450392] [mavros.sys]: FCU: EVENT 10011251 with args -56-0-0-0-24-0-0-0-0-0-0-0-0-0-0-0-0-0-0-0-0-0-0-0-0-0-0-0-0-0-0-0-0-0-0-0-0-0-0-0-
[mavros_node-1] [INFO] [1786539889.293797327] [mavros.sys]: FCU: EVENT 377561 with args -8-0-0-0-20-0-0-0-0-0-0-0-0-0-0-0-0-0-0-0-0-0-0-0-0-0-0-0-0-0-0-0-0-0-0-0-0-0-0-0-
[mavros_node-1] [INFO] [1786539889.294161673] [mavros.sys]: FCU: EVENT 79408 with args -32-0-0-0-20-0-0-0-0-0-0-0-0-0-0-0-0-0-0-0-0-0-0-0-0-0-0-0-0-0-0-0-0-0-0-0-0-0-0-0-
[mavros_node-1] [ERROR] [1786539889.294274099] [mavros.sys]: FCU: EVENT 12754954 with args -255-255-255-255-20-0-0-0-0-0-0-0-0-0-0-0-0-0-0-0-0-0-0-0-0-0-0-0-0-0-0-0-0-0-0-0-0-0-0-0-
[mavros_node-1] [WARN] [1786539889.296502321] [mavros.sys]: FCU: UNK(8): EVENT 1914663 with args -0-130-20-2-48-0-0-0-0-0-0-0-0-0-0-0-0-0-0-0-0-0-0-0-0-0-0-0-0-0-0-0-0-0-0-0-0-0-0-0-
[mavros_node-1] [WARN] [1786539889.332680641] [uas]: PX4: Unknown sub-mode 3.2
[mavros_node-1] [WARN] [1786539890.332592061] [uas]: PX4: Unknown sub-mode 3.2
[mavros_node-1] [INFO] [1786539891.186592938] [mavros.sys]: FCU: EVENT 9844908 with args -0-0-0-0-0-0-0-0-0-0-0-0-0-0-0-0-0-0-0-0-0-0-0-0-0-0-0-0-0-0-0-0-0-0-0-0-0-0-0-0-
[mavros_node-1] [WARN] [1786539891.334831521] [uas]: PX4: Unknown sub-mode 3.2
[mavros_node-1] [WARN] [1786539892.334655810] [uas]: PX4: Unknown sub-mode 3.2
[mavros_node-1] [INFO] [1786539893.190730080] [mavros.sys]: FCU: EVENT 16017271 with args -6-0-0-0-0-0-0-0-0-0-0-0-0-0-0-0-0-0-0-0-0-0-0-0-0-0-0-0-0-0-0-0-0-0-0-0-0-0-0-0-
[mavros_node-1] [WARN] [1786539893.190968182] [mavros.sys]: FCU: UNK(8): EVENT 11047904 with args -0-128-0-16-1-0-0-0-0-0-0-0-0-199-255-127-128-0-0-0-0-0-0-0-0-0-0-0-0-0-0-0-0-0-0-0-0-0-0-0-
[mavros_node-1] [ERROR] [1786539893.191177885] [mavros.sys]: FCU: EVENT 9077977 with args -255-255-255-255-7-0-0-0-0-0-0-0-0-0-0-0-0-0-0-0-0-0-0-0-0-0-0-0-0-0-0-0-0-0-0-0-0-0-0-0-
[mavros_node-1] [ERROR] [1786539893.191318576] [mavros.sys]: FCU: EVENT 10011251 with args -56-0-0-0-24-0-0-0-0-0-0-0-0-0-0-0-0-0-0-0-0-0-0-0-0-0-0-0-0-0-0-0-0-0-0-0-0-0-0-0-
[mavros_node-1] [INFO] [1786539893.191435514] [mavros.sys]: FCU: EVENT 377561 with args -8-0-0-0-20-0-0-0-0-0-0-0-0-0-0-0-0-0-0-0-0-0-0-0-0-0-0-0-0-0-0-0-0-0-0-0-0-0-0-0-
[mavros_node-1] [INFO] [1786539893.191519171] [mavros.sys]: FCU: EVENT 79408 with args -32-0-0-0-20-0-0-0-0-0-0-0-0-0-0-0-0-0-0-0-0-0-0-0-0-0-0-0-0-0-0-0-0-0-0-0-0-0-0-0-
[mavros_node-1] [ERROR] [1786539893.191638421] [mavros.sys]: FCU: EVENT 12754954 with args -255-255-255-255-20-0-0-0-0-0-0-0-0-0-0-0-0-0-0-0-0-0-0-0-0-0-0-0-0-0-0-0-0-0-0-0-0-0-0-0-
[mavros_node-1] [WARN] [1786539893.191800284] [mavros.sys]: FCU: UNK(8): EVENT 1914663 with args -0-130-20-2-48-0-0-0-0-0-0-0-0-0-0-0-0-0-0-0-0-0-0-0-0-0-0-0-0-0-0-0-0-0-0-0-0-0-0-0-
[mavros_node-1] [WARN] [1786539893.334708853] [uas]: PX4: Unknown sub-mode 3.2
[mavros_node-1] [WARN] [1786539894.332420685] [uas]: PX4: Unknown sub-mode 3.2
[fastlio_ev_health_monitor.py-3] [WARN] [1786539894.681378904] [fastlio_ev_health_monitor]: EV health state=SUSPECT: px4_velocity_unaligned
[mavros_node-1] [WARN] [1786539895.335507262] [uas]: PX4: Unknown sub-mode 3.2
[mavros_node-1] [WARN] [1786539896.333259210] [uas]: PX4: Unknown sub-mode 3.2
[MAVROS and EV chain] 正在停止进程组 7448
[MAVROS and EV chain] 已退出，状态码 143
