[debug rosbag] starting
[debug rosbag] command: env FLIGHT_TIMESTAMP=20260812_210036 FLIGHT_RUN_DIR=/home/robot/rong_ws/ws_offboard_control/flight_records/20260812/flight_20260812_210036 /home/robot/rong_ws/ws_offboard_control/tools/rosbag/开始录包.sh
[debug rosbag] pid=8387 pgid=8387 log=/home/robot/rong_ws/ws_offboard_control/flight_records/20260812/flight_20260812_210036/logs/rosbag_debug.log
本场次目录：/home/robot/rong_ws/ws_offboard_control/flight_records/20260812/flight_20260812_210036
参数快照目录：/home/robot/rong_ws/ws_offboard_control/flight_records/20260812/flight_20260812_210036/snapshot
录包输出目录：/home/robot/rong_ws/ws_offboard_control/flight_records/20260812/flight_20260812_210036/rosbag
是否录制完整配准点云：false
在本终端按 Ctrl+C 停止录包。
stdin is not a terminal device. Keyboard handling disabled.[INFO] [1786539687.923225680] [rosbag2_recorder]: Press SPACE for pausing/resuming
[INFO] [1786539687.926255803] [rosbag2_storage]: Opened database '/home/robot/rong_ws/ws_offboard_control/flight_records/20260812/flight_20260812_210036/rosbag/rosbag_0.db3' for READ_WRITE.
[INFO] [1786539687.931809996] [rosbag2_recorder]: Listening for topics...
[INFO] [1786539687.931833306] [rosbag2_recorder]: Event publisher thread: Starting
[INFO] [1786539687.937431547] [rosbag2_recorder]: Subscribed to topic '/tf_static'
[INFO] [1786539687.941492958] [rosbag2_recorder]: Subscribed to topic '/tf'
[INFO] [1786539687.947187981] [rosbag2_recorder]: Subscribed to topic '/mavros/vision_speed/speed_twist_cov'
[INFO] [1786539687.950602474] [rosbag2_recorder]: Subscribed to topic '/path'
[INFO] [1786539687.952890708] [rosbag2_recorder]: Subscribed to topic '/mavros/vision_pose/pose_cov'
[INFO] [1786539687.956599779] [rosbag2_recorder]: Subscribed to topic '/Odometry'
[INFO] [1786539687.956737582] [rosbag2_recorder]: Recording...
[INFO] [1786539687.959890544] [rosbag2_recorder]: Subscribed to topic '/race/super_planner/raw_path'
[INFO] [1786539687.962724470] [rosbag2_recorder]: Subscribed to topic '/race/planner/status'
[INFO] [1786539687.964166042] [rosbag2_recorder]: Subscribed to topic '/Odometry/healthy'
[INFO] [1786539687.965874797] [rosbag2_recorder]: Subscribed to topic '/race/global_planner/status'
[INFO] [1786539687.968310990] [rosbag2_recorder]: Subscribed to topic '/race/control/status'
[INFO] [1786539687.973131313] [rosbag2_recorder]: Subscribed to topic '/mavros/setpoint_raw/local'
[INFO] [1786539687.975186281] [rosbag2_recorder]: Subscribed to topic '/race/navigation_setpoint'
[INFO] [1786539687.977267577] [rosbag2_recorder]: Subscribed to topic '/fastlio_global/relocalized_pose'
[INFO] [1786539687.979195922] [rosbag2_recorder]: Subscribed to topic '/Odometry/guarded'
[INFO] [1786539688.084272223] [rosbag2_recorder]: Subscribed to topic '/mavros/state'
[INFO] [1786539688.085552739] [rosbag2_recorder]: Subscribed to topic '/mavros/estimator_status'
[INFO] [1786539688.086294076] [rosbag2_recorder]: Subscribed to topic '/mavros/local_position/velocity_body'
[INFO] [1786539688.086875690] [rosbag2_recorder]: Subscribed to topic '/mavros/setpoint_raw/target_local'
[INFO] [1786539688.088137432] [rosbag2_recorder]: Subscribed to topic '/mavros/local_position/velocity_local'
[INFO] [1786539688.090223623] [rosbag2_recorder]: Subscribed to topic '/mavros/local_position/odom'
[INFO] [1786539688.092044551] [rosbag2_recorder]: Subscribed to topic '/mavros/local_position/pose'
[INFO] [1786539688.921734040] [rosbag2_recorder]: Subscribed to topic '/goal_pose'
[INFO] [1786539688.924781109] [rosbag2_recorder]: Subscribed to topic '/ev_health/diagnostics'
[INFO] [1786539688.929798465] [rosbag2_recorder]: Subscribed to topic '/ev_health/status'
[INFO] [1786539688.931690455] [rosbag2_recorder]: Subscribed to topic '/ev_health/fault'
[INFO] [1786539688.933427389] [rosbag2_recorder]: Subscribed to topic '/race/odom'
[INFO] [1786539688.935091067] [rosbag2_recorder]: Subscribed to topic '/planning/odom'
[INFO] [1786539689.038331536] [rosbag2_recorder]: Subscribed to topic '/race/pose'
[INFO] [1786539689.039616353] [rosbag2_recorder]: Subscribed to topic '/ev_health/velocity_ned'
[INFO] [1786539896.591115025] [rosbag2_cpp]: Writing remaining messages from cache to the bag. It may take a while
[INFO] [1786539896.594693162] [rosbag2_recorder]: Event publisher thread: Exiting
[INFO] [1786539896.594818027] [rosbag2_recorder]: Recording stopped
[debug rosbag] 已退出，状态码 143
