[INFO] [launch]: All log files can be found below /home/robot/.ros/log/2026-08-06-21-56-36-716580-robot-4038
[INFO] [launch]: Default logging verbosity is set to INFO
[INFO] [mavros_node-1]: process started with pid [4046]
[INFO] [fastlio_odometry_guard-2]: process started with pid [4048]
[INFO] [fastlio_ev_health_monitor.py-3]: process started with pid [4050]
[INFO] [fastlio_mavros_vision_bridge-4]: process started with pid [4052]
[INFO] [static_transform_publisher-5]: process started with pid [4054]
[INFO] [static_transform_publisher-6]: process started with pid [4056]
[INFO] [static_transform_publisher-7]: process started with pid [4058]
[INFO] [static_transform_publisher-8]: process started with pid [4060]
[fastlio_odometry_guard-2] [INFO] [1786024596.920245524] [fastlio_odometry_guard]: Guarding odometry /Odometry -> /Odometry/guarded (jump=0.30m, xy=0.20m, z=0.10m, speed=1.20m/s, unknown angular variance>=100000)
[fastlio_mavros_vision_bridge-4] [INFO] [1786024596.922928316] [fastlio_mavros_vision_bridge]: Bridging /Odometry/healthy -> /mavros/vision_pose/pose_cov + vision_speed for MAVROS vision input; body->FAST-LIO origin in body FLU=(-0.1430, -0.1980, 0.0800) m
[mavros_node-1] [INFO] [1786024596.930029606] [mavros.mavros_node]: Starting mavros_node container
[mavros_node-1] [INFO] [1786024596.930659306] [mavros.mavros_node]: FCU URL: serial:///dev/ttyUSB0:921600?ids=255,190
[mavros_node-1] [INFO] [1786024596.930698231] [mavros.mavros_node]: GCS URL: 
[mavros_node-1] [INFO] [1786024596.930709606] [mavros.mavros_node]: UAS Prefix: /uas1
[mavros_node-1] [INFO] [1786024596.930721119] [mavros.mavros_node]: Starting mavros router node
[static_transform_publisher-5] [INFO] [1786024596.934050572] [odom_to_camera_init]: Spinning until stopped - publishing transform
[static_transform_publisher-5] translation: ('0.000000', '0.000000', '0.000000')
[static_transform_publisher-5] rotation: ('0.000000', '0.000000', '0.000000', '1.000000')
[static_transform_publisher-5] from 'odom' to 'camera_init'
[static_transform_publisher-8] [INFO] [1786024596.937245772] [body_to_body_frd]: Spinning until stopped - publishing transform
[static_transform_publisher-8] translation: ('0.000000', '0.000000', '0.000000')
[static_transform_publisher-8] rotation: ('1.000000', '0.000000', '0.000000', '0.000000')
[static_transform_publisher-8] from 'body' to 'body_frd'
[static_transform_publisher-7] [INFO] [1786024596.937533215] [camera_init_to_camera_init_ned]: Spinning until stopped - publishing transform
[static_transform_publisher-7] translation: ('0.000000', '0.000000', '0.000000')
[static_transform_publisher-7] rotation: ('0.707107', '0.707107', '0.000000', '0.000000')
[static_transform_publisher-7] from 'camera_init' to 'camera_init_ned'
[static_transform_publisher-6] [INFO] [1786024596.937673763] [base_link_to_body]: Spinning until stopped - publishing transform
[static_transform_publisher-6] translation: ('0.000000', '0.000000', '0.000000')
[static_transform_publisher-6] rotation: ('0.000000', '0.000000', '0.000000', '1.000000')
[static_transform_publisher-6] from 'base_link' to 'body'
[mavros_node-1] [INFO] [1786024596.956452426] [mavros.mavros_router]: Built-in SIMD instructions: SSE, SSE2
[mavros_node-1] [INFO] [1786024596.956491831] [mavros.mavros_router]: Built-in MAVLink package version: 2026.3.3
[mavros_node-1] [INFO] [1786024596.956510472] [mavros.mavros_router]: Known MAVLink dialects: common ardupilotmega ASLUAV AVSSUAS all csAirLink cubepilot development icarous loweheiser marsh matrixpilot paparazzi standard stemstudios storm32 uAvionix ualberta
[mavros_node-1] [INFO] [1786024596.956520155] [mavros.mavros_router]: MAVROS Router started
[mavros_node-1] [INFO] [1786024596.956666934] [mavros.mavros_node]: Starting mavros uas node
[mavros_node-1] [INFO] [1786024597.042563146] [mavros.mavros_router]: Requested to add endpoint: type: 0, url: serial:///dev/ttyUSB0:921600?ids=255,190
[mavros_node-1] [INFO] [1786024597.042622985] [mavros.mavros_router]: Endpoint link[1000] created
[mavros_node-1] [INFO] [1786024597.043490834] [mavros.mavros_router]: link[1000] opened successfully
[mavros_node-1] [INFO] [1786024597.043518119] [mavros.mavros_router]: Requested to add endpoint: type: 2, url: /uas1
[mavros_node-1] [INFO] [1786024597.043534517] [mavros.mavros_router]: Endpoint link[1001] created
[mavros_node-1] [INFO] [1786024597.048979191] [mavros.mavros_router]: link[1000] detected remote address 192.255
[mavros_node-1] [INFO] [1786024597.053182872] [mavros.mavros]: UAS Executor started, threads: 16
[mavros_node-1] [INFO] [1786024597.056585183] [mavros.mavros_router]: link[1001] opened successfully
[mavros_node-1] [INFO] [1786024597.056701080] [mavros.mavros_router]: link[1000] detected remote address 1.1
[mavros_node-1] [INFO] [1786024597.105575494] [mavros.mavros]: Plugin actuator_control created
[mavros_node-1] [INFO] [1786024597.105672220] [mavros.mavros]: Plugin actuator_control initialized
[mavros_node-1] [INFO] [1786024597.150599701] [mavros.mavros]: Plugin adsb created
[mavros_node-1] [INFO] [1786024597.150776522] [mavros.mavros]: Plugin adsb initialized
[mavros_node-1] [INFO] [1786024597.157894705] [mavros.mavros]: Plugin altitude created
[mavros_node-1] [INFO] [1786024597.157955104] [mavros.mavros]: Plugin altitude initialized
[mavros_node-1] [INFO] [1786024597.164563533] [mavros.mavros]: Plugin cam_imu_sync created
[mavros_node-1] [INFO] [1786024597.164614424] [mavros.mavros]: Plugin cam_imu_sync initialized
[mavros_node-1] [INFO] [1786024597.172040084] [mavros.mavros]: Plugin camera created
[mavros_node-1] [INFO] [1786024597.172124043] [mavros.mavros]: Plugin camera initialized
[mavros_node-1] [INFO] [1786024597.182288375] [mavros.mavros]: Plugin cellular_status created
[mavros_node-1] [INFO] [1786024597.182331145] [mavros.mavros]: Plugin cellular_status initialized
[mavros_node-1] [INFO] [1786024597.199102498] [mavros.mavros]: Plugin command created
[mavros_node-1] [INFO] [1786024597.199155622] [mavros.mavros]: Plugin command initialized
[mavros_node-1] [INFO] [1786024597.204124889] [mavros.mavros]: Plugin companion_process_status created
[mavros_node-1] [INFO] [1786024597.204170174] [mavros.mavros]: Plugin companion_process_status initialized
[mavros_node-1] [INFO] [1786024597.220062519] [mavros.mavros]: Plugin debug_value created
[mavros_node-1] [INFO] [1786024597.220132877] [mavros.mavros]: Plugin debug_value initialized
[mavros_node-1] [INFO] [1786024597.220140164] [mavros.mavros]: Plugin distance_sensor ignored
[mavros_node-1] [INFO] [1786024597.228745242] [mavros.mavros]: Plugin esc_status created
[mavros_node-1] [INFO] [1786024597.228795564] [mavros.mavros]: Plugin esc_status initialized
[mavros_node-1] [INFO] [1786024597.238690666] [mavros.mavros]: Plugin esc_telemetry created
[mavros_node-1] [INFO] [1786024597.238735912] [mavros.mavros]: Plugin esc_telemetry initialized
[mavros_node-1] [INFO] [1786024597.245842096] [mavros.mavros]: Plugin fake_gps created
[mavros_node-1] [INFO] [1786024597.245882781] [mavros.mavros]: Plugin fake_gps initialized
[mavros_node-1] [INFO] [1786024597.267871870] [mavros.mavros]: Plugin ftp created
[mavros_node-1] [INFO] [1786024597.267970090] [mavros.mavros]: Plugin ftp initialized
[mavros_node-1] [INFO] [1786024597.284863312] [mavros.mavros]: Plugin geofence created
[mavros_node-1] [INFO] [1786024597.284951023] [mavros.mavros]: Plugin geofence initialized
[mavros_node-1] [INFO] [1786024597.308313708] [mavros.mavros]: Plugin gimbal_control created
[mavros_node-1] [INFO] [1786024597.308389537] [mavros.mavros]: Plugin gimbal_control initialized
[mavros_node-1] [INFO] [1786024597.326216117] [mavros.mavros]: Plugin global_position created
[mavros_node-1] [INFO] [1786024597.326296809] [mavros.mavros]: Plugin global_position initialized
[mavros_node-1] [INFO] [1786024597.339633631] [mavros.mavros]: Plugin gps_input created
[mavros_node-1] [INFO] [1786024597.339718886] [mavros.mavros]: Plugin gps_input initialized
[mavros_node-1] [INFO] [1786024597.352140906] [mavros.mavros]: Plugin gps_rtk created
[mavros_node-1] [INFO] [1786024597.352194163] [mavros.mavros]: Plugin gps_rtk initialized
[mavros_node-1] [INFO] [1786024597.359760060] [mavros.mavros]: Plugin gps_status created
[mavros_node-1] [INFO] [1786024597.359800196] [mavros.mavros]: Plugin gps_status initialized
[mavros_node-1] [INFO] [1786024597.365348002] [mavros.mavros]: Plugin guided_target created
[mavros_node-1] [INFO] [1786024597.365398923] [mavros.mavros]: Plugin guided_target initialized
[mavros_node-1] [INFO] [1786024597.383874887] [mavros.mavros]: Plugin hil created
[mavros_node-1] [INFO] [1786024597.383943463] [mavros.mavros]: Plugin hil initialized
[mavros_node-1] [INFO] [1786024597.453150146] [mavros.mavros]: Plugin home_position created
[mavros_node-1] [INFO] [1786024597.453217316] [mavros.mavros]: Plugin home_position initialized
[mavros_node-1] [INFO] [1786024597.485185553] [mavros.mavros]: Plugin imu created
[mavros_node-1] [INFO] [1786024597.485239566] [mavros.mavros]: Plugin imu initialized
[fastlio_ev_health_monitor.py-3] [INFO] [1786024597.497919371] [fastlio_ev_health_monitor]: EV health gate /Odometry -> /Odometry/healthy; compare /mavros/local_position/velocity_local in PX4 local NED; status=/ev_health/status, diagnostics=/ev_health/diagnostics
[mavros_node-1] [INFO] [1786024597.504716508] [mavros.mavros]: Plugin landing_target created
[mavros_node-1] [INFO] [1786024597.504769445] [mavros.mavros]: Plugin landing_target initialized
[mavros_node-1] [INFO] [1786024597.530459001] [mavros.mavros]: Plugin local_position created
[mavros_node-1] [INFO] [1786024597.530520039] [mavros.mavros]: Plugin local_position initialized
[mavros_node-1] [INFO] [1786024597.556328448] [mavros.mavros]: Plugin log_transfer created
[mavros_node-1] [INFO] [1786024597.556419205] [mavros.mavros]: Plugin log_transfer initialized
[mavros_node-1] [INFO] [1786024597.573349505] [mavros.mavros]: Plugin mag_calibration_status created
[mavros_node-1] [INFO] [1786024597.573489371] [mavros.mavros]: Plugin mag_calibration_status initialized
[fastlio_ev_health_monitor.py-3] [WARN] [1786024597.585591648] [fastlio_ev_health_monitor]: EV health state=SUSPECT: waiting_for_ev
[mavros_node-1] [INFO] [1786024597.600730921] [mavros.mavros]: Plugin manual_control created
[mavros_node-1] [INFO] [1786024597.600782081] [mavros.mavros]: Plugin manual_control initialized
[mavros_node-1] [INFO] [1786024597.631194234] [mavros.mavros]: Plugin mocap_pose_estimate created
[mavros_node-1] [INFO] [1786024597.631273268] [mavros.mavros]: Plugin mocap_pose_estimate initialized
[mavros_node-1] [INFO] [1786024597.658332991] [mavros.mavros]: Plugin mount_control created
[mavros_node-1] [INFO] [1786024597.658426960] [mavros.mavros]: Plugin mount_control initialized
[mavros_node-1] [INFO] [1786024597.679126939] [mavros.mavros]: Plugin nav_controller_output created
[mavros_node-1] [INFO] [1786024597.679199661] [mavros.mavros]: Plugin nav_controller_output initialized
[mavros_node-1] [INFO] [1786024597.698748857] [mavros.mavros]: Plugin obstacle_distance created
[mavros_node-1] [INFO] [1786024597.698845352] [mavros.mavros]: Plugin obstacle_distance initialized
[mavros_node-1] [INFO] [1786024597.722781968] [mavros.mavros]: Plugin obstacle_distance_3d created
[mavros_node-1] [INFO] [1786024597.722849192] [mavros.mavros]: Plugin obstacle_distance_3d initialized
[mavros_node-1] [INFO] [1786024597.752617056] [mavros.mavros]: Plugin odometry created
[mavros_node-1] [INFO] [1786024597.752718729] [mavros.mavros]: Plugin odometry initialized
[mavros_node-1] [INFO] [1786024597.774519960] [mavros.mavros]: Plugin onboard_computer_status created
[mavros_node-1] [INFO] [1786024597.774604670] [mavros.mavros]: Plugin onboard_computer_status initialized
[mavros_node-1] [INFO] [1786024597.809004724] [mavros.mavros]: Plugin open_drone_id created
[mavros_node-1] [INFO] [1786024597.809053397] [mavros.mavros]: Plugin open_drone_id initialized
[mavros_node-1] [INFO] [1786024597.828113235] [mavros.mavros]: Plugin optical_flow created
[mavros_node-1] [INFO] [1786024597.828258039] [mavros.mavros]: Plugin optical_flow initialized
[mavros_node-1] [INFO] [1786024597.848433091] [mavros.mavros]: Plugin param created
[mavros_node-1] [INFO] [1786024597.848482784] [mavros.mavros]: Plugin param initialized
[mavros_node-1] [INFO] [1786024597.864393384] [mavros.mavros]: Plugin play_tune created
[mavros_node-1] [INFO] [1786024597.864475301] [mavros.mavros]: Plugin play_tune initialized
[fastlio_ev_health_monitor.py-3] [WARN] [1786024597.887723395] [fastlio_ev_health_monitor]: EV health state=FAULT: waiting_for_ev
[mavros_node-1] [INFO] [1786024597.898341348] [mavros.mavros]: Plugin px4flow created
[mavros_node-1] [INFO] [1786024597.898434435] [mavros.mavros]: Plugin px4flow initialized
[mavros_node-1] [INFO] [1786024597.944413717] [mavros.mavros]: Plugin rallypoint created
[mavros_node-1] [INFO] [1786024597.944554407] [mavros.mavros]: Plugin rallypoint initialized
[mavros_node-1] [INFO] [1786024597.944621265] [mavros.mavros]: Plugin rangefinder ignored
[mavros_node-1] [INFO] [1786024597.973367370] [mavros.mavros]: Plugin rc_io created
[mavros_node-1] [INFO] [1786024597.973438029] [mavros.mavros]: Plugin rc_io initialized
[mavros_node-1] [INFO] [1786024597.997978241] [mavros.mavros]: Plugin setpoint_accel created
[mavros_node-1] [INFO] [1786024597.998043274] [mavros.mavros]: Plugin setpoint_accel initialized
[mavros_node-1] [INFO] [1786024598.023197547] [mavros.mavros]: Plugin setpoint_attitude created
[mavros_node-1] [INFO] [1786024598.023298482] [mavros.mavros]: Plugin setpoint_attitude initialized
[mavros_node-1] [INFO] [1786024598.054018017] [mavros.mavros]: Plugin setpoint_position created
[mavros_node-1] [INFO] [1786024598.054085340] [mavros.mavros]: Plugin setpoint_position initialized
[mavros_node-1] [INFO] [1786024598.093018252] [mavros.mavros]: Plugin setpoint_raw created
[mavros_node-1] [INFO] [1786024598.093087782] [mavros.mavros]: Plugin setpoint_raw initialized
[mavros_node-1] [INFO] [1786024598.127195155] [mavros.mavros]: Plugin setpoint_trajectory created
[mavros_node-1] [INFO] [1786024598.127248079] [mavros.mavros]: Plugin setpoint_trajectory initialized
[mavros_node-1] [INFO] [1786024598.409773929] [mavros.mavros]: Plugin setpoint_velocity created
[mavros_node-1] [INFO] [1786024598.409825366] [mavros.mavros]: Plugin setpoint_velocity initialized
[mavros_node-1] [INFO] [1786024598.436198786] [mavros.mavros]: Plugin sim_state created
[mavros_node-1] [INFO] [1786024598.436364195] [mavros.mavros]: Plugin sim_state initialized
[mavros_node-1] [INFO] [1786024598.485699445] [mavros.mavros]: Plugin sys_status created
[mavros_node-1] [INFO] [1786024598.485769503] [mavros.mavros]: Plugin sys_status initialized
[mavros_node-1] [INFO] [1786024598.520747081] [mavros.time]: TM: Timesync mode: MAVLINK
[mavros_node-1] [INFO] [1786024598.528626850] [mavros.mavros]: Plugin sys_time created
[mavros_node-1] [INFO] [1786024598.528843312] [mavros.mavros]: Plugin sys_time initialized
[mavros_node-1] [INFO] [1786024598.564600414] [mavros.mavros]: Plugin tdr_radio created
[mavros_node-1] [INFO] [1786024598.564746609] [mavros.mavros]: Plugin tdr_radio initialized
[mavros_node-1] [INFO] [1786024598.598379392] [mavros.mavros]: Plugin terrain created
[mavros_node-1] [INFO] [1786024598.598497885] [mavros.mavros]: Plugin terrain initialized
[mavros_node-1] [INFO] [1786024598.631433955] [mavros.mavros]: Plugin trajectory created
[mavros_node-1] [INFO] [1786024598.631513549] [mavros.mavros]: Plugin trajectory initialized
[mavros_node-1] [INFO] [1786024598.658791505] [mavros.mavros]: Plugin tunnel created
[mavros_node-1] [INFO] [1786024598.658888947] [mavros.mavros]: Plugin tunnel initialized
[mavros_node-1] [INFO] [1786024598.693979337] [mavros.mavros]: Plugin vfr_hud created
[mavros_node-1] [INFO] [1786024598.694046260] [mavros.mavros]: Plugin vfr_hud initialized
[mavros_node-1] [INFO] [1786024598.694053370] [mavros.mavros]: Plugin vibration ignored
[mavros_node-1] [INFO] [1786024598.728730778] [mavros.mavros]: Plugin vision_pose created
[mavros_node-1] [INFO] [1786024598.728782397] [mavros.mavros]: Plugin vision_pose initialized
[mavros_node-1] [INFO] [1786024598.754068477] [mavros.mavros]: Plugin vision_speed created
[mavros_node-1] [INFO] [1786024598.754180313] [mavros.mavros]: Plugin vision_speed initialized
[mavros_node-1] [INFO] [1786024598.795080160] [mavros.mavros]: Plugin waypoint created
[mavros_node-1] [INFO] [1786024598.795199353] [mavros.mavros]: Plugin waypoint initialized
[mavros_node-1] [INFO] [1786024598.795216500] [mavros.mavros]: Plugin wheel_odometry ignored
[mavros_node-1] [INFO] [1786024598.823667335] [mavros.mavros]: Plugin wind_estimation created
[mavros_node-1] [INFO] [1786024598.823814855] [mavros.mavros]: Plugin wind_estimation initialized
[mavros_node-1] [INFO] [1786024598.827075429] [mavros.mavros]: Built-in SIMD instructions: SSE, SSE2
[mavros_node-1] [INFO] [1786024598.827129736] [mavros.mavros]: Built-in MAVLink package version: 2026.3.3
[mavros_node-1] [INFO] [1786024598.827136056] [mavros.mavros]: Known MAVLink dialects: common ardupilotmega ASLUAV AVSSUAS all csAirLink cubepilot development icarous loweheiser marsh matrixpilot paparazzi standard stemstudios storm32 uAvionix ualberta
[mavros_node-1] [INFO] [1786024598.827142484] [mavros.mavros]: MAVROS UAS via /uas1 started. MY ID 255.190, TARGET ID 1.1
[mavros_node-1] [INFO] [1786024598.829600231] [mavros.imu]: IMU: Attitude quaternion IMU detected!
[mavros_node-1] [INFO] [1786024598.838599323] [mavros.imu]: IMU: High resolution IMU detected!
[mavros_node-1] [INFO] [1786024598.849495235] [mavros.rc]: RC_CHANNELS message detected!
[mavros_node-1] [INFO] [1786024598.896122130] [mavros.mavros_router]: link[1001] detected remote address 255.190
[mavros_node-1] [INFO] [1786024599.196067077] [mavros.mavros]: CON: Got HEARTBEAT, connected. FCU: PX4 Autopilot
[mavros_node-1] [INFO] [1786024599.196334403] [mavros.mission]: WP: detected enable_partial_push: 0
[mavros_node-1] [INFO] [1786024599.197153973] [mavros.imu]: IMU: High resolution IMU detected!
[mavros_node-1] [INFO] [1786024599.200170145] [mavros.rc]: RC_CHANNELS message detected!
[mavros_node-1] [INFO] [1786024599.211496410] [mavros.imu]: IMU: Attitude quaternion IMU detected!
[mavros_node-1] [WARN] [1786024600.238764893] [mavros.cmd]: CMD: Unexpected command 520, result 3
[fastlio_ev_health_monitor.py-3] [INFO] [1786024600.872247428] [fastlio_ev_health_monitor]: EV health state=HEALTHY: ok
[mavros_node-1] [WARN] [1786024601.201934991] [mavros.sys]: FCU: UNK(8): EVENT 11047904 with args -0-128-0-18-1-0-0-0-0-0-0-0-0-131-191-1-128-0-0-0-0-0-0-0-0-0-0-0-0-0-0-0-0-0-0-0-0-0-0-0-
[mavros_node-1] [ERROR] [1786024601.202231469] [mavros.sys]: FCU: EVENT 16642797 with args -124-0-126-0-17-0-0-0-0-0-0-0-0-0-0-0-0-0-0-0-0-0-0-0-0-0-0-0-0-0-0-0-0-0-0-0-0-0-0-0-
[mavros_node-1] [ERROR] [1786024601.202576321] [mavros.sys]: FCU: EVENT 9077977 with args -255-255-255-255-7-0-0-0-0-0-0-0-0-0-0-0-0-0-0-0-0-0-0-0-0-0-0-0-0-0-0-0-0-0-0-0-0-0-0-0-
[mavros_node-1] [ERROR] [1786024601.202715400] [mavros.sys]: FCU: EVENT 11464574 with args -0-64-0-0-20-0-0-0-0-0-0-0-0-0-0-0-0-0-0-0-0-0-0-0-0-0-0-0-0-0-0-0-0-0-0-0-0-0-0-0-
[mavros_node-1] [WARN] [1786024601.202786385] [mavros.sys]: VER: broadcast request timeout, retries left 4
[mavros_node-1] [ERROR] [1786024601.202887913] [mavros.sys]: FCU: EVENT 13835193 with args -124-0-126-0-17-0-0-0-0-0-0-0-0-0-0-0-0-0-0-0-0-0-0-0-0-0-0-0-0-0-0-0-0-0-0-0-0-0-0-0-
[mavros_node-1] [ERROR] [1786024601.203282406] [mavros.sys]: FCU: EVENT 10011251 with args -56-0-0-0-24-0-0-0-0-0-0-0-0-0-0-0-0-0-0-0-0-0-0-0-0-0-0-0-0-0-0-0-0-0-0-0-0-0-0-0-
[mavros_node-1] [INFO] [1786024601.203667352] [mavros.sys]: FCU: EVENT 377561 with args -8-0-0-0-20-0-0-0-0-0-0-0-0-0-0-0-0-0-0-0-0-0-0-0-0-0-0-0-0-0-0-0-0-0-0-0-0-0-0-0-
[mavros_node-1] [INFO] [1786024601.203950742] [mavros.sys]: FCU: EVENT 79408 with args -32-0-0-0-20-0-0-0-0-0-0-0-0-0-0-0-0-0-0-0-0-0-0-0-0-0-0-0-0-0-0-0-0-0-0-0-0-0-0-0-
[mavros_node-1] [INFO] [1786024601.204287166] [mavros.sys]: FCU: EVENT 6801787 with args -255-255-255-255-12-0-0-0-0-0-0-0-0-0-0-0-0-0-0-0-0-0-0-0-0-0-0-0-0-0-0-0-0-0-0-0-0-0-0-0-
[mavros_node-1] [WARN] [1786024601.206896640] [mavros.sys]: FCU: UNK(8): EVENT 1914663 with args -0-130-0-2-48-0-0-0-0-0-0-0-0-0-0-0-0-0-0-0-0-0-0-0-0-0-0-0-0-0-0-0-0-0-0-0-0-0-0-0-
[mavros_node-1] [WARN] [1786024602.209250661] [mavros.sys]: VER: broadcast request timeout, retries left 3
[mavros_node-1] [ERROR] [1786024603.229805108] [mavros.sys]: VER: command plugin service call failed!
[mavros_node-1] [WARN] [1786024603.229897392] [mavros.sys]: VER: unicast request timeout, retries left 2
[mavros_node-1] [WARN] [1786024603.291228625] [mavros.sys]: FCU: UNK(8): EVENT 11047904 with args -0-128-0-18-1-0-0-0-0-0-0-0-0-131-191-1-128-0-0-0-0-0-0-0-0-0-0-0-0-0-0-0-0-0-0-0-0-0-0-0-
[mavros_node-1] [ERROR] [1786024603.291500469] [mavros.sys]: FCU: EVENT 9077977 with args -255-255-255-255-7-0-0-0-0-0-0-0-0-0-0-0-0-0-0-0-0-0-0-0-0-0-0-0-0-0-0-0-0-0-0-0-0-0-0-0-
[mavros_node-1] [ERROR] [1786024603.291839692] [mavros.sys]: FCU: EVENT 11464574 with args -0-64-0-0-20-0-0-0-0-0-0-0-0-0-0-0-0-0-0-0-0-0-0-0-0-0-0-0-0-0-0-0-0-0-0-0-0-0-0-0-
[mavros_node-1] [ERROR] [1786024603.292215423] [mavros.sys]: FCU: EVENT 13835193 with args -124-0-126-0-17-0-0-0-0-0-0-0-0-0-0-0-0-0-0-0-0-0-0-0-0-0-0-0-0-0-0-0-0-0-0-0-0-0-0-0-
[mavros_node-1] [ERROR] [1786024603.292489327] [mavros.sys]: FCU: EVENT 10011251 with args -56-0-0-0-24-0-0-0-0-0-0-0-0-0-0-0-0-0-0-0-0-0-0-0-0-0-0-0-0-0-0-0-0-0-0-0-0-0-0-0-
[mavros_node-1] [INFO] [1786024603.292635753] [mavros.sys]: FCU: EVENT 377561 with args -8-0-0-0-20-0-0-0-0-0-0-0-0-0-0-0-0-0-0-0-0-0-0-0-0-0-0-0-0-0-0-0-0-0-0-0-0-0-0-0-
[mavros_node-1] [INFO] [1786024603.292841448] [mavros.sys]: FCU: EVENT 79408 with args -32-0-0-0-20-0-0-0-0-0-0-0-0-0-0-0-0-0-0-0-0-0-0-0-0-0-0-0-0-0-0-0-0-0-0-0-0-0-0-0-
[mavros_node-1] [INFO] [1786024603.293231792] [mavros.sys]: FCU: EVENT 6801787 with args -255-255-255-255-12-0-0-0-0-0-0-0-0-0-0-0-0-0-0-0-0-0-0-0-0-0-0-0-0-0-0-0-0-0-0-0-0-0-0-0-
[mavros_node-1] [WARN] [1786024603.294345977] [mavros.sys]: FCU: UNK(8): EVENT 1914663 with args -0-130-0-2-48-0-0-0-0-0-0-0-0-0-0-0-0-0-0-0-0-0-0-0-0-0-0-0-0-0-0-0-0-0-0-0-0-0-0-0-
[mavros_node-1] [ERROR] [1786024604.245249506] [mavros.sys]: VER: command plugin service call failed!
[mavros_node-1] [WARN] [1786024604.245441758] [mavros.sys]: VER: unicast request timeout, retries left 1
[mavros_node-1] [ERROR] [1786024605.207052865] [mavros.sys]: VER: command plugin service call failed!
[mavros_node-1] [WARN] [1786024605.207273843] [mavros.sys]: VER: unicast request timeout, retries left 0
[mavros_node-1] [WARN] [1786024605.316664177] [mavros.sys]: FCU: UNK(8): EVENT 11047904 with args -0-128-0-16-1-0-0-0-0-0-0-0-0-199-191-127-128-0-0-0-0-0-0-0-0-0-0-0-0-0-0-0-0-0-0-0-0-0-0-0-
[mavros_node-1] [ERROR] [1786024605.316984952] [mavros.sys]: FCU: EVENT 9077977 with args -255-255-255-255-7-0-0-0-0-0-0-0-0-0-0-0-0-0-0-0-0-0-0-0-0-0-0-0-0-0-0-0-0-0-0-0-0-0-0-0-
[mavros_node-1] [ERROR] [1786024605.317263918] [mavros.sys]: FCU: EVENT 11464574 with args -0-64-0-0-20-0-0-0-0-0-0-0-0-0-0-0-0-0-0-0-0-0-0-0-0-0-0-0-0-0-0-0-0-0-0-0-0-0-0-0-
[mavros_node-1] [ERROR] [1786024605.317629792] [mavros.sys]: FCU: EVENT 10011251 with args -56-0-0-0-24-0-0-0-0-0-0-0-0-0-0-0-0-0-0-0-0-0-0-0-0-0-0-0-0-0-0-0-0-0-0-0-0-0-0-0-
[mavros_node-1] [INFO] [1786024605.317969584] [mavros.sys]: FCU: EVENT 377561 with args -8-0-0-0-20-0-0-0-0-0-0-0-0-0-0-0-0-0-0-0-0-0-0-0-0-0-0-0-0-0-0-0-0-0-0-0-0-0-0-0-
[mavros_node-1] [INFO] [1786024605.319049014] [mavros.sys]: FCU: EVENT 79408 with args -32-0-0-0-20-0-0-0-0-0-0-0-0-0-0-0-0-0-0-0-0-0-0-0-0-0-0-0-0-0-0-0-0-0-0-0-0-0-0-0-
[mavros_node-1] [WARN] [1786024605.320705699] [mavros.sys]: FCU: UNK(8): EVENT 1914663 with args -0-130-16-2-48-0-0-0-0-0-0-0-0-0-0-0-0-0-0-0-0-0-0-0-0-0-0-0-0-0-0-0-0-0-0-0-0-0-0-0-
[mavros_node-1] [ERROR] [1786024606.234934832] [mavros.sys]: VER: command plugin service call failed!
[mavros_node-1] [WARN] [1786024606.235076111] [mavros.sys]: VER: your FCU don't support AUTOPILOT_VERSION, switched to default capabilities
[fastlio_ev_health_monitor.py-3] [WARN] [1786024606.763367371] [fastlio_ev_health_monitor]: EV health state=SUSPECT: stale_input age=0.302s
[mavros_node-1] [WARN] [1786024607.521401415] [mavros.sys]: FCU: UNK(8): EVENT 11047904 with args -0-128-0-16-1-0-0-0-0-0-0-0-0-199-191-127-128-0-0-0-0-0-0-0-0-0-0-0-0-0-0-0-0-0-0-0-0-0-0-0-
[mavros_node-1] [ERROR] [1786024607.521561636] [mavros.sys]: FCU: EVENT 9077977 with args -255-255-255-255-7-0-0-0-0-0-0-0-0-0-0-0-0-0-0-0-0-0-0-0-0-0-0-0-0-0-0-0-0-0-0-0-0-0-0-0-
[mavros_node-1] [ERROR] [1786024607.521693964] [mavros.sys]: FCU: EVENT 11464574 with args -0-64-0-0-20-0-0-0-0-0-0-0-0-0-0-0-0-0-0-0-0-0-0-0-0-0-0-0-0-0-0-0-0-0-0-0-0-0-0-0-
[mavros_node-1] [ERROR] [1786024607.521722337] [mavros.sys]: FCU: EVENT 10011251 with args -56-0-0-0-24-0-0-0-0-0-0-0-0-0-0-0-0-0-0-0-0-0-0-0-0-0-0-0-0-0-0-0-0-0-0-0-0-0-0-0-
[mavros_node-1] [INFO] [1786024607.521907867] [mavros.sys]: FCU: EVENT 377561 with args -8-0-0-0-20-0-0-0-0-0-0-0-0-0-0-0-0-0-0-0-0-0-0-0-0-0-0-0-0-0-0-0-0-0-0-0-0-0-0-0-
[mavros_node-1] [INFO] [1786024607.522334203] [mavros.sys]: FCU: EVENT 79408 with args -32-0-0-0-20-0-0-0-0-0-0-0-0-0-0-0-0-0-0-0-0-0-0-0-0-0-0-0-0-0-0-0-0-0-0-0-0-0-0-0-
[mavros_node-1] [WARN] [1786024607.524604607] [mavros.sys]: FCU: UNK(8): EVENT 1914663 with args -0-130-16-2-48-0-0-0-0-0-0-0-0-0-0-0-0-0-0-0-0-0-0-0-0-0-0-0-0-0-0-0-0-0-0-0-0-0-0-0-
[fastlio_ev_health_monitor.py-3] [INFO] [1786024608.882751204] [fastlio_ev_health_monitor]: EV health state=HEALTHY: ok
[mavros_node-1] [INFO] [1786024609.195623192] [mavros.home_position]: HP: requesting home position
[mavros_node-1] [WARN] [1786024610.763411156] [mavros.cmd]: CMD: Unexpected command 512, result 2
[fastlio_ev_health_monitor.py-3] [WARN] [1786024613.233410742] [fastlio_ev_health_monitor]: EV health state=SUSPECT: stale_input age=0.272s
[mavros_node-1] [INFO] [1786024614.199103968] [mavros.mission]: WP: mission received
[fastlio_ev_health_monitor.py-3] [INFO] [1786024615.277007054] [fastlio_ev_health_monitor]: EV health state=HEALTHY: ok
[mavros_node-1] [INFO] [1786024619.201842382] [mavros.rallypoint]: RP: mission received
[mavros_node-1] [WARN] [1786024622.836633585] [mavros.sys]: FCU: UNK(8): EVENT 11047904 with args -0-128-0-0-1-0-0-0-0-0-0-0-0-199-255-127-128-0-0-0-0-0-0-0-0-0-0-0-0-0-0-0-0-0-0-0-0-0-0-0-
[mavros_node-1] [ERROR] [1786024622.836938918] [mavros.sys]: FCU: EVENT 9077977 with args -255-255-255-255-7-0-0-0-0-0-0-0-0-0-0-0-0-0-0-0-0-0-0-0-0-0-0-0-0-0-0-0-0-0-0-0-0-0-0-0-
[mavros_node-1] [ERROR] [1786024622.837032277] [mavros.sys]: FCU: EVENT 10011251 with args -56-0-0-0-24-0-0-0-0-0-0-0-0-0-0-0-0-0-0-0-0-0-0-0-0-0-0-0-0-0-0-0-0-0-0-0-0-0-0-0-
[mavros_node-1] [INFO] [1786024622.837387588] [mavros.sys]: FCU: EVENT 377561 with args -8-0-0-0-20-0-0-0-0-0-0-0-0-0-0-0-0-0-0-0-0-0-0-0-0-0-0-0-0-0-0-0-0-0-0-0-0-0-0-0-
[mavros_node-1] [INFO] [1786024622.837687549] [mavros.sys]: FCU: EVENT 79408 with args -32-0-0-0-20-0-0-0-0-0-0-0-0-0-0-0-0-0-0-0-0-0-0-0-0-0-0-0-0-0-0-0-0-0-0-0-0-0-0-0-
[mavros_node-1] [WARN] [1786024622.839780589] [mavros.sys]: FCU: UNK(8): EVENT 1914663 with args -0-130-16-2-48-0-0-0-0-0-0-0-0-0-0-0-0-0-0-0-0-0-0-0-0-0-0-0-0-0-0-0-0-0-0-0-0-0-0-0-
[mavros_node-1] [INFO] [1786024624.201479134] [mavros.geofence]: GF: mission received
[mavros_node-1] [WARN] [1786024629.112733316] [mavros.cmd]: CMD: Unexpected command 512, result 2
[mavros_node-1] [WARN] [1786024634.047929331] [mavros.sys]: FCU: UNK(8): EVENT 11047904 with args -0-0-0-0-1-0-0-0-0-199-255-127-128-199-255-127-128-0-0-0-0-0-0-0-0-0-0-0-0-0-0-0-0-0-0-0-0-0-0-0-
[mavros_node-1] [ERROR] [1786024634.048192742] [mavros.sys]: FCU: EVENT 10011251 with args -56-0-0-0-24-0-0-0-0-0-0-0-0-0-0-0-0-0-0-0-0-0-0-0-0-0-0-0-0-0-0-0-0-0-0-0-0-0-0-0-
[mavros_node-1] [INFO] [1786024634.048545152] [mavros.sys]: FCU: EVENT 377561 with args -8-0-0-0-20-0-0-0-0-0-0-0-0-0-0-0-0-0-0-0-0-0-0-0-0-0-0-0-0-0-0-0-0-0-0-0-0-0-0-0-
[mavros_node-1] [INFO] [1786024634.048939360] [mavros.sys]: FCU: EVENT 79408 with args -32-0-0-0-20-0-0-0-0-0-0-0-0-0-0-0-0-0-0-0-0-0-0-0-0-0-0-0-0-0-0-0-0-0-0-0-0-0-0-0-
[mavros_node-1] [WARN] [1786024634.051002552] [mavros.sys]: FCU: UNK(8): EVENT 1914663 with args -0-130-16-2-48-0-0-0-0-0-0-0-0-0-0-0-0-0-0-0-0-0-0-0-0-0-0-0-0-0-0-0-0-0-0-0-0-0-0-0-
[mavros_node-1] [WARN] [1786024648.109735482] [mavros.cmd]: CMD: Unexpected command 512, result 2
[mavros_node-1] [INFO] [1786024655.269635621] [mavros.sys]: FCU: EVENT 9489139 with args -4-0-0-0-0-0-0-0-0-0-0-0-0-0-0-0-0-0-0-0-0-0-0-0-0-0-0-0-0-0-0-0-0-0-0-0-0-0-0-0-
[mavros_node-1] [INFO] [1786024655.371376776] [mavros.sys]: FCU: EVENT 1203183 with args -234-7-8-6-13-57-35-0-0-0-0-0-0-0-0-0-0-0-0-0-0-0-0-0-0-0-0-0-0-0-0-0-0-0-0-0-0-0-0-0-
[mavros_node-1] [WARN] [1786024655.520191463] [mavros.sys]: FCU: UNK(8): EVENT 11047904 with args -0-0-0-0-1-0-0-0-0-199-255-127-128-199-255-127-128-0-0-0-0-0-0-0-0-0-0-0-0-0-0-0-0-0-0-0-0-0-0-0-
[mavros_node-1] [ERROR] [1786024655.520504159] [mavros.sys]: FCU: EVENT 10011251 with args -56-0-0-0-24-0-0-0-0-0-0-0-0-0-0-0-0-0-0-0-0-0-0-0-0-0-0-0-0-0-0-0-0-0-0-0-0-0-0-0-
[mavros_node-1] [INFO] [1786024655.520910412] [mavros.sys]: FCU: EVENT 377561 with args -8-0-0-0-20-0-0-0-0-0-0-0-0-0-0-0-0-0-0-0-0-0-0-0-0-0-0-0-0-0-0-0-0-0-0-0-0-0-0-0-
[mavros_node-1] [INFO] [1786024655.521186346] [mavros.sys]: FCU: EVENT 79408 with args -32-0-0-0-20-0-0-0-0-0-0-0-0-0-0-0-0-0-0-0-0-0-0-0-0-0-0-0-0-0-0-0-0-0-0-0-0-0-0-0-
[mavros_node-1] [WARN] [1786024655.523746881] [mavros.sys]: FCU: UNK(8): EVENT 1914663 with args -0-130-20-2-48-0-0-0-0-0-0-0-0-0-0-0-0-0-0-0-0-0-0-0-0-0-0-0-0-0-0-0-0-0-0-0-0-0-0-0-
[mavros_node-1] [INFO] [1786024656.486826013] [mavros.sys]: FCU: EVENT 4277609 with args -0-0-0-0-0-0-0-0-0-0-0-0-0-0-0-0-0-0-0-0-0-0-0-0-0-0-0-0-0-0-0-0-0-0-0-0-0-0-0-0-
[fastlio_ev_health_monitor.py-3] [WARN] [1786024656.822576408] [fastlio_ev_health_monitor]: EV health state=SUSPECT: internal_velocity_mismatch difference=0.516m/s
[mavros_node-1] [WARN] [1786024658.285492351] [mavros.sys]: FCU: UNK(8): EVENT 11047904 with args -0-0-0-16-1-0-0-0-0-199-191-127-128-199-191-127-128-0-0-0-0-0-0-0-0-0-0-0-0-0-0-0-0-0-0-0-0-0-0-0-
[mavros_node-1] [ERROR] [1786024658.285822902] [mavros.sys]: FCU: EVENT 11464574 with args -0-64-0-0-20-0-0-0-0-0-0-0-0-0-0-0-0-0-0-0-0-0-0-0-0-0-0-0-0-0-0-0-0-0-0-0-0-0-0-0-
[mavros_node-1] [ERROR] [1786024658.286174621] [mavros.sys]: FCU: EVENT 10011251 with args -56-0-0-0-24-0-0-0-0-0-0-0-0-0-0-0-0-0-0-0-0-0-0-0-0-0-0-0-0-0-0-0-0-0-0-0-0-0-0-0-
[mavros_node-1] [INFO] [1786024658.286507951] [mavros.sys]: FCU: EVENT 377561 with args -8-0-0-0-20-0-0-0-0-0-0-0-0-0-0-0-0-0-0-0-0-0-0-0-0-0-0-0-0-0-0-0-0-0-0-0-0-0-0-0-
[mavros_node-1] [INFO] [1786024658.286881106] [mavros.sys]: FCU: EVENT 79408 with args -32-0-0-0-20-0-0-0-0-0-0-0-0-0-0-0-0-0-0-0-0-0-0-0-0-0-0-0-0-0-0-0-0-0-0-0-0-0-0-0-
[mavros_node-1] [WARN] [1786024658.287696582] [mavros.sys]: FCU: UNK(8): EVENT 1914663 with args -0-130-20-2-48-0-0-0-0-0-0-0-0-0-0-0-0-0-0-0-0-0-0-0-0-0-0-0-0-0-0-0-0-0-0-0-0-0-0-0-
[fastlio_ev_health_monitor.py-3] [WARN] [1786024658.777551953] [fastlio_ev_health_monitor]: EV health state=FAULT: internal_velocity_mismatch difference=0.855m/s
[mavros_node-1] [INFO] [1786024658.967437310] [mavros.sys]: FCU: EVENT 9844908 with args -0-0-0-0-0-0-0-0-0-0-0-0-0-0-0-0-0-0-0-0-0-0-0-0-0-0-0-0-0-0-0-0-0-0-0-0-0-0-0-0-
[fastlio_odometry_guard-2] [WARN] [1786024658.985328756] [fastlio_odometry_guard]: Rejected FAST-LIO odometry: reported z speed 2.17213 m/s (accepted=618 rejected=1)
[mavros_node-1] [INFO] [1786024660.972853387] [mavros.sys]: FCU: EVENT 16017271 with args -6-0-0-0-0-0-0-0-0-0-0-0-0-0-0-0-0-0-0-0-0-0-0-0-0-0-0-0-0-0-0-0-0-0-0-0-0-0-0-0-
[mavros_node-1] [WARN] [1786024661.515964270] [mavros.sys]: FCU: UNK(8): EVENT 11047904 with args -0-0-0-18-1-0-0-0-0-199-191-5-128-199-191-5-128-0-0-0-0-0-0-0-0-0-0-0-0-0-0-0-0-0-0-0-0-0-0-0-
[mavros_node-1] [ERROR] [1786024661.516281497] [mavros.sys]: FCU: EVENT 13679014 with args -0-64-0-0-20-0-0-0-0-0-0-0-0-0-0-0-0-0-0-0-0-0-0-0-0-0-0-0-0-0-0-0-0-0-0-0-0-0-0-0-
[mavros_node-1] [ERROR] [1786024661.516449828] [mavros.sys]: FCU: EVENT 13835193 with args -56-0-122-0-17-0-0-0-0-0-0-0-0-0-0-0-0-0-0-0-0-0-0-0-0-0-0-0-0-0-0-0-0-0-0-0-0-0-0-0-
[mavros_node-1] [ERROR] [1786024661.516614499] [mavros.sys]: FCU: EVENT 10011251 with args -56-0-0-0-24-0-0-0-0-0-0-0-0-0-0-0-0-0-0-0-0-0-0-0-0-0-0-0-0-0-0-0-0-0-0-0-0-0-0-0-
[mavros_node-1] [INFO] [1786024661.516985209] [mavros.sys]: FCU: EVENT 377561 with args -8-0-0-0-20-0-0-0-0-0-0-0-0-0-0-0-0-0-0-0-0-0-0-0-0-0-0-0-0-0-0-0-0-0-0-0-0-0-0-0-
[mavros_node-1] [INFO] [1786024661.517296132] [mavros.sys]: FCU: EVENT 79408 with args -32-0-0-0-20-0-0-0-0-0-0-0-0-0-0-0-0-0-0-0-0-0-0-0-0-0-0-0-0-0-0-0-0-0-0-0-0-0-0-0-
[mavros_node-1] [WARN] [1786024661.519714655] [mavros.sys]: FCU: UNK(8): EVENT 1914663 with args -0-130-20-2-48-0-0-0-0-0-0-0-0-0-0-0-0-0-0-0-0-0-0-0-0-0-0-0-0-0-0-0-0-0-0-0-0-0-0-0-
[fastlio_ev_health_monitor.py-3] [INFO] [1786024661.976438162] [fastlio_ev_health_monitor]: EV health state=HEALTHY: ok
[mavros_node-1] [WARN] [1786024663.549249774] [mavros.sys]: FCU: UNK(8): EVENT 11047904 with args -0-0-0-16-1-0-0-0-0-199-191-127-128-199-191-127-128-0-0-0-0-0-0-0-0-0-0-0-0-0-0-0-0-0-0-0-0-0-0-0-
[mavros_node-1] [ERROR] [1786024663.549576473] [mavros.sys]: FCU: EVENT 11464574 with args -0-64-0-0-20-0-0-0-0-0-0-0-0-0-0-0-0-0-0-0-0-0-0-0-0-0-0-0-0-0-0-0-0-0-0-0-0-0-0-0-
[mavros_node-1] [ERROR] [1786024663.549936166] [mavros.sys]: FCU: EVENT 10011251 with args -56-0-0-0-24-0-0-0-0-0-0-0-0-0-0-0-0-0-0-0-0-0-0-0-0-0-0-0-0-0-0-0-0-0-0-0-0-0-0-0-
[mavros_node-1] [INFO] [1786024663.550306467] [mavros.sys]: FCU: EVENT 377561 with args -8-0-0-0-20-0-0-0-0-0-0-0-0-0-0-0-0-0-0-0-0-0-0-0-0-0-0-0-0-0-0-0-0-0-0-0-0-0-0-0-
[mavros_node-1] [INFO] [1786024663.550667968] [mavros.sys]: FCU: EVENT 79408 with args -32-0-0-0-20-0-0-0-0-0-0-0-0-0-0-0-0-0-0-0-0-0-0-0-0-0-0-0-0-0-0-0-0-0-0-0-0-0-0-0-
[mavros_node-1] [WARN] [1786024663.550897212] [mavros.sys]: FCU: UNK(8): EVENT 1914663 with args -0-130-20-2-48-0-0-0-0-0-0-0-0-0-0-0-0-0-0-0-0-0-0-0-0-0-0-0-0-0-0-0-0-0-0-0-0-0-0-0-
[mavros_node-1] [INFO] [1786024664.260094438] [mavros.sys]: FCU: EVENT 11290563 with args -0-0-0-0-0-0-0-0-0-0-0-0-0-0-0-0-0-0-0-0-0-0-0-0-0-0-0-0-0-0-0-0-0-0-0-0-0-0-0-0-
[mavros_node-1] [WARN] [1786024665.558957232] [mavros.sys]: FCU: UNK(8): EVENT 11047904 with args -0-128-0-16-1-0-0-0-0-0-0-0-0-199-191-127-128-0-0-0-0-0-0-0-0-0-0-0-0-0-0-0-0-0-0-0-0-0-0-0-
[mavros_node-1] [ERROR] [1786024665.559086971] [mavros.sys]: FCU: EVENT 9077977 with args -255-255-255-255-7-0-0-0-0-0-0-0-0-0-0-0-0-0-0-0-0-0-0-0-0-0-0-0-0-0-0-0-0-0-0-0-0-0-0-0-
[mavros_node-1] [ERROR] [1786024665.559243796] [mavros.sys]: FCU: EVENT 11464574 with args -0-64-0-0-20-0-0-0-0-0-0-0-0-0-0-0-0-0-0-0-0-0-0-0-0-0-0-0-0-0-0-0-0-0-0-0-0-0-0-0-
[mavros_node-1] [ERROR] [1786024665.559623304] [mavros.sys]: FCU: EVENT 10011251 with args -56-0-0-0-24-0-0-0-0-0-0-0-0-0-0-0-0-0-0-0-0-0-0-0-0-0-0-0-0-0-0-0-0-0-0-0-0-0-0-0-
[mavros_node-1] [INFO] [1786024665.559936709] [mavros.sys]: FCU: EVENT 377561 with args -8-0-0-0-20-0-0-0-0-0-0-0-0-0-0-0-0-0-0-0-0-0-0-0-0-0-0-0-0-0-0-0-0-0-0-0-0-0-0-0-
[mavros_node-1] [INFO] [1786024665.560317244] [mavros.sys]: FCU: EVENT 79408 with args -32-0-0-0-20-0-0-0-0-0-0-0-0-0-0-0-0-0-0-0-0-0-0-0-0-0-0-0-0-0-0-0-0-0-0-0-0-0-0-0-
[mavros_node-1] [ERROR] [1786024665.560664894] [mavros.sys]: FCU: EVENT 12754954 with args -255-255-255-255-20-0-0-0-0-0-0-0-0-0-0-0-0-0-0-0-0-0-0-0-0-0-0-0-0-0-0-0-0-0-0-0-0-0-0-0-
[mavros_node-1] [WARN] [1786024665.561252699] [mavros.sys]: FCU: UNK(8): EVENT 1914663 with args -0-130-16-2-48-0-0-0-0-0-0-0-0-0-0-0-0-0-0-0-0-0-0-0-0-0-0-0-0-0-0-0-0-0-0-0-0-0-0-0-
[mavros_node-1] [INFO] [1786024716.962567440] [mavros.mavros_router]: link[1000] removed stale remote address 192.0
[mavros_node-1] [INFO] [1786024716.962679185] [mavros.mavros_router]: link[1000] removed stale remote address 192.255
[mavros_node-1] [WARN] [1786024746.139995128] [mavros.sys]: FCU: UNK(8): EVENT 11047904 with args -0-128-0-16-1-0-0-0-0-0-0-0-0-199-255-127-128-0-0-0-0-0-0-0-0-0-0-0-0-0-0-0-0-0-0-0-0-0-0-0-
[mavros_node-1] [ERROR] [1786024746.140288591] [mavros.sys]: FCU: EVENT 9077977 with args -255-255-255-255-7-0-0-0-0-0-0-0-0-0-0-0-0-0-0-0-0-0-0-0-0-0-0-0-0-0-0-0-0-0-0-0-0-0-0-0-
[mavros_node-1] [ERROR] [1786024746.140527019] [mavros.sys]: FCU: EVENT 10011251 with args -56-0-0-0-24-0-0-0-0-0-0-0-0-0-0-0-0-0-0-0-0-0-0-0-0-0-0-0-0-0-0-0-0-0-0-0-0-0-0-0-
[mavros_node-1] [INFO] [1786024746.140908609] [mavros.sys]: FCU: EVENT 377561 with args -8-0-0-0-20-0-0-0-0-0-0-0-0-0-0-0-0-0-0-0-0-0-0-0-0-0-0-0-0-0-0-0-0-0-0-0-0-0-0-0-
[mavros_node-1] [INFO] [1786024746.141022844] [mavros.sys]: FCU: EVENT 79408 with args -32-0-0-0-20-0-0-0-0-0-0-0-0-0-0-0-0-0-0-0-0-0-0-0-0-0-0-0-0-0-0-0-0-0-0-0-0-0-0-0-
[mavros_node-1] [ERROR] [1786024746.141237579] [mavros.sys]: FCU: EVENT 12754954 with args -255-255-255-255-20-0-0-0-0-0-0-0-0-0-0-0-0-0-0-0-0-0-0-0-0-0-0-0-0-0-0-0-0-0-0-0-0-0-0-0-
[mavros_node-1] [WARN] [1786024746.143561719] [mavros.sys]: FCU: UNK(8): EVENT 1914663 with args -0-130-16-2-48-0-0-0-0-0-0-0-0-0-0-0-0-0-0-0-0-0-0-0-0-0-0-0-0-0-0-0-0-0-0-0-0-0-0-0-
[mavros_node-1] [INFO] [1786024759.494314547] [mavros.sys]: FCU: EVENT 16682655 with args -0-0-0-0-0-0-0-0-0-0-0-0-0-0-0-0-0-0-0-0-0-0-0-0-0-0-0-0-0-0-0-0-0-0-0-0-0-0-0-0-
[mavros_node-1] [WARN] [1786024759.583951465] [mavros.sys]: FCU: UNK(8): EVENT 11047904 with args -0-0-0-0-1-0-0-0-0-199-255-127-128-199-255-127-128-0-0-0-0-0-0-0-0-0-0-0-0-0-0-0-0-0-0-0-0-0-0-0-
[mavros_node-1] [ERROR] [1786024759.584290062] [mavros.sys]: FCU: EVENT 10011251 with args -56-0-0-0-24-0-0-0-0-0-0-0-0-0-0-0-0-0-0-0-0-0-0-0-0-0-0-0-0-0-0-0-0-0-0-0-0-0-0-0-
[mavros_node-1] [INFO] [1786024759.584650425] [mavros.sys]: FCU: EVENT 377561 with args -8-0-0-0-20-0-0-0-0-0-0-0-0-0-0-0-0-0-0-0-0-0-0-0-0-0-0-0-0-0-0-0-0-0-0-0-0-0-0-0-
[mavros_node-1] [INFO] [1786024759.585138167] [mavros.sys]: FCU: EVENT 79408 with args -32-0-0-0-20-0-0-0-0-0-0-0-0-0-0-0-0-0-0-0-0-0-0-0-0-0-0-0-0-0-0-0-0-0-0-0-0-0-0-0-
[mavros_node-1] [WARN] [1786024759.585341685] [mavros.sys]: FCU: UNK(8): EVENT 1914663 with args -0-130-16-2-48-0-0-0-0-0-0-0-0-0-0-0-0-0-0-0-0-0-0-0-0-0-0-0-0-0-0-0-0-0-0-0-0-0-0-0-
[mavros_node-1] [INFO] [1786024779.305842798] [mavros.sys]: FCU: EVENT 9489139 with args -4-0-0-0-0-0-0-0-0-0-0-0-0-0-0-0-0-0-0-0-0-0-0-0-0-0-0-0-0-0-0-0-0-0-0-0-0-0-0-0-
[mavros_node-1] [INFO] [1786024779.368647946] [mavros.sys]: FCU: EVENT 1203183 with args -234-7-8-6-13-59-39-0-0-0-0-0-0-0-0-0-0-0-0-0-0-0-0-0-0-0-0-0-0-0-0-0-0-0-0-0-0-0-0-0-
[mavros_node-1] [WARN] [1786024779.578986100] [mavros.sys]: FCU: UNK(8): EVENT 11047904 with args -0-0-0-0-1-0-0-0-0-199-255-127-128-199-255-127-128-0-0-0-0-0-0-0-0-0-0-0-0-0-0-0-0-0-0-0-0-0-0-0-
[mavros_node-1] [ERROR] [1786024779.579254999] [mavros.sys]: FCU: EVENT 10011251 with args -56-0-0-0-24-0-0-0-0-0-0-0-0-0-0-0-0-0-0-0-0-0-0-0-0-0-0-0-0-0-0-0-0-0-0-0-0-0-0-0-
[mavros_node-1] [INFO] [1786024779.579653649] [mavros.sys]: FCU: EVENT 377561 with args -8-0-0-0-20-0-0-0-0-0-0-0-0-0-0-0-0-0-0-0-0-0-0-0-0-0-0-0-0-0-0-0-0-0-0-0-0-0-0-0-
[mavros_node-1] [INFO] [1786024779.579939930] [mavros.sys]: FCU: EVENT 79408 with args -32-0-0-0-20-0-0-0-0-0-0-0-0-0-0-0-0-0-0-0-0-0-0-0-0-0-0-0-0-0-0-0-0-0-0-0-0-0-0-0-
[mavros_node-1] [WARN] [1786024779.581925846] [mavros.sys]: FCU: UNK(8): EVENT 1914663 with args -0-130-20-2-48-0-0-0-0-0-0-0-0-0-0-0-0-0-0-0-0-0-0-0-0-0-0-0-0-0-0-0-0-0-0-0-0-0-0-0-
[mavros_node-1] [INFO] [1786024780.523856089] [mavros.sys]: FCU: EVENT 4277609 with args -0-0-0-0-0-0-0-0-0-0-0-0-0-0-0-0-0-0-0-0-0-0-0-0-0-0-0-0-0-0-0-0-0-0-0-0-0-0-0-0-
[fastlio_ev_health_monitor.py-3] [WARN] [1786024781.831716723] [fastlio_ev_health_monitor]: EV health state=SUSPECT: internal_velocity_mismatch difference=0.559m/s
[mavros_node-1] [WARN] [1786024781.873726465] [mavros.cmd]: CMD: Unexpected command 176, result 0
[mavros_node-1] [WARN] [1786024783.307207970] [mavros.sys]: FCU: UNK(8): EVENT 11047904 with args -0-0-0-16-1-0-0-0-0-199-191-127-128-199-191-127-128-0-0-0-0-0-0-0-0-0-0-0-0-0-0-0-0-0-0-0-0-0-0-0-
[mavros_node-1] [ERROR] [1786024783.307497400] [mavros.sys]: FCU: EVENT 11464574 with args -0-64-0-0-20-0-0-0-0-0-0-0-0-0-0-0-0-0-0-0-0-0-0-0-0-0-0-0-0-0-0-0-0-0-0-0-0-0-0-0-
[mavros_node-1] [ERROR] [1786024783.307823080] [mavros.sys]: FCU: EVENT 10011251 with args -56-0-0-0-24-0-0-0-0-0-0-0-0-0-0-0-0-0-0-0-0-0-0-0-0-0-0-0-0-0-0-0-0-0-0-0-0-0-0-0-
[mavros_node-1] [INFO] [1786024783.308249307] [mavros.sys]: FCU: EVENT 377561 with args -8-0-0-0-20-0-0-0-0-0-0-0-0-0-0-0-0-0-0-0-0-0-0-0-0-0-0-0-0-0-0-0-0-0-0-0-0-0-0-0-
[mavros_node-1] [INFO] [1786024783.308610365] [mavros.sys]: FCU: EVENT 79408 with args -32-0-0-0-20-0-0-0-0-0-0-0-0-0-0-0-0-0-0-0-0-0-0-0-0-0-0-0-0-0-0-0-0-0-0-0-0-0-0-0-
[mavros_node-1] [WARN] [1786024783.308881582] [mavros.sys]: FCU: UNK(8): EVENT 1914663 with args -0-130-20-2-48-0-0-0-0-0-0-0-0-0-0-0-0-0-0-0-0-0-0-0-0-0-0-0-0-0-0-0-0-0-0-0-0-0-0-0-
[mavros_node-1] [INFO] [1786024785.185391691] [mavros.sys]: FCU: EVENT 9844908 with args -0-0-0-0-0-0-0-0-0-0-0-0-0-0-0-0-0-0-0-0-0-0-0-0-0-0-0-0-0-0-0-0-0-0-0-0-0-0-0-0-
[fastlio_ev_health_monitor.py-3] [INFO] [1786024785.281886755] [fastlio_ev_health_monitor]: EV health state=HEALTHY: ok
[mavros_node-1] [INFO] [1786024787.196440950] [mavros.sys]: FCU: EVENT 16017271 with args -6-0-0-0-0-0-0-0-0-0-0-0-0-0-0-0-0-0-0-0-0-0-0-0-0-0-0-0-0-0-0-0-0-0-0-0-0-0-0-0-
[mavros_node-1] [INFO] [1786024787.274428506] [mavros.sys]: FCU: EVENT 11290563 with args -0-0-0-0-0-0-0-0-0-0-0-0-0-0-0-0-0-0-0-0-0-0-0-0-0-0-0-0-0-0-0-0-0-0-0-0-0-0-0-0-
[mavros_node-1] [WARN] [1786024787.304309162] [mavros.sys]: FCU: UNK(8): EVENT 11047904 with args -0-128-0-16-1-0-0-0-0-0-0-0-0-199-191-127-128-0-0-0-0-0-0-0-0-0-0-0-0-0-0-0-0-0-0-0-0-0-0-0-
[mavros_node-1] [ERROR] [1786024787.304782103] [mavros.sys]: FCU: EVENT 9077977 with args -255-255-255-255-7-0-0-0-0-0-0-0-0-0-0-0-0-0-0-0-0-0-0-0-0-0-0-0-0-0-0-0-0-0-0-0-0-0-0-0-
[mavros_node-1] [ERROR] [1786024787.305256787] [mavros.sys]: FCU: EVENT 11464574 with args -0-64-0-0-20-0-0-0-0-0-0-0-0-0-0-0-0-0-0-0-0-0-0-0-0-0-0-0-0-0-0-0-0-0-0-0-0-0-0-0-
[mavros_node-1] [ERROR] [1786024787.305653097] [mavros.sys]: FCU: EVENT 10011251 with args -56-0-0-0-24-0-0-0-0-0-0-0-0-0-0-0-0-0-0-0-0-0-0-0-0-0-0-0-0-0-0-0-0-0-0-0-0-0-0-0-
[mavros_node-1] [INFO] [1786024787.306001175] [mavros.sys]: FCU: EVENT 377561 with args -8-0-0-0-20-0-0-0-0-0-0-0-0-0-0-0-0-0-0-0-0-0-0-0-0-0-0-0-0-0-0-0-0-0-0-0-0-0-0-0-
[mavros_node-1] [INFO] [1786024787.306190527] [mavros.sys]: FCU: EVENT 79408 with args -32-0-0-0-20-0-0-0-0-0-0-0-0-0-0-0-0-0-0-0-0-0-0-0-0-0-0-0-0-0-0-0-0-0-0-0-0-0-0-0-
[mavros_node-1] [ERROR] [1786024787.306278214] [mavros.sys]: FCU: EVENT 12754954 with args -255-255-255-255-20-0-0-0-0-0-0-0-0-0-0-0-0-0-0-0-0-0-0-0-0-0-0-0-0-0-0-0-0-0-0-0-0-0-0-0-
[mavros_node-1] [WARN] [1786024787.308614162] [mavros.sys]: FCU: UNK(8): EVENT 1914663 with args -0-130-20-2-48-0-0-0-0-0-0-0-0-0-0-0-0-0-0-0-0-0-0-0-0-0-0-0-0-0-0-0-0-0-0-0-0-0-0-0-
[mavros_node-1] [WARN] [1786024790.597120861] [mavros.sys]: FCU: UNK(8): EVENT 11047904 with args -0-128-0-16-1-0-0-0-0-0-0-0-0-199-191-127-128-0-0-0-0-0-0-0-0-0-0-0-0-0-0-0-0-0-0-0-0-0-0-0-
[mavros_node-1] [ERROR] [1786024790.597441785] [mavros.sys]: FCU: EVENT 9077977 with args -255-255-255-255-7-0-0-0-0-0-0-0-0-0-0-0-0-0-0-0-0-0-0-0-0-0-0-0-0-0-0-0-0-0-0-0-0-0-0-0-
[mavros_node-1] [ERROR] [1786024790.597764682] [mavros.sys]: FCU: EVENT 11464574 with args -0-64-0-0-20-0-0-0-0-0-0-0-0-0-0-0-0-0-0-0-0-0-0-0-0-0-0-0-0-0-0-0-0-0-0-0-0-0-0-0-
[mavros_node-1] [ERROR] [1786024790.598076149] [mavros.sys]: FCU: EVENT 10011251 with args -56-0-0-0-24-0-0-0-0-0-0-0-0-0-0-0-0-0-0-0-0-0-0-0-0-0-0-0-0-0-0-0-0-0-0-0-0-0-0-0-
[mavros_node-1] [INFO] [1786024790.598472379] [mavros.sys]: FCU: EVENT 377561 with args -8-0-0-0-20-0-0-0-0-0-0-0-0-0-0-0-0-0-0-0-0-0-0-0-0-0-0-0-0-0-0-0-0-0-0-0-0-0-0-0-
[mavros_node-1] [INFO] [1786024790.598727890] [mavros.sys]: FCU: EVENT 79408 with args -32-0-0-0-20-0-0-0-0-0-0-0-0-0-0-0-0-0-0-0-0-0-0-0-0-0-0-0-0-0-0-0-0-0-0-0-0-0-0-0-
[mavros_node-1] [ERROR] [1786024790.599068241] [mavros.sys]: FCU: EVENT 12754954 with args -255-255-255-255-20-0-0-0-0-0-0-0-0-0-0-0-0-0-0-0-0-0-0-0-0-0-0-0-0-0-0-0-0-0-0-0-0-0-0-0-
[mavros_node-1] [WARN] [1786024790.599428551] [mavros.sys]: FCU: UNK(8): EVENT 1914663 with args -0-130-16-2-48-0-0-0-0-0-0-0-0-0-0-0-0-0-0-0-0-0-0-0-0-0-0-0-0-0-0-0-0-0-0-0-0-0-0-0-
[fastlio_ev_health_monitor.py-3] [WARN] [1786024809.284852653] [fastlio_ev_health_monitor]: EV health state=SUSPECT: px4_velocity_unaligned
[fastlio_ev_health_monitor.py-3] [WARN] [1786024809.585919983] [fastlio_ev_health_monitor]: EV health state=FAULT: px4_velocity_unaligned
[mavros_node-1] [INFO] [1786024816.141149005] [mavros.geofence]: GF: Using MISSION_ITEM_INT
[mavros_node-1] [INFO] [1786024816.141209604] [mavros.rallypoint]: RP: Using MISSION_ITEM_INT
[mavros_node-1] [INFO] [1786024816.141227872] [mavros.mission]: WP: Using MISSION_ITEM_INT
[mavros_node-1] [INFO] [1786024816.141243481] [mavros.sys]: VER: 1.1: Capabilities         0x000000000000e8ff
[mavros_node-1] [INFO] [1786024816.141262445] [mavros.sys]: VER: 1.1: Flight software:     01110040 (96afb473ae000000)
[mavros_node-1] [INFO] [1786024816.141273297] [mavros.sys]: VER: 1.1: Middleware software: 01110040 (96afb473ae000000)
[mavros_node-1] [INFO] [1786024816.141282864] [mavros.sys]: VER: 1.1: OS software:         0b0000ff (2d9c0387dd6c629f)
[mavros_node-1] [INFO] [1786024816.141290751] [mavros.sys]: VER: 1.1: Board hardware:      00000036
[mavros_node-1] [INFO] [1786024816.141299973] [mavros.sys]: VER: 1.1: VID/PID:             1b8c:0036
[mavros_node-1] [INFO] [1786024816.141307909] [mavros.sys]: VER: 1.1: UID:                 3333510936323932
[mavros_node-1] [WARN] [1786024817.218451153] [mavros.sys]: FCU: UNK(8): EVENT 1914663 with args -0-130-0-2-48-0-0-0-0-0-0-0-0-0-0-0-0-0-0-0-0-0-0-0-0-0-0-0-0-0-0-0-0-0-0-0-0-0-0-0-
[mavros_node-1] [WARN] [1786024818.671750076] [mavros.cmd]: CMD: Unexpected command 512, result 0
[fastlio_ev_health_monitor.py-3] [INFO] [1786024818.881372909] [fastlio_ev_health_monitor]: EV health state=HEALTHY: ok
[mavros_node-1] [WARN] [1786024818.996299153] [mavros.sys]: FCU: UNK(8): EVENT 11047904 with args -0-128-0-18-1-0-0-0-0-0-0-0-0-131-191-1-128-0-0-0-0-0-0-0-0-0-0-0-0-0-0-0-0-0-0-0-0-0-0-0-
[mavros_node-1] [ERROR] [1786024818.996586221] [mavros.sys]: FCU: EVENT 13426421 with args -124-0-126-0-17-0-0-0-0-0-0-0-0-0-0-0-0-0-0-0-0-0-0-0-0-0-0-0-0-0-0-0-0-0-0-0-0-0-0-0-
[mavros_node-1] [ERROR] [1786024818.996941230] [mavros.sys]: FCU: EVENT 9077977 with args -255-255-255-255-7-0-0-0-0-0-0-0-0-0-0-0-0-0-0-0-0-0-0-0-0-0-0-0-0-0-0-0-0-0-0-0-0-0-0-0-
[mavros_node-1] [ERROR] [1786024818.997578290] [mavros.sys]: FCU: EVENT 11464574 with args -0-64-0-0-20-0-0-0-0-0-0-0-0-0-0-0-0-0-0-0-0-0-0-0-0-0-0-0-0-0-0-0-0-0-0-0-0-0-0-0-
[mavros_node-1] [ERROR] [1786024818.997679285] [mavros.sys]: FCU: EVENT 13835193 with args -124-0-126-0-17-0-0-0-0-0-0-0-0-0-0-0-0-0-0-0-0-0-0-0-0-0-0-0-0-0-0-0-0-0-0-0-0-0-0-0-
[mavros_node-1] [ERROR] [1786024818.997843501] [mavros.sys]: FCU: EVENT 10011251 with args -56-0-0-0-24-0-0-0-0-0-0-0-0-0-0-0-0-0-0-0-0-0-0-0-0-0-0-0-0-0-0-0-0-0-0-0-0-0-0-0-
[mavros_node-1] [INFO] [1786024818.997955608] [mavros.sys]: FCU: EVENT 377561 with args -8-0-0-0-20-0-0-0-0-0-0-0-0-0-0-0-0-0-0-0-0-0-0-0-0-0-0-0-0-0-0-0-0-0-0-0-0-0-0-0-
[mavros_node-1] [INFO] [1786024818.998304405] [mavros.sys]: FCU: EVENT 79408 with args -32-0-0-0-20-0-0-0-0-0-0-0-0-0-0-0-0-0-0-0-0-0-0-0-0-0-0-0-0-0-0-0-0-0-0-0-0-0-0-0-
[mavros_node-1] [WARN] [1786024819.000706717] [mavros.sys]: FCU: UNK(8): EVENT 1914663 with args -0-130-16-2-48-0-0-0-0-0-0-0-0-0-0-0-0-0-0-0-0-0-0-0-0-0-0-0-0-0-0-0-0-0-0-0-0-0-0-0-
[mavros_node-1] [WARN] [1786024820.999735579] [mavros.sys]: FCU: UNK(8): EVENT 11047904 with args -0-128-0-16-1-0-0-0-0-0-0-0-0-199-191-127-128-0-0-0-0-0-0-0-0-0-0-0-0-0-0-0-0-0-0-0-0-0-0-0-
[mavros_node-1] [ERROR] [1786024821.000114776] [mavros.sys]: FCU: EVENT 9077977 with args -255-255-255-255-7-0-0-0-0-0-0-0-0-0-0-0-0-0-0-0-0-0-0-0-0-0-0-0-0-0-0-0-0-0-0-0-0-0-0-0-
[mavros_node-1] [ERROR] [1786024821.000403878] [mavros.sys]: FCU: EVENT 11464574 with args -0-64-0-0-20-0-0-0-0-0-0-0-0-0-0-0-0-0-0-0-0-0-0-0-0-0-0-0-0-0-0-0-0-0-0-0-0-0-0-0-
[mavros_node-1] [ERROR] [1786024821.000775189] [mavros.sys]: FCU: EVENT 10011251 with args -56-0-0-0-24-0-0-0-0-0-0-0-0-0-0-0-0-0-0-0-0-0-0-0-0-0-0-0-0-0-0-0-0-0-0-0-0-0-0-0-
[mavros_node-1] [INFO] [1786024821.001100474] [mavros.sys]: FCU: EVENT 377561 with args -8-0-0-0-20-0-0-0-0-0-0-0-0-0-0-0-0-0-0-0-0-0-0-0-0-0-0-0-0-0-0-0-0-0-0-0-0-0-0-0-
[mavros_node-1] [INFO] [1786024821.001464605] [mavros.sys]: FCU: EVENT 79408 with args -32-0-0-0-20-0-0-0-0-0-0-0-0-0-0-0-0-0-0-0-0-0-0-0-0-0-0-0-0-0-0-0-0-0-0-0-0-0-0-0-
[mavros_node-1] [WARN] [1786024821.002278742] [mavros.sys]: FCU: UNK(8): EVENT 1914663 with args -0-130-16-2-48-0-0-0-0-0-0-0-0-0-0-0-0-0-0-0-0-0-0-0-0-0-0-0-0-0-0-0-0-0-0-0-0-0-0-0-
[mavros_node-1] [WARN] [1786024831.620911069] [mavros.cmd]: CMD: Unexpected command 512, result 2
[mavros_node-1] [WARN] [1786024843.066380342] [mavros.cmd]: CMD: Unexpected command 512, result 2
[fastlio_ev_health_monitor.py-3] [WARN] [1786024852.577906225] [fastlio_ev_health_monitor]: EV health state=SUSPECT: px4_velocity_unaligned
[fastlio_ev_health_monitor.py-3] [INFO] [1786024854.783788298] [fastlio_ev_health_monitor]: EV health state=HEALTHY: ok
[mavros_node-1] [WARN] [1786024862.110617834] [mavros.cmd]: CMD: Unexpected command 512, result 2
[mavros_node-1] [WARN] [1786024879.337914668] [mavros.sys]: FCU: UNK(8): EVENT 11047904 with args -0-0-0-16-1-0-0-0-0-199-191-127-128-199-191-127-128-0-0-0-0-0-0-0-0-0-0-0-0-0-0-0-0-0-0-0-0-0-0-0-
[mavros_node-1] [ERROR] [1786024879.338264956] [mavros.sys]: FCU: EVENT 11464574 with args -0-64-0-0-20-0-0-0-0-0-0-0-0-0-0-0-0-0-0-0-0-0-0-0-0-0-0-0-0-0-0-0-0-0-0-0-0-0-0-0-
[mavros_node-1] [ERROR] [1786024879.338597654] [mavros.sys]: FCU: EVENT 10011251 with args -56-0-0-0-24-0-0-0-0-0-0-0-0-0-0-0-0-0-0-0-0-0-0-0-0-0-0-0-0-0-0-0-0-0-0-0-0-0-0-0-
[mavros_node-1] [INFO] [1786024879.339184341] [mavros.sys]: FCU: EVENT 377561 with args -8-0-0-0-20-0-0-0-0-0-0-0-0-0-0-0-0-0-0-0-0-0-0-0-0-0-0-0-0-0-0-0-0-0-0-0-0-0-0-0-
[mavros_node-1] [INFO] [1786024879.339268165] [mavros.sys]: FCU: EVENT 79408 with args -32-0-0-0-20-0-0-0-0-0-0-0-0-0-0-0-0-0-0-0-0-0-0-0-0-0-0-0-0-0-0-0-0-0-0-0-0-0-0-0-
[mavros_node-1] [WARN] [1786024879.339708654] [mavros.sys]: FCU: UNK(8): EVENT 1914663 with args -0-130-16-2-48-0-0-0-0-0-0-0-0-0-0-0-0-0-0-0-0-0-0-0-0-0-0-0-0-0-0-0-0-0-0-0-0-0-0-0-
[fastlio_ev_health_monitor.py-3] [WARN] [1786024898.886343879] [fastlio_ev_health_monitor]: EV health state=SUSPECT: ev_timeout age=0.518s
[mavros_node-1] [WARN] [1786024898.961451168] [mavros.sys]: FCU: UNK(8): EVENT 11047904 with args -0-0-0-18-1-0-0-0-0-199-191-5-128-199-191-5-128-0-0-0-0-0-0-0-0-0-0-0-0-0-0-0-0-0-0-0-0-0-0-0-
[mavros_node-1] [ERROR] [1786024898.961921492] [mavros.sys]: FCU: EVENT 11464574 with args -0-64-0-0-20-0-0-0-0-0-0-0-0-0-0-0-0-0-0-0-0-0-0-0-0-0-0-0-0-0-0-0-0-0-0-0-0-0-0-0-
[mavros_node-1] [ERROR] [1786024898.962193420] [mavros.sys]: FCU: EVENT 13835193 with args -56-0-122-0-17-0-0-0-0-0-0-0-0-0-0-0-0-0-0-0-0-0-0-0-0-0-0-0-0-0-0-0-0-0-0-0-0-0-0-0-
[mavros_node-1] [ERROR] [1786024898.962611628] [mavros.sys]: FCU: EVENT 10011251 with args -56-0-0-0-24-0-0-0-0-0-0-0-0-0-0-0-0-0-0-0-0-0-0-0-0-0-0-0-0-0-0-0-0-0-0-0-0-0-0-0-
[mavros_node-1] [INFO] [1786024898.962947226] [mavros.sys]: FCU: EVENT 377561 with args -8-0-0-0-20-0-0-0-0-0-0-0-0-0-0-0-0-0-0-0-0-0-0-0-0-0-0-0-0-0-0-0-0-0-0-0-0-0-0-0-
[mavros_node-1] [INFO] [1786024898.963202626] [mavros.sys]: FCU: EVENT 79408 with args -32-0-0-0-20-0-0-0-0-0-0-0-0-0-0-0-0-0-0-0-0-0-0-0-0-0-0-0-0-0-0-0-0-0-0-0-0-0-0-0-
[mavros_node-1] [WARN] [1786024898.965418881] [mavros.sys]: FCU: UNK(8): EVENT 1914663 with args -0-130-16-2-48-0-0-0-0-0-0-0-0-0-0-0-0-0-0-0-0-0-0-0-0-0-0-0-0-0-0-0-0-0-0-0-0-0-0-0-
[fastlio_ev_health_monitor.py-3] [WARN] [1786024899.286216093] [fastlio_ev_health_monitor]: EV health state=FAULT: ev_timeout age=0.918s
