Flight run directory: /home/robot/ws_offboard_control/flight_records/20260806/flight_20260806_215630
Parameter snapshot: /home/robot/ws_offboard_control/flight_records/20260806/flight_20260806_215630/snapshot
Recording rosbag to: /home/robot/ws_offboard_control/flight_records/20260806/flight_20260806_215630/rosbag
Record full registered point cloud: false
Press Ctrl+C in this terminal to stop recording.
stdin is not a terminal device. Keyboard handling disabled.[INFO] [1786024610.832396927] [rosbag2_recorder]: Press SPACE for pausing/resuming
[INFO] [1786024610.836152663] [rosbag2_storage]: Opened database '/home/robot/ws_offboard_control/flight_records/20260806/flight_20260806_215630/rosbag/rosbag_0.db3' for READ_WRITE.
[INFO] [1786024610.841255646] [rosbag2_recorder]: Listening for topics...
[INFO] [1786024610.841267943] [rosbag2_recorder]: Event publisher thread: Starting
[INFO] [1786024610.845932509] [rosbag2_recorder]: Subscribed to topic '/mavros/vision_speed/speed_twist_cov'
[INFO] [1786024610.847439614] [rosbag2_recorder]: Subscribed to topic '/mavros/vision_pose/pose_cov'
[INFO] [1786024610.847569311] [rosbag2_recorder]: Recording...
[INFO] [1786024610.950861601] [rosbag2_recorder]: Subscribed to topic '/Odometry'
[INFO] [1786024610.952547815] [rosbag2_recorder]: Subscribed to topic '/path'
[INFO] [1786024611.966873174] [rosbag2_recorder]: Subscribed to topic '/mavros/setpoint_raw/local'
[INFO] [1786024611.967867188] [rosbag2_recorder]: Subscribed to topic '/route_tracker/lookahead_target'
[INFO] [1786024611.969252487] [rosbag2_recorder]: Subscribed to topic '/minipc_mavros_offboard/mpc_setpoint_debug'
[INFO] [1786024611.971556878] [rosbag2_recorder]: Subscribed to topic '/route_tracker/reference_path_3d'
[INFO] [1786024612.484212997] [rosbag2_recorder]: Subscribed to topic '/Odometry/guarded'
[INFO] [1786024612.694477330] [rosbag2_recorder]: Subscribed to topic '/mavros/local_position/pose'
[INFO] [1786024612.697739321] [rosbag2_recorder]: Subscribed to topic '/mavros/local_position/odom'
[INFO] [1786024612.700197637] [rosbag2_recorder]: Subscribed to topic '/mavros/local_position/velocity_local'
[INFO] [1786024612.814432841] [rosbag2_recorder]: Subscribed to topic '/mavros/state'
[INFO] [1786024612.816917829] [rosbag2_recorder]: Subscribed to topic '/mavros/setpoint_raw/target_local'
[INFO] [1786024613.345914372] [rosbag2_recorder]: Subscribed to topic '/ev_health/velocity_ned'
[INFO] [1786024613.347637556] [rosbag2_recorder]: Subscribed to topic '/ev_health/diagnostics'
[INFO] [1786024613.348918609] [rosbag2_recorder]: Subscribed to topic '/ev_health/status'
[INFO] [1786024613.349871360] [rosbag2_recorder]: Subscribed to topic '/ev_health/fault'
[INFO] [1786024613.350505181] [rosbag2_recorder]: Subscribed to topic '/Odometry/healthy'
