Waiting for mavros_connected: /mavros/state (timeout=90s)
Ready: MAVROS connected
Waiting for topic: /ev_health/status (timeout=90s)
Ready: topic /ev_health/status has a publisher
Flight run directory: /home/robot/ws_offboard_control/flight_records/20260807/flight_20260807_125941
Parameter snapshot: /home/robot/ws_offboard_control/flight_records/20260807/flight_20260807_125941/snapshot
Recording rosbag to: /home/robot/ws_offboard_control/flight_records/20260807/flight_20260807_125941/rosbag
Record full registered point cloud: false
Press Ctrl+C in this terminal to stop recording.
stdin is not a terminal device. Keyboard handling disabled.[INFO] [1786078810.598625357] [rosbag2_recorder]: Press SPACE for pausing/resuming
[INFO] [1786078810.600985739] [rosbag2_storage]: Opened database '/home/robot/ws_offboard_control/flight_records/20260807/flight_20260807_125941/rosbag/rosbag_0.db3' for READ_WRITE.
[INFO] [1786078810.603162235] [rosbag2_recorder]: Listening for topics...
[INFO] [1786078810.603175208] [rosbag2_recorder]: Event publisher thread: Starting
[INFO] [1786078810.603317794] [rosbag2_recorder]: Recording...
[INFO] [1786078811.205559829] [rosbag2_recorder]: Subscribed to topic '/Odometry'
[INFO] [1786078811.205952159] [rosbag2_recorder]: Subscribed to topic '/path'
[INFO] [1786078811.708584523] [rosbag2_recorder]: Subscribed to topic '/mavros/setpoint_raw/local'
[INFO] [1786078811.709114754] [rosbag2_recorder]: Subscribed to topic '/route_tracker/lookahead_target'
[INFO] [1786078811.709477089] [rosbag2_recorder]: Subscribed to topic '/minipc_mavros_offboard/mpc_setpoint_debug'
[INFO] [1786078811.709740130] [rosbag2_recorder]: Subscribed to topic '/route_tracker/reference_path_3d'
[INFO] [1786078812.412736013] [rosbag2_recorder]: Subscribed to topic '/Odometry/guarded'
[INFO] [1786078812.413287822] [rosbag2_recorder]: Subscribed to topic '/mavros/vision_pose/pose_cov'
[INFO] [1786078812.413770446] [rosbag2_recorder]: Subscribed to topic '/mavros/vision_speed/speed_twist_cov'
[INFO] [1786078812.517284233] [rosbag2_recorder]: Subscribed to topic '/mavros/state'
[INFO] [1786078812.517855724] [rosbag2_recorder]: Subscribed to topic '/ev_health/velocity_ned'
[INFO] [1786078812.518792488] [rosbag2_recorder]: Subscribed to topic '/ev_health/diagnostics'
[INFO] [1786078812.519394838] [rosbag2_recorder]: Subscribed to topic '/mavros/setpoint_raw/target_local'
[INFO] [1786078812.520013189] [rosbag2_recorder]: Subscribed to topic '/mavros/local_position/velocity_local'
[INFO] [1786078812.520559803] [rosbag2_recorder]: Subscribed to topic '/mavros/local_position/odom'
[INFO] [1786078812.521239540] [rosbag2_recorder]: Subscribed to topic '/ev_health/status'
[INFO] [1786078812.521799921] [rosbag2_recorder]: Subscribed to topic '/ev_health/fault'
[INFO] [1786078812.522323769] [rosbag2_recorder]: Subscribed to topic '/Odometry/healthy'
[INFO] [1786078812.522845846] [rosbag2_recorder]: Subscribed to topic '/mavros/local_position/pose'
