Waiting for mavros_connected: /mavros/state (timeout=90s)
Ready: MAVROS connected
Waiting for topic: /mavros/local_position/odom (timeout=90s)
Ready: topic /mavros/local_position/odom has a publisher
Waiting for healthy: /ev_health/status (timeout=90s)
Ready: /ev_health/status=HEALTHY
[INFO] [1786078802.283070870] [minipc_mavros_offboard]: Started minipc_mavros_offboard with arm_only=False, takeoff_height_m=0.8, hover_seconds=5.0, offboard_stabilize_seconds=20.0, use_rc_offboard=True, hold_after_arm_reject=True, ignore_z_in_arm_only=True, debug_hold_after_mode_drop=True, recent_pose_samples=30, require_vision_pose=True, vision_freshness_s=1.0, require_ev_health=True, ev_health_topic=/ev_health/status, ev_health_required_s=7.5, ev_health_freshness_s=1.0, lift_only_seconds=0.0, z_ramp_seconds=2.5, target_xyz=(0.0, 0.0, -0.8), xy_move_unlock_height_m=0.5, yaw_deg=0.0, enable_spin_test=False, spin_yaw_degrees=360.0, spin_yaw_rate_deg_s=20.0, post_spin_hover_seconds=0.0, auto_land=False, land_on_offboard_loss=True, offboard_land=False, offboard_land_speed_mps=0.07, offboard_land_auto_handoff_height_m=0.3, auto_disarm_after_land=True, disarm_after_land_delay_s=2.0, land_wait_timeout_s=45.0, land_mode_retry_s=1.0, land_mode_confirm_timeout_s=2.0, landed_ground_tolerance_m=0.06, target_reached_tolerance_m=0.15, landed_hold_seconds=0.0, drift_guard_enabled=True, drift_warning_m=0.2, drift_land_m=0.5, drift_emergency_m=0.6, drift_land_trigger_duration_s=0.3, drift_emergency_trigger_duration_s=0.1, takeoff_transient_guard_enabled=True, takeoff_transient_window_s=3.0, takeoff_transient_trigger_duration_s=0.2, takeoff_transient_limits=(displacement=0.5, speed=0.5, roll=10.0, pitch=10.0), legacy_max_horizontal_drift_m=0.5, mavros_state_freshness_s=1.5, control_mode=ramp, enable_route_tracking=False, route_path_topic=/nav2_stage1/path, route_fixed_flight_height_m=1.0, route_start_tolerance_m=0.4, route_goal_tolerance_m=0.2, route_lookahead_m=0.4, route_max_vxy_mps=0.25, route_max_vz_mps=0.15, route_setpoint_rate_hz=30.0, route_path_timeout_s=2.0, route_fail_action=hold, route_final_hold_seconds=3.0
[INFO] [1786078802.291851538] [minipc_mavros_offboard]: EV health is HEALTHY; continuous pre-arm timer restarted
[INFO] [1786078802.302371177] [minipc_mavros_offboard]: Waiting for MAVROS connection
[INFO] [1786078804.202090246] [minipc_mavros_offboard]: Waiting for MAVROS local odometry before arming
[WARN] [1786078804.202380749] [minipc_mavros_offboard]: Waiting for continuous healthy EV before prestream: EV healthy duration 1.9s / required 7.5s
[WARN] [1786078805.236185923] [minipc_mavros_offboard]: Waiting for continuous healthy EV before prestream: EV healthy duration 2.9s / required 7.5s
[WARN] [1786078806.269805207] [minipc_mavros_offboard]: Waiting for continuous healthy EV before prestream: EV healthy duration 4.0s / required 7.5s
[WARN] [1786078807.302503056] [minipc_mavros_offboard]: Waiting for continuous healthy EV before prestream: EV healthy duration 5.0s / required 7.5s
[WARN] [1786078808.335817813] [minipc_mavros_offboard]: Waiting for continuous healthy EV before prestream: EV healthy duration 6.0s / required 7.5s
[WARN] [1786078809.368740043] [minipc_mavros_offboard]: Waiting for continuous healthy EV before prestream: EV healthy duration 7.1s / required 7.5s
[INFO] [1786078809.803766846] [minipc_mavros_offboard]: Averaged MAVROS local odometry for prestream x=-0.03, y=0.05, z=-0.11
[INFO] [1786078809.804387859] [minipc_mavros_offboard]: Provisional prestream target in MAVROS local ENU x=-0.03, y=0.05, z_start=-0.11, z_final=0.69
[INFO] [1786078809.835443215] [minipc_mavros_offboard]: Streaming pre-arm MAVROS setpoints
[INFO] [1786078813.168714288] [minipc_mavros_offboard]: Streaming setpoints and waiting for RC to switch OFFBOARD
[INFO] [1786078815.168952372] [minipc_mavros_offboard]: Locked takeoff reference at first OFFBOARD activation: current_enu=(-0.020, 0.045, -0.113), target_enu=(-0.020, 0.045, 0.687)
[INFO] [1786078815.169144180] [minipc_mavros_offboard]: OFFBOARD reported by MAVROS state
[INFO] [1786078835.202382607] [minipc_mavros_offboard]: Arming vehicle
[INFO] [1786078835.203604306] [minipc_mavros_offboard]: Requested arming
[INFO] [1786078835.237499373] [minipc_mavros_offboard]: Locked hold yaw to current MAVROS local yaw 0.5 deg
[INFO] [1786078835.268836186] [minipc_mavros_offboard]: Holding MAVROS setpoint
[INFO] [1786078835.269928548] [minipc_mavros_offboard]: Vehicle left armed/OFFBOARD state; continuing debug hold
[INFO] [1786078835.270230979] [minipc_mavros_offboard]: Debug hold after OFFBOARD/armed drop: connected=True, armed=False, guided=False, manual_input=False, mode=OFFBOARD
[INFO] [1786078835.303343439] [minipc_mavros_offboard]: Holding MAVROS setpoint
[INFO] [1786078835.305204938] [minipc_mavros_offboard]: Vehicle left armed/OFFBOARD state; continuing debug hold
[INFO] [1786078835.305586372] [minipc_mavros_offboard]: Debug hold after OFFBOARD/armed drop: connected=True, armed=False, guided=False, manual_input=False, mode=OFFBOARD
[INFO] [1786078835.337276511] [minipc_mavros_offboard]: Holding MAVROS setpoint
[INFO] [1786078835.338001605] [minipc_mavros_offboard]: Vehicle left armed/OFFBOARD state; continuing debug hold
[INFO] [1786078835.338372811] [minipc_mavros_offboard]: Debug hold after OFFBOARD/armed drop: connected=True, armed=False, guided=False, manual_input=False, mode=OFFBOARD
[INFO] [1786078835.369202918] [minipc_mavros_offboard]: Holding MAVROS setpoint
[INFO] [1786078835.370030157] [minipc_mavros_offboard]: Vehicle left armed/OFFBOARD state; continuing debug hold
[INFO] [1786078835.373325674] [minipc_mavros_offboard]: Debug hold after OFFBOARD/armed drop: connected=True, armed=False, guided=False, manual_input=False, mode=OFFBOARD
[INFO] [1786078835.407981836] [minipc_mavros_offboard]: Holding MAVROS setpoint
[INFO] [1786078835.409504426] [minipc_mavros_offboard]: Vehicle left armed/OFFBOARD state; continuing debug hold
[INFO] [1786078835.410043938] [minipc_mavros_offboard]: Debug hold after OFFBOARD/armed drop: connected=True, armed=False, guided=False, manual_input=False, mode=OFFBOARD
[INFO] [1786078835.435901996] [minipc_mavros_offboard]: Holding MAVROS setpoint
[INFO] [1786078835.436988353] [minipc_mavros_offboard]: Vehicle left armed/OFFBOARD state; continuing debug hold
[INFO] [1786078835.437309760] [minipc_mavros_offboard]: Debug hold after OFFBOARD/armed drop: connected=True, armed=False, guided=False, manual_input=False, mode=OFFBOARD
[INFO] [1786078835.468787484] [minipc_mavros_offboard]: Holding MAVROS setpoint
[INFO] [1786078835.469182086] [minipc_mavros_offboard]: Vehicle left armed/OFFBOARD state; continuing debug hold
[INFO] [1786078835.469347008] [minipc_mavros_offboard]: Debug hold after OFFBOARD/armed drop: connected=True, armed=False, guided=False, manual_input=False, mode=OFFBOARD
[INFO] [1786078835.503332815] [minipc_mavros_offboard]: Holding MAVROS setpoint
[INFO] [1786078835.504608995] [minipc_mavros_offboard]: Vehicle left armed/OFFBOARD state; continuing debug hold
[INFO] [1786078835.505615619] [minipc_mavros_offboard]: Debug hold after OFFBOARD/armed drop: connected=True, armed=False, guided=False, manual_input=False, mode=OFFBOARD
[INFO] [1786078835.535731128] [minipc_mavros_offboard]: Holding MAVROS setpoint
[INFO] [1786078835.536409267] [minipc_mavros_offboard]: Vehicle left armed/OFFBOARD state; continuing debug hold
[INFO] [1786078835.536873548] [minipc_mavros_offboard]: Debug hold after OFFBOARD/armed drop: connected=True, armed=False, guided=False, manual_input=False, mode=OFFBOARD
[INFO] [1786078835.569097031] [minipc_mavros_offboard]: Holding MAVROS setpoint
[INFO] [1786078835.569830809] [minipc_mavros_offboard]: Vehicle left armed/OFFBOARD state; continuing debug hold
[INFO] [1786078835.570345917] [minipc_mavros_offboard]: Debug hold after OFFBOARD/armed drop: connected=True, armed=False, guided=False, manual_input=False, mode=OFFBOARD
[INFO] [1786078835.602254047] [minipc_mavros_offboard]: Holding MAVROS setpoint
[INFO] [1786078835.603405957] [minipc_mavros_offboard]: Vehicle left armed/OFFBOARD state; continuing debug hold
[INFO] [1786078835.603637556] [minipc_mavros_offboard]: Debug hold after OFFBOARD/armed drop: connected=True, armed=False, guided=False, manual_input=False, mode=OFFBOARD
[INFO] [1786078835.635522531] [minipc_mavros_offboard]: Holding MAVROS setpoint
[INFO] [1786078835.635998439] [minipc_mavros_offboard]: Vehicle left armed/OFFBOARD state; continuing debug hold
[INFO] [1786078835.636165524] [minipc_mavros_offboard]: Debug hold after OFFBOARD/armed drop: connected=True, armed=False, guided=False, manual_input=False, mode=OFFBOARD
[INFO] [1786078835.668839628] [minipc_mavros_offboard]: Holding MAVROS setpoint
[INFO] [1786078835.669224321] [minipc_mavros_offboard]: Vehicle left armed/OFFBOARD state; continuing debug hold
[INFO] [1786078835.669391169] [minipc_mavros_offboard]: Debug hold after OFFBOARD/armed drop: connected=True, armed=False, guided=False, manual_input=False, mode=OFFBOARD
[INFO] [1786078835.702499172] [minipc_mavros_offboard]: Holding MAVROS setpoint
[INFO] [1786078835.703417970] [minipc_mavros_offboard]: Vehicle left armed/OFFBOARD state; continuing debug hold
[INFO] [1786078835.703972502] [minipc_mavros_offboard]: Debug hold after OFFBOARD/armed drop: connected=True, armed=False, guided=False, manual_input=False, mode=OFFBOARD
[INFO] [1786078835.736042727] [minipc_mavros_offboard]: Holding MAVROS setpoint
[INFO] [1786078835.737529650] [minipc_mavros_offboard]: Vehicle left armed/OFFBOARD state; continuing debug hold
[INFO] [1786078835.738049410] [minipc_mavros_offboard]: Debug hold after OFFBOARD/armed drop: connected=True, armed=False, guided=False, manual_input=False, mode=OFFBOARD
[INFO] [1786078835.768755986] [minipc_mavros_offboard]: Holding MAVROS setpoint
[INFO] [1786078835.769153514] [minipc_mavros_offboard]: Vehicle left armed/OFFBOARD state; continuing debug hold
[INFO] [1786078835.769319498] [minipc_mavros_offboard]: Debug hold after OFFBOARD/armed drop: connected=True, armed=False, guided=False, manual_input=False, mode=OFFBOARD
[INFO] [1786078835.802091894] [minipc_mavros_offboard]: Holding MAVROS setpoint
[INFO] [1786078835.802489543] [minipc_mavros_offboard]: Vehicle left armed/OFFBOARD state; continuing debug hold
[INFO] [1786078835.802654139] [minipc_mavros_offboard]: Debug hold after OFFBOARD/armed drop: connected=True, armed=False, guided=False, manual_input=False, mode=OFFBOARD
[INFO] [1786078835.835474391] [minipc_mavros_offboard]: Holding MAVROS setpoint
[INFO] [1786078835.835958551] [minipc_mavros_offboard]: Vehicle left armed/OFFBOARD state; continuing debug hold
[INFO] [1786078835.836138826] [minipc_mavros_offboard]: Debug hold after OFFBOARD/armed drop: connected=True, armed=False, guided=False, manual_input=False, mode=OFFBOARD
[INFO] [1786078835.868935037] [minipc_mavros_offboard]: Holding MAVROS setpoint
[INFO] [1786078835.869386529] [minipc_mavros_offboard]: Vehicle left armed/OFFBOARD state; continuing debug hold
[INFO] [1786078835.869550450] [minipc_mavros_offboard]: Debug hold after OFFBOARD/armed drop: connected=True, armed=False, guided=False, manual_input=False, mode=OFFBOARD
[INFO] [1786078835.902692910] [minipc_mavros_offboard]: Holding MAVROS setpoint
[INFO] [1786078835.903698469] [minipc_mavros_offboard]: Vehicle left armed/OFFBOARD state; continuing debug hold
[INFO] [1786078835.904768826] [minipc_mavros_offboard]: Debug hold after OFFBOARD/armed drop: connected=True, armed=False, guided=False, manual_input=False, mode=OFFBOARD
[INFO] [1786078835.935518671] [minipc_mavros_offboard]: Holding MAVROS setpoint
[INFO] [1786078835.936164363] [minipc_mavros_offboard]: Vehicle left armed/OFFBOARD state; continuing debug hold
[INFO] [1786078835.936468501] [minipc_mavros_offboard]: Debug hold after OFFBOARD/armed drop: connected=True, armed=False, guided=False, manual_input=False, mode=OFFBOARD
[INFO] [1786078835.968872454] [minipc_mavros_offboard]: Holding MAVROS setpoint
[INFO] [1786078835.969345667] [minipc_mavros_offboard]: Vehicle left armed/OFFBOARD state; continuing debug hold
[INFO] [1786078835.969546166] [minipc_mavros_offboard]: Debug hold after OFFBOARD/armed drop: connected=True, armed=False, guided=False, manual_input=False, mode=OFFBOARD
[INFO] [1786078836.002203904] [minipc_mavros_offboard]: Holding MAVROS setpoint
[INFO] [1786078836.002674720] [minipc_mavros_offboard]: Vehicle left armed/OFFBOARD state; continuing debug hold
[INFO] [1786078836.002911602] [minipc_mavros_offboard]: Debug hold after OFFBOARD/armed drop: connected=True, armed=False, guided=False, manual_input=False, mode=OFFBOARD
[INFO] [1786078836.035870351] [minipc_mavros_offboard]: Holding MAVROS setpoint
[INFO] [1786078836.036611803] [minipc_mavros_offboard]: Vehicle left armed/OFFBOARD state; continuing debug hold
[INFO] [1786078836.037188116] [minipc_mavros_offboard]: Debug hold after OFFBOARD/armed drop: connected=True, armed=False, guided=False, manual_input=False, mode=OFFBOARD
[INFO] [1786078836.069024872] [minipc_mavros_offboard]: Holding MAVROS setpoint
[INFO] [1786078836.069528888] [minipc_mavros_offboard]: Vehicle left armed/OFFBOARD state; continuing debug hold
[INFO] [1786078836.069716444] [minipc_mavros_offboard]: Debug hold after OFFBOARD/armed drop: connected=True, armed=False, guided=False, manual_input=False, mode=OFFBOARD
[INFO] [1786078836.102444776] [minipc_mavros_offboard]: Holding MAVROS setpoint
[INFO] [1786078836.102918070] [minipc_mavros_offboard]: Vehicle left armed/OFFBOARD state; continuing debug hold
[INFO] [1786078836.103118472] [minipc_mavros_offboard]: Debug hold after OFFBOARD/armed drop: connected=True, armed=False, guided=False, manual_input=False, mode=OFFBOARD
[INFO] [1786078836.135702649] [minipc_mavros_offboard]: Holding MAVROS setpoint
[INFO] [1786078836.136424598] [minipc_mavros_offboard]: Vehicle left armed/OFFBOARD state; continuing debug hold
[INFO] [1786078836.136682372] [minipc_mavros_offboard]: Debug hold after OFFBOARD/armed drop: connected=True, armed=False, guided=False, manual_input=False, mode=OFFBOARD
[INFO] [1786078836.168863844] [minipc_mavros_offboard]: Holding MAVROS setpoint
[WARN] [1786078836.645840896] [minipc_mavros_offboard]: EV health changed to SUSPECT
[WARN] [1786078837.905204091] [minipc_mavros_offboard]: Horizontal error warning: error=0.20 m >= warning=0.20 m
[INFO] [1786078839.205250235] [minipc_mavros_offboard]: EV health is HEALTHY; continuous pre-arm timer restarted
[INFO] [1786078849.470265847] [minipc_mavros_offboard]: Target reached; holding setpoint until an external PX4 mode change
[INFO] [1786078854.502494901] [minipc_mavros_offboard]: Hover timeout reached; continuing to hold setpoint until OFFBOARD/armed state changes or node is interrupted
[INFO] [1786079000.669282259] [minipc_mavros_offboard]: Vehicle left OFFBOARD while armed; requesting AUTO.LAND: connected=True, armed=True, guided=True, manual_input=False, mode=AUTO.LAND
[INFO] [1786079000.702388121] [minipc_mavros_offboard]: Requesting AUTO.LAND while holding a no-climb setpoint
[INFO] [1786079000.706743160] [minipc_mavros_offboard]: AUTO.LAND confirmed by MAVROS state
[INFO] [1786079000.735638408] [minipc_mavros_offboard]: Waiting for landing completion before disarm
[INFO] [1786079003.371606240] [minipc_mavros_offboard]: Landing detected; waiting before disarm request
[INFO] [1786079005.435650419] [minipc_mavros_offboard]: Disarming after landing
[INFO] [1786079005.436303907] [minipc_mavros_offboard]: Requested disarm after landing
[INFO] [1786079005.502190337] [minipc_mavros_offboard]: Waiting for disarm confirmation
[INFO] [1786079006.168949479] [minipc_mavros_offboard]: Vehicle disarmed; motors should be stopped
[INFO] [1786079006.202986687] [minipc_mavros_offboard]: MAVROS offboard control completed; stopping node
