Waiting for topic: /Odometry (timeout=90s)
Ready: topic /Odometry has a publisher
[INFO] [launch]: All log files can be found below /home/robot/.ros/log/2026-08-07-15-27-44-410356-robot-4875
[INFO] [launch]: Default logging verbosity is set to INFO
[INFO] [mavros_node-1]: process started with pid [4882]
[INFO] [fastlio_odometry_guard-2]: process started with pid [4884]
[INFO] [fastlio_ev_health_monitor.py-3]: process started with pid [4886]
[INFO] [fastlio_mavros_vision_bridge-4]: process started with pid [4889]
[INFO] [static_transform_publisher-5]: process started with pid [4891]
[INFO] [static_transform_publisher-6]: process started with pid [4893]
[INFO] [static_transform_publisher-7]: process started with pid [4895]
[INFO] [static_transform_publisher-8]: process started with pid [4897]
[fastlio_odometry_guard-2] [INFO] [1786087664.654060218] [fastlio_odometry_guard]: Guarding odometry /Odometry -> /Odometry/guarded (jump=0.30m, xy=0.20m, z=0.10m, speed=1.20m/s, unknown angular variance>=100000)
[static_transform_publisher-7] [INFO] [1786087664.656513235] [camera_init_to_camera_init_ned]: Spinning until stopped - publishing transform
[static_transform_publisher-7] translation: ('0.000000', '0.000000', '0.000000')
[static_transform_publisher-7] rotation: ('0.707107', '0.707107', '0.000000', '0.000000')
[static_transform_publisher-7] from 'camera_init' to 'camera_init_ned'
[static_transform_publisher-6] [INFO] [1786087664.659425776] [base_link_to_body]: Spinning until stopped - publishing transform
[static_transform_publisher-6] translation: ('0.000000', '0.000000', '0.080000')
[static_transform_publisher-6] rotation: ('0.000000', '0.000000', '-0.000000', '1.000000')
[static_transform_publisher-6] from 'base_link' to 'body'
[mavros_node-1] [INFO] [1786087664.662868645] [mavros.mavros_node]: Starting mavros_node container
[mavros_node-1] [INFO] [1786087664.662969519] [mavros.mavros_node]: FCU URL: serial:///dev/ttyUSB0:921600?ids=255,190
[mavros_node-1] [INFO] [1786087664.662976470] [mavros.mavros_node]: GCS URL: 
[mavros_node-1] [INFO] [1786087664.662979558] [mavros.mavros_node]: UAS Prefix: /uas1
[mavros_node-1] [INFO] [1786087664.662982360] [mavros.mavros_node]: Starting mavros router node
[fastlio_mavros_vision_bridge-4] [INFO] [1786087664.665470216] [fastlio_mavros_vision_bridge]: Bridging /Odometry/healthy -> /mavros/vision_pose/pose_cov + vision_speed for MAVROS vision input; body->FAST-LIO origin in body FLU=(0.0000, 0.0000, 0.0800) m, R_FASTLIO_body yaw=0.000000 rad, world yaw alignment=0.000000 rad
[static_transform_publisher-5] [INFO] [1786087664.665662280] [odom_to_camera_init]: Spinning until stopped - publishing transform
[static_transform_publisher-5] translation: ('0.000000', '0.000000', '0.000000')
[static_transform_publisher-5] rotation: ('0.000000', '0.000000', '0.000000', '1.000000')
[static_transform_publisher-5] from 'odom' to 'camera_init'
[static_transform_publisher-8] [INFO] [1786087664.667963484] [body_to_body_frd]: Spinning until stopped - publishing transform
[static_transform_publisher-8] translation: ('0.000000', '0.000000', '0.000000')
[static_transform_publisher-8] rotation: ('1.000000', '0.000000', '0.000000', '0.000000')
[static_transform_publisher-8] from 'body' to 'body_frd'
[mavros_node-1] [INFO] [1786087664.684022725] [mavros.mavros_router]: Built-in SIMD instructions: SSE, SSE2
[mavros_node-1] [INFO] [1786087664.684084149] [mavros.mavros_router]: Built-in MAVLink package version: 2026.3.3
[mavros_node-1] [INFO] [1786087664.684103156] [mavros.mavros_router]: Known MAVLink dialects: common ardupilotmega ASLUAV AVSSUAS all csAirLink cubepilot development icarous loweheiser marsh matrixpilot paparazzi standard stemstudios storm32 uAvionix ualberta
[mavros_node-1] [INFO] [1786087664.684113042] [mavros.mavros_router]: MAVROS Router started
[mavros_node-1] [INFO] [1786087664.684538257] [mavros.mavros_node]: Starting mavros uas node
[mavros_node-1] [INFO] [1786087664.745072113] [mavros.mavros_router]: Requested to add endpoint: type: 0, url: serial:///dev/ttyUSB0:921600?ids=255,190
[mavros_node-1] [INFO] [1786087664.745135090] [mavros.mavros_router]: Endpoint link[1000] created
[mavros_node-1] [INFO] [1786087664.746800242] [mavros.mavros_router]: link[1000] opened successfully
[mavros_node-1] [INFO] [1786087664.746857947] [mavros.mavros_router]: Requested to add endpoint: type: 2, url: /uas1
[mavros_node-1] [INFO] [1786087664.746891237] [mavros.mavros_router]: Endpoint link[1001] created
[mavros_node-1] [INFO] [1786087664.754041138] [mavros.mavros_router]: link[1001] opened successfully
[mavros_node-1] [INFO] [1786087664.755134194] [mavros.mavros]: UAS Executor started, threads: 16
[mavros_node-1] [INFO] [1786087664.762731170] [mavros.mavros_router]: link[1000] detected remote address 2.36
[mavros_node-1] [INFO] [1786087664.766261619] [mavros.mavros_router]: link[1000] detected remote address 1.1
[mavros_node-1] [INFO] [1786087664.814071741] [mavros.mavros]: Plugin actuator_control created
[mavros_node-1] [INFO] [1786087664.814816399] [mavros.mavros]: Plugin actuator_control initialized
[mavros_node-1] [INFO] [1786087664.852768457] [mavros.mavros]: Plugin adsb created
[mavros_node-1] [INFO] [1786087664.852814428] [mavros.mavros]: Plugin adsb initialized
[mavros_node-1] [INFO] [1786087664.858984911] [mavros.mavros]: Plugin altitude created
[mavros_node-1] [INFO] [1786087664.859051425] [mavros.mavros]: Plugin altitude initialized
[mavros_node-1] [INFO] [1786087664.867373817] [mavros.mavros]: Plugin cam_imu_sync created
[mavros_node-1] [INFO] [1786087664.867424586] [mavros.mavros]: Plugin cam_imu_sync initialized
[mavros_node-1] [INFO] [1786087664.879774325] [mavros.mavros]: Plugin camera created
[mavros_node-1] [INFO] [1786087664.879866159] [mavros.mavros]: Plugin camera initialized
[mavros_node-1] [INFO] [1786087664.890125964] [mavros.mavros]: Plugin cellular_status created
[mavros_node-1] [INFO] [1786087664.890190185] [mavros.mavros]: Plugin cellular_status initialized
[mavros_node-1] [INFO] [1786087664.909411282] [mavros.mavros]: Plugin command created
[mavros_node-1] [INFO] [1786087664.909507585] [mavros.mavros]: Plugin command initialized
[mavros_node-1] [INFO] [1786087664.921518248] [mavros.mavros]: Plugin companion_process_status created
[mavros_node-1] [INFO] [1786087664.921595822] [mavros.mavros]: Plugin companion_process_status initialized
[mavros_node-1] [INFO] [1786087664.937383232] [mavros.mavros]: Plugin debug_value created
[mavros_node-1] [INFO] [1786087664.937486713] [mavros.mavros]: Plugin debug_value initialized
[mavros_node-1] [INFO] [1786087664.937505041] [mavros.mavros]: Plugin distance_sensor ignored
[mavros_node-1] [INFO] [1786087664.956317824] [mavros.mavros]: Plugin esc_status created
[mavros_node-1] [INFO] [1786087664.956392648] [mavros.mavros]: Plugin esc_status initialized
[mavros_node-1] [INFO] [1786087664.976185383] [mavros.mavros]: Plugin esc_telemetry created
[mavros_node-1] [INFO] [1786087664.976267960] [mavros.mavros]: Plugin esc_telemetry initialized
[mavros_node-1] [INFO] [1786087665.000668198] [mavros.mavros]: Plugin fake_gps created
[mavros_node-1] [INFO] [1786087665.000788585] [mavros.mavros]: Plugin fake_gps initialized
[mavros_node-1] [INFO] [1786087665.065668086] [mavros.mavros]: Plugin ftp created
[mavros_node-1] [INFO] [1786087665.065766461] [mavros.mavros]: Plugin ftp initialized
[mavros_node-1] [INFO] [1786087665.110686178] [mavros.mavros]: Plugin geofence created
[mavros_node-1] [INFO] [1786087665.110811618] [mavros.mavros]: Plugin geofence initialized
[mavros_node-1] [INFO] [1786087665.162741573] [mavros.mavros]: Plugin gimbal_control created
[mavros_node-1] [INFO] [1786087665.163188659] [mavros.mavros]: Plugin gimbal_control initialized
[fastlio_ev_health_monitor.py-3] [INFO] [1786087665.191053501] [fastlio_ev_health_monitor]: EV health gate /Odometry -> /Odometry/healthy; compare /mavros/local_position/velocity_local in PX4 local NED; status=/ev_health/status, diagnostics=/ev_health/diagnostics
[mavros_node-1] [INFO] [1786087665.206934105] [mavros.mavros]: Plugin global_position created
[mavros_node-1] [INFO] [1786087665.206992852] [mavros.mavros]: Plugin global_position initialized
[mavros_node-1] [INFO] [1786087665.229343441] [mavros.mavros]: Plugin gps_input created
[mavros_node-1] [INFO] [1786087665.229430733] [mavros.mavros]: Plugin gps_input initialized
[fastlio_ev_health_monitor.py-3] [WARN] [1786087665.262299781] [fastlio_ev_health_monitor]: EV health state=SUSPECT: waiting_for_ev
[mavros_node-1] [INFO] [1786087665.265313319] [mavros.mavros]: Plugin gps_rtk created
[mavros_node-1] [INFO] [1786087665.265419957] [mavros.mavros]: Plugin gps_rtk initialized
[mavros_node-1] [INFO] [1786087665.301811984] [mavros.mavros]: Plugin gps_status created
[mavros_node-1] [INFO] [1786087665.301907662] [mavros.mavros]: Plugin gps_status initialized
[mavros_node-1] [INFO] [1786087665.326861304] [mavros.mavros]: Plugin guided_target created
[mavros_node-1] [INFO] [1786087665.326989357] [mavros.mavros]: Plugin guided_target initialized
[mavros_node-1] [INFO] [1786087665.363569771] [mavros.mavros]: Plugin hil created
[mavros_node-1] [INFO] [1786087665.363664696] [mavros.mavros]: Plugin hil initialized
[mavros_node-1] [INFO] [1786087665.463009345] [mavros.mavros]: Plugin home_position created
[mavros_node-1] [INFO] [1786087665.463125207] [mavros.mavros]: Plugin home_position initialized
[mavros_node-1] [INFO] [1786087665.506630219] [mavros.mavros]: Plugin imu created
[mavros_node-1] [INFO] [1786087665.506750213] [mavros.mavros]: Plugin imu initialized
[mavros_node-1] [INFO] [1786087665.537770356] [mavros.mavros]: Plugin landing_target created
[mavros_node-1] [INFO] [1786087665.537848393] [mavros.mavros]: Plugin landing_target initialized
[fastlio_ev_health_monitor.py-3] [WARN] [1786087665.560264801] [fastlio_ev_health_monitor]: EV health state=FAULT: px4_velocity_timeout
[mavros_node-1] [INFO] [1786087665.572030991] [mavros.mavros]: Plugin local_position created
[mavros_node-1] [INFO] [1786087665.572132942] [mavros.mavros]: Plugin local_position initialized
[mavros_node-1] [INFO] [1786087665.603020831] [mavros.mavros]: Plugin log_transfer created
[mavros_node-1] [INFO] [1786087665.603243601] [mavros.mavros]: Plugin log_transfer initialized
[mavros_node-1] [INFO] [1786087665.633781195] [mavros.mavros]: Plugin mag_calibration_status created
[mavros_node-1] [INFO] [1786087665.633861697] [mavros.mavros]: Plugin mag_calibration_status initialized
[mavros_node-1] [INFO] [1786087665.696611739] [mavros.mavros]: Plugin manual_control created
[mavros_node-1] [INFO] [1786087665.696706101] [mavros.mavros]: Plugin manual_control initialized
[mavros_node-1] [INFO] [1786087665.721442318] [mavros.mavros]: Plugin mocap_pose_estimate created
[mavros_node-1] [INFO] [1786087665.721569671] [mavros.mavros]: Plugin mocap_pose_estimate initialized
[mavros_node-1] [INFO] [1786087665.777795372] [mavros.mavros]: Plugin mount_control created
[mavros_node-1] [INFO] [1786087665.777930927] [mavros.mavros]: Plugin mount_control initialized
[mavros_node-1] [INFO] [1786087665.806601928] [mavros.mavros]: Plugin nav_controller_output created
[mavros_node-1] [INFO] [1786087665.806974619] [mavros.mavros]: Plugin nav_controller_output initialized
[mavros_node-1] [INFO] [1786087665.845190311] [mavros.mavros]: Plugin obstacle_distance created
[mavros_node-1] [INFO] [1786087665.845381469] [mavros.mavros]: Plugin obstacle_distance initialized
[mavros_node-1] [INFO] [1786087665.878616838] [mavros.mavros]: Plugin obstacle_distance_3d created
[mavros_node-1] [INFO] [1786087665.878834437] [mavros.mavros]: Plugin obstacle_distance_3d initialized
[mavros_node-1] [INFO] [1786087665.912056767] [mavros.mavros]: Plugin odometry created
[mavros_node-1] [INFO] [1786087665.912158453] [mavros.mavros]: Plugin odometry initialized
[mavros_node-1] [INFO] [1786087665.947363120] [mavros.mavros]: Plugin onboard_computer_status created
[mavros_node-1] [INFO] [1786087665.947459563] [mavros.mavros]: Plugin onboard_computer_status initialized
[mavros_node-1] [INFO] [1786087665.989053723] [mavros.mavros]: Plugin open_drone_id created
[mavros_node-1] [INFO] [1786087665.989138708] [mavros.mavros]: Plugin open_drone_id initialized
[mavros_node-1] [INFO] [1786087666.030369330] [mavros.mavros]: Plugin optical_flow created
[mavros_node-1] [INFO] [1786087666.030463606] [mavros.mavros]: Plugin optical_flow initialized
[mavros_node-1] [INFO] [1786087666.070274535] [mavros.mavros]: Plugin param created
[mavros_node-1] [INFO] [1786087666.070341800] [mavros.mavros]: Plugin param initialized
[mavros_node-1] [INFO] [1786087666.102434583] [mavros.mavros]: Plugin play_tune created
[mavros_node-1] [INFO] [1786087666.102496720] [mavros.mavros]: Plugin play_tune initialized
[mavros_node-1] [INFO] [1786087666.139086684] [mavros.mavros]: Plugin px4flow created
[mavros_node-1] [INFO] [1786087666.139180335] [mavros.mavros]: Plugin px4flow initialized
[mavros_node-1] [INFO] [1786087666.196795501] [mavros.mavros]: Plugin rallypoint created
[mavros_node-1] [INFO] [1786087666.197264983] [mavros.mavros]: Plugin rallypoint initialized
[mavros_node-1] [INFO] [1786087666.197404070] [mavros.mavros]: Plugin rangefinder ignored
[mavros_node-1] [INFO] [1786087666.243683918] [mavros.mavros]: Plugin rc_io created
[mavros_node-1] [INFO] [1786087666.243795584] [mavros.mavros]: Plugin rc_io initialized
[mavros_node-1] [INFO] [1786087666.289706386] [mavros.mavros]: Plugin setpoint_accel created
[mavros_node-1] [INFO] [1786087666.289854177] [mavros.mavros]: Plugin setpoint_accel initialized
[mavros_node-1] [INFO] [1786087666.338180392] [mavros.mavros]: Plugin setpoint_attitude created
[mavros_node-1] [INFO] [1786087666.338488147] [mavros.mavros]: Plugin setpoint_attitude initialized
[mavros_node-1] [INFO] [1786087666.389463644] [mavros.mavros]: Plugin setpoint_position created
[mavros_node-1] [INFO] [1786087666.389519847] [mavros.mavros]: Plugin setpoint_position initialized
[mavros_node-1] [INFO] [1786087666.440826772] [mavros.mavros]: Plugin setpoint_raw created
[mavros_node-1] [INFO] [1786087666.440946233] [mavros.mavros]: Plugin setpoint_raw initialized
[mavros_node-1] [INFO] [1786087666.492976215] [mavros.mavros]: Plugin setpoint_trajectory created
[mavros_node-1] [INFO] [1786087666.493055503] [mavros.mavros]: Plugin setpoint_trajectory initialized
[mavros_node-1] [INFO] [1786087666.531353504] [mavros.mavros]: Plugin setpoint_velocity created
[mavros_node-1] [INFO] [1786087666.531531861] [mavros.mavros]: Plugin setpoint_velocity initialized
[mavros_node-1] [INFO] [1786087666.591176906] [mavros.mavros]: Plugin sim_state created
[mavros_node-1] [INFO] [1786087666.591257071] [mavros.mavros]: Plugin sim_state initialized
[mavros_node-1] [INFO] [1786087666.661722464] [mavros.mavros]: Plugin sys_status created
[mavros_node-1] [INFO] [1786087666.661911509] [mavros.mavros]: Plugin sys_status initialized
[mavros_node-1] [INFO] [1786087666.717633996] [mavros.time]: TM: Timesync mode: MAVLINK
[mavros_node-1] [INFO] [1786087666.725709919] [mavros.mavros]: Plugin sys_time created
[mavros_node-1] [INFO] [1786087666.725838358] [mavros.mavros]: Plugin sys_time initialized
[mavros_node-1] [INFO] [1786087666.775281461] [mavros.mavros]: Plugin tdr_radio created
[mavros_node-1] [INFO] [1786087666.775461153] [mavros.mavros]: Plugin tdr_radio initialized
[mavros_node-1] [INFO] [1786087666.817187738] [mavros.mavros]: Plugin terrain created
[mavros_node-1] [INFO] [1786087666.817337909] [mavros.mavros]: Plugin terrain initialized
[mavros_node-1] [INFO] [1786087666.873198239] [mavros.mavros]: Plugin trajectory created
[mavros_node-1] [INFO] [1786087666.873339348] [mavros.mavros]: Plugin trajectory initialized
[mavros_node-1] [INFO] [1786087666.929324338] [mavros.mavros]: Plugin tunnel created
[mavros_node-1] [INFO] [1786087666.929557930] [mavros.mavros]: Plugin tunnel initialized
[mavros_node-1] [INFO] [1786087666.989196059] [mavros.mavros]: Plugin vfr_hud created
[mavros_node-1] [INFO] [1786087666.989327894] [mavros.mavros]: Plugin vfr_hud initialized
[mavros_node-1] [INFO] [1786087666.989350269] [mavros.mavros]: Plugin vibration ignored
[mavros_node-1] [INFO] [1786087676.685322469] [mavros.mavros]: Plugin vision_pose created
[mavros_node-1] [INFO] [1786087676.685546811] [mavros.mavros]: Plugin vision_pose initialized
[mavros_node-1] [WARN] [1786087681.569941787] [mavros.sys]: VER: broadcast request timeout, retries left 4
