[INFO] [launch]: All log files can be found below /home/robot/.ros/log/2026-08-04-21-18-16-458873-robot-6269
[INFO] [launch]: Default logging verbosity is set to INFO
[INFO] [fastlio_mapping-1]: process started with pid [6271]
[fastlio_mapping-1] [INFO] [1785849496.623314664] [laser_mapping]: p_pre->lidar_type 1
[fastlio_mapping-1] Multi thread started 
[fastlio_mapping-1] ~~~~/home/robot/livox_mid360_env/ws_fastlio/src/fast_lio/ file opened
[fastlio_mapping-1] [INFO] [1785849496.633552634] [laser_mapping]: Node init finished.
[fastlio_mapping-1] [WARN] [1785849498.533464657] [laser_mapping]: No point, skip this scan!
[fastlio_mapping-1] 
[fastlio_mapping-1] [WARN] [1785849498.544218456] [laser_mapping]: No point, skip this scan!
[fastlio_mapping-1] 
[fastlio_mapping-1] [WARN] [1785849498.555653239] [laser_mapping]: No point, skip this scan!
[fastlio_mapping-1] 
[fastlio_mapping-1] [WARN] [1785849498.563412682] [laser_mapping]: No point, skip this scan!
[fastlio_mapping-1] 
[fastlio_mapping-1] [WARN] [1785849498.573436732] [laser_mapping]: No point, skip this scan!
[fastlio_mapping-1] 
[fastlio_mapping-1] [WARN] [1785849498.583446393] [laser_mapping]: No point, skip this scan!
[fastlio_mapping-1] 
[fastlio_mapping-1] [WARN] [1785849498.593417080] [laser_mapping]: No point, skip this scan!
[fastlio_mapping-1] 
[fastlio_mapping-1] [WARN] [1785849498.603457410] [laser_mapping]: No point, skip this scan!
[fastlio_mapping-1] 
[fastlio_mapping-1] [WARN] [1785849498.613808072] [laser_mapping]: No point, skip this scan!
[fastlio_mapping-1] 
[fastlio_mapping-1] [WARN] [1785849498.623368756] [laser_mapping]: No point, skip this scan!
[fastlio_mapping-1] 
[fastlio_mapping-1] [WARN] [1785849498.634360989] [laser_mapping]: No point, skip this scan!
[fastlio_mapping-1] 
[fastlio_mapping-1] [WARN] [1785849498.643412685] [laser_mapping]: No point, skip this scan!
[fastlio_mapping-1] 
[fastlio_mapping-1] [WARN] [1785849498.653419928] [laser_mapping]: No point, skip this scan!
[fastlio_mapping-1] 
[fastlio_mapping-1] [WARN] [1785849498.663525737] [laser_mapping]: No point, skip this scan!
[fastlio_mapping-1] 
[fastlio_mapping-1] [WARN] [1785849498.673741441] [laser_mapping]: No point, skip this scan!
[fastlio_mapping-1] 
[fastlio_mapping-1] [WARN] [1785849498.683457710] [laser_mapping]: No point, skip this scan!
[fastlio_mapping-1] 
[fastlio_mapping-1] [WARN] [1785849498.693811310] [laser_mapping]: No point, skip this scan!
[fastlio_mapping-1] 
[fastlio_mapping-1] IMU Initial Done
[fastlio_mapping-1] [WARN] [1785849498.714451745] [laser_mapping]: No point, skip this scan!
[fastlio_mapping-1] 
[fastlio_mapping-1] [INFO] [1785849498.815455915] [laser_mapping]: Initialize the map kdtree
