[INFO] [launch]: All log files can be found below /home/robot/.ros/log/2026-08-04-21-18-18-268375-robot-6318
[INFO] [launch]: Default logging verbosity is set to INFO
[INFO] [mavros_node-1]: process started with pid [6319]
[INFO] [fastlio_odometry_guard-2]: process started with pid [6321]
[INFO] [fastlio_ev_health_monitor.py-3]: process started with pid [6323]
[INFO] [fastlio_mavros_vision_bridge-4]: process started with pid [6325]
[INFO] [static_transform_publisher-5]: process started with pid [6327]
[INFO] [static_transform_publisher-6]: process started with pid [6329]
[INFO] [static_transform_publisher-7]: process started with pid [6331]
[INFO] [static_transform_publisher-8]: process started with pid [6333]
[mavros_node-1] [INFO] [1785849498.452621743] [mavros.mavros_node]: Starting mavros_node container
[mavros_node-1] [INFO] [1785849498.452807297] [mavros.mavros_node]: FCU URL: serial:///dev/ttyUSB0:921600?ids=255,190
[mavros_node-1] [INFO] [1785849498.452824735] [mavros.mavros_node]: GCS URL: 
[mavros_node-1] [INFO] [1785849498.452833918] [mavros.mavros_node]: UAS Prefix: /uas1
[mavros_node-1] [INFO] [1785849498.452842645] [mavros.mavros_node]: Starting mavros router node
[static_transform_publisher-6] [INFO] [1785849498.460077272] [base_link_to_body]: Spinning until stopped - publishing transform
[static_transform_publisher-6] translation: ('0.000000', '0.000000', '0.000000')
[static_transform_publisher-6] rotation: ('0.000000', '0.000000', '0.000000', '1.000000')
[static_transform_publisher-6] from 'base_link' to 'body'
[fastlio_mavros_vision_bridge-4] [INFO] [1785849498.467835049] [fastlio_mavros_vision_bridge]: Bridging /Odometry/healthy -> /mavros/vision_pose/pose_cov + vision_speed for MAVROS vision input
[fastlio_odometry_guard-2] [INFO] [1785849498.469600788] [fastlio_odometry_guard]: Guarding odometry /Odometry -> /Odometry/guarded (jump=0.30m, xy=0.20m, z=0.10m, speed=1.20m/s, unknown angular variance>=100000)
[static_transform_publisher-8] [INFO] [1785849498.473430312] [body_to_body_frd]: Spinning until stopped - publishing transform
[static_transform_publisher-8] translation: ('0.000000', '0.000000', '0.000000')
[static_transform_publisher-8] rotation: ('1.000000', '0.000000', '0.000000', '0.000000')
[static_transform_publisher-8] from 'body' to 'body_frd'
[static_transform_publisher-5] [INFO] [1785849498.478927499] [odom_to_camera_init]: Spinning until stopped - publishing transform
[static_transform_publisher-5] translation: ('0.000000', '0.000000', '0.000000')
[static_transform_publisher-5] rotation: ('0.000000', '0.000000', '0.000000', '1.000000')
[static_transform_publisher-5] from 'odom' to 'camera_init'
[static_transform_publisher-7] [INFO] [1785849498.480858704] [camera_init_to_camera_init_ned]: Spinning until stopped - publishing transform
[static_transform_publisher-7] translation: ('0.000000', '0.000000', '0.000000')
[static_transform_publisher-7] rotation: ('0.707107', '0.707107', '0.000000', '0.000000')
[static_transform_publisher-7] from 'camera_init' to 'camera_init_ned'
[mavros_node-1] [INFO] [1785849498.482570350] [mavros.mavros_router]: Built-in SIMD instructions: SSE, SSE2
[mavros_node-1] [INFO] [1785849498.482602803] [mavros.mavros_router]: Built-in MAVLink package version: 2026.3.3
[mavros_node-1] [INFO] [1785849498.482614733] [mavros.mavros_router]: Known MAVLink dialects: common ardupilotmega ASLUAV AVSSUAS all csAirLink cubepilot development icarous loweheiser marsh matrixpilot paparazzi standard stemstudios storm32 uAvionix ualberta
[mavros_node-1] [INFO] [1785849498.482619627] [mavros.mavros_router]: MAVROS Router started
[mavros_node-1] [INFO] [1785849498.482802739] [mavros.mavros_node]: Starting mavros uas node
[mavros_node-1] [INFO] [1785849498.544520800] [mavros.mavros_router]: Requested to add endpoint: type: 0, url: serial:///dev/ttyUSB0:921600?ids=255,190
[mavros_node-1] [INFO] [1785849498.544598693] [mavros.mavros_router]: Endpoint link[1000] created
[mavros_node-1] [INFO] [1785849498.548799558] [mavros.mavros_router]: link[1000] opened successfully
[mavros_node-1] [INFO] [1785849498.549464334] [mavros.mavros_router]: Requested to add endpoint: type: 2, url: /uas1
[mavros_node-1] [INFO] [1785849498.549526112] [mavros.mavros_router]: Endpoint link[1001] created
[mavros_node-1] [INFO] [1785849498.554869864] [mavros.mavros]: UAS Executor started, threads: 16
[mavros_node-1] [INFO] [1785849498.556030134] [mavros.mavros_router]: link[1000] detected remote address 1.1
[mavros_node-1] [INFO] [1785849498.566192944] [mavros.mavros_router]: link[1001] opened successfully
[mavros_node-1] [INFO] [1785849498.594430042] [mavros.mavros]: Plugin actuator_control created
[mavros_node-1] [INFO] [1785849498.594551934] [mavros.mavros]: Plugin actuator_control initialized
[mavros_node-1] [INFO] [1785849498.620924750] [mavros.mavros]: Plugin adsb created
[mavros_node-1] [INFO] [1785849498.620964091] [mavros.mavros]: Plugin adsb initialized
[mavros_node-1] [INFO] [1785849498.627829132] [mavros.mavros]: Plugin altitude created
[mavros_node-1] [INFO] [1785849498.627871511] [mavros.mavros]: Plugin altitude initialized
[mavros_node-1] [INFO] [1785849498.643042938] [mavros.mavros]: Plugin cam_imu_sync created
[mavros_node-1] [INFO] [1785849498.643162405] [mavros.mavros]: Plugin cam_imu_sync initialized
[mavros_node-1] [INFO] [1785849498.652935990] [mavros.mavros]: Plugin camera created
[mavros_node-1] [INFO] [1785849498.652979986] [mavros.mavros]: Plugin camera initialized
[mavros_node-1] [INFO] [1785849498.659563401] [mavros.mavros]: Plugin cellular_status created
[mavros_node-1] [INFO] [1785849498.659703011] [mavros.mavros]: Plugin cellular_status initialized
[mavros_node-1] [INFO] [1785849498.686722839] [mavros.mavros]: Plugin command created
[mavros_node-1] [INFO] [1785849498.686795395] [mavros.mavros]: Plugin command initialized
[mavros_node-1] [INFO] [1785849498.697035056] [mavros.mavros]: Plugin companion_process_status created
[mavros_node-1] [INFO] [1785849498.697160099] [mavros.mavros]: Plugin companion_process_status initialized
[mavros_node-1] [INFO] [1785849498.714902585] [mavros.mavros]: Plugin debug_value created
[mavros_node-1] [INFO] [1785849498.715135072] [mavros.mavros]: Plugin debug_value initialized
[mavros_node-1] [INFO] [1785849498.715168831] [mavros.mavros]: Plugin distance_sensor ignored
[mavros_node-1] [INFO] [1785849498.730383992] [mavros.mavros]: Plugin esc_status created
[mavros_node-1] [INFO] [1785849498.730475854] [mavros.mavros]: Plugin esc_status initialized
[mavros_node-1] [INFO] [1785849498.753058027] [mavros.mavros]: Plugin esc_telemetry created
[mavros_node-1] [INFO] [1785849498.753260634] [mavros.mavros]: Plugin esc_telemetry initialized
[mavros_node-1] [INFO] [1785849498.794590660] [mavros.mavros]: Plugin fake_gps created
[mavros_node-1] [INFO] [1785849498.794807388] [mavros.mavros]: Plugin fake_gps initialized
[mavros_node-1] [INFO] [1785849498.831734175] [mavros.mavros]: Plugin ftp created
[mavros_node-1] [INFO] [1785849498.831938673] [mavros.mavros]: Plugin ftp initialized
[mavros_node-1] [INFO] [1785849498.841160239] [mavros.mavros]: Plugin geofence created
[mavros_node-1] [INFO] [1785849498.841223965] [mavros.mavros]: Plugin geofence initialized
[mavros_node-1] [INFO] [1785849498.861233155] [mavros.mavros]: Plugin gimbal_control created
[mavros_node-1] [INFO] [1785849498.861299199] [mavros.mavros]: Plugin gimbal_control initialized
[fastlio_ev_health_monitor.py-3] [INFO] [1785849498.866404475] [fastlio_ev_health_monitor]: EV health gate /Odometry -> /Odometry/healthy; compare /mavros/local_position/velocity_local in PX4 local NED; status=/ev_health/status, diagnostics=/ev_health/diagnostics
[mavros_node-1] [INFO] [1785849498.875071401] [mavros.mavros]: Plugin global_position created
[mavros_node-1] [INFO] [1785849498.875157328] [mavros.mavros]: Plugin global_position initialized
[mavros_node-1] [INFO] [1785849498.884028345] [mavros.mavros]: Plugin gps_input created
[mavros_node-1] [INFO] [1785849498.884065515] [mavros.mavros]: Plugin gps_input initialized
[mavros_node-1] [INFO] [1785849498.892528213] [mavros.mavros]: Plugin gps_rtk created
[mavros_node-1] [INFO] [1785849498.892607814] [mavros.mavros]: Plugin gps_rtk initialized
[mavros_node-1] [INFO] [1785849498.902174284] [mavros.mavros]: Plugin gps_status created
[mavros_node-1] [INFO] [1785849498.902227290] [mavros.mavros]: Plugin gps_status initialized
[mavros_node-1] [INFO] [1785849498.909224260] [mavros.mavros]: Plugin guided_target created
[mavros_node-1] [INFO] [1785849498.909284865] [mavros.mavros]: Plugin guided_target initialized
[fastlio_ev_health_monitor.py-3] [WARN] [1785849498.920194524] [fastlio_ev_health_monitor]: EV health state=SUSPECT: px4_velocity_unaligned
[mavros_node-1] [INFO] [1785849498.922568386] [mavros.mavros]: Plugin hil created
[mavros_node-1] [INFO] [1785849498.922613574] [mavros.mavros]: Plugin hil initialized
[mavros_node-1] [INFO] [1785849498.939834141] [mavros.mavros]: Plugin home_position created
[mavros_node-1] [INFO] [1785849498.939884185] [mavros.mavros]: Plugin home_position initialized
[mavros_node-1] [INFO] [1785849498.970756144] [mavros.mavros]: Plugin imu created
[mavros_node-1] [INFO] [1785849498.970812959] [mavros.mavros]: Plugin imu initialized
[mavros_node-1] [INFO] [1785849498.995496570] [mavros.mavros]: Plugin landing_target created
[mavros_node-1] [INFO] [1785849498.995579257] [mavros.mavros]: Plugin landing_target initialized
[mavros_node-1] [INFO] [1785849499.047096809] [mavros.mavros]: Plugin local_position created
[mavros_node-1] [INFO] [1785849499.047192923] [mavros.mavros]: Plugin local_position initialized
[mavros_node-1] [INFO] [1785849499.090378597] [mavros.mavros]: Plugin log_transfer created
[mavros_node-1] [INFO] [1785849499.090467194] [mavros.mavros]: Plugin log_transfer initialized
[mavros_node-1] [INFO] [1785849499.108499863] [mavros.mavros]: Plugin mag_calibration_status created
[mavros_node-1] [INFO] [1785849499.108699697] [mavros.mavros]: Plugin mag_calibration_status initialized
[mavros_node-1] [INFO] [1785849499.142329889] [mavros.mavros]: Plugin manual_control created
[mavros_node-1] [INFO] [1785849499.142446152] [mavros.mavros]: Plugin manual_control initialized
[mavros_node-1] [INFO] [1785849499.180491032] [mavros.mavros]: Plugin mocap_pose_estimate created
[mavros_node-1] [INFO] [1785849499.180573051] [mavros.mavros]: Plugin mocap_pose_estimate initialized
[mavros_node-1] [INFO] [1785849499.214851892] [mavros.mavros]: Plugin mount_control created
[mavros_node-1] [INFO] [1785849499.215298058] [mavros.mavros]: Plugin mount_control initialized
[fastlio_ev_health_monitor.py-3] [WARN] [1785849499.236181856] [fastlio_ev_health_monitor]: EV health state=FAULT: px4_velocity_unaligned
[mavros_node-1] [INFO] [1785849499.242738741] [mavros.mavros]: Plugin nav_controller_output created
[mavros_node-1] [INFO] [1785849499.242937836] [mavros.mavros]: Plugin nav_controller_output initialized
[mavros_node-1] [INFO] [1785849499.265403463] [mavros.mavros]: Plugin obstacle_distance created
[mavros_node-1] [INFO] [1785849499.265561816] [mavros.mavros]: Plugin obstacle_distance initialized
[mavros_node-1] [INFO] [1785849499.297868210] [mavros.mavros]: Plugin obstacle_distance_3d created
[mavros_node-1] [INFO] [1785849499.297933619] [mavros.mavros]: Plugin obstacle_distance_3d initialized
[mavros_node-1] [INFO] [1785849499.345230439] [mavros.mavros]: Plugin odometry created
[mavros_node-1] [INFO] [1785849499.345371186] [mavros.mavros]: Plugin odometry initialized
[mavros_node-1] [INFO] [1785849499.381236098] [mavros.mavros]: Plugin onboard_computer_status created
[mavros_node-1] [INFO] [1785849499.381464770] [mavros.mavros]: Plugin onboard_computer_status initialized
[mavros_node-1] [INFO] [1785849499.431871787] [mavros.mavros]: Plugin open_drone_id created
[mavros_node-1] [INFO] [1785849499.432168148] [mavros.mavros]: Plugin open_drone_id initialized
[mavros_node-1] [INFO] [1785849499.481925166] [mavros.mavros]: Plugin optical_flow created
[mavros_node-1] [INFO] [1785849499.482127579] [mavros.mavros]: Plugin optical_flow initialized
[mavros_node-1] [INFO] [1785849499.521727145] [mavros.mavros]: Plugin param created
[mavros_node-1] [INFO] [1785849499.521917584] [mavros.mavros]: Plugin param initialized
[mavros_node-1] [INFO] [1785849499.547892331] [mavros.mavros]: Plugin play_tune created
[mavros_node-1] [INFO] [1785849499.547970704] [mavros.mavros]: Plugin play_tune initialized
[mavros_node-1] [INFO] [1785849499.590840524] [mavros.mavros]: Plugin px4flow created
[mavros_node-1] [INFO] [1785849499.590967432] [mavros.mavros]: Plugin px4flow initialized
[mavros_node-1] [INFO] [1785849499.631805097] [mavros.mavros]: Plugin rallypoint created
[mavros_node-1] [INFO] [1785849499.632259688] [mavros.mavros]: Plugin rallypoint initialized
[mavros_node-1] [INFO] [1785849499.632278268] [mavros.mavros]: Plugin rangefinder ignored
[mavros_node-1] [INFO] [1785849499.660819210] [mavros.mavros]: Plugin rc_io created
[mavros_node-1] [INFO] [1785849499.660949636] [mavros.mavros]: Plugin rc_io initialized
[mavros_node-1] [INFO] [1785849499.691216876] [mavros.mavros]: Plugin setpoint_accel created
[mavros_node-1] [INFO] [1785849499.691301479] [mavros.mavros]: Plugin setpoint_accel initialized
[mavros_node-1] [INFO] [1785849499.731179468] [mavros.mavros]: Plugin setpoint_attitude created
[mavros_node-1] [INFO] [1785849499.731272802] [mavros.mavros]: Plugin setpoint_attitude initialized
[mavros_node-1] [INFO] [1785849499.786410942] [mavros.mavros]: Plugin setpoint_position created
[mavros_node-1] [INFO] [1785849499.786522732] [mavros.mavros]: Plugin setpoint_position initialized
[mavros_node-1] [INFO] [1785849499.848741621] [mavros.mavros]: Plugin setpoint_raw created
[mavros_node-1] [INFO] [1785849499.848863854] [mavros.mavros]: Plugin setpoint_raw initialized
[mavros_node-1] [INFO] [1785849499.886941190] [mavros.mavros]: Plugin setpoint_trajectory created
[mavros_node-1] [INFO] [1785849499.887098357] [mavros.mavros]: Plugin setpoint_trajectory initialized
[mavros_node-1] [INFO] [1785849499.938484286] [mavros.mavros]: Plugin setpoint_velocity created
[mavros_node-1] [INFO] [1785849499.938652436] [mavros.mavros]: Plugin setpoint_velocity initialized
[mavros_node-1] [INFO] [1785849500.001967582] [mavros.mavros]: Plugin sim_state created
[mavros_node-1] [INFO] [1785849500.002266406] [mavros.mavros]: Plugin sim_state initialized
[mavros_node-1] [INFO] [1785849500.086618883] [mavros.mavros]: Plugin sys_status created
[mavros_node-1] [INFO] [1785849500.086816132] [mavros.mavros]: Plugin sys_status initialized
[mavros_node-1] [INFO] [1785849500.125296042] [mavros.time]: TM: Timesync mode: MAVLINK
[mavros_node-1] [INFO] [1785849500.139832949] [mavros.mavros]: Plugin sys_time created
[mavros_node-1] [INFO] [1785849500.140032051] [mavros.mavros]: Plugin sys_time initialized
[mavros_node-1] [INFO] [1785849500.200243636] [mavros.mavros]: Plugin tdr_radio created
[mavros_node-1] [INFO] [1785849500.200362171] [mavros.mavros]: Plugin tdr_radio initialized
[mavros_node-1] [INFO] [1785849500.281947027] [mavros.mavros]: Plugin terrain created
[mavros_node-1] [INFO] [1785849500.282093515] [mavros.mavros]: Plugin terrain initialized
[mavros_node-1] [INFO] [1785849500.333981027] [mavros.mavros]: Plugin trajectory created
[mavros_node-1] [INFO] [1785849500.334068657] [mavros.mavros]: Plugin trajectory initialized
[mavros_node-1] [INFO] [1785849500.381963258] [mavros.mavros]: Plugin tunnel created
[mavros_node-1] [INFO] [1785849500.382122188] [mavros.mavros]: Plugin tunnel initialized
[mavros_node-1] [INFO] [1785849500.430132052] [mavros.mavros]: Plugin vfr_hud created
[mavros_node-1] [INFO] [1785849500.430222106] [mavros.mavros]: Plugin vfr_hud initialized
[mavros_node-1] [INFO] [1785849500.430232646] [mavros.mavros]: Plugin vibration ignored
[mavros_node-1] [INFO] [1785849500.510597632] [mavros.mavros]: Plugin vision_pose created
[mavros_node-1] [INFO] [1785849500.510756574] [mavros.mavros]: Plugin vision_pose initialized
[mavros_node-1] [INFO] [1785849500.567853229] [mavros.mavros]: Plugin vision_speed created
[mavros_node-1] [INFO] [1785849500.567913358] [mavros.mavros]: Plugin vision_speed initialized
[mavros_node-1] [INFO] [1785849500.631174711] [mavros.mavros]: Plugin waypoint created
[mavros_node-1] [INFO] [1785849500.631331791] [mavros.mavros]: Plugin waypoint initialized
[mavros_node-1] [INFO] [1785849500.631348075] [mavros.mavros]: Plugin wheel_odometry ignored
[mavros_node-1] [INFO] [1785849500.677358135] [mavros.mavros]: Plugin wind_estimation created
[mavros_node-1] [INFO] [1785849500.677608903] [mavros.mavros]: Plugin wind_estimation initialized
[mavros_node-1] [INFO] [1785849500.683912526] [mavros.mavros]: Built-in SIMD instructions: SSE, SSE2
[mavros_node-1] [INFO] [1785849500.683990210] [mavros.mavros]: Built-in MAVLink package version: 2026.3.3
[mavros_node-1] [INFO] [1785849500.683996847] [mavros.mavros]: Known MAVLink dialects: common ardupilotmega ASLUAV AVSSUAS all csAirLink cubepilot development icarous loweheiser marsh matrixpilot paparazzi standard stemstudios storm32 uAvionix ualberta
[mavros_node-1] [INFO] [1785849500.684001350] [mavros.mavros]: MAVROS UAS via /uas1 started. MY ID 255.190, TARGET ID 1.1
[mavros_node-1] [INFO] [1785849500.688175454] [mavros.imu]: IMU: High resolution IMU detected!
[mavros_node-1] [INFO] [1785849500.689846342] [mavros.imu]: IMU: Attitude quaternion IMU detected!
[mavros_node-1] [INFO] [1785849500.723289055] [mavros.rc]: RC_CHANNELS message detected!
[mavros_node-1] [INFO] [1785849500.760800106] [mavros.mavros_router]: link[1001] detected remote address 255.190
[mavros_node-1] [WARN] [1785849501.097493872] [mavros.cmd]: CMD: Unexpected command 520, result 3
[mavros_node-1] [INFO] [1785849501.560709429] [mavros.mavros]: CON: Got HEARTBEAT, connected. FCU: PX4 Autopilot
[mavros_node-1] [INFO] [1785849501.560954573] [mavros.mission]: WP: detected enable_partial_push: 0
[mavros_node-1] [INFO] [1785849501.570098565] [mavros.imu]: IMU: High resolution IMU detected!
[mavros_node-1] [INFO] [1785849501.570879451] [mavros.imu]: IMU: Attitude quaternion IMU detected!
[mavros_node-1] [INFO] [1785849501.573434292] [mavros.rc]: RC_CHANNELS message detected!
[fastlio_ev_health_monitor.py-3] [INFO] [1785849502.830994834] [fastlio_ev_health_monitor]: EV health state=HEALTHY: ok
[mavros_node-1] [WARN] [1785849503.252502292] [mavros.sys]: FCU: UNK(8): EVENT 11047904 with args -0-128-0-18-1-0-0-0-0-0-0-0-0-131-191-1-128-0-0-0-0-0-0-0-0-0-0-0-0-0-0-0-0-0-0-0-0-0-0-0-
[mavros_node-1] [ERROR] [1785849503.252831272] [mavros.sys]: FCU: EVENT 9697819 with args -126-209-126-0-17-0-0-0-0-0-0-0-0-0-0-0-0-0-0-0-0-0-0-0-0-0-0-0-0-0-0-0-0-0-0-0-0-0-0-0-
[mavros_node-1] [ERROR] [1785849503.253142746] [mavros.sys]: FCU: EVENT 9077977 with args -255-255-255-255-7-0-0-0-0-0-0-0-0-0-0-0-0-0-0-0-0-0-0-0-0-0-0-0-0-0-0-0-0-0-0-0-0-0-0-0-
[mavros_node-1] [ERROR] [1785849503.253504665] [mavros.sys]: FCU: EVENT 13679014 with args -0-64-0-0-20-0-0-0-0-0-0-0-0-0-0-0-0-0-0-0-0-0-0-0-0-0-0-0-0-0-0-0-0-0-0-0-0-0-0-0-
[mavros_node-1] [ERROR] [1785849503.253843727] [mavros.sys]: FCU: EVENT 13835193 with args -124-0-126-0-17-0-0-0-0-0-0-0-0-0-0-0-0-0-0-0-0-0-0-0-0-0-0-0-0-0-0-0-0-0-0-0-0-0-0-0-
[mavros_node-1] [ERROR] [1785849503.253884701] [mavros.sys]: FCU: EVENT 10011251 with args -56-0-0-0-24-0-0-0-0-0-0-0-0-0-0-0-0-0-0-0-0-0-0-0-0-0-0-0-0-0-0-0-0-0-0-0-0-0-0-0-
[mavros_node-1] [INFO] [1785849503.254249550] [mavros.sys]: FCU: EVENT 377561 with args -8-0-0-0-20-0-0-0-0-0-0-0-0-0-0-0-0-0-0-0-0-0-0-0-0-0-0-0-0-0-0-0-0-0-0-0-0-0-0-0-
[mavros_node-1] [INFO] [1785849503.254556668] [mavros.sys]: FCU: EVENT 79408 with args -32-0-0-0-20-0-0-0-0-0-0-0-0-0-0-0-0-0-0-0-0-0-0-0-0-0-0-0-0-0-0-0-0-0-0-0-0-0-0-0-
[mavros_node-1] [ERROR] [1785849503.254882141] [mavros.sys]: FCU: EVENT 12754954 with args -255-255-255-255-20-0-0-0-0-0-0-0-0-0-0-0-0-0-0-0-0-0-0-0-0-0-0-0-0-0-0-0-0-0-0-0-0-0-0-0-
[mavros_node-1] [WARN] [1785849503.257099909] [mavros.sys]: FCU: UNK(8): EVENT 1914663 with args -0-130-16-2-48-0-0-0-0-0-0-0-0-0-0-0-0-0-0-0-0-0-0-0-0-0-0-0-0-0-0-0-0-0-0-0-0-0-0-0-
[mavros_node-1] [WARN] [1785849503.584656656] [mavros.sys]: VER: broadcast request timeout, retries left 4
[mavros_node-1] [WARN] [1785849504.647703385] [mavros.sys]: VER: broadcast request timeout, retries left 3
[mavros_node-1] [WARN] [1785849505.290092321] [mavros.sys]: FCU: UNK(8): EVENT 11047904 with args -0-128-0-16-1-0-0-0-0-0-0-0-0-199-191-127-128-0-0-0-0-0-0-0-0-0-0-0-0-0-0-0-0-0-0-0-0-0-0-0-
[mavros_node-1] [ERROR] [1785849505.290395457] [mavros.sys]: FCU: EVENT 9077977 with args -255-255-255-255-7-0-0-0-0-0-0-0-0-0-0-0-0-0-0-0-0-0-0-0-0-0-0-0-0-0-0-0-0-0-0-0-0-0-0-0-
[mavros_node-1] [ERROR] [1785849505.291415494] [mavros.sys]: FCU: EVENT 11464574 with args -0-64-0-0-20-0-0-0-0-0-0-0-0-0-0-0-0-0-0-0-0-0-0-0-0-0-0-0-0-0-0-0-0-0-0-0-0-0-0-0-
[mavros_node-1] [ERROR] [1785849505.291505312] [mavros.sys]: FCU: EVENT 10011251 with args -56-0-0-0-24-0-0-0-0-0-0-0-0-0-0-0-0-0-0-0-0-0-0-0-0-0-0-0-0-0-0-0-0-0-0-0-0-0-0-0-
[mavros_node-1] [INFO] [1785849505.291536506] [mavros.sys]: FCU: EVENT 377561 with args -8-0-0-0-20-0-0-0-0-0-0-0-0-0-0-0-0-0-0-0-0-0-0-0-0-0-0-0-0-0-0-0-0-0-0-0-0-0-0-0-
[mavros_node-1] [INFO] [1785849505.291558211] [mavros.sys]: FCU: EVENT 79408 with args -32-0-0-0-20-0-0-0-0-0-0-0-0-0-0-0-0-0-0-0-0-0-0-0-0-0-0-0-0-0-0-0-0-0-0-0-0-0-0-0-
[mavros_node-1] [ERROR] [1785849505.292136200] [mavros.sys]: FCU: EVENT 12754954 with args -255-255-255-255-20-0-0-0-0-0-0-0-0-0-0-0-0-0-0-0-0-0-0-0-0-0-0-0-0-0-0-0-0-0-0-0-0-0-0-0-
[mavros_node-1] [WARN] [1785849505.292215082] [mavros.sys]: FCU: UNK(8): EVENT 1914663 with args -0-130-16-2-48-0-0-0-0-0-0-0-0-0-0-0-0-0-0-0-0-0-0-0-0-0-0-0-0-0-0-0-0-0-0-0-0-0-0-0-
[mavros_node-1] [ERROR] [1785849505.584243007] [mavros.sys]: VER: command plugin service call failed!
[mavros_node-1] [WARN] [1785849505.584299534] [mavros.sys]: VER: unicast request timeout, retries left 2
[mavros_node-1] [ERROR] [1785849506.580684655] [mavros.sys]: VER: command plugin service call failed!
[mavros_node-1] [WARN] [1785849506.580741730] [mavros.sys]: VER: unicast request timeout, retries left 1
[mavros_node-1] [ERROR] [1785849507.586537220] [mavros.sys]: VER: command plugin service call failed!
[mavros_node-1] [WARN] [1785849507.586597905] [mavros.sys]: VER: unicast request timeout, retries left 0
[mavros_node-1] [ERROR] [1785849508.588227368] [mavros.sys]: VER: command plugin service call failed!
[mavros_node-1] [WARN] [1785849508.588300184] [mavros.sys]: VER: your FCU don't support AUTOPILOT_VERSION, switched to default capabilities
[mavros_node-1] [INFO] [1785849511.564233744] [mavros.home_position]: HP: requesting home position
[mavros_node-1] [WARN] [1785849511.733267399] [mavros.sys]: FCU: UNK(8): EVENT 11047904 with args -0-128-0-16-1-0-0-0-0-0-0-0-0-199-255-127-128-0-0-0-0-0-0-0-0-0-0-0-0-0-0-0-0-0-0-0-0-0-0-0-
[mavros_node-1] [ERROR] [1785849511.733395771] [mavros.sys]: FCU: EVENT 9077977 with args -255-255-255-255-7-0-0-0-0-0-0-0-0-0-0-0-0-0-0-0-0-0-0-0-0-0-0-0-0-0-0-0-0-0-0-0-0-0-0-0-
[mavros_node-1] [ERROR] [1785849511.733559950] [mavros.sys]: FCU: EVENT 10011251 with args -56-0-0-0-24-0-0-0-0-0-0-0-0-0-0-0-0-0-0-0-0-0-0-0-0-0-0-0-0-0-0-0-0-0-0-0-0-0-0-0-
[mavros_node-1] [INFO] [1785849511.733604224] [mavros.sys]: FCU: EVENT 377561 with args -8-0-0-0-20-0-0-0-0-0-0-0-0-0-0-0-0-0-0-0-0-0-0-0-0-0-0-0-0-0-0-0-0-0-0-0-0-0-0-0-
[mavros_node-1] [INFO] [1785849511.733620138] [mavros.sys]: FCU: EVENT 79408 with args -32-0-0-0-20-0-0-0-0-0-0-0-0-0-0-0-0-0-0-0-0-0-0-0-0-0-0-0-0-0-0-0-0-0-0-0-0-0-0-0-
[mavros_node-1] [ERROR] [1785849511.733633937] [mavros.sys]: FCU: EVENT 12754954 with args -255-255-255-255-20-0-0-0-0-0-0-0-0-0-0-0-0-0-0-0-0-0-0-0-0-0-0-0-0-0-0-0-0-0-0-0-0-0-0-0-
[mavros_node-1] [WARN] [1785849511.733648615] [mavros.sys]: FCU: UNK(8): EVENT 1914663 with args -0-130-16-2-48-0-0-0-0-0-0-0-0-0-0-0-0-0-0-0-0-0-0-0-0-0-0-0-0-0-0-0-0-0-0-0-0-0-0-0-
[mavros_node-1] [INFO] [1785849516.568147814] [mavros.mission]: WP: mission received
[mavros_node-1] [INFO] [1785849519.139862314] [mavros.sys]: FCU: EVENT 16682655 with args -0-0-0-0-0-0-0-0-0-0-0-0-0-0-0-0-0-0-0-0-0-0-0-0-0-0-0-0-0-0-0-0-0-0-0-0-0-0-0-0-
[mavros_node-1] [WARN] [1785849519.193775042] [mavros.sys]: FCU: UNK(8): EVENT 11047904 with args -0-0-0-0-1-0-0-0-0-199-255-127-128-199-255-127-128-0-0-0-0-0-0-0-0-0-0-0-0-0-0-0-0-0-0-0-0-0-0-0-
[mavros_node-1] [ERROR] [1785849519.194135835] [mavros.sys]: FCU: EVENT 10011251 with args -56-0-0-0-24-0-0-0-0-0-0-0-0-0-0-0-0-0-0-0-0-0-0-0-0-0-0-0-0-0-0-0-0-0-0-0-0-0-0-0-
[mavros_node-1] [INFO] [1785849519.194452941] [mavros.sys]: FCU: EVENT 377561 with args -8-0-0-0-20-0-0-0-0-0-0-0-0-0-0-0-0-0-0-0-0-0-0-0-0-0-0-0-0-0-0-0-0-0-0-0-0-0-0-0-
[mavros_node-1] [INFO] [1785849519.194830522] [mavros.sys]: FCU: EVENT 79408 with args -32-0-0-0-20-0-0-0-0-0-0-0-0-0-0-0-0-0-0-0-0-0-0-0-0-0-0-0-0-0-0-0-0-0-0-0-0-0-0-0-
[mavros_node-1] [WARN] [1785849519.194944444] [mavros.sys]: FCU: UNK(8): EVENT 1914663 with args -0-130-16-2-48-0-0-0-0-0-0-0-0-0-0-0-0-0-0-0-0-0-0-0-0-0-0-0-0-0-0-0-0-0-0-0-0-0-0-0-
[mavros_node-1] [INFO] [1785849521.568135450] [mavros.rallypoint]: RP: mission received
[mavros_node-1] [INFO] [1785849526.569491643] [mavros.geofence]: GF: mission received
[mavros_node-1] [INFO] [1785849538.671991707] [mavros.sys]: FCU: EVENT 9489139 with args -4-0-0-0-0-0-0-0-0-0-0-0-0-0-0-0-0-0-0-0-0-0-0-0-0-0-0-0-0-0-0-0-0-0-0-0-0-0-0-0-
[mavros_node-1] [INFO] [1785849538.780072289] [mavros.sys]: FCU: EVENT 1203183 with args -234-7-8-4-13-18-58-0-0-0-0-0-0-0-0-0-0-0-0-0-0-0-0-0-0-0-0-0-0-0-0-0-0-0-0-0-0-0-0-0-
[mavros_node-1] [WARN] [1785849538.939124387] [mavros.sys]: FCU: UNK(8): EVENT 11047904 with args -0-0-0-0-1-0-0-0-0-199-255-127-128-199-255-127-128-0-0-0-0-0-0-0-0-0-0-0-0-0-0-0-0-0-0-0-0-0-0-0-
[mavros_node-1] [ERROR] [1785849538.939409985] [mavros.sys]: FCU: EVENT 10011251 with args -56-0-0-0-24-0-0-0-0-0-0-0-0-0-0-0-0-0-0-0-0-0-0-0-0-0-0-0-0-0-0-0-0-0-0-0-0-0-0-0-
[mavros_node-1] [INFO] [1785849538.939605271] [mavros.sys]: FCU: EVENT 377561 with args -8-0-0-0-20-0-0-0-0-0-0-0-0-0-0-0-0-0-0-0-0-0-0-0-0-0-0-0-0-0-0-0-0-0-0-0-0-0-0-0-
[mavros_node-1] [INFO] [1785849538.939888368] [mavros.sys]: FCU: EVENT 79408 with args -32-0-0-0-20-0-0-0-0-0-0-0-0-0-0-0-0-0-0-0-0-0-0-0-0-0-0-0-0-0-0-0-0-0-0-0-0-0-0-0-
[mavros_node-1] [WARN] [1785849538.940059819] [mavros.sys]: FCU: UNK(8): EVENT 1914663 with args -0-130-20-2-48-0-0-0-0-0-0-0-0-0-0-0-0-0-0-0-0-0-0-0-0-0-0-0-0-0-0-0-0-0-0-0-0-0-0-0-
[mavros_node-1] [INFO] [1785849539.889017046] [mavros.sys]: FCU: EVENT 4277609 with args -0-0-0-0-0-0-0-0-0-0-0-0-0-0-0-0-0-0-0-0-0-0-0-0-0-0-0-0-0-0-0-0-0-0-0-0-0-0-0-0-
[mavros_node-1] [WARN] [1785849580.006902951] [mavros.cmd]: CMD: Unexpected command 176, result 0
[mavros_node-1] [WARN] [1785849581.664302251] [mavros.sys]: FCU: UNK(8): EVENT 11047904 with args -0-0-0-16-1-0-0-0-0-199-191-127-128-199-191-127-128-0-0-0-0-0-0-0-0-0-0-0-0-0-0-0-0-0-0-0-0-0-0-0-
[mavros_node-1] [ERROR] [1785849581.664737080] [mavros.sys]: FCU: EVENT 11464574 with args -0-64-0-0-20-0-0-0-0-0-0-0-0-0-0-0-0-0-0-0-0-0-0-0-0-0-0-0-0-0-0-0-0-0-0-0-0-0-0-0-
[mavros_node-1] [ERROR] [1785849581.665008795] [mavros.sys]: FCU: EVENT 10011251 with args -56-0-0-0-24-0-0-0-0-0-0-0-0-0-0-0-0-0-0-0-0-0-0-0-0-0-0-0-0-0-0-0-0-0-0-0-0-0-0-0-
[mavros_node-1] [INFO] [1785849581.665331606] [mavros.sys]: FCU: EVENT 377561 with args -8-0-0-0-20-0-0-0-0-0-0-0-0-0-0-0-0-0-0-0-0-0-0-0-0-0-0-0-0-0-0-0-0-0-0-0-0-0-0-0-
[mavros_node-1] [INFO] [1785849581.665787671] [mavros.sys]: FCU: EVENT 79408 with args -32-0-0-0-20-0-0-0-0-0-0-0-0-0-0-0-0-0-0-0-0-0-0-0-0-0-0-0-0-0-0-0-0-0-0-0-0-0-0-0-
[mavros_node-1] [WARN] [1785849581.666335697] [mavros.sys]: FCU: UNK(8): EVENT 1914663 with args -0-130-20-2-48-0-0-0-0-0-0-0-0-0-0-0-0-0-0-0-0-0-0-0-0-0-0-0-0-0-0-0-0-0-0-0-0-0-0-0-
[mavros_node-1] [INFO] [1785849582.275192102] [mavros.sys]: FCU: EVENT 9844908 with args -0-0-0-0-0-0-0-0-0-0-0-0-0-0-0-0-0-0-0-0-0-0-0-0-0-0-0-0-0-0-0-0-0-0-0-0-0-0-0-0-
[mavros_node-1] [INFO] [1785849584.282184566] [mavros.sys]: FCU: EVENT 16017271 with args -6-0-0-0-0-0-0-0-0-0-0-0-0-0-0-0-0-0-0-0-0-0-0-0-0-0-0-0-0-0-0-0-0-0-0-0-0-0-0-0-
[mavros_node-1] [WARN] [1785849587.973645378] [mavros.sys]: FCU: UNK(8): EVENT 11047904 with args -0-0-0-16-1-0-0-0-0-199-191-127-128-199-191-127-128-0-0-0-0-0-0-0-0-0-0-0-0-0-0-0-0-0-0-0-0-0-0-0-
[mavros_node-1] [ERROR] [1785849587.973964329] [mavros.sys]: FCU: EVENT 11464574 with args -0-64-0-0-20-0-0-0-0-0-0-0-0-0-0-0-0-0-0-0-0-0-0-0-0-0-0-0-0-0-0-0-0-0-0-0-0-0-0-0-
[mavros_node-1] [ERROR] [1785849587.974334559] [mavros.sys]: FCU: EVENT 10011251 with args -56-0-0-0-24-0-0-0-0-0-0-0-0-0-0-0-0-0-0-0-0-0-0-0-0-0-0-0-0-0-0-0-0-0-0-0-0-0-0-0-
[mavros_node-1] [INFO] [1785849587.974690380] [mavros.sys]: FCU: EVENT 377561 with args -8-0-0-0-20-0-0-0-0-0-0-0-0-0-0-0-0-0-0-0-0-0-0-0-0-0-0-0-0-0-0-0-0-0-0-0-0-0-0-0-
[mavros_node-1] [INFO] [1785849587.975023520] [mavros.sys]: FCU: EVENT 79408 with args -32-0-0-0-20-0-0-0-0-0-0-0-0-0-0-0-0-0-0-0-0-0-0-0-0-0-0-0-0-0-0-0-0-0-0-0-0-0-0-0-
[mavros_node-1] [WARN] [1785849587.977214434] [mavros.sys]: FCU: UNK(8): EVENT 1914663 with args -0-130-16-2-48-0-0-0-0-0-0-0-0-0-0-0-0-0-0-0-0-0-0-0-0-0-0-0-0-0-0-0-0-0-0-0-0-0-0-0-
[mavros_node-1] [INFO] [1785849589.218053330] [mavros.sys]: FCU: EVENT 11290563 with args -0-0-0-0-0-0-0-0-0-0-0-0-0-0-0-0-0-0-0-0-0-0-0-0-0-0-0-0-0-0-0-0-0-0-0-0-0-0-0-0-
[mavros_node-1] [WARN] [1785849590.017887831] [mavros.sys]: FCU: UNK(8): EVENT 11047904 with args -0-128-0-16-1-0-0-0-0-0-0-0-0-199-191-127-128-0-0-0-0-0-0-0-0-0-0-0-0-0-0-0-0-0-0-0-0-0-0-0-
[mavros_node-1] [ERROR] [1785849590.018289884] [mavros.sys]: FCU: EVENT 9077977 with args -255-255-255-255-7-0-0-0-0-0-0-0-0-0-0-0-0-0-0-0-0-0-0-0-0-0-0-0-0-0-0-0-0-0-0-0-0-0-0-0-
[mavros_node-1] [ERROR] [1785849590.018509184] [mavros.sys]: FCU: EVENT 11464574 with args -0-64-0-0-20-0-0-0-0-0-0-0-0-0-0-0-0-0-0-0-0-0-0-0-0-0-0-0-0-0-0-0-0-0-0-0-0-0-0-0-
[mavros_node-1] [ERROR] [1785849590.019000872] [mavros.sys]: FCU: EVENT 10011251 with args -56-0-0-0-24-0-0-0-0-0-0-0-0-0-0-0-0-0-0-0-0-0-0-0-0-0-0-0-0-0-0-0-0-0-0-0-0-0-0-0-
[mavros_node-1] [INFO] [1785849590.022014546] [mavros.sys]: FCU: EVENT 377561 with args -8-0-0-0-20-0-0-0-0-0-0-0-0-0-0-0-0-0-0-0-0-0-0-0-0-0-0-0-0-0-0-0-0-0-0-0-0-0-0-0-
[mavros_node-1] [INFO] [1785849590.022369583] [mavros.sys]: FCU: EVENT 79408 with args -32-0-0-0-20-0-0-0-0-0-0-0-0-0-0-0-0-0-0-0-0-0-0-0-0-0-0-0-0-0-0-0-0-0-0-0-0-0-0-0-
[mavros_node-1] [ERROR] [1785849590.022529020] [mavros.sys]: FCU: EVENT 12754954 with args -255-255-255-255-20-0-0-0-0-0-0-0-0-0-0-0-0-0-0-0-0-0-0-0-0-0-0-0-0-0-0-0-0-0-0-0-0-0-0-0-
[mavros_node-1] [WARN] [1785849590.022692561] [mavros.sys]: FCU: UNK(8): EVENT 1914663 with args -0-130-16-2-48-0-0-0-0-0-0-0-0-0-0-0-0-0-0-0-0-0-0-0-0-0-0-0-0-0-0-0-0-0-0-0-0-0-0-0-
