Flight run directory: /home/robot/ws_offboard_control/flight_records/20260804/flight_20260804_211812
Parameter snapshot: /home/robot/ws_offboard_control/flight_records/20260804/flight_20260804_211812/snapshot
Recording rosbag to: /home/robot/ws_offboard_control/flight_records/20260804/flight_20260804_211812/rosbag
Record full registered point cloud: false
Press Ctrl+C in this terminal to stop recording.
stdin is not a terminal device. Keyboard handling disabled.[INFO] [1785849511.749184158] [rosbag2_recorder]: Press SPACE for pausing/resuming
[INFO] [1785849511.751714684] [rosbag2_storage]: Opened database '/home/robot/ws_offboard_control/flight_records/20260804/flight_20260804_211812/rosbag/rosbag_0.db3' for READ_WRITE.
[INFO] [1785849511.754480692] [rosbag2_recorder]: Listening for topics...
[INFO] [1785849511.754491577] [rosbag2_recorder]: Event publisher thread: Starting
[INFO] [1785849511.759976327] [rosbag2_recorder]: Subscribed to topic '/path'
[INFO] [1785849511.761725899] [rosbag2_recorder]: Subscribed to topic '/Odometry'
[INFO] [1785849511.761917285] [rosbag2_recorder]: Recording...
[INFO] [1785849511.869581981] [rosbag2_recorder]: Subscribed to topic '/minipc_mavros_offboard/mpc_setpoint_debug'
[INFO] [1785849511.872393287] [rosbag2_recorder]: Subscribed to topic '/mavros/vision_speed/speed_twist_cov'
[INFO] [1785849511.874520493] [rosbag2_recorder]: Subscribed to topic '/mavros/vision_pose/pose_cov'
[INFO] [1785849511.877800591] [rosbag2_recorder]: Subscribed to topic '/route_tracker/lookahead_target'
[INFO] [1785849511.879945083] [rosbag2_recorder]: Subscribed to topic '/mavros/setpoint_raw/local'
[INFO] [1785849511.881675007] [rosbag2_recorder]: Subscribed to topic '/ev_health/velocity_ned'
[INFO] [1785849511.884720761] [rosbag2_recorder]: Subscribed to topic '/ev_health/diagnostics'
[INFO] [1785849511.886859981] [rosbag2_recorder]: Subscribed to topic '/ev_health/fault'
[INFO] [1785849511.888625685] [rosbag2_recorder]: Subscribed to topic '/ev_health/status'
[INFO] [1785849511.890437544] [rosbag2_recorder]: Subscribed to topic '/Odometry/healthy'
[INFO] [1785849511.891924395] [rosbag2_recorder]: Subscribed to topic '/Odometry/guarded'
[INFO] [1785849511.893482630] [rosbag2_recorder]: Subscribed to topic '/route_tracker/reference_path_3d'
[INFO] [1785849512.614104223] [rosbag2_recorder]: Subscribed to topic '/mavros/state'
[INFO] [1785849512.616463572] [rosbag2_recorder]: Subscribed to topic '/mavros/setpoint_raw/target_local'
[INFO] [1785849512.617824932] [rosbag2_recorder]: Subscribed to topic '/mavros/local_position/velocity_local'
[INFO] [1785849512.620726248] [rosbag2_recorder]: Subscribed to topic '/mavros/local_position/odom'
[INFO] [1785849512.621523375] [rosbag2_recorder]: Subscribed to topic '/mavros/local_position/pose'
