[INFO] [1785849504.170890475] [minipc_mavros_offboard]: Started minipc_mavros_offboard with arm_only=False, takeoff_height_m=0.8, hover_seconds=5.0, offboard_stabilize_seconds=20.0, use_rc_offboard=True, hold_after_arm_reject=True, ignore_z_in_arm_only=True, debug_hold_after_mode_drop=True, recent_pose_samples=30, require_vision_pose=True, vision_freshness_s=1.0, require_ev_health=True, ev_health_topic=/ev_health/status, ev_health_required_s=7.5, ev_health_freshness_s=1.0, lift_only_seconds=0.0, z_ramp_seconds=2.5, target_xyz=(0.0, 0.0, -0.5), xy_move_unlock_height_m=0.5, yaw_deg=0.0, enable_spin_test=True, spin_yaw_degrees=360.0, spin_yaw_rate_deg_s=45.0, post_spin_hover_seconds=10.0, auto_land=False, land_on_offboard_loss=True, offboard_land=True, offboard_land_speed_mps=0.07, offboard_land_auto_handoff_height_m=0.1, auto_disarm_after_land=True, disarm_after_land_delay_s=2.0, land_wait_timeout_s=45.0, land_mode_retry_s=1.0, land_mode_confirm_timeout_s=2.0, landed_ground_tolerance_m=0.06, target_reached_tolerance_m=0.15, landed_hold_seconds=0.0, drift_guard_enabled=True, drift_warning_m=0.2, drift_land_m=0.5, drift_emergency_m=0.6, drift_land_trigger_duration_s=0.3, drift_emergency_trigger_duration_s=0.1, takeoff_transient_guard_enabled=True, takeoff_transient_window_s=3.0, takeoff_transient_trigger_duration_s=0.2, takeoff_transient_limits=(displacement=0.5, speed=0.5, roll=10.0, pitch=10.0), legacy_max_horizontal_drift_m=0.5, mavros_state_freshness_s=1.5, control_mode=ramp, enable_route_tracking=False, route_path_topic=/nav2_stage1/path, route_fixed_flight_height_m=1.0, route_start_tolerance_m=0.4, route_goal_tolerance_m=0.2, route_lookahead_m=0.4, route_max_vxy_mps=0.25, route_max_vz_mps=0.15, route_setpoint_rate_hz=30.0, route_path_timeout_s=2.0, route_fail_action=hold, route_final_hold_seconds=3.0
[INFO] [1785849504.171851231] [minipc_mavros_offboard]: EV health is HEALTHY; continuous pre-arm timer restarted
[INFO] [1785849504.186567649] [minipc_mavros_offboard]: Waiting for MAVROS connection
[INFO] [1785849505.621592510] [minipc_mavros_offboard]: Waiting for MAVROS local odometry before arming
[WARN] [1785849505.623074259] [minipc_mavros_offboard]: Waiting for continuous healthy EV before prestream: EV healthy duration 1.5s / required 7.5s
[WARN] [1785849506.656089334] [minipc_mavros_offboard]: Waiting for continuous healthy EV before prestream: EV healthy duration 2.5s / required 7.5s
[WARN] [1785849507.687244376] [minipc_mavros_offboard]: Waiting for continuous healthy EV before prestream: EV healthy duration 3.5s / required 7.5s
[WARN] [1785849508.720127240] [minipc_mavros_offboard]: Waiting for continuous healthy EV before prestream: EV healthy duration 4.5s / required 7.5s
[WARN] [1785849509.753663351] [minipc_mavros_offboard]: Waiting for continuous healthy EV before prestream: EV healthy duration 5.6s / required 7.5s
[WARN] [1785849510.786582961] [minipc_mavros_offboard]: Waiting for continuous healthy EV before prestream: EV healthy duration 6.6s / required 7.5s
[INFO] [1785849511.686555854] [minipc_mavros_offboard]: Averaged MAVROS local odometry for prestream x=0.01, y=-0.03, z=-0.02
[INFO] [1785849511.687079151] [minipc_mavros_offboard]: Provisional prestream target in MAVROS local ENU x=0.01, y=-0.03, z_start=-0.02, z_final=0.48
[INFO] [1785849511.719481406] [minipc_mavros_offboard]: Streaming pre-arm MAVROS setpoints
[INFO] [1785849515.053145355] [minipc_mavros_offboard]: Streaming setpoints and waiting for RC to switch OFFBOARD
[INFO] [1785849518.587649662] [minipc_mavros_offboard]: Locked takeoff reference at first OFFBOARD activation: current_enu=(-0.002, -0.041, -0.016), target_enu=(-0.002, -0.041, 0.484)
[INFO] [1785849518.587966808] [minipc_mavros_offboard]: OFFBOARD reported by MAVROS state
[INFO] [1785849538.652711997] [minipc_mavros_offboard]: Arming vehicle
[INFO] [1785849538.655361560] [minipc_mavros_offboard]: Requested arming
[INFO] [1785849538.686630826] [minipc_mavros_offboard]: Locked hold yaw to current MAVROS local yaw -0.3 deg
[INFO] [1785849538.720860123] [minipc_mavros_offboard]: Holding MAVROS setpoint
[INFO] [1785849538.723571144] [minipc_mavros_offboard]: Vehicle left armed/OFFBOARD state; continuing debug hold
[INFO] [1785849538.724483817] [minipc_mavros_offboard]: Debug hold after OFFBOARD/armed drop: connected=True, armed=False, guided=False, manual_input=False, mode=OFFBOARD
[INFO] [1785849538.753547659] [minipc_mavros_offboard]: Holding MAVROS setpoint
[INFO] [1785849538.754349842] [minipc_mavros_offboard]: Vehicle left armed/OFFBOARD state; continuing debug hold
[INFO] [1785849538.754572284] [minipc_mavros_offboard]: Debug hold after OFFBOARD/armed drop: connected=True, armed=False, guided=False, manual_input=False, mode=OFFBOARD
[INFO] [1785849538.786351850] [minipc_mavros_offboard]: Holding MAVROS setpoint
[INFO] [1785849538.786932097] [minipc_mavros_offboard]: Vehicle left armed/OFFBOARD state; continuing debug hold
[INFO] [1785849538.787186764] [minipc_mavros_offboard]: Debug hold after OFFBOARD/armed drop: connected=True, armed=False, guided=False, manual_input=False, mode=OFFBOARD
[INFO] [1785849538.821635644] [minipc_mavros_offboard]: Holding MAVROS setpoint
[INFO] [1785849538.822902070] [minipc_mavros_offboard]: Vehicle left armed/OFFBOARD state; continuing debug hold
[INFO] [1785849538.823434085] [minipc_mavros_offboard]: Debug hold after OFFBOARD/armed drop: connected=True, armed=False, guided=False, manual_input=False, mode=OFFBOARD
[INFO] [1785849538.853036923] [minipc_mavros_offboard]: Holding MAVROS setpoint
[INFO] [1785849538.853901779] [minipc_mavros_offboard]: Vehicle left armed/OFFBOARD state; continuing debug hold
[INFO] [1785849538.854187337] [minipc_mavros_offboard]: Debug hold after OFFBOARD/armed drop: connected=True, armed=False, guided=False, manual_input=False, mode=OFFBOARD
[INFO] [1785849538.886407032] [minipc_mavros_offboard]: Holding MAVROS setpoint
[INFO] [1785849538.887152095] [minipc_mavros_offboard]: Vehicle left armed/OFFBOARD state; continuing debug hold
[INFO] [1785849538.887436717] [minipc_mavros_offboard]: Debug hold after OFFBOARD/armed drop: connected=True, armed=False, guided=False, manual_input=False, mode=OFFBOARD
[INFO] [1785849538.920017346] [minipc_mavros_offboard]: Holding MAVROS setpoint
[INFO] [1785849538.921013511] [minipc_mavros_offboard]: Vehicle left armed/OFFBOARD state; continuing debug hold
[INFO] [1785849538.921481126] [minipc_mavros_offboard]: Debug hold after OFFBOARD/armed drop: connected=True, armed=False, guided=False, manual_input=False, mode=OFFBOARD
[INFO] [1785849538.953566065] [minipc_mavros_offboard]: Holding MAVROS setpoint
[INFO] [1785849538.954219227] [minipc_mavros_offboard]: Vehicle left armed/OFFBOARD state; continuing debug hold
[INFO] [1785849538.954449331] [minipc_mavros_offboard]: Debug hold after OFFBOARD/armed drop: connected=True, armed=False, guided=False, manual_input=False, mode=OFFBOARD
[INFO] [1785849538.986145763] [minipc_mavros_offboard]: Holding MAVROS setpoint
[INFO] [1785849538.986726316] [minipc_mavros_offboard]: Vehicle left armed/OFFBOARD state; continuing debug hold
[INFO] [1785849538.986911936] [minipc_mavros_offboard]: Debug hold after OFFBOARD/armed drop: connected=True, armed=False, guided=False, manual_input=False, mode=OFFBOARD
[INFO] [1785849539.019944722] [minipc_mavros_offboard]: Holding MAVROS setpoint
[INFO] [1785849539.020825529] [minipc_mavros_offboard]: Vehicle left armed/OFFBOARD state; continuing debug hold
[INFO] [1785849539.021073126] [minipc_mavros_offboard]: Debug hold after OFFBOARD/armed drop: connected=True, armed=False, guided=False, manual_input=False, mode=OFFBOARD
[INFO] [1785849539.053580507] [minipc_mavros_offboard]: Holding MAVROS setpoint
[INFO] [1785849539.054449504] [minipc_mavros_offboard]: Vehicle left armed/OFFBOARD state; continuing debug hold
[INFO] [1785849539.054747272] [minipc_mavros_offboard]: Debug hold after OFFBOARD/armed drop: connected=True, armed=False, guided=False, manual_input=False, mode=OFFBOARD
[INFO] [1785849539.087101728] [minipc_mavros_offboard]: Holding MAVROS setpoint
[INFO] [1785849539.089957849] [minipc_mavros_offboard]: Vehicle left armed/OFFBOARD state; continuing debug hold
[INFO] [1785849539.090798383] [minipc_mavros_offboard]: Debug hold after OFFBOARD/armed drop: connected=True, armed=False, guided=False, manual_input=False, mode=OFFBOARD
[INFO] [1785849539.119797387] [minipc_mavros_offboard]: Holding MAVROS setpoint
[INFO] [1785849539.120430248] [minipc_mavros_offboard]: Vehicle left armed/OFFBOARD state; continuing debug hold
[INFO] [1785849539.120941458] [minipc_mavros_offboard]: Debug hold after OFFBOARD/armed drop: connected=True, armed=False, guided=False, manual_input=False, mode=OFFBOARD
[INFO] [1785849539.152890519] [minipc_mavros_offboard]: Holding MAVROS setpoint
[INFO] [1785849539.153432693] [minipc_mavros_offboard]: Vehicle left armed/OFFBOARD state; continuing debug hold
[INFO] [1785849539.153645744] [minipc_mavros_offboard]: Debug hold after OFFBOARD/armed drop: connected=True, armed=False, guided=False, manual_input=False, mode=OFFBOARD
[INFO] [1785849539.186562854] [minipc_mavros_offboard]: Holding MAVROS setpoint
[INFO] [1785849539.187358463] [minipc_mavros_offboard]: Vehicle left armed/OFFBOARD state; continuing debug hold
[INFO] [1785849539.187849851] [minipc_mavros_offboard]: Debug hold after OFFBOARD/armed drop: connected=True, armed=False, guided=False, manual_input=False, mode=OFFBOARD
[INFO] [1785849539.219549084] [minipc_mavros_offboard]: Holding MAVROS setpoint
[INFO] [1785849539.220166747] [minipc_mavros_offboard]: Vehicle left armed/OFFBOARD state; continuing debug hold
[INFO] [1785849539.220522204] [minipc_mavros_offboard]: Debug hold after OFFBOARD/armed drop: connected=True, armed=False, guided=False, manual_input=False, mode=OFFBOARD
[INFO] [1785849539.253514785] [minipc_mavros_offboard]: Holding MAVROS setpoint
[INFO] [1785849539.254071102] [minipc_mavros_offboard]: Vehicle left armed/OFFBOARD state; continuing debug hold
[INFO] [1785849539.254325655] [minipc_mavros_offboard]: Debug hold after OFFBOARD/armed drop: connected=True, armed=False, guided=False, manual_input=False, mode=OFFBOARD
[INFO] [1785849539.286233669] [minipc_mavros_offboard]: Holding MAVROS setpoint
[INFO] [1785849539.288127217] [minipc_mavros_offboard]: Vehicle left armed/OFFBOARD state; continuing debug hold
[INFO] [1785849539.288476568] [minipc_mavros_offboard]: Debug hold after OFFBOARD/armed drop: connected=True, armed=False, guided=False, manual_input=False, mode=OFFBOARD
[INFO] [1785849539.319446464] [minipc_mavros_offboard]: Holding MAVROS setpoint
[INFO] [1785849539.320080711] [minipc_mavros_offboard]: Vehicle left armed/OFFBOARD state; continuing debug hold
[INFO] [1785849539.320333753] [minipc_mavros_offboard]: Debug hold after OFFBOARD/armed drop: connected=True, armed=False, guided=False, manual_input=False, mode=OFFBOARD
[INFO] [1785849539.353573448] [minipc_mavros_offboard]: Holding MAVROS setpoint
[INFO] [1785849539.354166421] [minipc_mavros_offboard]: Vehicle left armed/OFFBOARD state; continuing debug hold
[INFO] [1785849539.354506651] [minipc_mavros_offboard]: Debug hold after OFFBOARD/armed drop: connected=True, armed=False, guided=False, manual_input=False, mode=OFFBOARD
[INFO] [1785849539.386172301] [minipc_mavros_offboard]: Holding MAVROS setpoint
[INFO] [1785849539.386707526] [minipc_mavros_offboard]: Vehicle left armed/OFFBOARD state; continuing debug hold
[INFO] [1785849539.386888380] [minipc_mavros_offboard]: Debug hold after OFFBOARD/armed drop: connected=True, armed=False, guided=False, manual_input=False, mode=OFFBOARD
[INFO] [1785849539.419412567] [minipc_mavros_offboard]: Holding MAVROS setpoint
[INFO] [1785849539.420069356] [minipc_mavros_offboard]: Vehicle left armed/OFFBOARD state; continuing debug hold
[INFO] [1785849539.420271799] [minipc_mavros_offboard]: Debug hold after OFFBOARD/armed drop: connected=True, armed=False, guided=False, manual_input=False, mode=OFFBOARD
[INFO] [1785849539.453233631] [minipc_mavros_offboard]: Holding MAVROS setpoint
[INFO] [1785849539.453774834] [minipc_mavros_offboard]: Vehicle left armed/OFFBOARD state; continuing debug hold
[INFO] [1785849539.454033059] [minipc_mavros_offboard]: Debug hold after OFFBOARD/armed drop: connected=True, armed=False, guided=False, manual_input=False, mode=OFFBOARD
[INFO] [1785849539.486315848] [minipc_mavros_offboard]: Holding MAVROS setpoint
[INFO] [1785849539.486954055] [minipc_mavros_offboard]: Vehicle left armed/OFFBOARD state; continuing debug hold
[INFO] [1785849539.487303940] [minipc_mavros_offboard]: Debug hold after OFFBOARD/armed drop: connected=True, armed=False, guided=False, manual_input=False, mode=OFFBOARD
[INFO] [1785849539.519661844] [minipc_mavros_offboard]: Holding MAVROS setpoint
[INFO] [1785849539.520307167] [minipc_mavros_offboard]: Vehicle left armed/OFFBOARD state; continuing debug hold
[INFO] [1785849539.520543613] [minipc_mavros_offboard]: Debug hold after OFFBOARD/armed drop: connected=True, armed=False, guided=False, manual_input=False, mode=OFFBOARD
[INFO] [1785849539.552833316] [minipc_mavros_offboard]: Holding MAVROS setpoint
[INFO] [1785849539.553411265] [minipc_mavros_offboard]: Vehicle left armed/OFFBOARD state; continuing debug hold
[INFO] [1785849539.553636239] [minipc_mavros_offboard]: Debug hold after OFFBOARD/armed drop: connected=True, armed=False, guided=False, manual_input=False, mode=OFFBOARD
[INFO] [1785849539.586869771] [minipc_mavros_offboard]: Holding MAVROS setpoint
[WARN] [1785849541.858087412] [minipc_mavros_offboard]: Horizontal error warning: error=0.20 m >= warning=0.20 m
[INFO] [1785849550.920532597] [minipc_mavros_offboard]: Target reached; starting hover timer before landing
[INFO] [1785849555.925776547] [minipc_mavros_offboard]: Starting yaw spin test: degrees=360.0, rate=45.0 deg/s, duration=8.0s
[INFO] [1785849555.953308177] [minipc_mavros_offboard]: Running yaw spin test
[INFO] [1785849563.953428077] [minipc_mavros_offboard]: Yaw spin test completed; entering post-spin hover
[INFO] [1785849563.988386179] [minipc_mavros_offboard]: Holding setpoint after yaw spin test
[INFO] [1785849573.986344235] [minipc_mavros_offboard]: Landing with OFFBOARD position setpoints
[INFO] [1785849573.986855759] [minipc_mavros_offboard]: Starting OFFBOARD controlled landing: z_start=0.38, z_end=-0.02, speed=0.07 m/s
[INFO] [1785849579.955560536] [minipc_mavros_offboard]: OFFBOARD landing reached AUTO.LAND handoff height; requesting AUTO.LAND
[INFO] [1785849579.987823942] [minipc_mavros_offboard]: Requesting AUTO.LAND while holding a no-climb setpoint
[INFO] [1785849579.989539209] [minipc_mavros_offboard]: Requested AUTO.LAND mode
[INFO] [1785849580.053527606] [minipc_mavros_offboard]: Waiting for MAVROS to confirm AUTO.LAND; maintaining safe handoff setpoints
[INFO] [1785849580.587260205] [minipc_mavros_offboard]: AUTO.LAND confirmed by MAVROS state
[INFO] [1785849580.620155306] [minipc_mavros_offboard]: Waiting for landing completion before disarm
[INFO] [1785849582.386573967] [minipc_mavros_offboard]: Landing detected; waiting before disarm request
[INFO] [1785849584.420567576] [minipc_mavros_offboard]: Disarming after landing
[INFO] [1785849584.421815352] [minipc_mavros_offboard]: Requested disarm after landing
[INFO] [1785849584.487908870] [minipc_mavros_offboard]: Waiting for disarm confirmation
[INFO] [1785849584.588278242] [minipc_mavros_offboard]: Vehicle disarmed; motors should be stopped
[INFO] [1785849584.622124629] [minipc_mavros_offboard]: MAVROS offboard control completed; stopping node
