[INFO] [launch]: All log files can be found below /home/robot/.ros/log/2026-07-18-18-48-14-844237-robot-4218
[INFO] [launch]: Default logging verbosity is set to INFO
[INFO] [mavros_node-1]: process started with pid [4219]
[INFO] [fastlio_odometry_guard-2]: process started with pid [4221]
[INFO] [fastlio_mavros_vision_bridge-3]: process started with pid [4223]
[INFO] [static_transform_publisher-4]: process started with pid [4225]
[INFO] [static_transform_publisher-5]: process started with pid [4227]
[INFO] [static_transform_publisher-6]: process started with pid [4229]
[INFO] [static_transform_publisher-7]: process started with pid [4231]
[fastlio_odometry_guard-2] [INFO] [1784371695.038140160] [fastlio_odometry_guard]: Guarding odometry /Odometry -> /Odometry/guarded (jump=0.30m, xy=0.20m, z=0.10m, speed=1.20m/s)
[fastlio_mavros_vision_bridge-3] [INFO] [1784371695.040427022] [fastlio_mavros_vision_bridge]: Bridging /Odometry/guarded -> /mavros/vision_pose/pose_cov for MAVROS vision input
[static_transform_publisher-4] [INFO] [1784371695.043889450] [odom_to_camera_init]: Spinning until stopped - publishing transform
[static_transform_publisher-4] translation: ('0.000000', '0.000000', '0.000000')
[static_transform_publisher-4] rotation: ('0.000000', '0.000000', '0.000000', '1.000000')
[static_transform_publisher-4] from 'odom' to 'camera_init'
[static_transform_publisher-7] [INFO] [1784371695.055853432] [body_to_body_frd]: Spinning until stopped - publishing transform
[static_transform_publisher-7] translation: ('0.000000', '0.000000', '0.000000')
[static_transform_publisher-7] rotation: ('1.000000', '0.000000', '0.000000', '0.000000')
[static_transform_publisher-7] from 'body' to 'body_frd'
[static_transform_publisher-5] [INFO] [1784371695.056140737] [base_link_to_body]: Spinning until stopped - publishing transform
[static_transform_publisher-5] translation: ('0.000000', '0.000000', '0.000000')
[static_transform_publisher-5] rotation: ('0.000000', '0.000000', '0.000000', '1.000000')
[static_transform_publisher-5] from 'base_link' to 'body'
[static_transform_publisher-6] [INFO] [1784371695.058007839] [camera_init_to_camera_init_ned]: Spinning until stopped - publishing transform
[static_transform_publisher-6] translation: ('0.000000', '0.000000', '0.000000')
[static_transform_publisher-6] rotation: ('1.000000', '0.000000', '0.000000', '0.000000')
[static_transform_publisher-6] from 'camera_init' to 'camera_init_ned'
[mavros_node-1] [INFO] [1784371695.063839596] [mavros.mavros_node]: Starting mavros_node container
[mavros_node-1] [INFO] [1784371695.064005752] [mavros.mavros_node]: FCU URL: serial:///dev/ttyUSB0:921600?ids=255,190
[mavros_node-1] [INFO] [1784371695.064013319] [mavros.mavros_node]: GCS URL: 
[mavros_node-1] [INFO] [1784371695.064016210] [mavros.mavros_node]: UAS Prefix: /uas1
[mavros_node-1] [INFO] [1784371695.064019054] [mavros.mavros_node]: Starting mavros router node
[mavros_node-1] [INFO] [1784371695.076018176] [mavros.mavros_router]: Built-in SIMD instructions: SSE, SSE2
[mavros_node-1] [INFO] [1784371695.076081279] [mavros.mavros_router]: Built-in MAVLink package version: 2026.3.3
[mavros_node-1] [INFO] [1784371695.076096540] [mavros.mavros_router]: Known MAVLink dialects: common ardupilotmega ASLUAV AVSSUAS all csAirLink cubepilot development icarous loweheiser marsh matrixpilot paparazzi standard stemstudios storm32 uAvionix ualberta
[mavros_node-1] [INFO] [1784371695.076104635] [mavros.mavros_router]: MAVROS Router started
[mavros_node-1] [INFO] [1784371695.076457491] [mavros.mavros_node]: Starting mavros uas node
[mavros_node-1] [INFO] [1784371695.134025685] [mavros.mavros_router]: Requested to add endpoint: type: 0, url: serial:///dev/ttyUSB0:921600?ids=255,190
[mavros_node-1] [INFO] [1784371695.134104965] [mavros.mavros_router]: Endpoint link[1000] created
[mavros_node-1] [INFO] [1784371695.135825443] [mavros.mavros_router]: link[1000] opened successfully
[mavros_node-1] [INFO] [1784371695.135983334] [mavros.mavros_router]: Requested to add endpoint: type: 2, url: /uas1
[mavros_node-1] [INFO] [1784371695.136104589] [mavros.mavros_router]: Endpoint link[1001] created
[mavros_node-1] [INFO] [1784371695.139869253] [mavros.mavros_router]: link[1000] detected remote address 1.1
[mavros_node-1] [INFO] [1784371695.142290268] [mavros.mavros_router]: link[1001] opened successfully
[mavros_node-1] [INFO] [1784371695.144800577] [mavros.mavros]: UAS Executor started, threads: 16
[mavros_node-1] [INFO] [1784371695.171187742] [mavros.mavros]: Plugin actuator_control created
[mavros_node-1] [INFO] [1784371695.171304682] [mavros.mavros]: Plugin actuator_control initialized
[mavros_node-1] [INFO] [1784371695.217582399] [mavros.mavros]: Plugin adsb created
[mavros_node-1] [INFO] [1784371695.217679746] [mavros.mavros]: Plugin adsb initialized
[mavros_node-1] [INFO] [1784371695.222042131] [mavros.mavros]: Plugin altitude created
[mavros_node-1] [INFO] [1784371695.222086643] [mavros.mavros]: Plugin altitude initialized
[mavros_node-1] [INFO] [1784371695.225188831] [mavros.mavros]: Plugin cam_imu_sync created
[mavros_node-1] [INFO] [1784371695.225234870] [mavros.mavros]: Plugin cam_imu_sync initialized
[mavros_node-1] [INFO] [1784371695.237408291] [mavros.mavros]: Plugin camera created
[mavros_node-1] [INFO] [1784371695.237489145] [mavros.mavros]: Plugin camera initialized
[mavros_node-1] [INFO] [1784371695.248606490] [mavros.mavros]: Plugin cellular_status created
[mavros_node-1] [INFO] [1784371695.248722768] [mavros.mavros]: Plugin cellular_status initialized
[mavros_node-1] [INFO] [1784371695.277490722] [mavros.mavros]: Plugin command created
[mavros_node-1] [INFO] [1784371695.277542901] [mavros.mavros]: Plugin command initialized
[mavros_node-1] [INFO] [1784371695.282729142] [mavros.mavros]: Plugin companion_process_status created
[mavros_node-1] [INFO] [1784371695.282759573] [mavros.mavros]: Plugin companion_process_status initialized
[mavros_node-1] [INFO] [1784371695.287411205] [mavros.mavros]: Plugin debug_value created
[mavros_node-1] [INFO] [1784371695.287460645] [mavros.mavros]: Plugin debug_value initialized
[mavros_node-1] [INFO] [1784371695.287466487] [mavros.mavros]: Plugin distance_sensor ignored
[mavros_node-1] [INFO] [1784371695.297363359] [mavros.mavros]: Plugin esc_status created
[mavros_node-1] [INFO] [1784371695.297463359] [mavros.mavros]: Plugin esc_status initialized
[mavros_node-1] [INFO] [1784371695.320635523] [mavros.mavros]: Plugin esc_telemetry created
[mavros_node-1] [INFO] [1784371695.320777216] [mavros.mavros]: Plugin esc_telemetry initialized
[mavros_node-1] [INFO] [1784371695.352634653] [mavros.mavros]: Plugin fake_gps created
[mavros_node-1] [INFO] [1784371695.352841269] [mavros.mavros]: Plugin fake_gps initialized
[mavros_node-1] [INFO] [1784371695.387430329] [mavros.mavros]: Plugin ftp created
[mavros_node-1] [INFO] [1784371695.387530492] [mavros.mavros]: Plugin ftp initialized
[mavros_node-1] [INFO] [1784371695.410202432] [mavros.mavros]: Plugin geofence created
[mavros_node-1] [INFO] [1784371695.410627662] [mavros.mavros]: Plugin geofence initialized
[fastlio_odometry_guard-2] [WARN] [1784371695.425402506] [fastlio_odometry_guard]: Rejected FAST-LIO odometry: large dt 1.40015 s; reset guard baseline (accepted=3 rejected=1)
[mavros_node-1] [INFO] [1784371695.455146717] [mavros.mavros]: Plugin gimbal_control created
[mavros_node-1] [INFO] [1784371695.455383974] [mavros.mavros]: Plugin gimbal_control initialized
[mavros_node-1] [INFO] [1784371695.488319788] [mavros.mavros]: Plugin global_position created
[mavros_node-1] [INFO] [1784371695.488593352] [mavros.mavros]: Plugin global_position initialized
[mavros_node-1] [INFO] [1784371695.508336332] [mavros.mavros]: Plugin gps_input created
[mavros_node-1] [INFO] [1784371695.508403830] [mavros.mavros]: Plugin gps_input initialized
[mavros_node-1] [INFO] [1784371695.533609202] [mavros.mavros]: Plugin gps_rtk created
[mavros_node-1] [INFO] [1784371695.533790189] [mavros.mavros]: Plugin gps_rtk initialized
[mavros_node-1] [INFO] [1784371695.554157413] [mavros.mavros]: Plugin gps_status created
[mavros_node-1] [INFO] [1784371695.554221406] [mavros.mavros]: Plugin gps_status initialized
[mavros_node-1] [INFO] [1784371695.561315281] [mavros.mavros]: Plugin guided_target created
[mavros_node-1] [INFO] [1784371695.561358289] [mavros.mavros]: Plugin guided_target initialized
[mavros_node-1] [INFO] [1784371695.588928436] [mavros.mavros]: Plugin hil created
[mavros_node-1] [INFO] [1784371695.589110928] [mavros.mavros]: Plugin hil initialized
[mavros_node-1] [INFO] [1784371695.599700277] [mavros.mavros]: Plugin home_position created
[mavros_node-1] [INFO] [1784371695.599740619] [mavros.mavros]: Plugin home_position initialized
[mavros_node-1] [INFO] [1784371695.608901649] [mavros.mavros]: Plugin imu created
[mavros_node-1] [INFO] [1784371695.608946947] [mavros.mavros]: Plugin imu initialized
[mavros_node-1] [INFO] [1784371695.617083002] [mavros.mavros]: Plugin landing_target created
[mavros_node-1] [INFO] [1784371695.617131705] [mavros.mavros]: Plugin landing_target initialized
[mavros_node-1] [INFO] [1784371695.634523561] [mavros.mavros]: Plugin local_position created
[mavros_node-1] [INFO] [1784371695.634650183] [mavros.mavros]: Plugin local_position initialized
[mavros_node-1] [INFO] [1784371695.672205567] [mavros.mavros]: Plugin log_transfer created
[mavros_node-1] [INFO] [1784371695.672338728] [mavros.mavros]: Plugin log_transfer initialized
[mavros_node-1] [INFO] [1784371695.710462746] [mavros.mavros]: Plugin mag_calibration_status created
[mavros_node-1] [INFO] [1784371695.710595916] [mavros.mavros]: Plugin mag_calibration_status initialized
[mavros_node-1] [INFO] [1784371695.752105849] [mavros.mavros]: Plugin manual_control created
[mavros_node-1] [INFO] [1784371695.752168077] [mavros.mavros]: Plugin manual_control initialized
[mavros_node-1] [INFO] [1784371695.772190801] [mavros.mavros]: Plugin mocap_pose_estimate created
[mavros_node-1] [INFO] [1784371695.772377068] [mavros.mavros]: Plugin mocap_pose_estimate initialized
[mavros_node-1] [INFO] [1784371695.800397932] [mavros.mavros]: Plugin mount_control created
[mavros_node-1] [INFO] [1784371695.800465730] [mavros.mavros]: Plugin mount_control initialized
[mavros_node-1] [INFO] [1784371695.808064417] [mavros.mavros]: Plugin nav_controller_output created
[mavros_node-1] [INFO] [1784371695.808114360] [mavros.mavros]: Plugin nav_controller_output initialized
[mavros_node-1] [INFO] [1784371695.815488718] [mavros.mavros]: Plugin obstacle_distance created
[mavros_node-1] [INFO] [1784371695.815549465] [mavros.mavros]: Plugin obstacle_distance initialized
[mavros_node-1] [INFO] [1784371695.836908837] [mavros.mavros]: Plugin obstacle_distance_3d created
[mavros_node-1] [INFO] [1784371695.837047250] [mavros.mavros]: Plugin obstacle_distance_3d initialized
[mavros_node-1] [INFO] [1784371695.859311761] [mavros.mavros]: Plugin odometry created
[mavros_node-1] [INFO] [1784371695.859360843] [mavros.mavros]: Plugin odometry initialized
[mavros_node-1] [INFO] [1784371695.868380935] [mavros.mavros]: Plugin onboard_computer_status created
[mavros_node-1] [INFO] [1784371695.868438653] [mavros.mavros]: Plugin onboard_computer_status initialized
[mavros_node-1] [INFO] [1784371695.878956356] [mavros.mavros]: Plugin open_drone_id created
[mavros_node-1] [INFO] [1784371695.878998183] [mavros.mavros]: Plugin open_drone_id initialized
[mavros_node-1] [INFO] [1784371695.890452131] [mavros.mavros]: Plugin optical_flow created
[mavros_node-1] [INFO] [1784371695.890496118] [mavros.mavros]: Plugin optical_flow initialized
[mavros_node-1] [INFO] [1784371695.899382101] [mavros.mavros]: Plugin param created
[mavros_node-1] [INFO] [1784371695.899424951] [mavros.mavros]: Plugin param initialized
[mavros_node-1] [INFO] [1784371695.908867811] [mavros.mavros]: Plugin play_tune created
[mavros_node-1] [INFO] [1784371695.908919781] [mavros.mavros]: Plugin play_tune initialized
[mavros_node-1] [INFO] [1784371695.922468565] [mavros.mavros]: Plugin px4flow created
[mavros_node-1] [INFO] [1784371695.922877080] [mavros.mavros]: Plugin px4flow initialized
[mavros_node-1] [INFO] [1784371695.959428535] [mavros.mavros]: Plugin rallypoint created
[mavros_node-1] [INFO] [1784371695.959491054] [mavros.mavros]: Plugin rallypoint initialized
[mavros_node-1] [INFO] [1784371695.959498413] [mavros.mavros]: Plugin rangefinder ignored
[mavros_node-1] [INFO] [1784371695.970738943] [mavros.mavros]: Plugin rc_io created
[mavros_node-1] [INFO] [1784371695.970834482] [mavros.mavros]: Plugin rc_io initialized
[mavros_node-1] [INFO] [1784371695.982926483] [mavros.mavros]: Plugin setpoint_accel created
[mavros_node-1] [INFO] [1784371695.982974803] [mavros.mavros]: Plugin setpoint_accel initialized
[mavros_node-1] [INFO] [1784371695.996461714] [mavros.mavros]: Plugin setpoint_attitude created
[mavros_node-1] [INFO] [1784371695.996513148] [mavros.mavros]: Plugin setpoint_attitude initialized
[mavros_node-1] [INFO] [1784371696.012300880] [mavros.mavros]: Plugin setpoint_position created
[mavros_node-1] [INFO] [1784371696.012380477] [mavros.mavros]: Plugin setpoint_position initialized
[mavros_node-1] [INFO] [1784371696.028510647] [mavros.mavros]: Plugin setpoint_raw created
[mavros_node-1] [INFO] [1784371696.028588159] [mavros.mavros]: Plugin setpoint_raw initialized
[mavros_node-1] [INFO] [1784371696.046716632] [mavros.mavros]: Plugin setpoint_trajectory created
[mavros_node-1] [INFO] [1784371696.046792174] [mavros.mavros]: Plugin setpoint_trajectory initialized
[mavros_node-1] [INFO] [1784371696.061652710] [mavros.mavros]: Plugin setpoint_velocity created
[mavros_node-1] [INFO] [1784371696.061711252] [mavros.mavros]: Plugin setpoint_velocity initialized
[mavros_node-1] [INFO] [1784371696.077723472] [mavros.mavros]: Plugin sim_state created
[mavros_node-1] [INFO] [1784371696.077778401] [mavros.mavros]: Plugin sim_state initialized
[mavros_node-1] [INFO] [1784371696.101749394] [mavros.mavros]: Plugin sys_status created
[mavros_node-1] [INFO] [1784371696.101805705] [mavros.mavros]: Plugin sys_status initialized
[mavros_node-1] [INFO] [1784371696.114959914] [mavros.time]: TM: Timesync mode: MAVLINK
[mavros_node-1] [INFO] [1784371696.118140709] [mavros.mavros]: Plugin sys_time created
[mavros_node-1] [INFO] [1784371696.118202622] [mavros.mavros]: Plugin sys_time initialized
[mavros_node-1] [INFO] [1784371696.134781886] [mavros.mavros]: Plugin tdr_radio created
[mavros_node-1] [INFO] [1784371696.134848995] [mavros.mavros]: Plugin tdr_radio initialized
[mavros_node-1] [INFO] [1784371696.149556577] [mavros.mavros]: Plugin terrain created
[mavros_node-1] [INFO] [1784371696.149663456] [mavros.mavros]: Plugin terrain initialized
[mavros_node-1] [INFO] [1784371696.168409980] [mavros.mavros]: Plugin trajectory created
[mavros_node-1] [INFO] [1784371696.168472435] [mavros.mavros]: Plugin trajectory initialized
[mavros_node-1] [INFO] [1784371696.184215118] [mavros.mavros]: Plugin tunnel created
[mavros_node-1] [INFO] [1784371696.184267631] [mavros.mavros]: Plugin tunnel initialized
[mavros_node-1] [INFO] [1784371696.202621568] [mavros.mavros]: Plugin vfr_hud created
[mavros_node-1] [INFO] [1784371696.202718214] [mavros.mavros]: Plugin vfr_hud initialized
[mavros_node-1] [INFO] [1784371696.202747809] [mavros.mavros]: Plugin vibration ignored
[mavros_node-1] [INFO] [1784371696.218437165] [mavros.mavros]: Plugin vision_pose created
[mavros_node-1] [INFO] [1784371696.218738853] [mavros.mavros]: Plugin vision_pose initialized
[mavros_node-1] [INFO] [1784371696.236867785] [mavros.mavros]: Plugin vision_speed created
[mavros_node-1] [INFO] [1784371696.236914956] [mavros.mavros]: Plugin vision_speed initialized
[mavros_node-1] [INFO] [1784371696.269913820] [mavros.mavros]: Plugin waypoint created
[mavros_node-1] [INFO] [1784371696.270180207] [mavros.mavros]: Plugin waypoint initialized
[mavros_node-1] [INFO] [1784371696.270200673] [mavros.mavros]: Plugin wheel_odometry ignored
[mavros_node-1] [INFO] [1784371696.317937244] [mavros.mavros]: Plugin wind_estimation created
[mavros_node-1] [INFO] [1784371696.318059317] [mavros.mavros]: Plugin wind_estimation initialized
[mavros_node-1] [INFO] [1784371696.320854859] [mavros.mavros]: Built-in SIMD instructions: SSE, SSE2
[mavros_node-1] [INFO] [1784371696.320896110] [mavros.mavros]: Built-in MAVLink package version: 2026.3.3
[mavros_node-1] [INFO] [1784371696.320905976] [mavros.mavros]: Known MAVLink dialects: common ardupilotmega ASLUAV AVSSUAS all csAirLink cubepilot development icarous loweheiser marsh matrixpilot paparazzi standard stemstudios storm32 uAvionix ualberta
[mavros_node-1] [INFO] [1784371696.320914797] [mavros.mavros]: MAVROS UAS via /uas1 started. MY ID 255.190, TARGET ID 1.1
[mavros_node-1] [INFO] [1784371696.322956696] [mavros.imu]: IMU: High resolution IMU detected!
[mavros_node-1] [INFO] [1784371696.335120323] [mavros.imu]: IMU: Attitude quaternion IMU detected!
[mavros_node-1] [INFO] [1784371696.362591285] [mavros.rc]: RC_CHANNELS message detected!
[mavros_node-1] [INFO] [1784371696.364872828] [mavros.mavros_router]: link[1001] detected remote address 255.190
[mavros_node-1] [INFO] [1784371696.510660512] [mavros.mavros]: CON: Got HEARTBEAT, connected. FCU: PX4 Autopilot
[mavros_node-1] [INFO] [1784371696.511061447] [mavros.mission]: WP: detected enable_partial_push: 0
[mavros_node-1] [INFO] [1784371696.514651514] [mavros.rc]: RC_CHANNELS message detected!
[mavros_node-1] [INFO] [1784371696.520517706] [mavros.imu]: IMU: Attitude quaternion IMU detected!
[mavros_node-1] [INFO] [1784371696.526127871] [mavros.imu]: IMU: High resolution IMU detected!
[mavros_node-1] [WARN] [1784371696.692448053] [mavros.sys]: FCU: UNK(8): EVENT 11047904 with args -0-128-0-18-1-0-0-0-0-0-0-0-0-131-191-1-128-0-0-0-0-0-0-0-0-0-0-0-0-0-0-0-0-0-0-0-0-0-0-0-
[mavros_node-1] [ERROR] [1784371696.692732908] [mavros.sys]: FCU: EVENT 16642797 with args -124-0-126-0-17-0-0-0-0-0-0-0-0-0-0-0-0-0-0-0-0-0-0-0-0-0-0-0-0-0-0-0-0-0-0-0-0-0-0-0-
[mavros_node-1] [ERROR] [1784371696.693009423] [mavros.sys]: FCU: EVENT 9077977 with args -255-255-255-255-7-0-0-0-0-0-0-0-0-0-0-0-0-0-0-0-0-0-0-0-0-0-0-0-0-0-0-0-0-0-0-0-0-0-0-0-
[mavros_node-1] [ERROR] [1784371696.693413756] [mavros.sys]: FCU: EVENT 11464574 with args -0-64-0-0-20-0-0-0-0-0-0-0-0-0-0-0-0-0-0-0-0-0-0-0-0-0-0-0-0-0-0-0-0-0-0-0-0-0-0-0-
[mavros_node-1] [ERROR] [1784371696.693677532] [mavros.sys]: FCU: EVENT 13835193 with args -124-0-126-0-17-0-0-0-0-0-0-0-0-0-0-0-0-0-0-0-0-0-0-0-0-0-0-0-0-0-0-0-0-0-0-0-0-0-0-0-
[mavros_node-1] [ERROR] [1784371696.693826780] [mavros.sys]: FCU: EVENT 10011251 with args -56-0-0-0-24-0-0-0-0-0-0-0-0-0-0-0-0-0-0-0-0-0-0-0-0-0-0-0-0-0-0-0-0-0-0-0-0-0-0-0-
[mavros_node-1] [INFO] [1784371696.694115865] [mavros.sys]: FCU: EVENT 377561 with args -8-0-0-0-20-0-0-0-0-0-0-0-0-0-0-0-0-0-0-0-0-0-0-0-0-0-0-0-0-0-0-0-0-0-0-0-0-0-0-0-
[mavros_node-1] [INFO] [1784371696.694388679] [mavros.sys]: FCU: EVENT 79408 with args -32-0-0-0-20-0-0-0-0-0-0-0-0-0-0-0-0-0-0-0-0-0-0-0-0-0-0-0-0-0-0-0-0-0-0-0-0-0-0-0-
[mavros_node-1] [INFO] [1784371696.694811624] [mavros.sys]: FCU: EVENT 6801787 with args -255-255-255-255-12-0-0-0-0-0-0-0-0-0-0-0-0-0-0-0-0-0-0-0-0-0-0-0-0-0-0-0-0-0-0-0-0-0-0-0-
[mavros_node-1] [WARN] [1784371696.695953749] [mavros.sys]: FCU: UNK(8): EVENT 1914663 with args -0-130-0-2-48-0-0-0-0-0-0-0-0-0-0-0-0-0-0-0-0-0-0-0-0-0-0-0-0-0-0-0-0-0-0-0-0-0-0-0-
[mavros_node-1] [WARN] [1784371697.539161166] [mavros.cmd]: CMD: Unexpected command 520, result 3
[mavros_node-1] [WARN] [1784371698.543125865] [mavros.sys]: VER: broadcast request timeout, retries left 4
[mavros_node-1] [WARN] [1784371698.808808586] [mavros.sys]: FCU: UNK(8): EVENT 11047904 with args -0-128-0-16-1-0-0-0-0-0-0-0-0-199-191-127-128-0-0-0-0-0-0-0-0-0-0-0-0-0-0-0-0-0-0-0-0-0-0-0-
[mavros_node-1] [ERROR] [1784371698.809089570] [mavros.sys]: FCU: EVENT 9077977 with args -255-255-255-255-7-0-0-0-0-0-0-0-0-0-0-0-0-0-0-0-0-0-0-0-0-0-0-0-0-0-0-0-0-0-0-0-0-0-0-0-
[mavros_node-1] [ERROR] [1784371698.809456071] [mavros.sys]: FCU: EVENT 11464574 with args -0-64-0-0-20-0-0-0-0-0-0-0-0-0-0-0-0-0-0-0-0-0-0-0-0-0-0-0-0-0-0-0-0-0-0-0-0-0-0-0-
[mavros_node-1] [ERROR] [1784371698.809794117] [mavros.sys]: FCU: EVENT 10011251 with args -56-0-0-0-24-0-0-0-0-0-0-0-0-0-0-0-0-0-0-0-0-0-0-0-0-0-0-0-0-0-0-0-0-0-0-0-0-0-0-0-
[mavros_node-1] [INFO] [1784371698.810147998] [mavros.sys]: FCU: EVENT 377561 with args -8-0-0-0-20-0-0-0-0-0-0-0-0-0-0-0-0-0-0-0-0-0-0-0-0-0-0-0-0-0-0-0-0-0-0-0-0-0-0-0-
[mavros_node-1] [INFO] [1784371698.810241057] [mavros.sys]: FCU: EVENT 79408 with args -32-0-0-0-20-0-0-0-0-0-0-0-0-0-0-0-0-0-0-0-0-0-0-0-0-0-0-0-0-0-0-0-0-0-0-0-0-0-0-0-
[mavros_node-1] [INFO] [1784371698.810542801] [mavros.sys]: FCU: EVENT 6801787 with args -255-255-255-255-12-0-0-0-0-0-0-0-0-0-0-0-0-0-0-0-0-0-0-0-0-0-0-0-0-0-0-0-0-0-0-0-0-0-0-0-
[mavros_node-1] [WARN] [1784371698.811512416] [mavros.sys]: FCU: UNK(8): EVENT 1914663 with args -0-130-0-2-48-0-0-0-0-0-0-0-0-0-0-0-0-0-0-0-0-0-0-0-0-0-0-0-0-0-0-0-0-0-0-0-0-0-0-0-
[mavros_node-1] [WARN] [1784371699.558030047] [mavros.sys]: VER: broadcast request timeout, retries left 3
[mavros_node-1] [ERROR] [1784371700.571440067] [mavros.sys]: VER: command plugin service call failed!
[mavros_node-1] [WARN] [1784371700.571601791] [mavros.sys]: VER: unicast request timeout, retries left 2
[mavros_node-1] [ERROR] [1784371701.580676732] [mavros.sys]: VER: command plugin service call failed!
[mavros_node-1] [WARN] [1784371701.580749053] [mavros.sys]: VER: unicast request timeout, retries left 1
[mavros_node-1] [WARN] [1784371701.665945330] [mavros.sys]: FCU: UNK(8): EVENT 11047904 with args -0-128-0-0-1-0-0-0-0-0-0-0-0-199-255-127-128-0-0-0-0-0-0-0-0-0-0-0-0-0-0-0-0-0-0-0-0-0-0-0-
[mavros_node-1] [ERROR] [1784371701.670495174] [mavros.sys]: FCU: EVENT 9077977 with args -255-255-255-255-7-0-0-0-0-0-0-0-0-0-0-0-0-0-0-0-0-0-0-0-0-0-0-0-0-0-0-0-0-0-0-0-0-0-0-0-
[mavros_node-1] [ERROR] [1784371701.670754317] [mavros.sys]: FCU: EVENT 10011251 with args -56-0-0-0-24-0-0-0-0-0-0-0-0-0-0-0-0-0-0-0-0-0-0-0-0-0-0-0-0-0-0-0-0-0-0-0-0-0-0-0-
[mavros_node-1] [INFO] [1784371701.670813486] [mavros.sys]: FCU: EVENT 377561 with args -8-0-0-0-20-0-0-0-0-0-0-0-0-0-0-0-0-0-0-0-0-0-0-0-0-0-0-0-0-0-0-0-0-0-0-0-0-0-0-0-
[mavros_node-1] [INFO] [1784371701.670864098] [mavros.sys]: FCU: EVENT 79408 with args -32-0-0-0-20-0-0-0-0-0-0-0-0-0-0-0-0-0-0-0-0-0-0-0-0-0-0-0-0-0-0-0-0-0-0-0-0-0-0-0-
[mavros_node-1] [INFO] [1784371701.670905826] [mavros.sys]: FCU: EVENT 6801787 with args -255-255-255-255-12-0-0-0-0-0-0-0-0-0-0-0-0-0-0-0-0-0-0-0-0-0-0-0-0-0-0-0-0-0-0-0-0-0-0-0-
[mavros_node-1] [WARN] [1784371701.670946844] [mavros.sys]: FCU: UNK(8): EVENT 1914663 with args -0-130-0-2-48-0-0-0-0-0-0-0-0-0-0-0-0-0-0-0-0-0-0-0-0-0-0-0-0-0-0-0-0-0-0-0-0-0-0-0-
[mavros_node-1] [ERROR] [1784371702.585988369] [mavros.sys]: VER: command plugin service call failed!
[mavros_node-1] [WARN] [1784371702.586052908] [mavros.sys]: VER: unicast request timeout, retries left 0
[mavros_node-1] [ERROR] [1784371703.597163280] [mavros.sys]: VER: command plugin service call failed!
[mavros_node-1] [WARN] [1784371703.597240459] [mavros.sys]: VER: your FCU don't support AUTOPILOT_VERSION, switched to default capabilities
[mavros_node-1] [INFO] [1784371706.591760863] [mavros.home_position]: HP: requesting home position
[mavros_node-1] [INFO] [1784371711.610316940] [mavros.mission]: WP: mission received
[mavros_node-1] [WARN] [1784371713.908390525] [mavros.sys]: FCU: UNK(8): EVENT 11047904 with args -0-0-0-0-1-0-0-0-0-199-255-127-128-199-255-127-128-0-0-0-0-0-0-0-0-0-0-0-0-0-0-0-0-0-0-0-0-0-0-0-
[mavros_node-1] [ERROR] [1784371713.908775213] [mavros.sys]: FCU: EVENT 10011251 with args -56-0-0-0-24-0-0-0-0-0-0-0-0-0-0-0-0-0-0-0-0-0-0-0-0-0-0-0-0-0-0-0-0-0-0-0-0-0-0-0-
[mavros_node-1] [INFO] [1784371713.909085916] [mavros.sys]: FCU: EVENT 377561 with args -8-0-0-0-20-0-0-0-0-0-0-0-0-0-0-0-0-0-0-0-0-0-0-0-0-0-0-0-0-0-0-0-0-0-0-0-0-0-0-0-
[mavros_node-1] [INFO] [1784371713.909423546] [mavros.sys]: FCU: EVENT 79408 with args -32-0-0-0-20-0-0-0-0-0-0-0-0-0-0-0-0-0-0-0-0-0-0-0-0-0-0-0-0-0-0-0-0-0-0-0-0-0-0-0-
[mavros_node-1] [INFO] [1784371713.909769891] [mavros.sys]: FCU: EVENT 6801787 with args -255-255-255-255-12-0-0-0-0-0-0-0-0-0-0-0-0-0-0-0-0-0-0-0-0-0-0-0-0-0-0-0-0-0-0-0-0-0-0-0-
[mavros_node-1] [WARN] [1784371713.910174456] [mavros.sys]: FCU: UNK(8): EVENT 1914663 with args -0-130-0-2-48-0-0-0-0-0-0-0-0-0-0-0-0-0-0-0-0-0-0-0-0-0-0-0-0-0-0-0-0-0-0-0-0-0-0-0-
[mavros_node-1] [INFO] [1784371716.617913611] [mavros.rallypoint]: RP: mission received
[mavros_node-1] [INFO] [1784371721.621787957] [mavros.geofence]: GF: mission received
[mavros_node-1] [INFO] [1784371736.727977999] [mavros.sys]: FCU: EVENT 9489139 with args -4-0-0-0-0-0-0-0-0-0-0-0-0-0-0-0-0-0-0-0-0-0-0-0-0-0-0-0-0-0-0-0-0-0-0-0-0-0-0-0-
[mavros_node-1] [INFO] [1784371736.870831093] [mavros.sys]: FCU: EVENT 4535132 with args -0-0-100-0-0-0-0-0-0-0-0-0-0-0-0-0-0-0-0-0-0-0-0-0-0-0-0-0-0-0-0-0-0-0-0-0-0-0-0-0-
[mavros_node-1] [WARN] [1784371736.992237170] [mavros.sys]: FCU: UNK(8): EVENT 11047904 with args -0-0-0-0-1-0-0-0-0-199-255-127-128-199-255-127-128-0-0-0-0-0-0-0-0-0-0-0-0-0-0-0-0-0-0-0-0-0-0-0-
[mavros_node-1] [ERROR] [1784371736.992560658] [mavros.sys]: FCU: EVENT 10011251 with args -56-0-0-0-24-0-0-0-0-0-0-0-0-0-0-0-0-0-0-0-0-0-0-0-0-0-0-0-0-0-0-0-0-0-0-0-0-0-0-0-
[mavros_node-1] [INFO] [1784371736.992724308] [mavros.sys]: FCU: EVENT 377561 with args -8-0-0-0-20-0-0-0-0-0-0-0-0-0-0-0-0-0-0-0-0-0-0-0-0-0-0-0-0-0-0-0-0-0-0-0-0-0-0-0-
[mavros_node-1] [INFO] [1784371736.992903543] [mavros.sys]: FCU: EVENT 79408 with args -32-0-0-0-20-0-0-0-0-0-0-0-0-0-0-0-0-0-0-0-0-0-0-0-0-0-0-0-0-0-0-0-0-0-0-0-0-0-0-0-
[mavros_node-1] [INFO] [1784371736.993227367] [mavros.sys]: FCU: EVENT 6801787 with args -255-255-255-255-12-0-0-0-0-0-0-0-0-0-0-0-0-0-0-0-0-0-0-0-0-0-0-0-0-0-0-0-0-0-0-0-0-0-0-0-
[mavros_node-1] [WARN] [1784371736.996329909] [mavros.sys]: FCU: UNK(8): EVENT 1914663 with args -0-130-4-2-48-0-0-0-0-0-0-0-0-0-0-0-0-0-0-0-0-0-0-0-0-0-0-0-0-0-0-0-0-0-0-0-0-0-0-0-
[mavros_node-1] [INFO] [1784371738.591382444] [mavros.sys]: FCU: EVENT 4277609 with args -0-0-0-0-0-0-0-0-0-0-0-0-0-0-0-0-0-0-0-0-0-0-0-0-0-0-0-0-0-0-0-0-0-0-0-0-0-0-0-0-
[mavros_node-1] [ERROR] [1784371740.742721357] [mavros.sys]: FCU: EVENT 11290563 with args -0-0-0-0-0-0-0-0-0-0-0-0-0-0-0-0-0-0-0-0-0-0-0-0-0-0-0-0-0-0-0-0-0-0-0-0-0-0-0-0-
[mavros_node-1] [WARN] [1784371740.763002900] [mavros.sys]: FCU: UNK(8): EVENT 11047904 with args -0-0-0-16-1-0-0-0-0-0-0-0-0-199-255-127-128-0-0-0-0-0-0-0-0-0-0-0-0-0-0-0-0-0-0-0-0-0-0-0-
[mavros_node-1] [ERROR] [1784371740.763337384] [mavros.sys]: FCU: EVENT 10011251 with args -56-0-0-0-24-0-0-0-0-0-0-0-0-0-0-0-0-0-0-0-0-0-0-0-0-0-0-0-0-0-0-0-0-0-0-0-0-0-0-0-
[mavros_node-1] [INFO] [1784371740.763621792] [mavros.sys]: FCU: EVENT 377561 with args -8-0-0-0-20-0-0-0-0-0-0-0-0-0-0-0-0-0-0-0-0-0-0-0-0-0-0-0-0-0-0-0-0-0-0-0-0-0-0-0-
[mavros_node-1] [INFO] [1784371740.764050735] [mavros.sys]: FCU: EVENT 79408 with args -32-0-0-0-20-0-0-0-0-0-0-0-0-0-0-0-0-0-0-0-0-0-0-0-0-0-0-0-0-0-0-0-0-0-0-0-0-0-0-0-
[mavros_node-1] [ERROR] [1784371740.764371168] [mavros.sys]: FCU: EVENT 12754954 with args -255-255-255-255-20-0-0-0-0-0-0-0-0-0-0-0-0-0-0-0-0-0-0-0-0-0-0-0-0-0-0-0-0-0-0-0-0-0-0-0-
[mavros_node-1] [INFO] [1784371740.764523929] [mavros.sys]: FCU: EVENT 6801787 with args -255-255-255-255-12-0-0-0-0-0-0-0-0-0-0-0-0-0-0-0-0-0-0-0-0-0-0-0-0-0-0-0-0-0-0-0-0-0-0-0-
[mavros_node-1] [WARN] [1784371740.765394299] [mavros.sys]: FCU: UNK(8): EVENT 1914663 with args -0-130-4-2-48-0-0-0-0-0-0-0-0-0-0-0-0-0-0-0-0-0-0-0-0-0-0-0-0-0-0-0-0-0-0-0-0-0-0-0-
[mavros_node-1] [WARN] [1784371741.225820030] [mavros.cmd]: CMD: Unexpected command 176, result 0
[mavros_node-1] [WARN] [1784371742.782493434] [mavros.sys]: FCU: UNK(8): EVENT 11047904 with args -0-0-0-16-1-0-0-0-0-0-0-0-0-199-191-127-128-0-0-0-0-0-0-0-0-0-0-0-0-0-0-0-0-0-0-0-0-0-0-0-
[mavros_node-1] [ERROR] [1784371742.782821013] [mavros.sys]: FCU: EVENT 11464574 with args -0-64-0-0-20-0-0-0-0-0-0-0-0-0-0-0-0-0-0-0-0-0-0-0-0-0-0-0-0-0-0-0-0-0-0-0-0-0-0-0-
[mavros_node-1] [ERROR] [1784371742.783192060] [mavros.sys]: FCU: EVENT 10011251 with args -56-0-0-0-24-0-0-0-0-0-0-0-0-0-0-0-0-0-0-0-0-0-0-0-0-0-0-0-0-0-0-0-0-0-0-0-0-0-0-0-
[mavros_node-1] [INFO] [1784371742.783518128] [mavros.sys]: FCU: EVENT 377561 with args -8-0-0-0-20-0-0-0-0-0-0-0-0-0-0-0-0-0-0-0-0-0-0-0-0-0-0-0-0-0-0-0-0-0-0-0-0-0-0-0-
[mavros_node-1] [INFO] [1784371742.783923739] [mavros.sys]: FCU: EVENT 79408 with args -32-0-0-0-20-0-0-0-0-0-0-0-0-0-0-0-0-0-0-0-0-0-0-0-0-0-0-0-0-0-0-0-0-0-0-0-0-0-0-0-
[mavros_node-1] [ERROR] [1784371742.784047958] [mavros.sys]: FCU: EVENT 12754954 with args -255-255-255-255-20-0-0-0-0-0-0-0-0-0-0-0-0-0-0-0-0-0-0-0-0-0-0-0-0-0-0-0-0-0-0-0-0-0-0-0-
[mavros_node-1] [INFO] [1784371742.784208406] [mavros.sys]: FCU: EVENT 6801787 with args -255-255-255-255-12-0-0-0-0-0-0-0-0-0-0-0-0-0-0-0-0-0-0-0-0-0-0-0-0-0-0-0-0-0-0-0-0-0-0-0-
[mavros_node-1] [WARN] [1784371742.786435289] [mavros.sys]: FCU: UNK(8): EVENT 1914663 with args -0-130-4-2-48-0-0-0-0-0-0-0-0-0-0-0-0-0-0-0-0-0-0-0-0-0-0-0-0-0-0-0-0-0-0-0-0-0-0-0-
[mavros_node-1] [INFO] [1784371743.737976369] [mavros.sys]: FCU: EVENT 9844908 with args -0-0-0-0-0-0-0-0-0-0-0-0-0-0-0-0-0-0-0-0-0-0-0-0-0-0-0-0-0-0-0-0-0-0-0-0-0-0-0-0-
[mavros_node-1] [INFO] [1784371745.745663536] [mavros.sys]: FCU: EVENT 16017271 with args -6-0-0-0-0-0-0-0-0-0-0-0-0-0-0-0-0-0-0-0-0-0-0-0-0-0-0-0-0-0-0-0-0-0-0-0-0-0-0-0-
[mavros_node-1] [WARN] [1784371745.746416360] [mavros.sys]: FCU: UNK(8): EVENT 11047904 with args -0-128-0-16-1-0-0-0-0-0-0-0-0-199-191-127-128-0-0-0-0-0-0-0-0-0-0-0-0-0-0-0-0-0-0-0-0-0-0-0-
[mavros_node-1] [ERROR] [1784371745.746742441] [mavros.sys]: FCU: EVENT 9077977 with args -255-255-255-255-7-0-0-0-0-0-0-0-0-0-0-0-0-0-0-0-0-0-0-0-0-0-0-0-0-0-0-0-0-0-0-0-0-0-0-0-
[mavros_node-1] [ERROR] [1784371745.746856840] [mavros.sys]: FCU: EVENT 11464574 with args -0-64-0-0-20-0-0-0-0-0-0-0-0-0-0-0-0-0-0-0-0-0-0-0-0-0-0-0-0-0-0-0-0-0-0-0-0-0-0-0-
[mavros_node-1] [ERROR] [1784371745.747035368] [mavros.sys]: FCU: EVENT 10011251 with args -56-0-0-0-24-0-0-0-0-0-0-0-0-0-0-0-0-0-0-0-0-0-0-0-0-0-0-0-0-0-0-0-0-0-0-0-0-0-0-0-
[mavros_node-1] [INFO] [1784371745.747364679] [mavros.sys]: FCU: EVENT 377561 with args -8-0-0-0-20-0-0-0-0-0-0-0-0-0-0-0-0-0-0-0-0-0-0-0-0-0-0-0-0-0-0-0-0-0-0-0-0-0-0-0-
[mavros_node-1] [INFO] [1784371745.747722418] [mavros.sys]: FCU: EVENT 79408 with args -32-0-0-0-20-0-0-0-0-0-0-0-0-0-0-0-0-0-0-0-0-0-0-0-0-0-0-0-0-0-0-0-0-0-0-0-0-0-0-0-
[mavros_node-1] [ERROR] [1784371745.748045584] [mavros.sys]: FCU: EVENT 12754954 with args -255-255-255-255-20-0-0-0-0-0-0-0-0-0-0-0-0-0-0-0-0-0-0-0-0-0-0-0-0-0-0-0-0-0-0-0-0-0-0-0-
[mavros_node-1] [INFO] [1784371745.748457219] [mavros.sys]: FCU: EVENT 6801787 with args -255-255-255-255-12-0-0-0-0-0-0-0-0-0-0-0-0-0-0-0-0-0-0-0-0-0-0-0-0-0-0-0-0-0-0-0-0-0-0-0-
[mavros_node-1] [WARN] [1784371745.748898636] [mavros.sys]: FCU: UNK(8): EVENT 1914663 with args -0-130-4-2-48-0-0-0-0-0-0-0-0-0-0-0-0-0-0-0-0-0-0-0-0-0-0-0-0-0-0-0-0-0-0-0-0-0-0-0-
[mavros_node-1] [WARN] [1784371749.059444877] [mavros.sys]: FCU: UNK(8): EVENT 11047904 with args -0-128-0-16-1-0-0-0-0-0-0-0-0-199-191-127-128-0-0-0-0-0-0-0-0-0-0-0-0-0-0-0-0-0-0-0-0-0-0-0-
[mavros_node-1] [ERROR] [1784371749.059776313] [mavros.sys]: FCU: EVENT 9077977 with args -255-255-255-255-7-0-0-0-0-0-0-0-0-0-0-0-0-0-0-0-0-0-0-0-0-0-0-0-0-0-0-0-0-0-0-0-0-0-0-0-
[mavros_node-1] [ERROR] [1784371749.060126180] [mavros.sys]: FCU: EVENT 11464574 with args -0-64-0-0-20-0-0-0-0-0-0-0-0-0-0-0-0-0-0-0-0-0-0-0-0-0-0-0-0-0-0-0-0-0-0-0-0-0-0-0-
[mavros_node-1] [ERROR] [1784371749.060513926] [mavros.sys]: FCU: EVENT 10011251 with args -56-0-0-0-24-0-0-0-0-0-0-0-0-0-0-0-0-0-0-0-0-0-0-0-0-0-0-0-0-0-0-0-0-0-0-0-0-0-0-0-
[mavros_node-1] [INFO] [1784371749.060799535] [mavros.sys]: FCU: EVENT 377561 with args -8-0-0-0-20-0-0-0-0-0-0-0-0-0-0-0-0-0-0-0-0-0-0-0-0-0-0-0-0-0-0-0-0-0-0-0-0-0-0-0-
[mavros_node-1] [INFO] [1784371749.061153429] [mavros.sys]: FCU: EVENT 79408 with args -32-0-0-0-20-0-0-0-0-0-0-0-0-0-0-0-0-0-0-0-0-0-0-0-0-0-0-0-0-0-0-0-0-0-0-0-0-0-0-0-
[mavros_node-1] [ERROR] [1784371749.061499781] [mavros.sys]: FCU: EVENT 12754954 with args -255-255-255-255-20-0-0-0-0-0-0-0-0-0-0-0-0-0-0-0-0-0-0-0-0-0-0-0-0-0-0-0-0-0-0-0-0-0-0-0-
[mavros_node-1] [INFO] [1784371749.061851397] [mavros.sys]: FCU: EVENT 6801787 with args -255-255-255-255-12-0-0-0-0-0-0-0-0-0-0-0-0-0-0-0-0-0-0-0-0-0-0-0-0-0-0-0-0-0-0-0-0-0-0-0-
[mavros_node-1] [WARN] [1784371749.063766913] [mavros.sys]: FCU: UNK(8): EVENT 1914663 with args -0-130-0-2-48-0-0-0-0-0-0-0-0-0-0-0-0-0-0-0-0-0-0-0-0-0-0-0-0-0-0-0-0-0-0-0-0-0-0-0-
[fastlio_odometry_guard-2] [WARN] [1784371756.853190213] [fastlio_odometry_guard]: Rejected FAST-LIO odometry: computed speed 1.29607 m/s (accepted=618 rejected=2)
[fastlio_odometry_guard-2] [WARN] [1784371757.853776457] [fastlio_odometry_guard]: Rejected FAST-LIO odometry: large dt 1.10012 s; reset guard baseline (accepted=618 rejected=12)
[fastlio_odometry_guard-2] [WARN] [1784371758.953366504] [fastlio_odometry_guard]: Rejected FAST-LIO odometry: z jump -0.268472 m (accepted=626 rejected=15)
[mavros_node-1] [INFO] [1784371786.656939030] [mavros.sys]: FCU: EVENT 16682655 with args -0-0-0-0-0-0-0-0-0-0-0-0-0-0-0-0-0-0-0-0-0-0-0-0-0-0-0-0-0-0-0-0-0-0-0-0-0-0-0-0-
[mavros_node-1] [WARN] [1784371786.688865365] [mavros.sys]: FCU: UNK(8): EVENT 11047904 with args -0-0-0-16-1-0-0-0-0-199-191-127-128-199-191-127-128-0-0-0-0-0-0-0-0-0-0-0-0-0-0-0-0-0-0-0-0-0-0-0-
[mavros_node-1] [ERROR] [1784371786.689162808] [mavros.sys]: FCU: EVENT 11464574 with args -0-64-0-0-20-0-0-0-0-0-0-0-0-0-0-0-0-0-0-0-0-0-0-0-0-0-0-0-0-0-0-0-0-0-0-0-0-0-0-0-
[mavros_node-1] [ERROR] [1784371786.689462589] [mavros.sys]: FCU: EVENT 10011251 with args -56-0-0-0-24-0-0-0-0-0-0-0-0-0-0-0-0-0-0-0-0-0-0-0-0-0-0-0-0-0-0-0-0-0-0-0-0-0-0-0-
[mavros_node-1] [INFO] [1784371786.689605891] [mavros.sys]: FCU: EVENT 377561 with args -8-0-0-0-20-0-0-0-0-0-0-0-0-0-0-0-0-0-0-0-0-0-0-0-0-0-0-0-0-0-0-0-0-0-0-0-0-0-0-0-
[mavros_node-1] [INFO] [1784371786.689852332] [mavros.sys]: FCU: EVENT 79408 with args -32-0-0-0-20-0-0-0-0-0-0-0-0-0-0-0-0-0-0-0-0-0-0-0-0-0-0-0-0-0-0-0-0-0-0-0-0-0-0-0-
[mavros_node-1] [INFO] [1784371786.690224482] [mavros.sys]: FCU: EVENT 6801787 with args -255-255-255-255-12-0-0-0-0-0-0-0-0-0-0-0-0-0-0-0-0-0-0-0-0-0-0-0-0-0-0-0-0-0-0-0-0-0-0-0-
[mavros_node-1] [WARN] [1784371786.690687326] [mavros.sys]: FCU: UNK(8): EVENT 1914663 with args -0-130-0-2-48-0-0-0-0-0-0-0-0-0-0-0-0-0-0-0-0-0-0-0-0-0-0-0-0-0-0-0-0-0-0-0-0-0-0-0-
[mavros_node-1] [INFO] [1784371788.648205906] [mavros.sys]: FCU: EVENT 9489139 with args -2-0-0-0-0-0-0-0-0-0-0-0-0-0-0-0-0-0-0-0-0-0-0-0-0-0-0-0-0-0-0-0-0-0-0-0-0-0-0-0-
[mavros_node-1] [INFO] [1784371788.716983138] [mavros.sys]: FCU: EVENT 4535132 with args -0-0-101-0-0-0-0-0-0-0-0-0-0-0-0-0-0-0-0-0-0-0-0-0-0-0-0-0-0-0-0-0-0-0-0-0-0-0-0-0-
[mavros_node-1] [WARN] [1784371788.859042852] [mavros.sys]: FCU: UNK(8): EVENT 11047904 with args -0-0-0-16-1-0-0-0-0-199-191-127-128-199-191-127-128-0-0-0-0-0-0-0-0-0-0-0-0-0-0-0-0-0-0-0-0-0-0-0-
[mavros_node-1] [ERROR] [1784371788.859403337] [mavros.sys]: FCU: EVENT 11464574 with args -0-64-0-0-20-0-0-0-0-0-0-0-0-0-0-0-0-0-0-0-0-0-0-0-0-0-0-0-0-0-0-0-0-0-0-0-0-0-0-0-
[mavros_node-1] [ERROR] [1784371788.859733401] [mavros.sys]: FCU: EVENT 10011251 with args -56-0-0-0-24-0-0-0-0-0-0-0-0-0-0-0-0-0-0-0-0-0-0-0-0-0-0-0-0-0-0-0-0-0-0-0-0-0-0-0-
[mavros_node-1] [INFO] [1784371788.860122907] [mavros.sys]: FCU: EVENT 377561 with args -8-0-0-0-20-0-0-0-0-0-0-0-0-0-0-0-0-0-0-0-0-0-0-0-0-0-0-0-0-0-0-0-0-0-0-0-0-0-0-0-
[mavros_node-1] [INFO] [1784371788.860419935] [mavros.sys]: FCU: EVENT 79408 with args -32-0-0-0-20-0-0-0-0-0-0-0-0-0-0-0-0-0-0-0-0-0-0-0-0-0-0-0-0-0-0-0-0-0-0-0-0-0-0-0-
[mavros_node-1] [INFO] [1784371788.860743031] [mavros.sys]: FCU: EVENT 6801787 with args -255-255-255-255-12-0-0-0-0-0-0-0-0-0-0-0-0-0-0-0-0-0-0-0-0-0-0-0-0-0-0-0-0-0-0-0-0-0-0-0-
[mavros_node-1] [WARN] [1784371788.862808594] [mavros.sys]: FCU: UNK(8): EVENT 1914663 with args -0-130-4-2-48-0-0-0-0-0-0-0-0-0-0-0-0-0-0-0-0-0-0-0-0-0-0-0-0-0-0-0-0-0-0-0-0-0-0-0-
[mavros_node-1] [INFO] [1784371794.215560922] [mavros.sys]: FCU: EVENT 4277609 with args -0-0-0-0-0-0-0-0-0-0-0-0-0-0-0-0-0-0-0-0-0-0-0-0-0-0-0-0-0-0-0-0-0-0-0-0-0-0-0-0-
[mavros_node-1] [INFO] [1784371797.595647319] [mavros.sys]: FCU: EVENT 9844908 with args -0-0-0-0-0-0-0-0-0-0-0-0-0-0-0-0-0-0-0-0-0-0-0-0-0-0-0-0-0-0-0-0-0-0-0-0-0-0-0-0-
[mavros_node-1] [INFO] [1784371799.604072275] [mavros.sys]: FCU: EVENT 16017271 with args -6-0-0-0-0-0-0-0-0-0-0-0-0-0-0-0-0-0-0-0-0-0-0-0-0-0-0-0-0-0-0-0-0-0-0-0-0-0-0-0-
[mavros_node-1] [INFO] [1784371799.926650106] [mavros.sys]: FCU: EVENT 11290563 with args -0-0-0-0-0-0-0-0-0-0-0-0-0-0-0-0-0-0-0-0-0-0-0-0-0-0-0-0-0-0-0-0-0-0-0-0-0-0-0-0-
[mavros_node-1] [WARN] [1784371799.944954717] [mavros.sys]: FCU: UNK(8): EVENT 11047904 with args -0-128-0-16-1-0-0-0-0-0-0-0-0-199-191-127-128-0-0-0-0-0-0-0-0-0-0-0-0-0-0-0-0-0-0-0-0-0-0-0-
[mavros_node-1] [ERROR] [1784371799.945242583] [mavros.sys]: FCU: EVENT 9077977 with args -255-255-255-255-7-0-0-0-0-0-0-0-0-0-0-0-0-0-0-0-0-0-0-0-0-0-0-0-0-0-0-0-0-0-0-0-0-0-0-0-
[mavros_node-1] [ERROR] [1784371799.945553984] [mavros.sys]: FCU: EVENT 11464574 with args -0-64-0-0-20-0-0-0-0-0-0-0-0-0-0-0-0-0-0-0-0-0-0-0-0-0-0-0-0-0-0-0-0-0-0-0-0-0-0-0-
[mavros_node-1] [ERROR] [1784371799.945921423] [mavros.sys]: FCU: EVENT 10011251 with args -56-0-0-0-24-0-0-0-0-0-0-0-0-0-0-0-0-0-0-0-0-0-0-0-0-0-0-0-0-0-0-0-0-0-0-0-0-0-0-0-
[mavros_node-1] [INFO] [1784371799.946242883] [mavros.sys]: FCU: EVENT 377561 with args -8-0-0-0-20-0-0-0-0-0-0-0-0-0-0-0-0-0-0-0-0-0-0-0-0-0-0-0-0-0-0-0-0-0-0-0-0-0-0-0-
[mavros_node-1] [INFO] [1784371799.946609606] [mavros.sys]: FCU: EVENT 79408 with args -32-0-0-0-20-0-0-0-0-0-0-0-0-0-0-0-0-0-0-0-0-0-0-0-0-0-0-0-0-0-0-0-0-0-0-0-0-0-0-0-
[mavros_node-1] [ERROR] [1784371799.946929675] [mavros.sys]: FCU: EVENT 12754954 with args -255-255-255-255-20-0-0-0-0-0-0-0-0-0-0-0-0-0-0-0-0-0-0-0-0-0-0-0-0-0-0-0-0-0-0-0-0-0-0-0-
[mavros_node-1] [INFO] [1784371799.947312015] [mavros.sys]: FCU: EVENT 6801787 with args -255-255-255-255-12-0-0-0-0-0-0-0-0-0-0-0-0-0-0-0-0-0-0-0-0-0-0-0-0-0-0-0-0-0-0-0-0-0-0-0-
[mavros_node-1] [WARN] [1784371799.947674188] [mavros.sys]: FCU: UNK(8): EVENT 1914663 with args -0-130-4-2-48-0-0-0-0-0-0-0-0-0-0-0-0-0-0-0-0-0-0-0-0-0-0-0-0-0-0-0-0-0-0-0-0-0-0-0-
[mavros_node-1] [WARN] [1784371802.859249154] [mavros.sys]: FCU: UNK(8): EVENT 11047904 with args -0-128-0-16-1-0-0-0-0-0-0-0-0-199-191-127-128-0-0-0-0-0-0-0-0-0-0-0-0-0-0-0-0-0-0-0-0-0-0-0-
[mavros_node-1] [ERROR] [1784371802.859657307] [mavros.sys]: FCU: EVENT 9077977 with args -255-255-255-255-7-0-0-0-0-0-0-0-0-0-0-0-0-0-0-0-0-0-0-0-0-0-0-0-0-0-0-0-0-0-0-0-0-0-0-0-
[mavros_node-1] [ERROR] [1784371802.859951697] [mavros.sys]: FCU: EVENT 11464574 with args -0-64-0-0-20-0-0-0-0-0-0-0-0-0-0-0-0-0-0-0-0-0-0-0-0-0-0-0-0-0-0-0-0-0-0-0-0-0-0-0-
[mavros_node-1] [ERROR] [1784371802.860282386] [mavros.sys]: FCU: EVENT 10011251 with args -56-0-0-0-24-0-0-0-0-0-0-0-0-0-0-0-0-0-0-0-0-0-0-0-0-0-0-0-0-0-0-0-0-0-0-0-0-0-0-0-
[mavros_node-1] [INFO] [1784371802.860589323] [mavros.sys]: FCU: EVENT 377561 with args -8-0-0-0-20-0-0-0-0-0-0-0-0-0-0-0-0-0-0-0-0-0-0-0-0-0-0-0-0-0-0-0-0-0-0-0-0-0-0-0-
[mavros_node-1] [INFO] [1784371802.860689317] [mavros.sys]: FCU: EVENT 79408 with args -32-0-0-0-20-0-0-0-0-0-0-0-0-0-0-0-0-0-0-0-0-0-0-0-0-0-0-0-0-0-0-0-0-0-0-0-0-0-0-0-
[mavros_node-1] [ERROR] [1784371802.860945190] [mavros.sys]: FCU: EVENT 12754954 with args -255-255-255-255-20-0-0-0-0-0-0-0-0-0-0-0-0-0-0-0-0-0-0-0-0-0-0-0-0-0-0-0-0-0-0-0-0-0-0-0-
[mavros_node-1] [INFO] [1784371802.861366890] [mavros.sys]: FCU: EVENT 6801787 with args -255-255-255-255-12-0-0-0-0-0-0-0-0-0-0-0-0-0-0-0-0-0-0-0-0-0-0-0-0-0-0-0-0-0-0-0-0-0-0-0-
[mavros_node-1] [WARN] [1784371802.863638747] [mavros.sys]: FCU: UNK(8): EVENT 1914663 with args -0-130-0-2-48-0-0-0-0-0-0-0-0-0-0-0-0-0-0-0-0-0-0-0-0-0-0-0-0-0-0-0-0-0-0-0-0-0-0-0-
[mavros_node-1] [WARN] [1784371818.837461692] [mavros.sys]: FCU: UNK(8): EVENT 11047904 with args -0-128-0-18-1-0-0-0-0-0-0-0-0-199-191-5-128-0-0-0-0-0-0-0-0-0-0-0-0-0-0-0-0-0-0-0-0-0-0-0-
[mavros_node-1] [ERROR] [1784371818.837749455] [mavros.sys]: FCU: EVENT 9077977 with args -255-255-255-255-7-0-0-0-0-0-0-0-0-0-0-0-0-0-0-0-0-0-0-0-0-0-0-0-0-0-0-0-0-0-0-0-0-0-0-0-
[mavros_node-1] [ERROR] [1784371818.838059553] [mavros.sys]: FCU: EVENT 13679014 with args -0-64-0-0-20-0-0-0-0-0-0-0-0-0-0-0-0-0-0-0-0-0-0-0-0-0-0-0-0-0-0-0-0-0-0-0-0-0-0-0-
[mavros_node-1] [ERROR] [1784371818.838461962] [mavros.sys]: FCU: EVENT 13835193 with args -56-0-122-0-17-0-0-0-0-0-0-0-0-0-0-0-0-0-0-0-0-0-0-0-0-0-0-0-0-0-0-0-0-0-0-0-0-0-0-0-
[mavros_node-1] [ERROR] [1784371818.838740159] [mavros.sys]: FCU: EVENT 10011251 with args -56-0-0-0-24-0-0-0-0-0-0-0-0-0-0-0-0-0-0-0-0-0-0-0-0-0-0-0-0-0-0-0-0-0-0-0-0-0-0-0-
[mavros_node-1] [INFO] [1784371818.838864081] [mavros.sys]: FCU: EVENT 377561 with args -8-0-0-0-20-0-0-0-0-0-0-0-0-0-0-0-0-0-0-0-0-0-0-0-0-0-0-0-0-0-0-0-0-0-0-0-0-0-0-0-
[mavros_node-1] [INFO] [1784371818.839157462] [mavros.sys]: FCU: EVENT 79408 with args -32-0-0-0-20-0-0-0-0-0-0-0-0-0-0-0-0-0-0-0-0-0-0-0-0-0-0-0-0-0-0-0-0-0-0-0-0-0-0-0-
[mavros_node-1] [ERROR] [1784371818.839480111] [mavros.sys]: FCU: EVENT 12754954 with args -255-255-255-255-20-0-0-0-0-0-0-0-0-0-0-0-0-0-0-0-0-0-0-0-0-0-0-0-0-0-0-0-0-0-0-0-0-0-0-0-
[mavros_node-1] [INFO] [1784371818.839839674] [mavros.sys]: FCU: EVENT 6801787 with args -255-255-255-255-12-0-0-0-0-0-0-0-0-0-0-0-0-0-0-0-0-0-0-0-0-0-0-0-0-0-0-0-0-0-0-0-0-0-0-0-
[mavros_node-1] [WARN] [1784371818.840120573] [mavros.sys]: FCU: UNK(8): EVENT 1914663 with args -0-130-0-2-48-0-0-0-0-0-0-0-0-0-0-0-0-0-0-0-0-0-0-0-0-0-0-0-0-0-0-0-0-0-0-0-0-0-0-0-
[mavros_node-1] [WARN] [1784371820.888754589] [mavros.sys]: FCU: UNK(8): EVENT 11047904 with args -0-128-0-16-1-0-0-0-0-0-0-0-0-199-191-127-128-0-0-0-0-0-0-0-0-0-0-0-0-0-0-0-0-0-0-0-0-0-0-0-
[mavros_node-1] [ERROR] [1784371820.889102356] [mavros.sys]: FCU: EVENT 9077977 with args -255-255-255-255-7-0-0-0-0-0-0-0-0-0-0-0-0-0-0-0-0-0-0-0-0-0-0-0-0-0-0-0-0-0-0-0-0-0-0-0-
[mavros_node-1] [ERROR] [1784371820.889280652] [mavros.sys]: FCU: EVENT 11464574 with args -0-64-0-0-20-0-0-0-0-0-0-0-0-0-0-0-0-0-0-0-0-0-0-0-0-0-0-0-0-0-0-0-0-0-0-0-0-0-0-0-
[mavros_node-1] [ERROR] [1784371820.889480439] [mavros.sys]: FCU: EVENT 10011251 with args -56-0-0-0-24-0-0-0-0-0-0-0-0-0-0-0-0-0-0-0-0-0-0-0-0-0-0-0-0-0-0-0-0-0-0-0-0-0-0-0-
[mavros_node-1] [INFO] [1784371820.889770018] [mavros.sys]: FCU: EVENT 377561 with args -8-0-0-0-20-0-0-0-0-0-0-0-0-0-0-0-0-0-0-0-0-0-0-0-0-0-0-0-0-0-0-0-0-0-0-0-0-0-0-0-
[mavros_node-1] [INFO] [1784371820.890162138] [mavros.sys]: FCU: EVENT 79408 with args -32-0-0-0-20-0-0-0-0-0-0-0-0-0-0-0-0-0-0-0-0-0-0-0-0-0-0-0-0-0-0-0-0-0-0-0-0-0-0-0-
[mavros_node-1] [ERROR] [1784371820.890483938] [mavros.sys]: FCU: EVENT 12754954 with args -255-255-255-255-20-0-0-0-0-0-0-0-0-0-0-0-0-0-0-0-0-0-0-0-0-0-0-0-0-0-0-0-0-0-0-0-0-0-0-0-
[mavros_node-1] [INFO] [1784371820.890923989] [mavros.sys]: FCU: EVENT 6801787 with args -255-255-255-255-12-0-0-0-0-0-0-0-0-0-0-0-0-0-0-0-0-0-0-0-0-0-0-0-0-0-0-0-0-0-0-0-0-0-0-0-
[mavros_node-1] [WARN] [1784371820.891187594] [mavros.sys]: FCU: UNK(8): EVENT 1914663 with args -0-130-0-2-48-0-0-0-0-0-0-0-0-0-0-0-0-0-0-0-0-0-0-0-0-0-0-0-0-0-0-0-0-0-0-0-0-0-0-0-
