Flight run directory: /home/robot/ws_offboard_control/flight_records/20260802/flight_20260802_225130
Parameter snapshot: /home/robot/ws_offboard_control/flight_records/20260802/flight_20260802_225130/snapshot
Recording rosbag to: /home/robot/ws_offboard_control/flight_records/20260802/flight_20260802_225130/rosbag
Record full registered point cloud: false
Press Ctrl+C in this terminal to stop recording.
stdin is not a terminal device. Keyboard handling disabled.[INFO] [1785682309.668856136] [rosbag2_recorder]: Press SPACE for pausing/resuming
[INFO] [1785682309.670586217] [rosbag2_storage]: Opened database '/home/robot/ws_offboard_control/flight_records/20260802/flight_20260802_225130/rosbag/rosbag_0.db3' for READ_WRITE.
[INFO] [1785682309.672667163] [rosbag2_recorder]: Listening for topics...
[INFO] [1785682309.672684318] [rosbag2_recorder]: Event publisher thread: Starting
[INFO] [1785682309.674908602] [rosbag2_recorder]: Subscribed to topic '/route_tracker/reference_path_3d'
[INFO] [1785682309.675491886] [rosbag2_recorder]: Subscribed to topic '/path'
[INFO] [1785682309.677176939] [rosbag2_recorder]: Subscribed to topic '/minipc_mavros_offboard/mpc_setpoint_debug'
[INFO] [1785682309.678015399] [rosbag2_recorder]: Subscribed to topic '/route_tracker/lookahead_target'
[INFO] [1785682309.678766338] [rosbag2_recorder]: Subscribed to topic '/mavros/setpoint_raw/local'
[INFO] [1785682309.679476956] [rosbag2_recorder]: Subscribed to topic '/Odometry/guarded'
[INFO] [1785682309.679960573] [rosbag2_recorder]: Subscribed to topic '/Odometry'
[INFO] [1785682309.680034118] [rosbag2_recorder]: Recording...
[INFO] [1785682310.690125002] [rosbag2_recorder]: Subscribed to topic '/mavros/state'
[INFO] [1785682310.691042648] [rosbag2_recorder]: Subscribed to topic '/ev_health/velocity_ned'
[INFO] [1785682310.692527442] [rosbag2_recorder]: Subscribed to topic '/ev_health/diagnostics'
[INFO] [1785682310.693421550] [rosbag2_recorder]: Subscribed to topic '/mavros/setpoint_raw/target_local'
[INFO] [1785682310.694533233] [rosbag2_recorder]: Subscribed to topic '/mavros/local_position/velocity_local'
[INFO] [1785682310.695172238] [rosbag2_recorder]: Subscribed to topic '/mavros/local_position/odom'
[INFO] [1785682310.695863595] [rosbag2_recorder]: Subscribed to topic '/ev_health/status'
[INFO] [1785682310.696427007] [rosbag2_recorder]: Subscribed to topic '/ev_health/fault'
[INFO] [1785682310.696894131] [rosbag2_recorder]: Subscribed to topic '/Odometry/healthy'
[INFO] [1785682310.697333384] [rosbag2_recorder]: Subscribed to topic '/mavros/local_position/pose'
