[debug rosbag] starting
[debug rosbag] command: env FLIGHT_TIMESTAMP=20260809_185835 FLIGHT_RUN_DIR=/home/robot/rong_ws/ws_offboard_control/flight_records/20260809/flight_20260809_185835 /home/robot/rong_ws/ws_offboard_control/tools/rosbag/record_takeoff_debug_bag.sh
[debug rosbag] pid=123151 pgid=123151 log=/home/robot/rong_ws/ws_offboard_control/flight_records/20260809/flight_20260809_185835/logs/rosbag_debug.log
Flight run directory: /home/robot/rong_ws/ws_offboard_control/flight_records/20260809/flight_20260809_185835_r1
Parameter snapshot: /home/robot/rong_ws/ws_offboard_control/flight_records/20260809/flight_20260809_185835_r1/snapshot
Recording rosbag to: /home/robot/rong_ws/ws_offboard_control/flight_records/20260809/flight_20260809_185835_r1/rosbag
Record full registered point cloud: false
Press Ctrl+C in this terminal to stop recording.
stdin is not a terminal device. Keyboard handling disabled.[INFO] [1786273161.333682382] [rosbag2_recorder]: Press SPACE for pausing/resuming
[INFO] [1786273161.339075207] [rosbag2_storage]: Opened database '/home/robot/rong_ws/ws_offboard_control/flight_records/20260809/flight_20260809_185835_r1/rosbag/rosbag_0.db3' for READ_WRITE.
[INFO] [1786273161.353833456] [rosbag2_recorder]: Listening for topics...
[INFO] [1786273161.353846796] [rosbag2_recorder]: Event publisher thread: Starting
[INFO] [1786273161.358594685] [rosbag2_recorder]: Subscribed to topic '/ev_health/velocity_ned'
[INFO] [1786273161.365794955] [rosbag2_recorder]: Subscribed to topic '/ev_health/diagnostics'
[INFO] [1786273161.368979325] [rosbag2_recorder]: Subscribed to topic '/ev_health/status'
[INFO] [1786273161.373042453] [rosbag2_recorder]: Subscribed to topic '/ev_health/fault'
[INFO] [1786273161.376441136] [rosbag2_recorder]: Subscribed to topic '/Odometry/healthy'
[INFO] [1786273161.376594503] [rosbag2_recorder]: Recording...
[INFO] [1786273161.379491940] [rosbag2_recorder]: Subscribed to topic '/Odometry/guarded'
[INFO] [1786273161.383546180] [rosbag2_recorder]: Subscribed to topic '/race/ego/position_command'
[INFO] [1786273161.386118032] [rosbag2_recorder]: Subscribed to topic '/race/ego/bspline'
[INFO] [1786273161.495050804] [rosbag2_recorder]: Subscribed to topic '/mavros/local_position/odom'
[INFO] [1786273161.497736192] [rosbag2_recorder]: Subscribed to topic '/mavros/local_position/velocity_local'
[INFO] [1786273161.501065025] [rosbag2_recorder]: Subscribed to topic '/mavros/local_position/pose'
[INFO] [1786273161.605990285] [rosbag2_recorder]: Subscribed to topic '/mavros/setpoint_raw/target_local'
[INFO] [1786273161.607570362] [rosbag2_recorder]: Subscribed to topic '/mavros/state'
[INFO] [1786273161.715027012] [rosbag2_recorder]: Subscribed to topic '/Odometry'
[INFO] [1786273161.716511327] [rosbag2_recorder]: Subscribed to topic '/path'
[INFO] [1786273161.718760432] [rosbag2_recorder]: Subscribed to topic '/mavros/setpoint_raw/local'
[INFO] [1786273161.722347354] [rosbag2_recorder]: Subscribed to topic '/race/control/status'
[INFO] [1786273161.931864325] [rosbag2_recorder]: Subscribed to topic '/mavros/vision_pose/pose_cov'
[INFO] [1786273161.933024518] [rosbag2_recorder]: Subscribed to topic '/mavros/vision_speed/speed_twist_cov'
[INFO] [1786273162.351971784] [rosbag2_recorder]: Subscribed to topic '/race/planner/status'
[INFO] [1786273162.353567065] [rosbag2_recorder]: Subscribed to topic '/race/pose'
[INFO] [1786273162.355515732] [rosbag2_recorder]: Subscribed to topic '/race/global_path'
[INFO] [1786273162.357648531] [rosbag2_recorder]: Subscribed to topic '/race/super_planner/raw_path'
[INFO] [1786273162.358716257] [rosbag2_recorder]: Subscribed to topic '/race/odom'
[INFO] [1786273162.360061552] [rosbag2_recorder]: Subscribed to topic '/race/ego/validated_bspline'
[INFO] [1786273162.361125233] [rosbag2_recorder]: Subscribed to topic '/race/ego/trajectory_setpoint'
[INFO] [1786273162.362167813] [rosbag2_recorder]: Subscribed to topic '/race/ego/status'
[INFO] [1786273162.364156221] [rosbag2_recorder]: Subscribed to topic '/race/navigation_setpoint'
[INFO] [1786273162.366489391] [rosbag2_recorder]: Subscribed to topic '/race/ego/command_local_goal_seq'
[INFO] [1786273162.368269439] [rosbag2_recorder]: Subscribed to topic '/race/ego/local_goal'
[INFO] [1786273162.371093530] [rosbag2_recorder]: Subscribed to topic '/race/ego/local_path_reference'
[INFO] [1786273162.372404273] [rosbag2_recorder]: Subscribed to topic '/race/ego/odom'
[INFO] [1786273162.373725497] [rosbag2_recorder]: Subscribed to topic '/race/global_planner/status'
[INFO] [1786273177.373114466] [rosbag2_cpp]: Writing remaining messages from cache to the bag. It may take a while
[INFO] [1786273177.376609289] [rosbag2_recorder]: Event publisher thread: Exiting
[INFO] [1786273177.376711200] [rosbag2_recorder]: Recording stopped
[debug rosbag] exited with status 143
