[FAST-LIO] starting
[FAST-LIO] command: /home/robot/livox_mid360_env/run_fastlio_mid360.sh
[FAST-LIO] pid=76657 pgid=76657 log=/home/robot/rong_ws/ws_offboard_control/flight_records/20260809/flight_20260809_170522/logs/fastlio.log
[INFO] [launch]: All log files can be found below /home/robot/.ros/log/2026-08-09-17-05-38-933861-robot-76759
[INFO] [launch]: Default logging verbosity is set to INFO
[INFO] [fastlio_mapping-1]: process started with pid [76764]
[fastlio_mapping-1] [INFO] [1786266339.055546798] [laser_mapping]: p_pre->lidar_type 1
[fastlio_mapping-1] Multi thread started 
[fastlio_mapping-1] ~~~~/home/robot/livox_mid360_env/ws_fastlio/src/fast_lio/ file opened
[fastlio_mapping-1] [INFO] [1786266339.066967153] [laser_mapping]: Node init finished.
[fastlio_mapping-1] [WARN] [1786266340.406092570] [laser_mapping]: No point, skip this scan!
[fastlio_mapping-1] 
[fastlio_mapping-1] [WARN] [1786266340.565970461] [laser_mapping]: No point, skip this scan!
[fastlio_mapping-1] 
[fastlio_mapping-1] [WARN] [1786266340.655938988] [laser_mapping]: No point, skip this scan!
[fastlio_mapping-1] 
[fastlio_mapping-1] [WARN] [1786266340.815988650] [laser_mapping]: No point, skip this scan!
[fastlio_mapping-1] 
[fastlio_mapping-1] [WARN] [1786266340.895975314] [laser_mapping]: No point, skip this scan!
[fastlio_mapping-1] 
[fastlio_mapping-1] IMU Initial Done
[fastlio_mapping-1] [WARN] [1786266340.956048091] [laser_mapping]: No point, skip this scan!
[fastlio_mapping-1] 
[fastlio_mapping-1] [INFO] [1786266341.077095879] [laser_mapping]: Initialize the map kdtree
[FAST-LIO] stopping process group 76657
[FAST-LIO] exited with status 143
