[MAVROS and EV chain] starting
[MAVROS and EV chain] command: ros2 launch px4_ros_com fastlio_mavros_autofix.launch.py fcu_url:=serial:///dev/ttyUSB0:921600\?ids=255\,190 start_mavros_vision_bridge:=true start_odom_guard:=true start_ev_health_monitor:=true start_tf:=true vision_world_yaw_alignment_rad:=0.0 body_to_sensor_x_m:=0.0 body_to_sensor_y_m:=0.0 body_to_sensor_z_m:=0.08 body_to_fastlio_yaw_rad:=0.0
[MAVROS and EV chain] pid=76870 pgid=76870 log=/home/robot/rong_ws/ws_offboard_control/flight_records/20260809/flight_20260809_170522/logs/px4_mavros.log
[INFO] [launch]: All log files can be found below /home/robot/.ros/log/2026-08-09-17-05-41-779954-robot-76870
[INFO] [launch]: Default logging verbosity is set to INFO
[INFO] [mavros_node-1]: process started with pid [76906]
[INFO] [fastlio_odometry_guard-2]: process started with pid [76908]
[INFO] [fastlio_ev_health_monitor.py-3]: process started with pid [76910]
[INFO] [fix_mavros_odometry_frames.py-4]: process started with pid [76912]
[INFO] [fastlio_mavros_vision_bridge-5]: process started with pid [76914]
[INFO] [static_transform_publisher-6]: process started with pid [76916]
[INFO] [static_transform_publisher-7]: process started with pid [76918]
[INFO] [static_transform_publisher-8]: process started with pid [76920]
[INFO] [static_transform_publisher-9]: process started with pid [76922]
[static_transform_publisher-8] [INFO] [1786266342.044637612] [camera_init_to_camera_init_ned]: Spinning until stopped - publishing transform
[static_transform_publisher-8] translation: ('0.000000', '0.000000', '0.000000')
[static_transform_publisher-8] rotation: ('0.707107', '0.707107', '0.000000', '0.000000')
[static_transform_publisher-8] from 'camera_init' to 'camera_init_ned'
[static_transform_publisher-7] [INFO] [1786266342.087987391] [base_link_to_body]: Spinning until stopped - publishing transform
[static_transform_publisher-7] translation: ('0.000000', '0.000000', '0.080000')
[static_transform_publisher-7] rotation: ('0.000000', '0.000000', '-0.000000', '1.000000')
[static_transform_publisher-7] from 'base_link' to 'body'
[static_transform_publisher-6] [INFO] [1786266342.092216062] [odom_to_camera_init]: Spinning until stopped - publishing transform
[static_transform_publisher-6] translation: ('0.000000', '0.000000', '0.000000')
[static_transform_publisher-6] rotation: ('0.000000', '0.000000', '0.000000', '1.000000')
[static_transform_publisher-6] from 'odom' to 'camera_init'
[fastlio_odometry_guard-2] [INFO] [1786266342.103894202] [fastlio_odometry_guard]: Guarding odometry /Odometry -> /Odometry/guarded (jump=0.30m, xy=0.20m, z=0.10m, speed=1.20m/s, unknown angular variance>=100000)
[fastlio_mavros_vision_bridge-5] [INFO] [1786266342.118281548] [fastlio_mavros_vision_bridge]: Bridging /Odometry/healthy -> /mavros/vision_pose/pose_cov + vision_speed for MAVROS vision input; body->FAST-LIO origin in body FLU=(0.0000, 0.0000, 0.0800) m, R_FASTLIO_body yaw=0.000000 rad, world yaw alignment=0.000000 rad
[mavros_node-1] [INFO] [1786266342.190981924] [mavros.mavros_node]: Starting mavros_node container
[mavros_node-1] [INFO] [1786266342.193290696] [mavros.mavros_node]: FCU URL: serial:///dev/ttyUSB0:921600?ids=255,190
[mavros_node-1] [INFO] [1786266342.195251414] [mavros.mavros_node]: GCS URL: 
[mavros_node-1] [INFO] [1786266342.196154932] [mavros.mavros_node]: UAS Prefix: /uas1
[mavros_node-1] [INFO] [1786266342.196168685] [mavros.mavros_node]: Starting mavros router node
[static_transform_publisher-9] [INFO] [1786266342.197766384] [body_to_body_frd]: Spinning until stopped - publishing transform
[static_transform_publisher-9] translation: ('0.000000', '0.000000', '0.000000')
[static_transform_publisher-9] rotation: ('1.000000', '0.000000', '0.000000', '0.000000')
[static_transform_publisher-9] from 'body' to 'body_frd'
[mavros_node-1] [INFO] [1786266342.295241763] [mavros.mavros_router]: Built-in SIMD instructions: SSE, SSE2
[mavros_node-1] [INFO] [1786266342.295290168] [mavros.mavros_router]: Built-in MAVLink package version: 2026.3.3
[mavros_node-1] [INFO] [1786266342.295316204] [mavros.mavros_router]: Known MAVLink dialects: common ardupilotmega ASLUAV AVSSUAS all csAirLink cubepilot development icarous loweheiser marsh matrixpilot paparazzi standard stemstudios storm32 uAvionix ualberta
[mavros_node-1] [INFO] [1786266342.295327223] [mavros.mavros_router]: MAVROS Router started
[mavros_node-1] [INFO] [1786266342.296950008] [mavros.mavros_node]: Starting mavros uas node
[fix_mavros_odometry_frames.py-4] [INFO] [1786266342.379923056] [fix_mavros_odometry_frames]: Waiting for /mavros/odometry parameter service...
[mavros_node-1] [INFO] [1786266342.385207778] [mavros.mavros_router]: Requested to add endpoint: type: 0, url: serial:///dev/ttyUSB0:921600?ids=255,190
[mavros_node-1] [INFO] [1786266342.385254097] [mavros.mavros_router]: Endpoint link[1000] created
[mavros_node-1] [INFO] [1786266342.385838539] [mavros.mavros_router]: link[1000] opened successfully
[mavros_node-1] [INFO] [1786266342.385862819] [mavros.mavros_router]: Requested to add endpoint: type: 2, url: /uas1
[mavros_node-1] [INFO] [1786266342.385876148] [mavros.mavros_router]: Endpoint link[1001] created
[mavros_node-1] [INFO] [1786266342.386587270] [mavros.mavros_router]: link[1000] detected remote address 1.1
[mavros_node-1] [INFO] [1786266342.388537554] [mavros.mavros_router]: link[1001] opened successfully
[mavros_node-1] [INFO] [1786266342.395309284] [mavros.mavros]: UAS Executor started, threads: 16
[mavros_node-1] [INFO] [1786266342.427907280] [mavros.mavros]: Plugin actuator_control created
[mavros_node-1] [INFO] [1786266342.428077871] [mavros.mavros]: Plugin actuator_control initialized
[mavros_node-1] [INFO] [1786266342.477868623] [mavros.mavros]: Plugin adsb created
[mavros_node-1] [INFO] [1786266342.477962867] [mavros.mavros]: Plugin adsb initialized
[mavros_node-1] [INFO] [1786266342.506460827] [mavros.mavros]: Plugin altitude created
[mavros_node-1] [INFO] [1786266342.506553479] [mavros.mavros]: Plugin altitude initialized
[mavros_node-1] [INFO] [1786266342.560466424] [mavros.mavros]: Plugin cam_imu_sync created
[mavros_node-1] [INFO] [1786266342.560600426] [mavros.mavros]: Plugin cam_imu_sync initialized
[mavros_node-1] [INFO] [1786266342.578092798] [mavros.mavros]: Plugin camera created
[mavros_node-1] [INFO] [1786266342.578174393] [mavros.mavros]: Plugin camera initialized
[fastlio_ev_health_monitor.py-3] [INFO] [1786266342.599005066] [fastlio_ev_health_monitor]: EV health gate /Odometry -> /Odometry/healthy; compare /mavros/local_position/velocity_local in PX4 local NED; status=/ev_health/status, diagnostics=/ev_health/diagnostics
[mavros_node-1] [INFO] [1786266342.603242914] [mavros.mavros]: Plugin cellular_status created
[mavros_node-1] [INFO] [1786266342.603417731] [mavros.mavros]: Plugin cellular_status initialized
[mavros_node-1] [INFO] [1786266342.642495317] [mavros.mavros]: Plugin command created
[mavros_node-1] [INFO] [1786266342.642587735] [mavros.mavros]: Plugin command initialized
[mavros_node-1] [INFO] [1786266342.657359254] [mavros.mavros]: Plugin companion_process_status created
[mavros_node-1] [INFO] [1786266342.657409404] [mavros.mavros]: Plugin companion_process_status initialized
[fastlio_ev_health_monitor.py-3] [WARN] [1786266342.675914461] [fastlio_ev_health_monitor]: EV health state=SUSPECT: waiting_for_ev
[mavros_node-1] [INFO] [1786266342.683340903] [mavros.mavros]: Plugin debug_value created
[mavros_node-1] [INFO] [1786266342.683497841] [mavros.mavros]: Plugin debug_value initialized
[mavros_node-1] [INFO] [1786266342.683508175] [mavros.mavros]: Plugin distance_sensor ignored
[mavros_node-1] [INFO] [1786266342.699174148] [mavros.mavros]: Plugin esc_status created
[mavros_node-1] [INFO] [1786266342.699233718] [mavros.mavros]: Plugin esc_status initialized
[mavros_node-1] [INFO] [1786266342.719250875] [mavros.mavros]: Plugin esc_telemetry created
[mavros_node-1] [INFO] [1786266342.719302971] [mavros.mavros]: Plugin esc_telemetry initialized
[mavros_node-1] [INFO] [1786266342.738690533] [mavros.mavros]: Plugin fake_gps created
[mavros_node-1] [INFO] [1786266342.738729894] [mavros.mavros]: Plugin fake_gps initialized
[mavros_node-1] [INFO] [1786266342.777714113] [mavros.mavros]: Plugin ftp created
[mavros_node-1] [INFO] [1786266342.777784985] [mavros.mavros]: Plugin ftp initialized
[mavros_node-1] [INFO] [1786266342.808341119] [mavros.mavros]: Plugin geofence created
[mavros_node-1] [INFO] [1786266342.808456102] [mavros.mavros]: Plugin geofence initialized
[mavros_node-1] [INFO] [1786266342.844418226] [mavros.mavros]: Plugin gimbal_control created
[mavros_node-1] [INFO] [1786266342.844517966] [mavros.mavros]: Plugin gimbal_control initialized
[mavros_node-1] [INFO] [1786266342.881585403] [mavros.mavros]: Plugin global_position created
[mavros_node-1] [INFO] [1786266342.881901817] [mavros.mavros]: Plugin global_position initialized
[mavros_node-1] [INFO] [1786266342.901118534] [mavros.mavros]: Plugin gps_input created
[mavros_node-1] [INFO] [1786266342.901211173] [mavros.mavros]: Plugin gps_input initialized
[mavros_node-1] [INFO] [1786266342.923091986] [mavros.mavros]: Plugin gps_rtk created
[mavros_node-1] [INFO] [1786266342.923160031] [mavros.mavros]: Plugin gps_rtk initialized
[mavros_node-1] [INFO] [1786266342.940003550] [mavros.mavros]: Plugin gps_status created
[mavros_node-1] [INFO] [1786266342.940052822] [mavros.mavros]: Plugin gps_status initialized
[mavros_node-1] [INFO] [1786266342.960604876] [mavros.mavros]: Plugin guided_target created
[mavros_node-1] [INFO] [1786266342.960676348] [mavros.mavros]: Plugin guided_target initialized
[mavros_node-1] [INFO] [1786266342.990225438] [mavros.mavros]: Plugin hil created
[mavros_node-1] [INFO] [1786266342.990320180] [mavros.mavros]: Plugin hil initialized
[mavros_node-1] [INFO] [1786266343.007384495] [mavros.mavros]: Plugin home_position created
[mavros_node-1] [INFO] [1786266343.007445653] [mavros.mavros]: Plugin home_position initialized
[mavros_node-1] [INFO] [1786266343.031210610] [mavros.mavros]: Plugin imu created
[mavros_node-1] [INFO] [1786266343.031324351] [mavros.mavros]: Plugin imu initialized
[mavros_node-1] [INFO] [1786266343.058631921] [mavros.mavros]: Plugin landing_target created
[mavros_node-1] [INFO] [1786266343.058803147] [mavros.mavros]: Plugin landing_target initialized
[fastlio_ev_health_monitor.py-3] [WARN] [1786266343.074293382] [fastlio_ev_health_monitor]: EV health state=FAULT: waiting_for_ev
[mavros_node-1] [INFO] [1786266343.095364978] [mavros.mavros]: Plugin local_position created
[mavros_node-1] [INFO] [1786266343.095429647] [mavros.mavros]: Plugin local_position initialized
[mavros_node-1] [INFO] [1786266343.126006283] [mavros.mavros]: Plugin log_transfer created
[mavros_node-1] [INFO] [1786266343.126087266] [mavros.mavros]: Plugin log_transfer initialized
[mavros_node-1] [INFO] [1786266343.149979878] [mavros.mavros]: Plugin mag_calibration_status created
[mavros_node-1] [INFO] [1786266343.150061013] [mavros.mavros]: Plugin mag_calibration_status initialized
[mavros_node-1] [INFO] [1786266343.170763241] [mavros.mavros]: Plugin manual_control created
[mavros_node-1] [INFO] [1786266343.170841363] [mavros.mavros]: Plugin manual_control initialized
[mavros_node-1] [INFO] [1786266343.190580825] [mavros.mavros]: Plugin mocap_pose_estimate created
[mavros_node-1] [INFO] [1786266343.190669580] [mavros.mavros]: Plugin mocap_pose_estimate initialized
[mavros_node-1] [INFO] [1786266343.216504550] [mavros.mavros]: Plugin mount_control created
[mavros_node-1] [INFO] [1786266343.216649940] [mavros.mavros]: Plugin mount_control initialized
[mavros_node-1] [INFO] [1786266343.240756676] [mavros.mavros]: Plugin nav_controller_output created
[mavros_node-1] [INFO] [1786266343.240854312] [mavros.mavros]: Plugin nav_controller_output initialized
[mavros_node-1] [INFO] [1786266343.261028623] [mavros.mavros]: Plugin obstacle_distance created
[mavros_node-1] [INFO] [1786266343.261124967] [mavros.mavros]: Plugin obstacle_distance initialized
[mavros_node-1] [INFO] [1786266343.285998196] [mavros.mavros]: Plugin obstacle_distance_3d created
[mavros_node-1] [INFO] [1786266343.286442629] [mavros.mavros]: Plugin obstacle_distance_3d initialized
[mavros_node-1] [INFO] [1786266343.310145692] [mavros.mavros]: Plugin odometry created
[mavros_node-1] [INFO] [1786266343.310288156] [mavros.mavros]: Plugin odometry initialized
[mavros_node-1] [INFO] [1786266343.333449037] [mavros.mavros]: Plugin onboard_computer_status created
[mavros_node-1] [INFO] [1786266343.333532298] [mavros.mavros]: Plugin onboard_computer_status initialized
[mavros_node-1] [INFO] [1786266343.360770065] [mavros.mavros]: Plugin open_drone_id created
[mavros_node-1] [INFO] [1786266343.360830509] [mavros.mavros]: Plugin open_drone_id initialized
[fix_mavros_odometry_frames.py-4] [INFO] [1786266343.383368808] [fix_mavros_odometry_frames]: Setting MAVROS odometry target frames to odom/base_link.
[mavros_node-1] [INFO] [1786266343.385621259] [mavros.mavros]: Plugin optical_flow created
[mavros_node-1] [INFO] [1786266343.385825426] [mavros.mavros]: Plugin optical_flow initialized
[fix_mavros_odometry_frames.py-4] [INFO] [1786266343.388203254] [fix_mavros_odometry_frames]: MAVROS odometry frame targets updated successfully.
[mavros_node-1] [INFO] [1786266343.428635427] [mavros.mavros]: Plugin param created
[mavros_node-1] [INFO] [1786266343.428762619] [mavros.mavros]: Plugin param initialized
[mavros_node-1] [INFO] [1786266343.457702064] [mavros.mavros]: Plugin play_tune created
[mavros_node-1] [INFO] [1786266343.457771996] [mavros.mavros]: Plugin play_tune initialized
[mavros_node-1] [INFO] [1786266343.491138344] [mavros.mavros]: Plugin px4flow created
[mavros_node-1] [INFO] [1786266343.491225323] [mavros.mavros]: Plugin px4flow initialized
[mavros_node-1] [INFO] [1786266343.524936946] [mavros.mavros]: Plugin rallypoint created
[mavros_node-1] [INFO] [1786266343.525081453] [mavros.mavros]: Plugin rallypoint initialized
[mavros_node-1] [INFO] [1786266343.525090080] [mavros.mavros]: Plugin rangefinder ignored
[INFO] [fix_mavros_odometry_frames.py-4]: process has finished cleanly [pid 76912]
[mavros_node-1] [INFO] [1786266343.553177150] [mavros.mavros]: Plugin rc_io created
[mavros_node-1] [INFO] [1786266343.553650168] [mavros.mavros]: Plugin rc_io initialized
[mavros_node-1] [INFO] [1786266343.579177661] [mavros.mavros]: Plugin setpoint_accel created
[mavros_node-1] [INFO] [1786266343.579254545] [mavros.mavros]: Plugin setpoint_accel initialized
[mavros_node-1] [INFO] [1786266343.608810378] [mavros.mavros]: Plugin setpoint_attitude created
[mavros_node-1] [INFO] [1786266343.608878470] [mavros.mavros]: Plugin setpoint_attitude initialized
[mavros_node-1] [INFO] [1786266343.646579938] [mavros.mavros]: Plugin setpoint_position created
[mavros_node-1] [INFO] [1786266343.646661716] [mavros.mavros]: Plugin setpoint_position initialized
[mavros_node-1] [INFO] [1786266343.682071462] [mavros.mavros]: Plugin setpoint_raw created
[mavros_node-1] [INFO] [1786266343.682195775] [mavros.mavros]: Plugin setpoint_raw initialized
[mavros_node-1] [INFO] [1786266343.714438651] [mavros.mavros]: Plugin setpoint_trajectory created
[mavros_node-1] [INFO] [1786266343.714537987] [mavros.mavros]: Plugin setpoint_trajectory initialized
[mavros_node-1] [INFO] [1786266343.741839291] [mavros.mavros]: Plugin setpoint_velocity created
[mavros_node-1] [INFO] [1786266343.741905455] [mavros.mavros]: Plugin setpoint_velocity initialized
[mavros_node-1] [INFO] [1786266343.779716236] [mavros.mavros]: Plugin sim_state created
[mavros_node-1] [INFO] [1786266343.779817554] [mavros.mavros]: Plugin sim_state initialized
[mavros_node-1] [INFO] [1786266343.839901582] [mavros.mavros]: Plugin sys_status created
[mavros_node-1] [INFO] [1786266343.840051192] [mavros.mavros]: Plugin sys_status initialized
[mavros_node-1] [INFO] [1786266343.869856084] [mavros.time]: TM: Timesync mode: MAVLINK
[mavros_node-1] [INFO] [1786266343.880452248] [mavros.mavros]: Plugin sys_time created
[mavros_node-1] [INFO] [1786266343.880572094] [mavros.mavros]: Plugin sys_time initialized
[mavros_node-1] [INFO] [1786266343.920019606] [mavros.mavros]: Plugin tdr_radio created
[mavros_node-1] [INFO] [1786266343.920101986] [mavros.mavros]: Plugin tdr_radio initialized
[mavros_node-1] [INFO] [1786266343.949319897] [mavros.mavros]: Plugin terrain created
[mavros_node-1] [INFO] [1786266343.949423397] [mavros.mavros]: Plugin terrain initialized
[mavros_node-1] [INFO] [1786266343.981141937] [mavros.mavros]: Plugin trajectory created
[mavros_node-1] [INFO] [1786266343.981304125] [mavros.mavros]: Plugin trajectory initialized
[mavros_node-1] [INFO] [1786266344.009735234] [mavros.mavros]: Plugin tunnel created
[mavros_node-1] [INFO] [1786266344.009817007] [mavros.mavros]: Plugin tunnel initialized
[mavros_node-1] [INFO] [1786266344.039268008] [mavros.mavros]: Plugin vfr_hud created
[mavros_node-1] [INFO] [1786266344.039397593] [mavros.mavros]: Plugin vfr_hud initialized
[mavros_node-1] [INFO] [1786266344.039442343] [mavros.mavros]: Plugin vibration ignored
[mavros_node-1] [INFO] [1786266344.085810646] [mavros.mavros]: Plugin vision_pose created
[mavros_node-1] [INFO] [1786266344.085907900] [mavros.mavros]: Plugin vision_pose initialized
[mavros_node-1] [INFO] [1786266344.131368864] [mavros.mavros]: Plugin vision_speed created
[mavros_node-1] [INFO] [1786266344.131512797] [mavros.mavros]: Plugin vision_speed initialized
[mavros_node-1] [INFO] [1786266344.179435596] [mavros.mavros]: Plugin waypoint created
[mavros_node-1] [INFO] [1786266344.179553466] [mavros.mavros]: Plugin waypoint initialized
[mavros_node-1] [INFO] [1786266344.179571674] [mavros.mavros]: Plugin wheel_odometry ignored
[mavros_node-1] [INFO] [1786266344.216622174] [mavros.mavros]: Plugin wind_estimation created
[mavros_node-1] [INFO] [1786266344.216719975] [mavros.mavros]: Plugin wind_estimation initialized
[mavros_node-1] [INFO] [1786266344.219990503] [mavros.mavros]: Built-in SIMD instructions: SSE, SSE2
[mavros_node-1] [INFO] [1786266344.220059109] [mavros.mavros]: Built-in MAVLink package version: 2026.3.3
[mavros_node-1] [INFO] [1786266344.220067727] [mavros.mavros]: Known MAVLink dialects: common ardupilotmega ASLUAV AVSSUAS all csAirLink cubepilot development icarous loweheiser marsh matrixpilot paparazzi standard stemstudios storm32 uAvionix ualberta
[mavros_node-1] [INFO] [1786266344.220072482] [mavros.mavros]: MAVROS UAS via /uas1 started. MY ID 255.190, TARGET ID 1.1
[mavros_node-1] [INFO] [1786266344.222883246] [mavros.imu]: IMU: Attitude quaternion IMU detected!
[mavros_node-1] [INFO] [1786266344.231594028] [mavros.imu]: IMU: High resolution IMU detected!
[mavros_node-1] [INFO] [1786266344.235315105] [mavros.rc]: RC_CHANNELS message detected!
[mavros_node-1] [INFO] [1786266344.235826187] [mavros.mavros_router]: link[1001] detected remote address 255.190
[mavros_node-1] [WARN] [1786266344.846795943] [mavros.cmd]: CMD: Unexpected command 520, result 3
[mavros_node-1] [INFO] [1786266344.935276822] [mavros.mavros]: CON: Got HEARTBEAT, connected. FCU: PX4 Autopilot
[mavros_node-1] [INFO] [1786266344.935401256] [mavros.mission]: WP: detected enable_partial_push: 0
[mavros_node-1] [INFO] [1786266344.944456914] [mavros.imu]: IMU: Attitude quaternion IMU detected!
[mavros_node-1] [INFO] [1786266344.950881146] [mavros.imu]: IMU: High resolution IMU detected!
[mavros_node-1] [INFO] [1786266344.985214135] [mavros.rc]: RC_CHANNELS message detected!
[mavros_node-1] [WARN] [1786266346.945844203] [mavros.sys]: VER: broadcast request timeout, retries left 4
[mavros_node-1] [WARN] [1786266347.976370611] [mavros.sys]: VER: broadcast request timeout, retries left 3
[mavros_node-1] [ERROR] [1786266348.958037730] [mavros.sys]: VER: command plugin service call failed!
[mavros_node-1] [WARN] [1786266348.958088575] [mavros.sys]: VER: unicast request timeout, retries left 2
[mavros_node-1] [ERROR] [1786266349.954550752] [mavros.sys]: VER: command plugin service call failed!
[mavros_node-1] [WARN] [1786266349.954696721] [mavros.sys]: VER: unicast request timeout, retries left 1
[mavros_node-1] [ERROR] [1786266350.949600151] [mavros.sys]: VER: command plugin service call failed!
[mavros_node-1] [WARN] [1786266350.949758902] [mavros.sys]: VER: unicast request timeout, retries left 0
[mavros_node-1] [ERROR] [1786266351.953202506] [mavros.sys]: VER: command plugin service call failed!
[mavros_node-1] [WARN] [1786266351.953300052] [mavros.sys]: VER: your FCU don't support AUTOPILOT_VERSION, switched to default capabilities
[mavros_node-1] [INFO] [1786266354.935866666] [mavros.home_position]: HP: requesting home position
[mavros_node-1] [INFO] [1786266359.939808997] [mavros.mission]: WP: mission received
[mavros_node-1] [INFO] [1786266364.938450511] [mavros.rallypoint]: RP: mission received
[mavros_node-1] [INFO] [1786266369.942742787] [mavros.geofence]: GF: mission received
[MAVROS and EV chain] stopping process group 76870
[MAVROS and EV chain] exited with status 143
