[MAVROS and EV chain] starting
[MAVROS and EV chain] command: ros2 launch px4_ros_com fastlio_mavros_autofix.launch.py fcu_url:=serial:///dev/ttyUSB0:921600\?ids=255\,190 start_mavros_vision_bridge:=true start_odom_guard:=true start_ev_health_monitor:=true start_tf:=true world_yaw_alignment_rad:=0.0 fastlio_odom_topic:=/planning/odom body_to_sensor_x_m:=0.0 body_to_sensor_y_m:=0.0 body_to_sensor_z_m:=0.08 body_to_fastlio_yaw_rad:=0.0
[MAVROS and EV chain] pid=48752 pgid=48752 log=/home/robot/rong_ws/ws_offboard_control/flight_records/20260812/flight_20260812_195313/logs/px4_mavros.log
[INFO] [launch]: All log files can be found below /home/robot/.ros/log/2026-08-12-19-53-54-588934-robot-48752
[INFO] [launch]: Default logging verbosity is set to INFO
[INFO] [mavros_node-1]: process started with pid [48798]
[INFO] [fastlio_odometry_guard-2]: process started with pid [48800]
[INFO] [fastlio_ev_health_monitor.py-3]: process started with pid [48802]
[INFO] [fix_mavros_odometry_frames.py-4]: process started with pid [48804]
[INFO] [fastlio_mavros_vision_bridge-5]: process started with pid [48806]
[INFO] [static_transform_publisher-6]: process started with pid [48808]
[INFO] [static_transform_publisher-7]: process started with pid [48810]
[INFO] [static_transform_publisher-8]: process started with pid [48815]
[fastlio_odometry_guard-2] [INFO] [1786535635.203774903] [fastlio_odometry_guard]: Guarding odometry /planning/odom -> /Odometry/guarded (jump=0.30m, xy=0.20m, z=0.10m, speed=1.20m/s, unknown angular variance>=100000)
[static_transform_publisher-6] [INFO] [1786535635.204151240] [base_link_to_body]: Spinning until stopped - publishing transform
[static_transform_publisher-6] translation: ('0.000000', '0.000000', '0.080000')
[static_transform_publisher-6] rotation: ('0.000000', '0.000000', '-0.000000', '1.000000')
[static_transform_publisher-6] from 'base_link' to 'body'
[fastlio_mavros_vision_bridge-5] [INFO] [1786535635.284825095] [fastlio_mavros_vision_bridge]: Bridging /Odometry/healthy -> /mavros/vision_pose/pose_cov + vision_speed for MAVROS vision input; body->FAST-LIO origin in body FLU=(0.0000, 0.0000, 0.0800) m, R_FASTLIO_body yaw=0.000000 rad, world yaw alignment=0.000000 rad
[mavros_node-1] [INFO] [1786535635.364554532] [mavros.mavros_node]: Starting mavros_node container
[mavros_node-1] [INFO] [1786535635.364782656] [mavros.mavros_node]: FCU URL: serial:///dev/ttyUSB0:921600?ids=255,190
[mavros_node-1] [INFO] [1786535635.364795944] [mavros.mavros_node]: GCS URL: 
[mavros_node-1] [INFO] [1786535635.364802385] [mavros.mavros_node]: UAS Prefix: /uas1
[mavros_node-1] [INFO] [1786535635.364808729] [mavros.mavros_node]: Starting mavros router node
[static_transform_publisher-8] [INFO] [1786535635.388434142] [body_to_body_frd]: Spinning until stopped - publishing transform
[static_transform_publisher-8] translation: ('0.000000', '0.000000', '0.000000')
[static_transform_publisher-8] rotation: ('1.000000', '0.000000', '0.000000', '0.000000')
[static_transform_publisher-8] from 'body' to 'body_frd'
[static_transform_publisher-7] [INFO] [1786535635.413497144] [camera_init_to_camera_init_ned]: Spinning until stopped - publishing transform
[static_transform_publisher-7] translation: ('0.000000', '0.000000', '0.000000')
[static_transform_publisher-7] rotation: ('0.707107', '0.707107', '0.000000', '0.000000')
[static_transform_publisher-7] from 'camera_init' to 'camera_init_ned'
[mavros_node-1] [INFO] [1786535635.474187745] [mavros.mavros_router]: Built-in SIMD instructions: SSE, SSE2
[mavros_node-1] [INFO] [1786535635.474233187] [mavros.mavros_router]: Built-in MAVLink package version: 2026.3.3
[mavros_node-1] [INFO] [1786535635.474247904] [mavros.mavros_router]: Known MAVLink dialects: common ardupilotmega ASLUAV AVSSUAS all csAirLink cubepilot development icarous loweheiser marsh matrixpilot paparazzi standard stemstudios storm32 uAvionix ualberta
[mavros_node-1] [INFO] [1786535635.474254115] [mavros.mavros_router]: MAVROS Router started
[mavros_node-1] [INFO] [1786535635.474408674] [mavros.mavros_node]: Starting mavros uas node
[fix_mavros_odometry_frames.py-4] [INFO] [1786535635.542115386] [fix_mavros_odometry_frames]: Waiting for /mavros/odometry parameter service...
[fastlio_ev_health_monitor.py-3] [INFO] [1786535635.566125365] [fastlio_ev_health_monitor]: EV health gate /planning/odom -> /Odometry/healthy; compare /mavros/local_position/velocity_local in PX4 local NED; status=/ev_health/status, diagnostics=/ev_health/diagnostics
[fastlio_ev_health_monitor.py-3] [WARN] [1786535635.573210076] [fastlio_ev_health_monitor]: EV health state=SUSPECT: px4_velocity_unaligned
[mavros_node-1] [INFO] [1786535635.581686228] [mavros.mavros_router]: Requested to add endpoint: type: 0, url: serial:///dev/ttyUSB0:921600?ids=255,190
[mavros_node-1] [INFO] [1786535635.581854875] [mavros.mavros_router]: Endpoint link[1000] created
[mavros_node-1] [INFO] [1786535635.583381317] [mavros.mavros_router]: link[1000] opened successfully
[mavros_node-1] [INFO] [1786535635.583451892] [mavros.mavros_router]: Requested to add endpoint: type: 2, url: /uas1
[mavros_node-1] [INFO] [1786535635.583511346] [mavros.mavros_router]: Endpoint link[1001] created
[mavros_node-1] [INFO] [1786535635.583786019] [mavros.mavros_router]: link[1000] detected remote address 1.1
[mavros_node-1] [INFO] [1786535635.588897873] [mavros.mavros_router]: link[1001] opened successfully
[mavros_node-1] [INFO] [1786535635.591601959] [mavros.mavros]: UAS Executor started, threads: 16
[mavros_node-1] [INFO] [1786535635.591684593] [mavros.mavros]: Plugin actuator_control ignored
[mavros_node-1] [INFO] [1786535635.591849465] [mavros.mavros]: Plugin adsb ignored
[mavros_node-1] [INFO] [1786535635.591865153] [mavros.mavros]: Plugin altitude ignored
[mavros_node-1] [INFO] [1786535635.591882981] [mavros.mavros]: Plugin cam_imu_sync ignored
[mavros_node-1] [INFO] [1786535635.591897937] [mavros.mavros]: Plugin camera ignored
[mavros_node-1] [INFO] [1786535635.591910072] [mavros.mavros]: Plugin cellular_status ignored
[mavros_node-1] [INFO] [1786535635.673452713] [mavros.mavros]: Plugin command created
[mavros_node-1] [INFO] [1786535635.673764618] [mavros.mavros]: Plugin command initialized
[mavros_node-1] [INFO] [1786535635.673788600] [mavros.mavros]: Plugin companion_process_status ignored
[mavros_node-1] [INFO] [1786535635.673797599] [mavros.mavros]: Plugin debug_value ignored
[mavros_node-1] [INFO] [1786535635.673803281] [mavros.mavros]: Plugin distance_sensor ignored
[mavros_node-1] [INFO] [1786535635.673808389] [mavros.mavros]: Plugin esc_status ignored
[mavros_node-1] [INFO] [1786535635.673812357] [mavros.mavros]: Plugin esc_telemetry ignored
[mavros_node-1] [INFO] [1786535635.673816495] [mavros.mavros]: Plugin fake_gps ignored
[mavros_node-1] [INFO] [1786535635.673821940] [mavros.mavros]: Plugin ftp ignored
[mavros_node-1] [INFO] [1786535635.673825511] [mavros.mavros]: Plugin geofence ignored
[mavros_node-1] [INFO] [1786535635.673829701] [mavros.mavros]: Plugin gimbal_control ignored
[mavros_node-1] [INFO] [1786535635.673833182] [mavros.mavros]: Plugin global_position ignored
[mavros_node-1] [INFO] [1786535635.673837765] [mavros.mavros]: Plugin gps_input ignored
[mavros_node-1] [INFO] [1786535635.673842084] [mavros.mavros]: Plugin gps_rtk ignored
[mavros_node-1] [INFO] [1786535635.673848049] [mavros.mavros]: Plugin gps_status ignored
[mavros_node-1] [INFO] [1786535635.673863913] [mavros.mavros]: Plugin guided_target ignored
[mavros_node-1] [INFO] [1786535635.673867534] [mavros.mavros]: Plugin hil ignored
[mavros_node-1] [INFO] [1786535635.673871447] [mavros.mavros]: Plugin home_position ignored
[mavros_node-1] [INFO] [1786535635.715709718] [mavros.mavros]: Plugin imu created
[mavros_node-1] [INFO] [1786535635.715940006] [mavros.mavros]: Plugin imu initialized
[mavros_node-1] [INFO] [1786535635.715975575] [mavros.mavros]: Plugin landing_target ignored
[mavros_node-1] [INFO] [1786535635.764245346] [mavros.mavros]: Plugin local_position created
[mavros_node-1] [INFO] [1786535635.764422081] [mavros.mavros]: Plugin local_position initialized
[mavros_node-1] [INFO] [1786535635.764443041] [mavros.mavros]: Plugin log_transfer ignored
[mavros_node-1] [INFO] [1786535635.764449078] [mavros.mavros]: Plugin mag_calibration_status ignored
[mavros_node-1] [INFO] [1786535635.764456312] [mavros.mavros]: Plugin manual_control ignored
[mavros_node-1] [INFO] [1786535635.764580467] [mavros.mavros]: Plugin mocap_pose_estimate ignored
[mavros_node-1] [INFO] [1786535635.764588702] [mavros.mavros]: Plugin mount_control ignored
[mavros_node-1] [INFO] [1786535635.764594735] [mavros.mavros]: Plugin nav_controller_output ignored
[mavros_node-1] [INFO] [1786535635.764603658] [mavros.mavros]: Plugin obstacle_distance ignored
[mavros_node-1] [INFO] [1786535635.764609302] [mavros.mavros]: Plugin obstacle_distance_3d ignored
[mavros_node-1] [INFO] [1786535635.808580636] [mavros.mavros]: Plugin odometry created
[mavros_node-1] [INFO] [1786535635.808699926] [mavros.mavros]: Plugin odometry initialized
[mavros_node-1] [INFO] [1786535635.808718849] [mavros.mavros]: Plugin onboard_computer_status ignored
[mavros_node-1] [INFO] [1786535635.808728345] [mavros.mavros]: Plugin open_drone_id ignored
[mavros_node-1] [INFO] [1786535635.808737000] [mavros.mavros]: Plugin optical_flow ignored
[mavros_node-1] [INFO] [1786535635.808744950] [mavros.mavros]: Plugin param ignored
[mavros_node-1] [INFO] [1786535635.808754360] [mavros.mavros]: Plugin play_tune ignored
[mavros_node-1] [INFO] [1786535635.808762779] [mavros.mavros]: Plugin px4flow ignored
[mavros_node-1] [INFO] [1786535635.808768847] [mavros.mavros]: Plugin rallypoint ignored
[mavros_node-1] [INFO] [1786535635.808775549] [mavros.mavros]: Plugin rangefinder ignored
[mavros_node-1] [INFO] [1786535635.808782183] [mavros.mavros]: Plugin rc_io ignored
[mavros_node-1] [INFO] [1786535635.808788613] [mavros.mavros]: Plugin setpoint_accel ignored
[mavros_node-1] [INFO] [1786535635.808796460] [mavros.mavros]: Plugin setpoint_attitude ignored
[mavros_node-1] [INFO] [1786535635.808803142] [mavros.mavros]: Plugin setpoint_position ignored
[mavros_node-1] [INFO] [1786535635.860334509] [mavros.mavros]: Plugin setpoint_raw created
[mavros_node-1] [INFO] [1786535635.860665975] [mavros.mavros]: Plugin setpoint_raw initialized
[mavros_node-1] [INFO] [1786535635.860693315] [mavros.mavros]: Plugin setpoint_trajectory ignored
[mavros_node-1] [INFO] [1786535635.860700451] [mavros.mavros]: Plugin setpoint_velocity ignored
[mavros_node-1] [INFO] [1786535635.860706413] [mavros.mavros]: Plugin sim_state ignored
[mavros_node-1] [INFO] [1786535635.928720207] [mavros.mavros]: Plugin sys_status created
[mavros_node-1] [INFO] [1786535635.928835423] [mavros.mavros]: Plugin sys_status initialized
[fastlio_ev_health_monitor.py-3] [WARN] [1786535635.932186473] [fastlio_ev_health_monitor]: EV health state=FAULT: px4_velocity_timeout
[mavros_node-1] [INFO] [1786535635.953080594] [mavros.time]: TM: Timesync mode: MAVLINK
[mavros_node-1] [INFO] [1786535635.960674602] [mavros.mavros]: Plugin sys_time created
[mavros_node-1] [INFO] [1786535635.960949937] [mavros.mavros]: Plugin sys_time initialized
[mavros_node-1] [INFO] [1786535635.961002750] [mavros.mavros]: Plugin tdr_radio ignored
[mavros_node-1] [INFO] [1786535635.961017898] [mavros.mavros]: Plugin terrain ignored
[mavros_node-1] [INFO] [1786535635.961032676] [mavros.mavros]: Plugin trajectory ignored
[mavros_node-1] [INFO] [1786535635.961402672] [mavros.mavros]: Plugin tunnel ignored
[mavros_node-1] [INFO] [1786535635.961428564] [mavros.mavros]: Plugin vfr_hud ignored
[mavros_node-1] [INFO] [1786535635.961441986] [mavros.mavros]: Plugin vibration ignored
[mavros_node-1] [INFO] [1786535635.999318523] [mavros.mavros]: Plugin vision_pose created
[mavros_node-1] [INFO] [1786535635.999485830] [mavros.mavros]: Plugin vision_pose initialized
[mavros_node-1] [INFO] [1786535636.053640966] [mavros.mavros]: Plugin vision_speed created
[mavros_node-1] [INFO] [1786535636.053741538] [mavros.mavros]: Plugin vision_speed initialized
[mavros_node-1] [INFO] [1786535636.053763648] [mavros.mavros]: Plugin waypoint ignored
[mavros_node-1] [INFO] [1786535636.053775811] [mavros.mavros]: Plugin wheel_odometry ignored
[mavros_node-1] [INFO] [1786535636.053787772] [mavros.mavros]: Plugin wind_estimation ignored
[mavros_node-1] [INFO] [1786535636.059694519] [mavros.mavros]: Built-in SIMD instructions: SSE, SSE2
[mavros_node-1] [INFO] [1786535636.059803130] [mavros.mavros]: Built-in MAVLink package version: 2026.3.3
[mavros_node-1] [INFO] [1786535636.059821769] [mavros.mavros]: Known MAVLink dialects: common ardupilotmega ASLUAV AVSSUAS all csAirLink cubepilot development icarous loweheiser marsh matrixpilot paparazzi standard stemstudios storm32 uAvionix ualberta
[mavros_node-1] [INFO] [1786535636.059832868] [mavros.mavros]: MAVROS UAS via /uas1 started. MY ID 255.190, TARGET ID 1.1
[mavros_node-1] [INFO] [1786535636.064872063] [mavros.imu]: IMU: High resolution IMU detected!
[mavros_node-1] [INFO] [1786535636.067024404] [mavros.imu]: IMU: Attitude quaternion IMU detected!
[mavros_node-1] [INFO] [1786535636.151144351] [mavros.mavros_router]: link[1001] detected remote address 255.190
[fix_mavros_odometry_frames.py-4] [INFO] [1786535636.296120881] [fix_mavros_odometry_frames]: Setting MAVROS odometry target frames to odom/base_link.
[fix_mavros_odometry_frames.py-4] [INFO] [1786535636.300577531] [fix_mavros_odometry_frames]: MAVROS odometry frame targets updated successfully.
[INFO] [fix_mavros_odometry_frames.py-4]: process has finished cleanly [pid 48804]
[mavros_node-1] [INFO] [1786535636.649591955] [mavros.mavros]: CON: Got HEARTBEAT, connected. FCU: PX4 Autopilot
[mavros_node-1] [INFO] [1786535636.665380091] [mavros.imu]: IMU: High resolution IMU detected!
[mavros_node-1] [INFO] [1786535636.667591894] [mavros.imu]: IMU: Attitude quaternion IMU detected!
[mavros_node-1] [WARN] [1786535637.696147397] [mavros.cmd]: CMD: Unexpected command 520, result 3
[fastlio_ev_health_monitor.py-3] [INFO] [1786535638.336942559] [fastlio_ev_health_monitor]: EV health state=HEALTHY: ok
[mavros_node-1] [WARN] [1786535638.653310866] [mavros.sys]: VER: broadcast request timeout, retries left 4
[mavros_node-1] [WARN] [1786535639.633256885] [mavros.sys]: FCU: UNK(8): EVENT 11047904 with args -0-128-0-16-1-0-0-0-0-0-0-0-0-199-191-127-128-0-0-0-0-0-0-0-0-0-0-0-0-0-0-0-0-0-0-0-0-0-0-0-
[mavros_node-1] [ERROR] [1786535639.633484274] [mavros.sys]: FCU: EVENT 9077977 with args -255-255-255-255-7-0-0-0-0-0-0-0-0-0-0-0-0-0-0-0-0-0-0-0-0-0-0-0-0-0-0-0-0-0-0-0-0-0-0-0-
[mavros_node-1] [ERROR] [1786535639.633649702] [mavros.sys]: FCU: EVENT 11464574 with args -0-64-0-0-20-0-0-0-0-0-0-0-0-0-0-0-0-0-0-0-0-0-0-0-0-0-0-0-0-0-0-0-0-0-0-0-0-0-0-0-
[mavros_node-1] [ERROR] [1786535639.633772354] [mavros.sys]: FCU: EVENT 10011251 with args -56-0-0-0-24-0-0-0-0-0-0-0-0-0-0-0-0-0-0-0-0-0-0-0-0-0-0-0-0-0-0-0-0-0-0-0-0-0-0-0-
[mavros_node-1] [INFO] [1786535639.633886072] [mavros.sys]: FCU: EVENT 377561 with args -8-0-0-0-20-0-0-0-0-0-0-0-0-0-0-0-0-0-0-0-0-0-0-0-0-0-0-0-0-0-0-0-0-0-0-0-0-0-0-0-
[mavros_node-1] [INFO] [1786535639.633976737] [mavros.sys]: FCU: EVENT 79408 with args -32-0-0-0-20-0-0-0-0-0-0-0-0-0-0-0-0-0-0-0-0-0-0-0-0-0-0-0-0-0-0-0-0-0-0-0-0-0-0-0-
[mavros_node-1] [WARN] [1786535639.634939211] [mavros.sys]: FCU: UNK(8): EVENT 1914663 with args -0-130-16-2-48-0-0-0-0-0-0-0-0-0-0-0-0-0-0-0-0-0-0-0-0-0-0-0-0-0-0-0-0-0-0-0-0-0-0-0-
[mavros_node-1] [WARN] [1786535639.651941624] [mavros.sys]: VER: broadcast request timeout, retries left 3
[mavros_node-1] [ERROR] [1786535640.661483279] [mavros.sys]: VER: command plugin service call failed!
[mavros_node-1] [WARN] [1786535640.661592320] [mavros.sys]: VER: unicast request timeout, retries left 2
[mavros_node-1] [ERROR] [1786535641.659603877] [mavros.sys]: VER: command plugin service call failed!
[mavros_node-1] [WARN] [1786535641.659768041] [mavros.sys]: VER: unicast request timeout, retries left 1
[mavros_node-1] [ERROR] [1786535642.661495002] [mavros.sys]: VER: command plugin service call failed!
[mavros_node-1] [WARN] [1786535642.661599624] [mavros.sys]: VER: unicast request timeout, retries left 0
[mavros_node-1] [ERROR] [1786535643.663234518] [mavros.sys]: VER: command plugin service call failed!
[mavros_node-1] [WARN] [1786535643.663314110] [mavros.sys]: VER: your FCU don't support AUTOPILOT_VERSION, switched to default capabilities
[mavros_node-1] [WARN] [1786535645.886369342] [mavros.sys]: FCU: UNK(8): EVENT 11047904 with args -0-128-0-0-1-0-0-0-0-0-0-0-0-199-255-127-128-0-0-0-0-0-0-0-0-0-0-0-0-0-0-0-0-0-0-0-0-0-0-0-
[mavros_node-1] [ERROR] [1786535645.886783502] [mavros.sys]: FCU: EVENT 9077977 with args -255-255-255-255-7-0-0-0-0-0-0-0-0-0-0-0-0-0-0-0-0-0-0-0-0-0-0-0-0-0-0-0-0-0-0-0-0-0-0-0-
[mavros_node-1] [ERROR] [1786535645.887117192] [mavros.sys]: FCU: EVENT 10011251 with args -56-0-0-0-24-0-0-0-0-0-0-0-0-0-0-0-0-0-0-0-0-0-0-0-0-0-0-0-0-0-0-0-0-0-0-0-0-0-0-0-
[mavros_node-1] [INFO] [1786535645.887343761] [mavros.sys]: FCU: EVENT 377561 with args -8-0-0-0-20-0-0-0-0-0-0-0-0-0-0-0-0-0-0-0-0-0-0-0-0-0-0-0-0-0-0-0-0-0-0-0-0-0-0-0-
[mavros_node-1] [INFO] [1786535645.887785535] [mavros.sys]: FCU: EVENT 79408 with args -32-0-0-0-20-0-0-0-0-0-0-0-0-0-0-0-0-0-0-0-0-0-0-0-0-0-0-0-0-0-0-0-0-0-0-0-0-0-0-0-
[mavros_node-1] [WARN] [1786535645.887893097] [mavros.sys]: FCU: UNK(8): EVENT 1914663 with args -0-130-16-2-48-0-0-0-0-0-0-0-0-0-0-0-0-0-0-0-0-0-0-0-0-0-0-0-0-0-0-0-0-0-0-0-0-0-0-0-
[fastlio_ev_health_monitor.py-3] [WARN] [1786535663.140394871] [fastlio_ev_health_monitor]: EV health state=SUSPECT: px4_velocity_unaligned
[mavros_node-1] [WARN] [1786535664.205336231] [mavros.sys]: FCU: UNK(8): EVENT 11047904 with args -0-128-0-16-1-0-0-0-0-0-0-0-0-199-191-127-128-0-0-0-0-0-0-0-0-0-0-0-0-0-0-0-0-0-0-0-0-0-0-0-
[mavros_node-1] [ERROR] [1786535664.205696336] [mavros.sys]: FCU: EVENT 9077977 with args -255-255-255-255-7-0-0-0-0-0-0-0-0-0-0-0-0-0-0-0-0-0-0-0-0-0-0-0-0-0-0-0-0-0-0-0-0-0-0-0-
[mavros_node-1] [ERROR] [1786535664.206040152] [mavros.sys]: FCU: EVENT 11464574 with args -0-64-0-0-20-0-0-0-0-0-0-0-0-0-0-0-0-0-0-0-0-0-0-0-0-0-0-0-0-0-0-0-0-0-0-0-0-0-0-0-
[mavros_node-1] [ERROR] [1786535664.206654176] [mavros.sys]: FCU: EVENT 10011251 with args -56-0-0-0-24-0-0-0-0-0-0-0-0-0-0-0-0-0-0-0-0-0-0-0-0-0-0-0-0-0-0-0-0-0-0-0-0-0-0-0-
[mavros_node-1] [INFO] [1786535664.206888606] [mavros.sys]: FCU: EVENT 377561 with args -8-0-0-0-20-0-0-0-0-0-0-0-0-0-0-0-0-0-0-0-0-0-0-0-0-0-0-0-0-0-0-0-0-0-0-0-0-0-0-0-
[mavros_node-1] [INFO] [1786535664.207020565] [mavros.sys]: FCU: EVENT 79408 with args -32-0-0-0-20-0-0-0-0-0-0-0-0-0-0-0-0-0-0-0-0-0-0-0-0-0-0-0-0-0-0-0-0-0-0-0-0-0-0-0-
[mavros_node-1] [WARN] [1786535664.208443124] [mavros.sys]: FCU: UNK(8): EVENT 1914663 with args -0-130-16-2-48-0-0-0-0-0-0-0-0-0-0-0-0-0-0-0-0-0-0-0-0-0-0-0-0-0-0-0-0-0-0-0-0-0-0-0-
[fastlio_ev_health_monitor.py-3] [INFO] [1786535665.339157379] [fastlio_ev_health_monitor]: EV health state=HEALTHY: ok
[mavros_node-1] [WARN] [1786535672.886391769] [mavros.sys]: FCU: UNK(8): EVENT 11047904 with args -0-128-0-0-1-0-0-0-0-0-0-0-0-199-255-127-128-0-0-0-0-0-0-0-0-0-0-0-0-0-0-0-0-0-0-0-0-0-0-0-
[mavros_node-1] [ERROR] [1786535672.886605086] [mavros.sys]: FCU: EVENT 9077977 with args -255-255-255-255-7-0-0-0-0-0-0-0-0-0-0-0-0-0-0-0-0-0-0-0-0-0-0-0-0-0-0-0-0-0-0-0-0-0-0-0-
[mavros_node-1] [ERROR] [1786535672.886854155] [mavros.sys]: FCU: EVENT 10011251 with args -56-0-0-0-24-0-0-0-0-0-0-0-0-0-0-0-0-0-0-0-0-0-0-0-0-0-0-0-0-0-0-0-0-0-0-0-0-0-0-0-
[mavros_node-1] [INFO] [1786535672.887155094] [mavros.sys]: FCU: EVENT 377561 with args -8-0-0-0-20-0-0-0-0-0-0-0-0-0-0-0-0-0-0-0-0-0-0-0-0-0-0-0-0-0-0-0-0-0-0-0-0-0-0-0-
[mavros_node-1] [INFO] [1786535672.887527650] [mavros.sys]: FCU: EVENT 79408 with args -32-0-0-0-20-0-0-0-0-0-0-0-0-0-0-0-0-0-0-0-0-0-0-0-0-0-0-0-0-0-0-0-0-0-0-0-0-0-0-0-
[mavros_node-1] [WARN] [1786535672.887655940] [mavros.sys]: FCU: UNK(8): EVENT 1914663 with args -0-130-16-2-48-0-0-0-0-0-0-0-0-0-0-0-0-0-0-0-0-0-0-0-0-0-0-0-0-0-0-0-0-0-0-0-0-0-0-0-
[MAVROS and EV chain] 正在停止进程组 48752
[MAVROS and EV chain] 已退出，状态码 143
