[INFO] 启动前环境清理...
[清理] 环境干净：所选类别下没有遗留进程。
MID360 杆臂校验通过（机体 FLU，控制中心 -> FAST-LIO 原点）：x=0.0 m y=0.0 m z=0.08 m；R_FASTLIO_body yaw=0.0 rad
[INFO] Running canonical preflight check...
Checking offboard autostart prerequisites...
MID360 杆臂校验通过（机体 FLU，控制中心 -> FAST-LIO 原点）：x=0.0 m y=0.0 m z=0.08 m；R_FASTLIO_body yaw=0.0 rad
STRUCTURAL_EV_ENTRY_CONTRACT=PASS
LAUNCH_AST_PARSE_RESULT=PASS
SELECTED_VISION_NODE_IDENTITY=package=px4_ros_com,executable=fastlio_mavros_vision_bridge,name=fastlio_mavros_vision_bridge
VISION_CONDITION_BINDING_RESULT=PASS
VISION_INPUT_BINDING_RESULT=PASS:/Odometry/healthy
VISION_RESTAMP_RESULT=PASS:false
VISION_LEVER_ARM_BINDING_RESULT=PASS:body_FLU_control_center_to_FAST_LIO
VISION_WORLD_YAW_BINDING_RESULT=PASS:one_alignment_for_position_and_attitude
PHYSICAL_BODY_TF_RESULT=PASS:base_link_to_FAST_LIO_body
LAUNCH_DEFAULTS_RESULT=PASS:start_mavros_vision_bridge=true
SINGLE_EV_WRITER_RESULT=PASS:single_ev_node_in_source
STACK_COMMAND_TOKEN_BINDING_RESULT=PASS
Autostart prerequisites look ready.
[INFO] Flight run directory: /home/robot/rong_ws/ws_offboard_control/flight_records/20260811/flight_20260811_173453
[INFO] Planner=astar_ego, mission=false, output=true, manual_handover=true, rviz=true
[INFO] Recognition=false, rosbag=true, readiness_timeout=90s
[INFO] MID-360 to FAST-LIO minimum startup delay=4s
[INFO] Component windows=false (one GNOME Terminal window per component)
[INFO] Map: /home/robot/rong_ws/ws_offboard_control/maps/fastlio_global_3d_20260810/GlobalMap_去顶端_z3m.pcd (auto_load=true)
[INFO] MID360 body-to-sensor FLU: x=0.0 m, y=0.0 m, z=0.08 m, yaw=0.0 rad
[WARN] Horizontal-drift and takeoff-transient guards are absent. Keep manual RC takeover available.
[INFO] Starting navigation stack (prewarm) in its own terminal window; log=/home/robot/rong_ws/ws_offboard_control/flight_records/20260811/flight_20260811_173453/logs/navigation.log
正在等待 message：/race/control/status（超时 90s）
已就绪：收到来自 /race/control/status 的真实消息
正在等待 topic：/saved_map（超时 90s）
Ready: topic /saved_map has a publisher
[INFO] Starting MID-360 driver in its own terminal window; log=/home/robot/rong_ws/ws_offboard_control/flight_records/20260811/flight_20260811_173453/logs/mid360_driver.log
[INFO] Waiting 4s after MID-360 startup before FAST-LIO...
正在等待 message：/livox/imu（超时 90s）
已就绪：收到来自 /livox/imu 的真实消息
正在等待 message：/livox/lidar（超时 90s）
已就绪：收到来自 /livox/lidar 的真实消息
[INFO] Starting FAST-LIO in its own terminal window; log=/home/robot/rong_ws/ws_offboard_control/flight_records/20260811/flight_20260811_173453/logs/fastlio.log
正在等待 message：/Odometry（超时 90s）
已就绪：收到来自 /Odometry 的真实消息
[INFO] Starting MAVROS and EV chain in its own terminal window; log=/home/robot/rong_ws/ws_offboard_control/flight_records/20260811/flight_20260811_173453/logs/px4_mavros.log
正在等待 mavros_connected：/mavros/state（超时 90s）
就绪等待超时：mode=mavros_connected, topic=/mavros/state, timeout=90s
[ERROR] Component 'px4_mavros' is not ready. Log: /home/robot/rong_ws/ws_offboard_control/flight_records/20260811/flight_20260811_173453/logs/px4_mavros.log
[ERROR] Last 30 log lines from 'px4_mavros':
[mavros_node-1] [INFO] [1786440925.106292735] [mavros.mavros]: Plugin log_transfer created
[mavros_node-1] [INFO] [1786440925.106386646] [mavros.mavros]: Plugin log_transfer initialized
[mavros_node-1] [INFO] [1786440925.530688498] [mavros.mavros]: Plugin mag_calibration_status created
[mavros_node-1] [INFO] [1786440925.530763448] [mavros.mavros]: Plugin mag_calibration_status initialized
[fix_mavros_odometry_frames.py-4] [ERROR] [1786440927.415961293] [fix_mavros_odometry_frames]: Timed out waiting for /mavros/odometry parameter service.
[ERROR] [fix_mavros_odometry_frames.py-4]: process has died [pid 19840, exit code 1, cmd '/home/robot/rong_ws/ws_offboard_control/install/px4_ros_com/lib/px4_ros_com/fix_mavros_odometry_frames.py --ros-args -r __node:=fix_mavros_odometry_frames --params-file /tmp/launch_params_4q07d9g0'].
[mavros_node-1] [INFO] [1786440931.496929418] [mavros.mavros]: Plugin manual_control created
[mavros_node-1] [INFO] [1786440931.497180455] [mavros.mavros]: Plugin manual_control initialized
[mavros_node-1] [INFO] [1786440931.688429503] [mavros.mavros]: Plugin mocap_pose_estimate created
[mavros_node-1] [INFO] [1786440931.688640472] [mavros.mavros]: Plugin mocap_pose_estimate initialized
[mavros_node-1] [INFO] [1786440931.799416814] [mavros.mavros]: Plugin mount_control created
[mavros_node-1] [INFO] [1786440931.799536924] [mavros.mavros]: Plugin mount_control initialized
[mavros_node-1] [INFO] [1786440931.848660079] [mavros.mavros]: Plugin nav_controller_output created
[mavros_node-1] [INFO] [1786440931.848850848] [mavros.mavros]: Plugin nav_controller_output initialized
[mavros_node-1] [INFO] [1786440931.899859712] [mavros.mavros]: Plugin obstacle_distance created
[mavros_node-1] [INFO] [1786440931.900001305] [mavros.mavros]: Plugin obstacle_distance initialized
[mavros_node-1] [INFO] [1786440931.939253212] [mavros.mavros]: Plugin obstacle_distance_3d created
[mavros_node-1] [INFO] [1786440931.939375790] [mavros.mavros]: Plugin obstacle_distance_3d initialized
[mavros_node-1] [INFO] [1786440932.311678443] [mavros.mavros]: Plugin odometry created
[mavros_node-1] [INFO] [1786440932.311948727] [mavros.mavros]: Plugin odometry initialized
[mavros_node-1] [INFO] [1786440940.176994519] [mavros.mavros]: Plugin onboard_computer_status created
[mavros_node-1] [INFO] [1786440940.177094599] [mavros.mavros]: Plugin onboard_computer_status initialized
[mavros_node-1] [INFO] [1786440948.998597283] [mavros.mavros]: Plugin open_drone_id created
[mavros_node-1] [INFO] [1786440948.998719418] [mavros.mavros]: Plugin open_drone_id initialized
[mavros_node-1] [INFO] [1786440962.017559281] [mavros.mavros]: Plugin optical_flow created
[mavros_node-1] [INFO] [1786440962.017711740] [mavros.mavros]: Plugin optical_flow initialized
[mavros_node-1] [INFO] [1786440968.350509351] [mavros.mavros]: Plugin param created
[mavros_node-1] [INFO] [1786440968.352843492] [mavros.mavros]: Plugin param initialized
[mavros_node-1] [INFO] [1786441002.435745740] [mavros.mavros]: Plugin play_tune created
[mavros_node-1] [INFO] [1786441002.435866680] [mavros.mavros]: Plugin play_tune initialized
[WARN] Stopping components started by this run...
