[debug rosbag] starting
[debug rosbag] command: env FLIGHT_TIMESTAMP=20260812_042232 FLIGHT_RUN_DIR=/home/robot/rong_ws/ws_offboard_control/flight_records/20260812/flight_20260812_042232 /home/robot/rong_ws/ws_offboard_control/tools/rosbag/开始录包.sh
[debug rosbag] pid=6877 pgid=6877 log=/home/robot/rong_ws/ws_offboard_control/flight_records/20260812/flight_20260812_042232/logs/rosbag_debug.log
本场次目录：/home/robot/rong_ws/ws_offboard_control/flight_records/20260812/flight_20260812_042232
参数快照目录：/home/robot/rong_ws/ws_offboard_control/flight_records/20260812/flight_20260812_042232/snapshot
录包输出目录：/home/robot/rong_ws/ws_offboard_control/flight_records/20260812/flight_20260812_042232/rosbag
是否录制完整配准点云：false
在本终端按 Ctrl+C 停止录包。
stdin is not a terminal device. Keyboard handling disabled.[INFO] [1786479791.859283697] [rosbag2_recorder]: Press SPACE for pausing/resuming
[INFO] [1786479791.862192192] [rosbag2_storage]: Opened database '/home/robot/rong_ws/ws_offboard_control/flight_records/20260812/flight_20260812_042232/rosbag/rosbag_0.db3' for READ_WRITE.
[INFO] [1786479791.866385802] [rosbag2_recorder]: Listening for topics...
[INFO] [1786479791.866406977] [rosbag2_recorder]: Event publisher thread: Starting
[INFO] [1786479791.872281319] [rosbag2_recorder]: Subscribed to topic '/race/pose'
[INFO] [1786479791.874641512] [rosbag2_recorder]: Subscribed to topic '/race/odom'
[INFO] [1786479791.877248541] [rosbag2_recorder]: Subscribed to topic '/race/control/status'
[INFO] [1786479791.881120002] [rosbag2_recorder]: Subscribed to topic '/mavros/setpoint_raw/local'
[INFO] [1786479791.881302242] [rosbag2_recorder]: Recording...
[INFO] [1786479791.983747207] [rosbag2_recorder]: Subscribed to topic '/Odometry'
[INFO] [1786479791.984610427] [rosbag2_recorder]: Subscribed to topic '/path'
[INFO] [1786479792.591695998] [rosbag2_recorder]: Subscribed to topic '/race/global_planner/status'
[INFO] [1786479792.594128642] [rosbag2_recorder]: Subscribed to topic '/race/navigation_setpoint'
[INFO] [1786479792.598031068] [rosbag2_recorder]: Subscribed to topic '/race/planner/status'
[INFO] [1786479792.599404687] [rosbag2_recorder]: Subscribed to topic '/race/super_planner/raw_path'
[INFO] [1786479794.015842376] [rosbag2_recorder]: Subscribed to topic '/mavros/vision_pose/pose_cov'
[INFO] [1786479794.016948638] [rosbag2_recorder]: Subscribed to topic '/mavros/vision_speed/speed_twist_cov'
[INFO] [1786479794.017943479] [rosbag2_recorder]: Subscribed to topic '/mavros/state'
[INFO] [1786479794.018950576] [rosbag2_recorder]: Subscribed to topic '/mavros/local_position/velocity_body'
[INFO] [1786479794.019680097] [rosbag2_recorder]: Subscribed to topic '/mavros/setpoint_raw/target_local'
[INFO] [1786479794.020433878] [rosbag2_recorder]: Subscribed to topic '/mavros/local_position/velocity_local'
[INFO] [1786479794.021599225] [rosbag2_recorder]: Subscribed to topic '/mavros/local_position/odom'
[INFO] [1786479794.023147991] [rosbag2_recorder]: Subscribed to topic '/mavros/estimator_status'
[INFO] [1786479794.024410990] [rosbag2_recorder]: Subscribed to topic '/Odometry/guarded'
[INFO] [1786479794.025669112] [rosbag2_recorder]: Subscribed to topic '/mavros/local_position/pose'
[INFO] [1786479794.233582591] [rosbag2_recorder]: Subscribed to topic '/ev_health/velocity_ned'
[INFO] [1786479794.235548696] [rosbag2_recorder]: Subscribed to topic '/ev_health/diagnostics'
[INFO] [1786479794.236793433] [rosbag2_recorder]: Subscribed to topic '/ev_health/status'
[INFO] [1786479794.238371211] [rosbag2_recorder]: Subscribed to topic '/ev_health/fault'
[INFO] [1786479794.239609695] [rosbag2_recorder]: Subscribed to topic '/Odometry/healthy'
[INFO] [1786479794.781472847] [rosbag2_recorder]: Subscribed to topic '/goal_pose'
[INFO] [1786479852.256671936] [rosbag2_cpp]: Writing remaining messages from cache to the bag. It may take a while
[INFO] [1786479852.261416034] [rosbag2_recorder]: Event publisher thread: Exiting
[INFO] [1786479852.261570744] [rosbag2_recorder]: Recording stopped
[debug rosbag] 已退出，状态码 143
