Flight run directory: /home/robot/rong_ws/ws_offboard_control/flight_records/20260809/flight_20260809_160702
Parameter snapshot: /home/robot/rong_ws/ws_offboard_control/flight_records/20260809/flight_20260809_160702/snapshot
Recording rosbag to: /home/robot/rong_ws/ws_offboard_control/flight_records/20260809/flight_20260809_160702/rosbag
Record full registered point cloud: false
Press Ctrl+C in this terminal to stop recording.
stdin is not a terminal device. Keyboard handling disabled.[INFO] [1786262858.087311496] [rosbag2_recorder]: Press SPACE for pausing/resuming
[INFO] [1786262858.088789936] [rosbag2_storage]: Opened database '/home/robot/rong_ws/ws_offboard_control/flight_records/20260809/flight_20260809_160702/rosbag/rosbag_0.db3' for READ_WRITE.
[INFO] [1786262858.090819939] [rosbag2_recorder]: Listening for topics...
[INFO] [1786262858.090832359] [rosbag2_recorder]: Event publisher thread: Starting
[INFO] [1786262858.094832845] [rosbag2_recorder]: Subscribed to topic '/race/pose'
[INFO] [1786262858.097542523] [rosbag2_recorder]: Subscribed to topic '/race/odom'
[INFO] [1786262858.099026818] [rosbag2_recorder]: Subscribed to topic '/race/control/status'
[INFO] [1786262858.101734159] [rosbag2_recorder]: Subscribed to topic '/mavros/setpoint_raw/local'
[INFO] [1786262858.101883116] [rosbag2_recorder]: Recording...
[INFO] [1786262858.207745047] [rosbag2_recorder]: Subscribed to topic '/mavros/vision_speed/speed_twist_cov'
[INFO] [1786262858.209624630] [rosbag2_recorder]: Subscribed to topic '/race/ego/bspline'
[INFO] [1786262858.210787632] [rosbag2_recorder]: Subscribed to topic '/ev_health/status'
[INFO] [1786262858.212201979] [rosbag2_recorder]: Subscribed to topic '/race/ego/status'
[INFO] [1786262858.213607971] [rosbag2_recorder]: Subscribed to topic '/race/ego/trajectory_setpoint'
[INFO] [1786262858.214899557] [rosbag2_recorder]: Subscribed to topic '/path'
[INFO] [1786262858.216525319] [rosbag2_recorder]: Subscribed to topic '/race/ego/command_local_goal_seq'
[INFO] [1786262858.218929528] [rosbag2_recorder]: Subscribed to topic '/mavros/vision_pose/pose_cov'
[INFO] [1786262858.220615338] [rosbag2_recorder]: Subscribed to topic '/ev_health/velocity_ned'
[INFO] [1786262858.222763946] [rosbag2_recorder]: Subscribed to topic '/ev_health/diagnostics'
[INFO] [1786262858.225157647] [rosbag2_recorder]: Subscribed to topic '/race/navigation_setpoint'
[INFO] [1786262858.227178981] [rosbag2_recorder]: Subscribed to topic '/race/super_planner/raw_path'
[INFO] [1786262858.228718318] [rosbag2_recorder]: Subscribed to topic '/race/global_path'
[INFO] [1786262858.230356908] [rosbag2_recorder]: Subscribed to topic '/Odometry/guarded'
[INFO] [1786262858.232381151] [rosbag2_recorder]: Subscribed to topic '/race/ego/odom'
[INFO] [1786262858.234522097] [rosbag2_recorder]: Subscribed to topic '/race/global_planner/status'
[INFO] [1786262858.236362812] [rosbag2_recorder]: Subscribed to topic '/race/ego/local_path_reference'
[INFO] [1786262858.238170292] [rosbag2_recorder]: Subscribed to topic '/race/ego/local_goal'
[INFO] [1786262858.240003460] [rosbag2_recorder]: Subscribed to topic '/Odometry'
[INFO] [1786262858.241958787] [rosbag2_recorder]: Subscribed to topic '/race/planner/status'
[INFO] [1786262858.245270311] [rosbag2_recorder]: Subscribed to topic '/race/ego/position_command'
[INFO] [1786262858.247776341] [rosbag2_recorder]: Subscribed to topic '/Odometry/healthy'
[INFO] [1786262858.250988587] [rosbag2_recorder]: Subscribed to topic '/ev_health/fault'
[INFO] [1786262858.253706695] [rosbag2_recorder]: Subscribed to topic '/race/ego/validated_bspline'
[INFO] [1786262858.364620488] [rosbag2_recorder]: Subscribed to topic '/mavros/local_position/pose'
[INFO] [1786262858.366470905] [rosbag2_recorder]: Subscribed to topic '/mavros/local_position/odom'
[INFO] [1786262858.369169046] [rosbag2_recorder]: Subscribed to topic '/mavros/local_position/velocity_local'
[INFO] [1786262858.478633983] [rosbag2_recorder]: Subscribed to topic '/mavros/setpoint_raw/target_local'
[INFO] [1786262858.481496186] [rosbag2_recorder]: Subscribed to topic '/mavros/state'
[INFO] [1786263087.259357258] [rosbag2_cpp]: Writing remaining messages from cache to the bag. It may take a while
[INFO] [1786263087.261889023] [rosbag2_recorder]: Event publisher thread: Exiting
[INFO] [1786263087.261948611] [rosbag2_recorder]: Recording stopped
