[INFO] [launch]: All log files can be found below /home/robot/.ros/log/2026-08-10-21-32-20-245677-robot-17969
[INFO] [launch]: Default logging verbosity is set to INFO
[INFO] [fastlio_bridge_node-1]: process started with pid [17972]
[INFO] [frame_transform_node-2]: process started with pid [17974]
[INFO] [map_io_node-3]: process started with pid [17976]
[INFO] [mapping_manager_node-4]: process started with pid [17978]
[mapping_manager_node-4] [INFO] [1786368740.300149492] [mapping_manager_node]: mapping_manager_node started
[mapping_manager_node-4] [INFO] [1786368740.300239405] [mapping_manager_node]:   auto_load_on_start: false
[mapping_manager_node-4] [INFO] [1786368740.300245447] [mapping_manager_node]:   auto_save_on_land: true
[frame_transform_node-2] [INFO] [1786368740.306698056] [frame_transform_node]: frame_transform_node started
[frame_transform_node-2] [INFO] [1786368740.306799687] [frame_transform_node]:   Published static TF: map -> odom (identity)
[frame_transform_node-2] [INFO] [1786368740.306811572] [frame_transform_node]:   Published static TF: camera_init -> map (identity, RViz display only)
[fastlio_bridge_node-1] [INFO] [1786368740.309955615] [fastlio_bridge_node]: FAST-LIO2 里程计桥接已启动：订阅 /Odometry -> /race/odom, /race/pose
[map_io_node-3] [INFO] [1786368740.328704655] [map_io_node]: map_io_node started
[map_io_node-3] [INFO] [1786368740.328797410] [map_io_node]:   map_file: /home/robot/rong_ws/ws_offboard_control/maps/现场扫图/20260810/扫图_20260810_213204/现场地图.pcd
[map_io_node-3] [INFO] [1786368740.328801875] [map_io_node]:   publish_topic: /saved_map
[map_io_node-3] [INFO] [1786368740.328804676] [map_io_node]:   display_leaf_size: 0.10 m
[map_io_node-3] [INFO] [1786368740.328811334] [map_io_node]:   max_display_points: 3000000
[fastlio_bridge_node-1] [INFO] [1786368742.044079238] [fastlio_bridge_node]: 已桥接并转换里程计: ENU(-0.00, 0.01, -0.01) -> NED(0.00, 0.01, 0.01)
[fastlio_bridge_node-1] [INFO] [1786368744.045276693] [fastlio_bridge_node]: 已桥接并转换里程计: ENU(-0.00, 0.01, -0.01) -> NED(0.00, 0.01, 0.01)
[fastlio_bridge_node-1] [INFO] [1786368746.047095907] [fastlio_bridge_node]: 已桥接并转换里程计: ENU(0.00, 0.01, -0.01) -> NED(-0.00, 0.01, 0.01)
[fastlio_bridge_node-1] [INFO] [1786368748.044192799] [fastlio_bridge_node]: 已桥接并转换里程计: ENU(0.01, 0.00, -0.01) -> NED(-0.01, 0.00, 0.01)
[fastlio_bridge_node-1] [INFO] [1786368750.044257114] [fastlio_bridge_node]: 已桥接并转换里程计: ENU(0.00, 0.00, -0.00) -> NED(-0.00, 0.00, 0.00)
[fastlio_bridge_node-1] [INFO] [1786368752.045094708] [fastlio_bridge_node]: 已桥接并转换里程计: ENU(0.00, 0.01, 0.00) -> NED(-0.00, 0.01, -0.00)
[fastlio_bridge_node-1] [INFO] [1786368754.043224208] [fastlio_bridge_node]: 已桥接并转换里程计: ENU(0.00, 0.01, 0.00) -> NED(-0.00, 0.01, -0.00)
[fastlio_bridge_node-1] [INFO] [1786368756.047460851] [fastlio_bridge_node]: 已桥接并转换里程计: ENU(0.00, 0.01, 0.00) -> NED(-0.00, 0.01, -0.00)
[fastlio_bridge_node-1] [INFO] [1786368758.044803689] [fastlio_bridge_node]: 已桥接并转换里程计: ENU(0.00, 0.01, 0.00) -> NED(-0.00, 0.01, -0.00)
[fastlio_bridge_node-1] [INFO] [1786368760.047394005] [fastlio_bridge_node]: 已桥接并转换里程计: ENU(0.01, 0.01, 0.01) -> NED(-0.01, 0.01, -0.01)
[fastlio_bridge_node-1] [INFO] [1786368762.046337847] [fastlio_bridge_node]: 已桥接并转换里程计: ENU(0.01, 0.01, 0.01) -> NED(-0.01, 0.01, -0.01)
[fastlio_bridge_node-1] [INFO] [1786368764.044879661] [fastlio_bridge_node]: 已桥接并转换里程计: ENU(0.01, 0.01, 0.01) -> NED(-0.01, 0.01, -0.01)
[fastlio_bridge_node-1] [INFO] [1786368766.044738055] [fastlio_bridge_node]: 已桥接并转换里程计: ENU(0.01, 0.01, 0.01) -> NED(-0.01, 0.01, -0.01)
[fastlio_bridge_node-1] [INFO] [1786368768.046575605] [fastlio_bridge_node]: 已桥接并转换里程计: ENU(0.01, 0.01, 0.01) -> NED(-0.01, 0.01, -0.01)
[fastlio_bridge_node-1] [INFO] [1786368770.044665542] [fastlio_bridge_node]: 已桥接并转换里程计: ENU(0.01, 0.01, 0.01) -> NED(-0.01, 0.01, -0.01)
[mapping_manager_node-4] [INFO] [1786368770.300510387] [mapping_manager_node]: Mapping status: in_flight=false, map_loaded=false, map_saved=false
[fastlio_bridge_node-1] [INFO] [1786368772.046520639] [fastlio_bridge_node]: 已桥接并转换里程计: ENU(0.01, 0.01, 0.01) -> NED(-0.01, 0.01, -0.01)
[fastlio_bridge_node-1] [INFO] [1786368774.047225172] [fastlio_bridge_node]: 已桥接并转换里程计: ENU(0.02, 0.01, 0.01) -> NED(-0.02, 0.01, -0.01)
[fastlio_bridge_node-1] [INFO] [1786368776.046104065] [fastlio_bridge_node]: 已桥接并转换里程计: ENU(0.01, 0.01, 0.01) -> NED(-0.01, 0.01, -0.01)
[fastlio_bridge_node-1] [INFO] [1786368778.046436311] [fastlio_bridge_node]: 已桥接并转换里程计: ENU(0.01, 0.01, 0.02) -> NED(-0.01, 0.01, -0.02)
[fastlio_bridge_node-1] [INFO] [1786368780.046204754] [fastlio_bridge_node]: 已桥接并转换里程计: ENU(0.01, 0.01, 0.01) -> NED(-0.01, 0.01, -0.01)
[fastlio_bridge_node-1] [INFO] [1786368782.044295180] [fastlio_bridge_node]: 已桥接并转换里程计: ENU(0.02, 0.01, 0.02) -> NED(-0.02, 0.01, -0.02)
[fastlio_bridge_node-1] [INFO] [1786368784.048521465] [fastlio_bridge_node]: 已桥接并转换里程计: ENU(0.01, 0.01, 0.02) -> NED(-0.01, 0.01, -0.02)
[fastlio_bridge_node-1] [INFO] [1786368786.045924828] [fastlio_bridge_node]: 已桥接并转换里程计: ENU(0.01, 0.01, 0.02) -> NED(-0.01, 0.01, -0.02)
[fastlio_bridge_node-1] [INFO] [1786368788.045857981] [fastlio_bridge_node]: 已桥接并转换里程计: ENU(0.02, 0.01, 0.02) -> NED(-0.02, 0.01, -0.02)
[fastlio_bridge_node-1] [INFO] [1786368790.046862213] [fastlio_bridge_node]: 已桥接并转换里程计: ENU(0.01, 0.01, 0.02) -> NED(-0.01, 0.01, -0.02)
[fastlio_bridge_node-1] [INFO] [1786368792.048758625] [fastlio_bridge_node]: 已桥接并转换里程计: ENU(0.01, 0.01, 0.02) -> NED(-0.01, 0.01, -0.02)
[fastlio_bridge_node-1] [INFO] [1786368794.044629939] [fastlio_bridge_node]: 已桥接并转换里程计: ENU(0.01, 0.01, 0.02) -> NED(-0.01, 0.01, -0.02)
[fastlio_bridge_node-1] [INFO] [1786368796.045423893] [fastlio_bridge_node]: 已桥接并转换里程计: ENU(0.01, 0.01, 0.02) -> NED(-0.01, 0.01, -0.02)
[fastlio_bridge_node-1] [INFO] [1786368798.044760959] [fastlio_bridge_node]: 已桥接并转换里程计: ENU(0.01, 0.01, 0.02) -> NED(-0.01, 0.01, -0.02)
[fastlio_bridge_node-1] [INFO] [1786368800.048247789] [fastlio_bridge_node]: 已桥接并转换里程计: ENU(0.02, 0.02, 0.02) -> NED(-0.02, 0.02, -0.02)
[mapping_manager_node-4] [INFO] [1786368800.300251992] [mapping_manager_node]: Mapping status: in_flight=false, map_loaded=false, map_saved=false
[fastlio_bridge_node-1] [INFO] [1786368802.045238309] [fastlio_bridge_node]: 已桥接并转换里程计: ENU(0.02, 0.01, 0.02) -> NED(-0.02, 0.01, -0.02)
[fastlio_bridge_node-1] [INFO] [1786368804.044178782] [fastlio_bridge_node]: 已桥接并转换里程计: ENU(0.02, 0.01, 0.02) -> NED(-0.02, 0.01, -0.02)
[fastlio_bridge_node-1] [INFO] [1786368806.044603445] [fastlio_bridge_node]: 已桥接并转换里程计: ENU(0.02, 0.02, 0.02) -> NED(-0.02, 0.02, -0.02)
[fastlio_bridge_node-1] [INFO] [1786368808.054903697] [fastlio_bridge_node]: 已桥接并转换里程计: ENU(0.02, 0.01, 0.02) -> NED(-0.02, 0.01, -0.02)
[fastlio_bridge_node-1] [INFO] [1786368810.046020441] [fastlio_bridge_node]: 已桥接并转换里程计: ENU(0.02, 0.02, 0.02) -> NED(-0.02, 0.02, -0.02)
[fastlio_bridge_node-1] [INFO] [1786368812.046254822] [fastlio_bridge_node]: 已桥接并转换里程计: ENU(0.02, 0.02, 0.02) -> NED(-0.02, 0.02, -0.02)
[fastlio_bridge_node-1] [INFO] [1786368814.046342539] [fastlio_bridge_node]: 已桥接并转换里程计: ENU(0.01, 0.02, 0.02) -> NED(-0.01, 0.02, -0.02)
[fastlio_bridge_node-1] [INFO] [1786368816.045117389] [fastlio_bridge_node]: 已桥接并转换里程计: ENU(0.02, 0.02, 0.02) -> NED(-0.02, 0.02, -0.02)
[fastlio_bridge_node-1] [INFO] [1786368818.048765984] [fastlio_bridge_node]: 已桥接并转换里程计: ENU(0.02, 0.02, 0.02) -> NED(-0.02, 0.02, -0.02)
[fastlio_bridge_node-1] [INFO] [1786368820.047727838] [fastlio_bridge_node]: 已桥接并转换里程计: ENU(0.02, 0.01, 0.02) -> NED(-0.02, 0.01, -0.02)
[fastlio_bridge_node-1] [INFO] [1786368822.045067545] [fastlio_bridge_node]: 已桥接并转换里程计: ENU(0.02, 0.01, 0.02) -> NED(-0.02, 0.01, -0.02)
[fastlio_bridge_node-1] [INFO] [1786368824.045596061] [fastlio_bridge_node]: 已桥接并转换里程计: ENU(0.01, 0.02, 0.02) -> NED(-0.01, 0.02, -0.02)
[fastlio_bridge_node-1] [INFO] [1786368826.047817062] [fastlio_bridge_node]: 已桥接并转换里程计: ENU(0.02, 0.01, 0.02) -> NED(-0.02, 0.01, -0.02)
[fastlio_bridge_node-1] [INFO] [1786368828.045671930] [fastlio_bridge_node]: 已桥接并转换里程计: ENU(0.02, 0.02, 0.03) -> NED(-0.02, 0.02, -0.03)
[fastlio_bridge_node-1] [INFO] [1786368830.046014443] [fastlio_bridge_node]: 已桥接并转换里程计: ENU(0.01, 0.02, 0.02) -> NED(-0.01, 0.02, -0.02)
[mapping_manager_node-4] [INFO] [1786368830.299908755] [mapping_manager_node]: Mapping status: in_flight=false, map_loaded=false, map_saved=false
[fastlio_bridge_node-1] [INFO] [1786368832.045398027] [fastlio_bridge_node]: 已桥接并转换里程计: ENU(0.02, 0.02, 0.02) -> NED(-0.02, 0.02, -0.02)
[mapping_manager_node-4] [INFO] [1786368832.049058147] [rclcpp]: signal_handler(SIGINT/SIGTERM)
[fastlio_bridge_node-1] [INFO] [1786368832.049053500] [rclcpp]: signal_handler(SIGINT/SIGTERM)
[map_io_node-3] [INFO] [1786368832.049060071] [rclcpp]: signal_handler(SIGINT/SIGTERM)
[frame_transform_node-2] [INFO] [1786368832.049049338] [rclcpp]: signal_handler(SIGINT/SIGTERM)
[INFO] [frame_transform_node-2]: process has finished cleanly [pid 17974]
[INFO] [fastlio_bridge_node-1]: process has finished cleanly [pid 17972]
[INFO] [mapping_manager_node-4]: process has finished cleanly [pid 17978]
[INFO] [map_io_node-3]: process has finished cleanly [pid 17976]
