[debug rosbag] starting
[debug rosbag] command: env FLIGHT_TIMESTAMP=20260812_063820 FLIGHT_RUN_DIR=/home/robot/rong_ws/ws_offboard_control/flight_records/20260812/flight_20260812_063820 /home/robot/rong_ws/ws_offboard_control/tools/rosbag/开始录包.sh
[debug rosbag] pid=54515 pgid=54515 log=/home/robot/rong_ws/ws_offboard_control/flight_records/20260812/flight_20260812_063820/logs/rosbag_debug.log
本场次目录：/home/robot/rong_ws/ws_offboard_control/flight_records/20260812/flight_20260812_063820
参数快照目录：/home/robot/rong_ws/ws_offboard_control/flight_records/20260812/flight_20260812_063820/snapshot
录包输出目录：/home/robot/rong_ws/ws_offboard_control/flight_records/20260812/flight_20260812_063820/rosbag
是否录制完整配准点云：false
在本终端按 Ctrl+C 停止录包。
stdin is not a terminal device. Keyboard handling disabled.[INFO] [1786487943.811580426] [rosbag2_recorder]: Press SPACE for pausing/resuming
[INFO] [1786487943.815332155] [rosbag2_storage]: Opened database '/home/robot/rong_ws/ws_offboard_control/flight_records/20260812/flight_20260812_063820/rosbag/rosbag_0.db3' for READ_WRITE.
[INFO] [1786487943.817198982] [rosbag2_recorder]: Listening for topics...
[INFO] [1786487943.817212345] [rosbag2_recorder]: Event publisher thread: Starting
[INFO] [1786487943.825249920] [rosbag2_recorder]: Subscribed to topic '/race/super_planner/raw_path'
[INFO] [1786487943.827620056] [rosbag2_recorder]: Subscribed to topic '/race/planner/status'
[INFO] [1786487943.829215010] [rosbag2_recorder]: Subscribed to topic '/race/navigation_setpoint'
[INFO] [1786487943.830418949] [rosbag2_recorder]: Subscribed to topic '/race/global_planner/status'
[INFO] [1786487943.833281922] [rosbag2_recorder]: Subscribed to topic '/path'
[INFO] [1786487943.837453980] [rosbag2_recorder]: Subscribed to topic '/race/control/status'
[INFO] [1786487943.844161910] [rosbag2_recorder]: Subscribed to topic '/mavros/setpoint_raw/local'
[INFO] [1786487943.847065475] [rosbag2_recorder]: Subscribed to topic '/Odometry/guarded'
[INFO] [1786487943.851887399] [rosbag2_recorder]: Subscribed to topic '/Odometry'
[INFO] [1786487943.852201469] [rosbag2_recorder]: Recording...
[INFO] [1786487943.855351023] [rosbag2_recorder]: Subscribed to topic '/race/odom'
[INFO] [1786487943.856890220] [rosbag2_recorder]: Subscribed to topic '/race/pose'
[INFO] [1786487944.063396442] [rosbag2_recorder]: Subscribed to topic '/ev_health/velocity_ned'
[INFO] [1786487944.068077265] [rosbag2_recorder]: Subscribed to topic '/ev_health/diagnostics'
[INFO] [1786487944.070254397] [rosbag2_recorder]: Subscribed to topic '/ev_health/status'
[INFO] [1786487944.073502867] [rosbag2_recorder]: Subscribed to topic '/ev_health/fault'
[INFO] [1786487944.077270885] [rosbag2_recorder]: Subscribed to topic '/Odometry/healthy'
[INFO] [1786487945.414231894] [rosbag2_recorder]: Subscribed to topic '/goal_pose'
[INFO] [1786487946.355376769] [rosbag2_recorder]: Subscribed to topic '/mavros/local_position/velocity_body'
[INFO] [1786487946.358074562] [rosbag2_recorder]: Subscribed to topic '/mavros/estimator_status'
[INFO] [1786487946.360310638] [rosbag2_recorder]: Subscribed to topic '/mavros/setpoint_raw/target_local'
[INFO] [1786487946.363857435] [rosbag2_recorder]: Subscribed to topic '/mavros/local_position/velocity_local'
[INFO] [1786487946.368409292] [rosbag2_recorder]: Subscribed to topic '/mavros/local_position/odom'
[INFO] [1786487946.372501628] [rosbag2_recorder]: Subscribed to topic '/mavros/local_position/pose'
[INFO] [1786487946.377489540] [rosbag2_recorder]: Subscribed to topic '/mavros/vision_pose/pose_cov'
[INFO] [1786487946.380822831] [rosbag2_recorder]: Subscribed to topic '/mavros/state'
[INFO] [1786487946.386213545] [rosbag2_recorder]: Subscribed to topic '/mavros/vision_speed/speed_twist_cov'
[INFO] [1786488100.088934589] [rosbag2_cpp]: Writing remaining messages from cache to the bag. It may take a while
[INFO] [1786488100.097269903] [rosbag2_recorder]: Event publisher thread: Exiting
[INFO] [1786488100.097779411] [rosbag2_recorder]: Recording stopped
[debug rosbag] 已退出，状态码 143
