[FAST-LIO] starting
[FAST-LIO] command: /home/robot/livox_mid360_env/run_fastlio_mid360.sh
[FAST-LIO] pid=82307 pgid=82307 log=/home/robot/rong_ws/ws_offboard_control/flight_records/20260809/flight_20260809_170800/logs/fastlio.log
[INFO] [launch]: All log files can be found below /home/robot/.ros/log/2026-08-09-17-08-17-900841-robot-82402
[INFO] [launch]: Default logging verbosity is set to INFO
[INFO] [fastlio_mapping-1]: process started with pid [82406]
[fastlio_mapping-1] [INFO] [1786266498.020447839] [laser_mapping]: p_pre->lidar_type 1
[fastlio_mapping-1] Multi thread started 
[fastlio_mapping-1] ~~~~/home/robot/livox_mid360_env/ws_fastlio/src/fast_lio/ file opened
[fastlio_mapping-1] [INFO] [1786266498.024509955] [laser_mapping]: Node init finished.
[fastlio_mapping-1] [WARN] [1786266501.024437103] [laser_mapping]: No point, skip this scan!
[fastlio_mapping-1] 
[fastlio_mapping-1] [WARN] [1786266501.474387778] [laser_mapping]: No point, skip this scan!
[fastlio_mapping-1] 
[fastlio_mapping-1] [WARN] [1786266501.484409032] [laser_mapping]: No point, skip this scan!
[fastlio_mapping-1] 
[fastlio_mapping-1] [WARN] [1786266501.494407011] [laser_mapping]: No point, skip this scan!
[fastlio_mapping-1] 
[fastlio_mapping-1] [WARN] [1786266501.504408475] [laser_mapping]: No point, skip this scan!
[fastlio_mapping-1] 
[fastlio_mapping-1] [WARN] [1786266501.574372181] [laser_mapping]: No point, skip this scan!
[fastlio_mapping-1] 
[fastlio_mapping-1] [WARN] [1786266501.664398970] [laser_mapping]: No point, skip this scan!
[fastlio_mapping-1] 
[fastlio_mapping-1] IMU Initial Done
[fastlio_mapping-1] [WARN] [1786266501.754448912] [laser_mapping]: No point, skip this scan!
[fastlio_mapping-1] 
[fastlio_mapping-1] [INFO] [1786266501.935434076] [laser_mapping]: Initialize the map kdtree
[FAST-LIO] stopping process group 82307
[FAST-LIO] exited with status 143
