[INFO] [launch]: All log files can be found below /home/robot/.ros/log/2026-08-06-20-20-43-261599-robot-4452
[INFO] [launch]: Default logging verbosity is set to INFO
[INFO] [mavros_node-1]: process started with pid [4453]
[INFO] [fastlio_odometry_guard-2]: process started with pid [4455]
[INFO] [fastlio_ev_health_monitor.py-3]: process started with pid [4457]
[INFO] [fastlio_mavros_vision_bridge-4]: process started with pid [4459]
[INFO] [static_transform_publisher-5]: process started with pid [4461]
[INFO] [static_transform_publisher-6]: process started with pid [4463]
[INFO] [static_transform_publisher-7]: process started with pid [4465]
[INFO] [static_transform_publisher-8]: process started with pid [4467]
[fastlio_odometry_guard-2] [INFO] [1786018843.383169292] [fastlio_odometry_guard]: Guarding odometry /Odometry -> /Odometry/guarded (jump=0.30m, xy=0.20m, z=0.10m, speed=1.20m/s, unknown angular variance>=100000)
[fastlio_mavros_vision_bridge-4] [INFO] [1786018843.389595489] [fastlio_mavros_vision_bridge]: Bridging /Odometry/healthy -> /mavros/vision_pose/pose_cov + vision_speed for MAVROS vision input
[static_transform_publisher-8] [INFO] [1786018843.422935765] [body_to_body_frd]: Spinning until stopped - publishing transform
[static_transform_publisher-8] translation: ('0.000000', '0.000000', '0.000000')
[static_transform_publisher-8] rotation: ('1.000000', '0.000000', '0.000000', '0.000000')
[static_transform_publisher-8] from 'body' to 'body_frd'
[static_transform_publisher-6] [INFO] [1786018843.422934852] [base_link_to_body]: Spinning until stopped - publishing transform
[static_transform_publisher-6] translation: ('0.000000', '0.000000', '0.000000')
[static_transform_publisher-6] rotation: ('0.000000', '0.000000', '0.000000', '1.000000')
[static_transform_publisher-6] from 'base_link' to 'body'
[static_transform_publisher-7] [INFO] [1786018843.422935765] [camera_init_to_camera_init_ned]: Spinning until stopped - publishing transform
[static_transform_publisher-7] translation: ('0.000000', '0.000000', '0.000000')
[static_transform_publisher-7] rotation: ('0.707107', '0.707107', '0.000000', '0.000000')
[static_transform_publisher-7] from 'camera_init' to 'camera_init_ned'
[static_transform_publisher-5] [INFO] [1786018843.422936804] [odom_to_camera_init]: Spinning until stopped - publishing transform
[static_transform_publisher-5] translation: ('0.000000', '0.000000', '0.000000')
[static_transform_publisher-5] rotation: ('0.000000', '0.000000', '0.000000', '1.000000')
[static_transform_publisher-5] from 'odom' to 'camera_init'
[mavros_node-1] [INFO] [1786018843.442598479] [mavros.mavros_node]: Starting mavros_node container
[mavros_node-1] [INFO] [1786018843.442768742] [mavros.mavros_node]: FCU URL: serial:///dev/ttyUSB0:921600?ids=255,190
[mavros_node-1] [INFO] [1786018843.442783994] [mavros.mavros_node]: GCS URL: 
[mavros_node-1] [INFO] [1786018843.442793392] [mavros.mavros_node]: UAS Prefix: /uas1
[mavros_node-1] [INFO] [1786018843.442802056] [mavros.mavros_node]: Starting mavros router node
[mavros_node-1] [INFO] [1786018843.457148297] [mavros.mavros_router]: Built-in SIMD instructions: SSE, SSE2
[mavros_node-1] [INFO] [1786018843.457187373] [mavros.mavros_router]: Built-in MAVLink package version: 2026.3.3
[mavros_node-1] [INFO] [1786018843.457204409] [mavros.mavros_router]: Known MAVLink dialects: common ardupilotmega ASLUAV AVSSUAS all csAirLink cubepilot development icarous loweheiser marsh matrixpilot paparazzi standard stemstudios storm32 uAvionix ualberta
[mavros_node-1] [INFO] [1786018843.457214314] [mavros.mavros_router]: MAVROS Router started
[mavros_node-1] [INFO] [1786018843.457353117] [mavros.mavros_node]: Starting mavros uas node
[mavros_node-1] [INFO] [1786018843.584504318] [mavros.mavros_router]: Requested to add endpoint: type: 0, url: serial:///dev/ttyUSB0:921600?ids=255,190
[mavros_node-1] [INFO] [1786018843.584555279] [mavros.mavros_router]: Endpoint link[1000] created
[mavros_node-1] [INFO] [1786018843.585329580] [mavros.mavros_router]: link[1000] opened successfully
[mavros_node-1] [INFO] [1786018843.585348561] [mavros.mavros_router]: Requested to add endpoint: type: 2, url: /uas1
[mavros_node-1] [INFO] [1786018843.585362671] [mavros.mavros_router]: Endpoint link[1001] created
[mavros_node-1] [INFO] [1786018843.591494342] [mavros.mavros_router]: link[1001] opened successfully
[mavros_node-1] [INFO] [1786018843.594560303] [mavros.mavros]: UAS Executor started, threads: 16
[mavros_node-1] [INFO] [1786018843.598538109] [mavros.mavros_router]: link[1000] detected remote address 132.113
[mavros_node-1] [INFO] [1786018843.604602145] [mavros.mavros_router]: link[1000] detected remote address 1.1
[mavros_node-1] [INFO] [1786018843.663732479] [mavros.mavros]: Plugin actuator_control created
[mavros_node-1] [INFO] [1786018843.663804107] [mavros.mavros]: Plugin actuator_control initialized
[mavros_node-1] [INFO] [1786018843.707985191] [mavros.mavros]: Plugin adsb created
[mavros_node-1] [INFO] [1786018843.708176611] [mavros.mavros]: Plugin adsb initialized
[mavros_node-1] [INFO] [1786018843.716259729] [mavros.mavros]: Plugin altitude created
[mavros_node-1] [INFO] [1786018843.716335506] [mavros.mavros]: Plugin altitude initialized
[mavros_node-1] [INFO] [1786018843.727676333] [mavros.mavros]: Plugin cam_imu_sync created
[mavros_node-1] [INFO] [1786018843.727743858] [mavros.mavros]: Plugin cam_imu_sync initialized
[mavros_node-1] [INFO] [1786018843.736564236] [mavros.mavros]: Plugin camera created
[mavros_node-1] [INFO] [1786018843.736622947] [mavros.mavros]: Plugin camera initialized
[mavros_node-1] [INFO] [1786018843.742559912] [mavros.mavros]: Plugin cellular_status created
[mavros_node-1] [INFO] [1786018843.742608649] [mavros.mavros]: Plugin cellular_status initialized
[mavros_node-1] [INFO] [1786018843.760856635] [mavros.mavros]: Plugin command created
[mavros_node-1] [INFO] [1786018843.760931002] [mavros.mavros]: Plugin command initialized
[mavros_node-1] [INFO] [1786018843.772130727] [mavros.mavros]: Plugin companion_process_status created
[mavros_node-1] [INFO] [1786018843.772229836] [mavros.mavros]: Plugin companion_process_status initialized
[mavros_node-1] [INFO] [1786018843.785888844] [mavros.mavros]: Plugin debug_value created
[mavros_node-1] [INFO] [1786018843.785950088] [mavros.mavros]: Plugin debug_value initialized
[mavros_node-1] [INFO] [1786018843.785957796] [mavros.mavros]: Plugin distance_sensor ignored
[mavros_node-1] [INFO] [1786018843.796801019] [mavros.mavros]: Plugin esc_status created
[mavros_node-1] [INFO] [1786018843.796862861] [mavros.mavros]: Plugin esc_status initialized
[mavros_node-1] [INFO] [1786018843.802614302] [mavros.mavros]: Plugin esc_telemetry created
[mavros_node-1] [INFO] [1786018843.802674381] [mavros.mavros]: Plugin esc_telemetry initialized
[mavros_node-1] [INFO] [1786018843.813260190] [mavros.mavros]: Plugin fake_gps created
[mavros_node-1] [INFO] [1786018843.813317869] [mavros.mavros]: Plugin fake_gps initialized
[mavros_node-1] [INFO] [1786018843.841494845] [mavros.mavros]: Plugin ftp created
[mavros_node-1] [INFO] [1786018843.841742311] [mavros.mavros]: Plugin ftp initialized
[mavros_node-1] [INFO] [1786018843.865083316] [mavros.mavros]: Plugin geofence created
[mavros_node-1] [INFO] [1786018843.865186604] [mavros.mavros]: Plugin geofence initialized
[mavros_node-1] [INFO] [1786018843.894091206] [mavros.mavros]: Plugin gimbal_control created
[mavros_node-1] [INFO] [1786018843.894143577] [mavros.mavros]: Plugin gimbal_control initialized
[mavros_node-1] [INFO] [1786018843.911522153] [mavros.mavros]: Plugin global_position created
[mavros_node-1] [INFO] [1786018843.911586447] [mavros.mavros]: Plugin global_position initialized
[mavros_node-1] [INFO] [1786018843.950043387] [mavros.mavros]: Plugin gps_input created
[mavros_node-1] [INFO] [1786018843.950097597] [mavros.mavros]: Plugin gps_input initialized
[mavros_node-1] [INFO] [1786018843.957855742] [mavros.mavros]: Plugin gps_rtk created
[mavros_node-1] [INFO] [1786018843.957923844] [mavros.mavros]: Plugin gps_rtk initialized
[mavros_node-1] [INFO] [1786018843.982122595] [mavros.mavros]: Plugin gps_status created
[mavros_node-1] [INFO] [1786018843.982173493] [mavros.mavros]: Plugin gps_status initialized
[mavros_node-1] [INFO] [1786018843.990959690] [mavros.mavros]: Plugin guided_target created
[mavros_node-1] [INFO] [1786018843.991010410] [mavros.mavros]: Plugin guided_target initialized
[mavros_node-1] [INFO] [1786018844.008907291] [mavros.mavros]: Plugin hil created
[mavros_node-1] [INFO] [1786018844.008988445] [mavros.mavros]: Plugin hil initialized
[mavros_node-1] [INFO] [1786018844.023067563] [mavros.mavros]: Plugin home_position created
[mavros_node-1] [INFO] [1786018844.023128067] [mavros.mavros]: Plugin home_position initialized
[fastlio_ev_health_monitor.py-3] [INFO] [1786018844.030311712] [fastlio_ev_health_monitor]: EV health gate /Odometry -> /Odometry/healthy; compare /mavros/local_position/velocity_local in PX4 local NED; status=/ev_health/status, diagnostics=/ev_health/diagnostics
[fastlio_ev_health_monitor.py-3] [WARN] [1786018844.034389820] [fastlio_ev_health_monitor]: EV health state=SUSPECT: px4_velocity_unaligned
[mavros_node-1] [INFO] [1786018844.041405958] [mavros.mavros]: Plugin imu created
[mavros_node-1] [INFO] [1786018844.041470138] [mavros.mavros]: Plugin imu initialized
[mavros_node-1] [INFO] [1786018844.062191029] [mavros.mavros]: Plugin landing_target created
[mavros_node-1] [INFO] [1786018844.062254381] [mavros.mavros]: Plugin landing_target initialized
[mavros_node-1] [INFO] [1786018844.076226751] [mavros.mavros]: Plugin local_position created
[mavros_node-1] [INFO] [1786018844.076359701] [mavros.mavros]: Plugin local_position initialized
[mavros_node-1] [INFO] [1786018844.100336136] [mavros.mavros]: Plugin log_transfer created
[mavros_node-1] [INFO] [1786018844.100393752] [mavros.mavros]: Plugin log_transfer initialized
[mavros_node-1] [INFO] [1786018844.111531346] [mavros.mavros]: Plugin mag_calibration_status created
[mavros_node-1] [INFO] [1786018844.111620787] [mavros.mavros]: Plugin mag_calibration_status initialized
[mavros_node-1] [INFO] [1786018844.134529943] [mavros.mavros]: Plugin manual_control created
[mavros_node-1] [INFO] [1786018844.134600379] [mavros.mavros]: Plugin manual_control initialized
[mavros_node-1] [INFO] [1786018844.143529972] [mavros.mavros]: Plugin mocap_pose_estimate created
[mavros_node-1] [INFO] [1786018844.143584287] [mavros.mavros]: Plugin mocap_pose_estimate initialized
[mavros_node-1] [INFO] [1786018844.165430379] [mavros.mavros]: Plugin mount_control created
[mavros_node-1] [INFO] [1786018844.165616378] [mavros.mavros]: Plugin mount_control initialized
[mavros_node-1] [INFO] [1786018844.179354433] [mavros.mavros]: Plugin nav_controller_output created
[mavros_node-1] [INFO] [1786018844.179412086] [mavros.mavros]: Plugin nav_controller_output initialized
[mavros_node-1] [INFO] [1786018844.190868873] [mavros.mavros]: Plugin obstacle_distance created
[mavros_node-1] [INFO] [1786018844.190948234] [mavros.mavros]: Plugin obstacle_distance initialized
[mavros_node-1] [INFO] [1786018844.209605089] [mavros.mavros]: Plugin obstacle_distance_3d created
[mavros_node-1] [INFO] [1786018844.209683011] [mavros.mavros]: Plugin obstacle_distance_3d initialized
[mavros_node-1] [INFO] [1786018844.220078607] [mavros.mavros]: Plugin odometry created
[mavros_node-1] [INFO] [1786018844.220165033] [mavros.mavros]: Plugin odometry initialized
[mavros_node-1] [INFO] [1786018844.238095640] [mavros.mavros]: Plugin onboard_computer_status created
[mavros_node-1] [INFO] [1786018844.238192189] [mavros.mavros]: Plugin onboard_computer_status initialized
[mavros_node-1] [INFO] [1786018844.257204152] [mavros.mavros]: Plugin open_drone_id created
[mavros_node-1] [INFO] [1786018844.257249480] [mavros.mavros]: Plugin open_drone_id initialized
[mavros_node-1] [INFO] [1786018844.270554895] [mavros.mavros]: Plugin optical_flow created
[mavros_node-1] [INFO] [1786018844.270611049] [mavros.mavros]: Plugin optical_flow initialized
[mavros_node-1] [INFO] [1786018844.291208579] [mavros.mavros]: Plugin param created
[mavros_node-1] [INFO] [1786018844.291253734] [mavros.mavros]: Plugin param initialized
[mavros_node-1] [INFO] [1786018844.301328242] [mavros.mavros]: Plugin play_tune created
[mavros_node-1] [INFO] [1786018844.301399152] [mavros.mavros]: Plugin play_tune initialized
[mavros_node-1] [INFO] [1786018844.322326471] [mavros.mavros]: Plugin px4flow created
[mavros_node-1] [INFO] [1786018844.322410642] [mavros.mavros]: Plugin px4flow initialized
[mavros_node-1] [INFO] [1786018844.343586714] [mavros.mavros]: Plugin rallypoint created
[mavros_node-1] [INFO] [1786018844.343674104] [mavros.mavros]: Plugin rallypoint initialized
[mavros_node-1] [INFO] [1786018844.343717943] [mavros.mavros]: Plugin rangefinder ignored
[mavros_node-1] [INFO] [1786018844.364981166] [mavros.mavros]: Plugin rc_io created
[mavros_node-1] [INFO] [1786018844.365193279] [mavros.mavros]: Plugin rc_io initialized
[mavros_node-1] [INFO] [1786018844.378666691] [mavros.mavros]: Plugin setpoint_accel created
[mavros_node-1] [INFO] [1786018844.378718138] [mavros.mavros]: Plugin setpoint_accel initialized
[mavros_node-1] [INFO] [1786018844.400179916] [mavros.mavros]: Plugin setpoint_attitude created
[mavros_node-1] [INFO] [1786018844.400249505] [mavros.mavros]: Plugin setpoint_attitude initialized
[fastlio_ev_health_monitor.py-3] [WARN] [1786018844.416799081] [fastlio_ev_health_monitor]: EV health state=FAULT: px4_velocity_timeout
[mavros_node-1] [INFO] [1786018844.419127397] [mavros.mavros]: Plugin setpoint_position created
[mavros_node-1] [INFO] [1786018844.419181822] [mavros.mavros]: Plugin setpoint_position initialized
[mavros_node-1] [INFO] [1786018844.445151848] [mavros.mavros]: Plugin setpoint_raw created
[mavros_node-1] [INFO] [1786018844.445259178] [mavros.mavros]: Plugin setpoint_raw initialized
[mavros_node-1] [INFO] [1786018844.466722992] [mavros.mavros]: Plugin setpoint_trajectory created
[mavros_node-1] [INFO] [1786018844.466778228] [mavros.mavros]: Plugin setpoint_trajectory initialized
[mavros_node-1] [INFO] [1786018844.491634878] [mavros.mavros]: Plugin setpoint_velocity created
[mavros_node-1] [INFO] [1786018844.491679024] [mavros.mavros]: Plugin setpoint_velocity initialized
[mavros_node-1] [INFO] [1786018844.509857647] [mavros.mavros]: Plugin sim_state created
[mavros_node-1] [INFO] [1786018844.509959578] [mavros.mavros]: Plugin sim_state initialized
[mavros_node-1] [INFO] [1786018844.554214844] [mavros.mavros]: Plugin sys_status created
[mavros_node-1] [INFO] [1786018844.554393163] [mavros.mavros]: Plugin sys_status initialized
[mavros_node-1] [INFO] [1786018844.576155620] [mavros.time]: TM: Timesync mode: MAVLINK
[mavros_node-1] [INFO] [1786018844.579603340] [mavros.mavros]: Plugin sys_time created
[mavros_node-1] [INFO] [1786018844.579707055] [mavros.mavros]: Plugin sys_time initialized
[mavros_node-1] [INFO] [1786018844.600083334] [mavros.mavros]: Plugin tdr_radio created
[mavros_node-1] [INFO] [1786018844.600170093] [mavros.mavros]: Plugin tdr_radio initialized
[mavros_node-1] [INFO] [1786018844.620124020] [mavros.mavros]: Plugin terrain created
[mavros_node-1] [INFO] [1786018844.620201072] [mavros.mavros]: Plugin terrain initialized
[mavros_node-1] [INFO] [1786018844.649302378] [mavros.mavros]: Plugin trajectory created
[mavros_node-1] [INFO] [1786018844.649403055] [mavros.mavros]: Plugin trajectory initialized
[mavros_node-1] [INFO] [1786018844.671209706] [mavros.mavros]: Plugin tunnel created
[mavros_node-1] [INFO] [1786018844.671316589] [mavros.mavros]: Plugin tunnel initialized
[mavros_node-1] [INFO] [1786018844.704786937] [mavros.mavros]: Plugin vfr_hud created
[mavros_node-1] [INFO] [1786018844.704898253] [mavros.mavros]: Plugin vfr_hud initialized
[mavros_node-1] [INFO] [1786018844.704918095] [mavros.mavros]: Plugin vibration ignored
[mavros_node-1] [INFO] [1786018844.737254479] [mavros.mavros]: Plugin vision_pose created
[mavros_node-1] [INFO] [1786018844.737572028] [mavros.mavros]: Plugin vision_pose initialized
[mavros_node-1] [INFO] [1786018844.772062180] [mavros.mavros]: Plugin vision_speed created
[mavros_node-1] [INFO] [1786018844.772122904] [mavros.mavros]: Plugin vision_speed initialized
[mavros_node-1] [INFO] [1786018844.811627601] [mavros.mavros]: Plugin waypoint created
[mavros_node-1] [INFO] [1786018844.811708093] [mavros.mavros]: Plugin waypoint initialized
[mavros_node-1] [INFO] [1786018844.811724390] [mavros.mavros]: Plugin wheel_odometry ignored
[mavros_node-1] [INFO] [1786018844.841448788] [mavros.mavros]: Plugin wind_estimation created
[mavros_node-1] [INFO] [1786018844.841530728] [mavros.mavros]: Plugin wind_estimation initialized
[mavros_node-1] [INFO] [1786018844.844198029] [mavros.mavros]: Built-in SIMD instructions: SSE, SSE2
[mavros_node-1] [INFO] [1786018844.844237967] [mavros.mavros]: Built-in MAVLink package version: 2026.3.3
[mavros_node-1] [INFO] [1786018844.844243176] [mavros.mavros]: Known MAVLink dialects: common ardupilotmega ASLUAV AVSSUAS all csAirLink cubepilot development icarous loweheiser marsh matrixpilot paparazzi standard stemstudios storm32 uAvionix ualberta
[mavros_node-1] [INFO] [1786018844.844246936] [mavros.mavros]: MAVROS UAS via /uas1 started. MY ID 255.190, TARGET ID 1.1
[mavros_node-1] [INFO] [1786018844.857619679] [mavros.imu]: IMU: Attitude quaternion IMU detected!
[mavros_node-1] [INFO] [1786018844.859591951] [mavros.imu]: IMU: High resolution IMU detected!
[mavros_node-1] [INFO] [1786018844.878463212] [mavros.rc]: RC_CHANNELS message detected!
[mavros_node-1] [INFO] [1786018844.924479001] [mavros.mavros_router]: link[1001] detected remote address 255.190
[mavros_node-1] [INFO] [1786018845.522318554] [mavros.mavros]: CON: Got HEARTBEAT, connected. FCU: PX4 Autopilot
[mavros_node-1] [INFO] [1786018845.522473776] [mavros.mission]: WP: detected enable_partial_push: 0
[mavros_node-1] [INFO] [1786018845.527271293] [mavros.rc]: RC_CHANNELS message detected!
[mavros_node-1] [INFO] [1786018845.536907432] [mavros.imu]: IMU: Attitude quaternion IMU detected!
[mavros_node-1] [INFO] [1786018845.538126350] [mavros.imu]: IMU: High resolution IMU detected!
[mavros_node-1] [WARN] [1786018846.545277898] [mavros.cmd]: CMD: Unexpected command 520, result 3
[fastlio_ev_health_monitor.py-3] [INFO] [1786018846.929272142] [fastlio_ev_health_monitor]: EV health state=HEALTHY: ok
[mavros_node-1] [WARN] [1786018847.318355609] [mavros.sys]: FCU: UNK(8): EVENT 11047904 with args -0-128-0-18-1-0-0-0-0-0-0-0-0-131-191-1-128-0-0-0-0-0-0-0-0-0-0-0-0-0-0-0-0-0-0-0-0-0-0-0-
[mavros_node-1] [ERROR] [1786018847.318490440] [mavros.sys]: FCU: EVENT 16642797 with args -124-0-126-0-17-0-0-0-0-0-0-0-0-0-0-0-0-0-0-0-0-0-0-0-0-0-0-0-0-0-0-0-0-0-0-0-0-0-0-0-
[mavros_node-1] [ERROR] [1786018847.320320485] [mavros.sys]: FCU: EVENT 9077977 with args -255-255-255-255-7-0-0-0-0-0-0-0-0-0-0-0-0-0-0-0-0-0-0-0-0-0-0-0-0-0-0-0-0-0-0-0-0-0-0-0-
[mavros_node-1] [ERROR] [1786018847.320518695] [mavros.sys]: FCU: EVENT 11464574 with args -0-64-0-0-20-0-0-0-0-0-0-0-0-0-0-0-0-0-0-0-0-0-0-0-0-0-0-0-0-0-0-0-0-0-0-0-0-0-0-0-
[mavros_node-1] [ERROR] [1786018847.320665156] [mavros.sys]: FCU: EVENT 13835193 with args -124-0-126-0-17-0-0-0-0-0-0-0-0-0-0-0-0-0-0-0-0-0-0-0-0-0-0-0-0-0-0-0-0-0-0-0-0-0-0-0-
[mavros_node-1] [ERROR] [1786018847.320724917] [mavros.sys]: FCU: EVENT 10011251 with args -56-0-0-0-24-0-0-0-0-0-0-0-0-0-0-0-0-0-0-0-0-0-0-0-0-0-0-0-0-0-0-0-0-0-0-0-0-0-0-0-
[mavros_node-1] [INFO] [1786018847.320773236] [mavros.sys]: FCU: EVENT 377561 with args -8-0-0-0-20-0-0-0-0-0-0-0-0-0-0-0-0-0-0-0-0-0-0-0-0-0-0-0-0-0-0-0-0-0-0-0-0-0-0-0-
[mavros_node-1] [INFO] [1786018847.320819924] [mavros.sys]: FCU: EVENT 79408 with args -32-0-0-0-20-0-0-0-0-0-0-0-0-0-0-0-0-0-0-0-0-0-0-0-0-0-0-0-0-0-0-0-0-0-0-0-0-0-0-0-
[mavros_node-1] [INFO] [1786018847.320869631] [mavros.sys]: FCU: EVENT 6801787 with args -255-255-255-255-12-0-0-0-0-0-0-0-0-0-0-0-0-0-0-0-0-0-0-0-0-0-0-0-0-0-0-0-0-0-0-0-0-0-0-0-
[mavros_node-1] [WARN] [1786018847.320914590] [mavros.sys]: FCU: UNK(8): EVENT 1914663 with args -0-130-0-2-48-0-0-0-0-0-0-0-0-0-0-0-0-0-0-0-0-0-0-0-0-0-0-0-0-0-0-0-0-0-0-0-0-0-0-0-
[mavros_node-1] [WARN] [1786018847.537658726] [mavros.sys]: VER: broadcast request timeout, retries left 4
[mavros_node-1] [WARN] [1786018848.532667955] [mavros.sys]: VER: broadcast request timeout, retries left 3
[fastlio_ev_health_monitor.py-3] [WARN] [1786018848.717118250] [fastlio_ev_health_monitor]: EV health state=SUSPECT: ev_timeout age=0.587s
[fastlio_ev_health_monitor.py-3] [WARN] [1786018849.116367394] [fastlio_ev_health_monitor]: EV health state=FAULT: ev_timeout age=0.987s
[mavros_node-1] [WARN] [1786018849.389275632] [mavros.sys]: FCU: UNK(8): EVENT 11047904 with args -0-128-0-18-1-0-0-0-0-0-0-0-0-131-191-1-128-0-0-0-0-0-0-0-0-0-0-0-0-0-0-0-0-0-0-0-0-0-0-0-
[mavros_node-1] [ERROR] [1786018849.389585734] [mavros.sys]: FCU: EVENT 9077977 with args -255-255-255-255-7-0-0-0-0-0-0-0-0-0-0-0-0-0-0-0-0-0-0-0-0-0-0-0-0-0-0-0-0-0-0-0-0-0-0-0-
[mavros_node-1] [ERROR] [1786018849.389893087] [mavros.sys]: FCU: EVENT 11464574 with args -0-64-0-0-20-0-0-0-0-0-0-0-0-0-0-0-0-0-0-0-0-0-0-0-0-0-0-0-0-0-0-0-0-0-0-0-0-0-0-0-
[mavros_node-1] [ERROR] [1786018849.390269327] [mavros.sys]: FCU: EVENT 13835193 with args -124-0-126-0-17-0-0-0-0-0-0-0-0-0-0-0-0-0-0-0-0-0-0-0-0-0-0-0-0-0-0-0-0-0-0-0-0-0-0-0-
[mavros_node-1] [ERROR] [1786018849.390600537] [mavros.sys]: FCU: EVENT 10011251 with args -56-0-0-0-24-0-0-0-0-0-0-0-0-0-0-0-0-0-0-0-0-0-0-0-0-0-0-0-0-0-0-0-0-0-0-0-0-0-0-0-
[mavros_node-1] [INFO] [1786018849.390950077] [mavros.sys]: FCU: EVENT 377561 with args -8-0-0-0-20-0-0-0-0-0-0-0-0-0-0-0-0-0-0-0-0-0-0-0-0-0-0-0-0-0-0-0-0-0-0-0-0-0-0-0-
[mavros_node-1] [INFO] [1786018849.391336506] [mavros.sys]: FCU: EVENT 79408 with args -32-0-0-0-20-0-0-0-0-0-0-0-0-0-0-0-0-0-0-0-0-0-0-0-0-0-0-0-0-0-0-0-0-0-0-0-0-0-0-0-
[mavros_node-1] [INFO] [1786018849.391555444] [mavros.sys]: FCU: EVENT 6801787 with args -255-255-255-255-12-0-0-0-0-0-0-0-0-0-0-0-0-0-0-0-0-0-0-0-0-0-0-0-0-0-0-0-0-0-0-0-0-0-0-0-
[mavros_node-1] [WARN] [1786018849.393634983] [mavros.sys]: FCU: UNK(8): EVENT 1914663 with args -0-130-0-2-48-0-0-0-0-0-0-0-0-0-0-0-0-0-0-0-0-0-0-0-0-0-0-0-0-0-0-0-0-0-0-0-0-0-0-0-
[mavros_node-1] [ERROR] [1786018849.554159060] [mavros.sys]: VER: command plugin service call failed!
[mavros_node-1] [WARN] [1786018849.554205725] [mavros.sys]: VER: unicast request timeout, retries left 2
[mavros_node-1] [ERROR] [1786018850.544141835] [mavros.sys]: VER: command plugin service call failed!
[mavros_node-1] [WARN] [1786018850.544253726] [mavros.sys]: VER: unicast request timeout, retries left 1
[mavros_node-1] [WARN] [1786018851.436314680] [mavros.sys]: FCU: UNK(8): EVENT 11047904 with args -0-128-0-16-1-0-0-0-0-0-0-0-0-199-191-127-128-0-0-0-0-0-0-0-0-0-0-0-0-0-0-0-0-0-0-0-0-0-0-0-
[mavros_node-1] [ERROR] [1786018851.436519088] [mavros.sys]: FCU: EVENT 9077977 with args -255-255-255-255-7-0-0-0-0-0-0-0-0-0-0-0-0-0-0-0-0-0-0-0-0-0-0-0-0-0-0-0-0-0-0-0-0-0-0-0-
[mavros_node-1] [ERROR] [1786018851.436869224] [mavros.sys]: FCU: EVENT 11464574 with args -0-64-0-0-20-0-0-0-0-0-0-0-0-0-0-0-0-0-0-0-0-0-0-0-0-0-0-0-0-0-0-0-0-0-0-0-0-0-0-0-
[mavros_node-1] [ERROR] [1786018851.437248016] [mavros.sys]: FCU: EVENT 10011251 with args -56-0-0-0-24-0-0-0-0-0-0-0-0-0-0-0-0-0-0-0-0-0-0-0-0-0-0-0-0-0-0-0-0-0-0-0-0-0-0-0-
[mavros_node-1] [INFO] [1786018851.437589893] [mavros.sys]: FCU: EVENT 377561 with args -8-0-0-0-20-0-0-0-0-0-0-0-0-0-0-0-0-0-0-0-0-0-0-0-0-0-0-0-0-0-0-0-0-0-0-0-0-0-0-0-
[mavros_node-1] [INFO] [1786018851.437724818] [mavros.sys]: FCU: EVENT 79408 with args -32-0-0-0-20-0-0-0-0-0-0-0-0-0-0-0-0-0-0-0-0-0-0-0-0-0-0-0-0-0-0-0-0-0-0-0-0-0-0-0-
[mavros_node-1] [INFO] [1786018851.437927497] [mavros.sys]: FCU: EVENT 6801787 with args -255-255-255-255-12-0-0-0-0-0-0-0-0-0-0-0-0-0-0-0-0-0-0-0-0-0-0-0-0-0-0-0-0-0-0-0-0-0-0-0-
[mavros_node-1] [WARN] [1786018851.438403462] [mavros.sys]: FCU: UNK(8): EVENT 1914663 with args -0-130-0-2-48-0-0-0-0-0-0-0-0-0-0-0-0-0-0-0-0-0-0-0-0-0-0-0-0-0-0-0-0-0-0-0-0-0-0-0-
[mavros_node-1] [ERROR] [1786018851.539959256] [mavros.sys]: VER: command plugin service call failed!
[mavros_node-1] [WARN] [1786018851.540006141] [mavros.sys]: VER: unicast request timeout, retries left 0
[mavros_node-1] [ERROR] [1786018852.540899280] [mavros.sys]: VER: command plugin service call failed!
[mavros_node-1] [WARN] [1786018852.540946830] [mavros.sys]: VER: your FCU don't support AUTOPILOT_VERSION, switched to default capabilities
[mavros_node-1] [WARN] [1786018853.529705911] [mavros.sys]: FCU: UNK(8): EVENT 11047904 with args -0-128-0-18-1-0-0-0-0-0-0-0-0-131-191-1-128-0-0-0-0-0-0-0-0-0-0-0-0-0-0-0-0-0-0-0-0-0-0-0-
[mavros_node-1] [ERROR] [1786018853.530146042] [mavros.sys]: FCU: EVENT 9077977 with args -255-255-255-255-7-0-0-0-0-0-0-0-0-0-0-0-0-0-0-0-0-0-0-0-0-0-0-0-0-0-0-0-0-0-0-0-0-0-0-0-
[mavros_node-1] [ERROR] [1786018853.530379304] [mavros.sys]: FCU: EVENT 11464574 with args -0-64-0-0-20-0-0-0-0-0-0-0-0-0-0-0-0-0-0-0-0-0-0-0-0-0-0-0-0-0-0-0-0-0-0-0-0-0-0-0-
[mavros_node-1] [ERROR] [1786018853.530779235] [mavros.sys]: FCU: EVENT 13835193 with args -124-0-126-0-17-0-0-0-0-0-0-0-0-0-0-0-0-0-0-0-0-0-0-0-0-0-0-0-0-0-0-0-0-0-0-0-0-0-0-0-
[mavros_node-1] [ERROR] [1786018853.530910446] [mavros.sys]: FCU: EVENT 10011251 with args -56-0-0-0-24-0-0-0-0-0-0-0-0-0-0-0-0-0-0-0-0-0-0-0-0-0-0-0-0-0-0-0-0-0-0-0-0-0-0-0-
[mavros_node-1] [INFO] [1786018853.531036438] [mavros.sys]: FCU: EVENT 377561 with args -8-0-0-0-20-0-0-0-0-0-0-0-0-0-0-0-0-0-0-0-0-0-0-0-0-0-0-0-0-0-0-0-0-0-0-0-0-0-0-0-
[mavros_node-1] [INFO] [1786018853.531633477] [mavros.sys]: FCU: EVENT 79408 with args -32-0-0-0-20-0-0-0-0-0-0-0-0-0-0-0-0-0-0-0-0-0-0-0-0-0-0-0-0-0-0-0-0-0-0-0-0-0-0-0-
[mavros_node-1] [INFO] [1786018853.532008726] [mavros.sys]: FCU: EVENT 6801787 with args -255-255-255-255-12-0-0-0-0-0-0-0-0-0-0-0-0-0-0-0-0-0-0-0-0-0-0-0-0-0-0-0-0-0-0-0-0-0-0-0-
[mavros_node-1] [WARN] [1786018853.532345513] [mavros.sys]: FCU: UNK(8): EVENT 1914663 with args -0-130-0-2-48-0-0-0-0-0-0-0-0-0-0-0-0-0-0-0-0-0-0-0-0-0-0-0-0-0-0-0-0-0-0-0-0-0-0-0-
[mavros_node-1] [INFO] [1786018855.527808667] [mavros.home_position]: HP: requesting home position
[mavros_node-1] [INFO] [1786018860.530941502] [mavros.mission]: WP: mission received
[mavros_node-1] [INFO] [1786018865.533917851] [mavros.rallypoint]: RP: mission received
[mavros_node-1] [INFO] [1786018870.532950643] [mavros.geofence]: GF: mission received
[mavros_node-1] [WARN] [1786018877.699529206] [mavros.sys]: FCU: UNK(8): EVENT 11047904 with args -0-0-0-18-1-0-0-0-0-131-191-1-128-131-191-1-128-0-0-0-0-0-0-0-0-0-0-0-0-0-0-0-0-0-0-0-0-0-0-0-
[mavros_node-1] [ERROR] [1786018877.699838613] [mavros.sys]: FCU: EVENT 11464574 with args -0-64-0-0-20-0-0-0-0-0-0-0-0-0-0-0-0-0-0-0-0-0-0-0-0-0-0-0-0-0-0-0-0-0-0-0-0-0-0-0-
[mavros_node-1] [ERROR] [1786018877.700222112] [mavros.sys]: FCU: EVENT 13835193 with args -124-0-126-0-17-0-0-0-0-0-0-0-0-0-0-0-0-0-0-0-0-0-0-0-0-0-0-0-0-0-0-0-0-0-0-0-0-0-0-0-
[mavros_node-1] [ERROR] [1786018877.700518326] [mavros.sys]: FCU: EVENT 10011251 with args -56-0-0-0-24-0-0-0-0-0-0-0-0-0-0-0-0-0-0-0-0-0-0-0-0-0-0-0-0-0-0-0-0-0-0-0-0-0-0-0-
[mavros_node-1] [INFO] [1786018877.700887115] [mavros.sys]: FCU: EVENT 377561 with args -8-0-0-0-20-0-0-0-0-0-0-0-0-0-0-0-0-0-0-0-0-0-0-0-0-0-0-0-0-0-0-0-0-0-0-0-0-0-0-0-
[mavros_node-1] [INFO] [1786018877.701009906] [mavros.sys]: FCU: EVENT 79408 with args -32-0-0-0-20-0-0-0-0-0-0-0-0-0-0-0-0-0-0-0-0-0-0-0-0-0-0-0-0-0-0-0-0-0-0-0-0-0-0-0-
[mavros_node-1] [INFO] [1786018877.701332550] [mavros.sys]: FCU: EVENT 6801787 with args -255-255-255-255-12-0-0-0-0-0-0-0-0-0-0-0-0-0-0-0-0-0-0-0-0-0-0-0-0-0-0-0-0-0-0-0-0-0-0-0-
[mavros_node-1] [WARN] [1786018877.702700636] [mavros.sys]: FCU: UNK(8): EVENT 1914663 with args -0-130-0-2-48-0-0-0-0-0-0-0-0-0-0-0-0-0-0-0-0-0-0-0-0-0-0-0-0-0-0-0-0-0-0-0-0-0-0-0-
[fastlio_odometry_guard-2] [WARN] [1786018935.227020539] [fastlio_odometry_guard]: Rejected FAST-LIO odometry: z jump 0.117131 m; resynced guard baseline (accepted=901 rejected=1)
[fastlio_odometry_guard-2] [WARN] [1786018936.638859455] [fastlio_odometry_guard]: Rejected FAST-LIO odometry: computed speed 1.25198 m/s; resynced guard baseline (accepted=911 rejected=5)
[fastlio_odometry_guard-2] [WARN] [1786018938.439513767] [fastlio_odometry_guard]: Rejected FAST-LIO odometry: computed speed 1.24385 m/s; resynced guard baseline (accepted=925 rejected=8)
[fastlio_odometry_guard-2] [WARN] [1786018939.717667284] [fastlio_odometry_guard]: Rejected FAST-LIO odometry: z jump -0.154364 m; resynced guard baseline (accepted=937 rejected=9)
[fastlio_odometry_guard-2] [WARN] [1786018941.591212813] [fastlio_odometry_guard]: Rejected FAST-LIO odometry: z jump 0.114575 m; resynced guard baseline (accepted=949 rejected=13)
[fastlio_odometry_guard-2] [WARN] [1786018948.938473941] [fastlio_odometry_guard]: Rejected FAST-LIO odometry: computed speed 1.86768 m/s; resynced guard baseline (accepted=1024 rejected=15)
[fastlio_odometry_guard-2] [WARN] [1786018950.138953795] [fastlio_odometry_guard]: Rejected FAST-LIO odometry: z jump 0.11965 m; resynced guard baseline (accepted=1031 rejected=18)
[fastlio_odometry_guard-2] [WARN] [1786018951.148406232] [fastlio_odometry_guard]: Rejected FAST-LIO odometry: position jump 0.306605 m; resynced guard baseline (accepted=1038 rejected=23)
