Flight run directory: /home/robot/ws_offboard_control/flight_records/20260806/flight_20260806_202037
Parameter snapshot: /home/robot/ws_offboard_control/flight_records/20260806/flight_20260806_202037/snapshot
Recording rosbag to: /home/robot/ws_offboard_control/flight_records/20260806/flight_20260806_202037/rosbag
Record full registered point cloud: false
Press Ctrl+C in this terminal to stop recording.
stdin is not a terminal device. Keyboard handling disabled.[INFO] [1786018858.137190889] [rosbag2_recorder]: Press SPACE for pausing/resuming
[INFO] [1786018858.139613401] [rosbag2_storage]: Opened database '/home/robot/ws_offboard_control/flight_records/20260806/flight_20260806_202037/rosbag/rosbag_0.db3' for READ_WRITE.
[INFO] [1786018858.142625071] [rosbag2_recorder]: Listening for topics...
[INFO] [1786018858.142641036] [rosbag2_recorder]: Event publisher thread: Starting
[INFO] [1786018858.146110540] [rosbag2_recorder]: Subscribed to topic '/route_tracker/reference_path_3d'
[INFO] [1786018858.150760354] [rosbag2_recorder]: Subscribed to topic '/minipc_mavros_offboard/mpc_setpoint_debug'
[INFO] [1786018858.153819014] [rosbag2_recorder]: Subscribed to topic '/mavros/vision_speed/speed_twist_cov'
[INFO] [1786018858.155084337] [rosbag2_recorder]: Subscribed to topic '/path'
[INFO] [1786018858.156273433] [rosbag2_recorder]: Subscribed to topic '/mavros/vision_pose/pose_cov'
[INFO] [1786018858.157505315] [rosbag2_recorder]: Subscribed to topic '/route_tracker/lookahead_target'
[INFO] [1786018858.159043352] [rosbag2_recorder]: Subscribed to topic '/mavros/setpoint_raw/local'
[INFO] [1786018858.160437106] [rosbag2_recorder]: Subscribed to topic '/Odometry/guarded'
[INFO] [1786018858.162272066] [rosbag2_recorder]: Subscribed to topic '/Odometry'
[INFO] [1786018858.162447101] [rosbag2_recorder]: Recording...
[INFO] [1786018858.267314629] [rosbag2_recorder]: Subscribed to topic '/mavros/state'
[INFO] [1786018858.268901739] [rosbag2_recorder]: Subscribed to topic '/mavros/setpoint_raw/target_local'
[INFO] [1786018858.270315664] [rosbag2_recorder]: Subscribed to topic '/mavros/local_position/velocity_local'
[INFO] [1786018858.271290613] [rosbag2_recorder]: Subscribed to topic '/mavros/local_position/odom'
[INFO] [1786018858.272097853] [rosbag2_recorder]: Subscribed to topic '/mavros/local_position/pose'
[INFO] [1786018859.218157310] [rosbag2_recorder]: Subscribed to topic '/ev_health/velocity_ned'
[INFO] [1786018859.219571060] [rosbag2_recorder]: Subscribed to topic '/ev_health/diagnostics'
[INFO] [1786018859.220797910] [rosbag2_recorder]: Subscribed to topic '/ev_health/status'
[INFO] [1786018859.221655484] [rosbag2_recorder]: Subscribed to topic '/ev_health/fault'
[INFO] [1786018859.222765877] [rosbag2_recorder]: Subscribed to topic '/Odometry/healthy'
