[MAVROS and EV chain] starting
[MAVROS and EV chain] command: ros2 launch px4_ros_com fastlio_mavros_autofix.launch.py fcu_url:=serial:///dev/ttyUSB0:921600\?ids=255\,190 start_mavros_vision_bridge:=true start_odom_guard:=true start_ev_health_monitor:=true start_tf:=true vision_world_yaw_alignment_rad:=0.0 body_to_sensor_x_m:=0.0 body_to_sensor_y_m:=0.0 body_to_sensor_z_m:=0.08 body_to_fastlio_yaw_rad:=0.0
[MAVROS and EV chain] pid=24219 pgid=24219 log=/home/robot/rong_ws/ws_offboard_control/flight_records/20260811/flight_20260811_212736/logs/px4_mavros.log
[INFO] [launch]: All log files can be found below /home/robot/.ros/log/2026-08-11-21-28-04-021633-robot-24219
[INFO] [launch]: Default logging verbosity is set to INFO
[INFO] [mavros_node-1]: process started with pid [24267]
[INFO] [fastlio_odometry_guard-2]: process started with pid [24269]
[INFO] [fastlio_ev_health_monitor.py-3]: process started with pid [24272]
[INFO] [fix_mavros_odometry_frames.py-4]: process started with pid [24274]
[INFO] [fastlio_mavros_vision_bridge-5]: process started with pid [24276]
[INFO] [static_transform_publisher-6]: process started with pid [24278]
[INFO] [static_transform_publisher-7]: process started with pid [24280]
[INFO] [static_transform_publisher-8]: process started with pid [24282]
[INFO] [static_transform_publisher-9]: process started with pid [24284]
[static_transform_publisher-8] [INFO] [1786454884.562335555] [camera_init_to_camera_init_ned]: Spinning until stopped - publishing transform
[static_transform_publisher-8] translation: ('0.000000', '0.000000', '0.000000')
[static_transform_publisher-8] rotation: ('0.707107', '0.707107', '0.000000', '0.000000')
[static_transform_publisher-8] from 'camera_init' to 'camera_init_ned'
[fastlio_odometry_guard-2] [INFO] [1786454884.564797709] [fastlio_odometry_guard]: Guarding odometry /Odometry -> /Odometry/guarded (jump=0.30m, xy=0.20m, z=0.10m, speed=1.20m/s, unknown angular variance>=100000)
[mavros_node-1] [INFO] [1786454884.615237506] [mavros.mavros_node]: Starting mavros_node container
[mavros_node-1] [INFO] [1786454884.615460952] [mavros.mavros_node]: FCU URL: serial:///dev/ttyUSB0:921600?ids=255,190
[mavros_node-1] [INFO] [1786454884.615475605] [mavros.mavros_node]: GCS URL: 
[mavros_node-1] [INFO] [1786454884.615514691] [mavros.mavros_node]: UAS Prefix: /uas1
[mavros_node-1] [INFO] [1786454884.615525135] [mavros.mavros_node]: Starting mavros router node
[static_transform_publisher-6] [INFO] [1786454884.664232272] [odom_to_camera_init]: Spinning until stopped - publishing transform
[static_transform_publisher-6] translation: ('0.000000', '0.000000', '0.000000')
[static_transform_publisher-6] rotation: ('0.000000', '0.000000', '0.000000', '1.000000')
[static_transform_publisher-6] from 'odom' to 'camera_init'
[fastlio_mavros_vision_bridge-5] [INFO] [1786454884.683977411] [fastlio_mavros_vision_bridge]: Bridging /Odometry/healthy -> /mavros/vision_pose/pose_cov + vision_speed for MAVROS vision input; body->FAST-LIO origin in body FLU=(0.0000, 0.0000, 0.0800) m, R_FASTLIO_body yaw=0.000000 rad, world yaw alignment=0.000000 rad
[static_transform_publisher-9] [INFO] [1786454884.720388776] [body_to_body_frd]: Spinning until stopped - publishing transform
[static_transform_publisher-9] translation: ('0.000000', '0.000000', '0.000000')
[static_transform_publisher-9] rotation: ('1.000000', '0.000000', '0.000000', '0.000000')
[static_transform_publisher-9] from 'body' to 'body_frd'
[static_transform_publisher-7] [INFO] [1786454884.738759731] [base_link_to_body]: Spinning until stopped - publishing transform
[static_transform_publisher-7] translation: ('0.000000', '0.000000', '0.080000')
[static_transform_publisher-7] rotation: ('0.000000', '0.000000', '-0.000000', '1.000000')
[static_transform_publisher-7] from 'base_link' to 'body'
[mavros_node-1] [INFO] [1786454884.819504367] [mavros.mavros_router]: Built-in SIMD instructions: SSE, SSE2
[mavros_node-1] [INFO] [1786454884.819564461] [mavros.mavros_router]: Built-in MAVLink package version: 2026.3.3
[mavros_node-1] [INFO] [1786454884.819579265] [mavros.mavros_router]: Known MAVLink dialects: common ardupilotmega ASLUAV AVSSUAS all csAirLink cubepilot development icarous loweheiser marsh matrixpilot paparazzi standard stemstudios storm32 uAvionix ualberta
[mavros_node-1] [INFO] [1786454884.819584231] [mavros.mavros_router]: MAVROS Router started
[mavros_node-1] [INFO] [1786454884.819892721] [mavros.mavros_node]: Starting mavros uas node
[mavros_node-1] [INFO] [1786454885.000187650] [mavros.mavros_router]: Requested to add endpoint: type: 0, url: serial:///dev/ttyUSB0:921600?ids=255,190
[mavros_node-1] [INFO] [1786454885.000311953] [mavros.mavros_router]: Endpoint link[1000] created
[mavros_node-1] [INFO] [1786454885.001265542] [mavros.mavros_router]: link[1000] opened successfully
[mavros_node-1] [INFO] [1786454885.001310393] [mavros.mavros_router]: Requested to add endpoint: type: 2, url: /uas1
[mavros_node-1] [INFO] [1786454885.001335620] [mavros.mavros_router]: Endpoint link[1001] created
[mavros_node-1] [INFO] [1786454885.001356302] [mavros.mavros_router]: link[1000] detected remote address 1.1
[mavros_node-1] [INFO] [1786454885.009691340] [mavros.mavros_router]: link[1001] opened successfully
[mavros_node-1] [INFO] [1786454885.010257020] [mavros.mavros]: UAS Executor started, threads: 16
[mavros_node-1] [INFO] [1786454885.010287248] [mavros.mavros]: Plugin actuator_control ignored
[mavros_node-1] [INFO] [1786454885.010340408] [mavros.mavros]: Plugin adsb ignored
[mavros_node-1] [INFO] [1786454885.010350415] [mavros.mavros]: Plugin altitude ignored
[mavros_node-1] [INFO] [1786454885.010355361] [mavros.mavros]: Plugin cam_imu_sync ignored
[mavros_node-1] [INFO] [1786454885.010358860] [mavros.mavros]: Plugin camera ignored
[mavros_node-1] [INFO] [1786454885.010361976] [mavros.mavros]: Plugin cellular_status ignored
[mavros_node-1] [INFO] [1786454885.092256861] [mavros.mavros]: Plugin command created
[mavros_node-1] [INFO] [1786454885.092386748] [mavros.mavros]: Plugin command initialized
[mavros_node-1] [INFO] [1786454885.092407262] [mavros.mavros]: Plugin companion_process_status ignored
[mavros_node-1] [INFO] [1786454885.092419288] [mavros.mavros]: Plugin debug_value ignored
[mavros_node-1] [INFO] [1786454885.092432193] [mavros.mavros]: Plugin distance_sensor ignored
[mavros_node-1] [INFO] [1786454885.092441754] [mavros.mavros]: Plugin esc_status ignored
[mavros_node-1] [INFO] [1786454885.092451747] [mavros.mavros]: Plugin esc_telemetry ignored
[mavros_node-1] [INFO] [1786454885.092462137] [mavros.mavros]: Plugin fake_gps ignored
[mavros_node-1] [INFO] [1786454885.092474005] [mavros.mavros]: Plugin ftp ignored
[mavros_node-1] [INFO] [1786454885.092504890] [mavros.mavros]: Plugin geofence ignored
[mavros_node-1] [INFO] [1786454885.092516310] [mavros.mavros]: Plugin gimbal_control ignored
[mavros_node-1] [INFO] [1786454885.092528413] [mavros.mavros]: Plugin global_position ignored
[mavros_node-1] [INFO] [1786454885.092539194] [mavros.mavros]: Plugin gps_input ignored
[mavros_node-1] [INFO] [1786454885.092550103] [mavros.mavros]: Plugin gps_rtk ignored
[mavros_node-1] [INFO] [1786454885.092561029] [mavros.mavros]: Plugin gps_status ignored
[mavros_node-1] [INFO] [1786454885.092571218] [mavros.mavros]: Plugin guided_target ignored
[mavros_node-1] [INFO] [1786454885.092581867] [mavros.mavros]: Plugin hil ignored
[mavros_node-1] [INFO] [1786454885.092591312] [mavros.mavros]: Plugin home_position ignored
[mavros_node-1] [INFO] [1786454885.144939257] [mavros.mavros]: Plugin imu created
[mavros_node-1] [INFO] [1786454885.144995427] [mavros.mavros]: Plugin imu initialized
[mavros_node-1] [INFO] [1786454885.145001370] [mavros.mavros]: Plugin landing_target ignored
[mavros_node-1] [INFO] [1786454885.171534915] [mavros.mavros]: Plugin local_position created
[mavros_node-1] [INFO] [1786454885.171626491] [mavros.mavros]: Plugin local_position initialized
[mavros_node-1] [INFO] [1786454885.171645504] [mavros.mavros]: Plugin log_transfer ignored
[mavros_node-1] [INFO] [1786454885.171658212] [mavros.mavros]: Plugin mag_calibration_status ignored
[mavros_node-1] [INFO] [1786454885.171670047] [mavros.mavros]: Plugin manual_control ignored
[mavros_node-1] [INFO] [1786454885.171718262] [mavros.mavros]: Plugin mocap_pose_estimate ignored
[mavros_node-1] [INFO] [1786454885.171733181] [mavros.mavros]: Plugin mount_control ignored
[mavros_node-1] [INFO] [1786454885.171744659] [mavros.mavros]: Plugin nav_controller_output ignored
[mavros_node-1] [INFO] [1786454885.171756270] [mavros.mavros]: Plugin obstacle_distance ignored
[mavros_node-1] [INFO] [1786454885.171767119] [mavros.mavros]: Plugin obstacle_distance_3d ignored
[mavros_node-1] [INFO] [1786454885.192016397] [mavros.mavros]: Plugin odometry created
[mavros_node-1] [INFO] [1786454885.192141851] [mavros.mavros]: Plugin odometry initialized
[mavros_node-1] [INFO] [1786454885.192155565] [mavros.mavros]: Plugin onboard_computer_status ignored
[mavros_node-1] [INFO] [1786454885.192160883] [mavros.mavros]: Plugin open_drone_id ignored
[mavros_node-1] [INFO] [1786454885.192164881] [mavros.mavros]: Plugin optical_flow ignored
[mavros_node-1] [INFO] [1786454885.192169306] [mavros.mavros]: Plugin param ignored
[mavros_node-1] [INFO] [1786454885.192173209] [mavros.mavros]: Plugin play_tune ignored
[mavros_node-1] [INFO] [1786454885.192177156] [mavros.mavros]: Plugin px4flow ignored
[mavros_node-1] [INFO] [1786454885.192181430] [mavros.mavros]: Plugin rallypoint ignored
[mavros_node-1] [INFO] [1786454885.192184903] [mavros.mavros]: Plugin rangefinder ignored
[mavros_node-1] [INFO] [1786454885.192188305] [mavros.mavros]: Plugin rc_io ignored
[mavros_node-1] [INFO] [1786454885.192191766] [mavros.mavros]: Plugin setpoint_accel ignored
[mavros_node-1] [INFO] [1786454885.192195229] [mavros.mavros]: Plugin setpoint_attitude ignored
[mavros_node-1] [INFO] [1786454885.192199413] [mavros.mavros]: Plugin setpoint_position ignored
[mavros_node-1] [INFO] [1786454885.210296779] [mavros.mavros]: Plugin setpoint_raw created
[mavros_node-1] [INFO] [1786454885.210479725] [mavros.mavros]: Plugin setpoint_raw initialized
[mavros_node-1] [INFO] [1786454885.210519159] [mavros.mavros]: Plugin setpoint_trajectory ignored
[mavros_node-1] [INFO] [1786454885.210526644] [mavros.mavros]: Plugin setpoint_velocity ignored
[mavros_node-1] [INFO] [1786454885.210533124] [mavros.mavros]: Plugin sim_state ignored
[mavros_node-1] [INFO] [1786454885.273246276] [mavros.mavros]: Plugin sys_status created
[mavros_node-1] [INFO] [1786454885.273381905] [mavros.mavros]: Plugin sys_status initialized
[fix_mavros_odometry_frames.py-4] [INFO] [1786454885.389738668] [fix_mavros_odometry_frames]: Waiting for /mavros/odometry parameter service...
[mavros_node-1] [INFO] [1786454885.436026154] [mavros.time]: TM: Timesync mode: MAVLINK
[mavros_node-1] [INFO] [1786454885.444687758] [mavros.mavros]: Plugin sys_time created
[mavros_node-1] [INFO] [1786454885.444795342] [mavros.mavros]: Plugin sys_time initialized
[mavros_node-1] [INFO] [1786454885.444815269] [mavros.mavros]: Plugin tdr_radio ignored
[mavros_node-1] [INFO] [1786454885.444826283] [mavros.mavros]: Plugin terrain ignored
[mavros_node-1] [INFO] [1786454885.444836750] [mavros.mavros]: Plugin trajectory ignored
[mavros_node-1] [INFO] [1786454885.444847087] [mavros.mavros]: Plugin tunnel ignored
[mavros_node-1] [INFO] [1786454885.444856752] [mavros.mavros]: Plugin vfr_hud ignored
[mavros_node-1] [INFO] [1786454885.444866082] [mavros.mavros]: Plugin vibration ignored
[mavros_node-1] [INFO] [1786454885.494815929] [mavros.mavros]: Plugin vision_pose created
[mavros_node-1] [INFO] [1786454885.495156231] [mavros.mavros]: Plugin vision_pose initialized
[mavros_node-1] [INFO] [1786454885.558643942] [mavros.mavros]: Plugin vision_speed created
[mavros_node-1] [INFO] [1786454885.559406317] [mavros.mavros]: Plugin vision_speed initialized
[mavros_node-1] [INFO] [1786454885.559450095] [mavros.mavros]: Plugin waypoint ignored
[mavros_node-1] [INFO] [1786454885.559464091] [mavros.mavros]: Plugin wheel_odometry ignored
[mavros_node-1] [INFO] [1786454885.559477103] [mavros.mavros]: Plugin wind_estimation ignored
[mavros_node-1] [INFO] [1786454885.564642469] [mavros.mavros]: Built-in SIMD instructions: SSE, SSE2
[mavros_node-1] [INFO] [1786454885.564714038] [mavros.mavros]: Built-in MAVLink package version: 2026.3.3
[mavros_node-1] [INFO] [1786454885.564727610] [mavros.mavros]: Known MAVLink dialects: common ardupilotmega ASLUAV AVSSUAS all csAirLink cubepilot development icarous loweheiser marsh matrixpilot paparazzi standard stemstudios storm32 uAvionix ualberta
[mavros_node-1] [INFO] [1786454885.564738246] [mavros.mavros]: MAVROS UAS via /uas1 started. MY ID 255.190, TARGET ID 1.1
[mavros_node-1] [INFO] [1786454885.574829859] [mavros.imu]: IMU: High resolution IMU detected!
[fastlio_ev_health_monitor.py-3] [INFO] [1786454885.576468333] [fastlio_ev_health_monitor]: EV health gate /Odometry -> /Odometry/healthy; compare /mavros/local_position/velocity_local in PX4 local NED; status=/ev_health/status, diagnostics=/ev_health/diagnostics
[mavros_node-1] [INFO] [1786454885.576565987] [mavros.imu]: IMU: Attitude quaternion IMU detected!
[mavros_node-1] [INFO] [1786454885.626327388] [mavros.mavros_router]: link[1001] detected remote address 255.190
[fastlio_ev_health_monitor.py-3] [WARN] [1786454885.642132129] [fastlio_ev_health_monitor]: EV health state=SUSPECT: px4_velocity_unaligned
[mavros_node-1] [INFO] [1786454885.926578429] [mavros.mavros]: CON: Got HEARTBEAT, connected. FCU: PX4 Autopilot
[mavros_node-1] [INFO] [1786454885.933888210] [mavros.imu]: IMU: High resolution IMU detected!
[mavros_node-1] [INFO] [1786454885.936207406] [mavros.imu]: IMU: Attitude quaternion IMU detected!
[fastlio_ev_health_monitor.py-3] [WARN] [1786454885.956391552] [fastlio_ev_health_monitor]: EV health state=FAULT: px4_velocity_timeout
[fix_mavros_odometry_frames.py-4] [INFO] [1786454886.644526397] [fix_mavros_odometry_frames]: Setting MAVROS odometry target frames to odom/base_link.
[fix_mavros_odometry_frames.py-4] [INFO] [1786454886.649993235] [fix_mavros_odometry_frames]: MAVROS odometry frame targets updated successfully.
[INFO] [fix_mavros_odometry_frames.py-4]: process has finished cleanly [pid 24274]
[mavros_node-1] [WARN] [1786454886.941130404] [mavros.cmd]: CMD: Unexpected command 520, result 3
[mavros_node-1] [WARN] [1786454887.027783061] [mavros.sys]: FCU: UNK(8): EVENT 11047904 with args -0-128-0-18-1-0-0-0-0-0-0-0-0-199-191-5-128-0-0-0-0-0-0-0-0-0-0-0-0-0-0-0-0-0-0-0-0-0-0-0-
[mavros_node-1] [ERROR] [1786454887.028108593] [mavros.sys]: FCU: EVENT 9077977 with args -255-255-255-255-7-0-0-0-0-0-0-0-0-0-0-0-0-0-0-0-0-0-0-0-0-0-0-0-0-0-0-0-0-0-0-0-0-0-0-0-
[mavros_node-1] [ERROR] [1786454887.029207446] [mavros.sys]: FCU: EVENT 13679014 with args -0-64-0-0-20-0-0-0-0-0-0-0-0-0-0-0-0-0-0-0-0-0-0-0-0-0-0-0-0-0-0-0-0-0-0-0-0-0-0-0-
[mavros_node-1] [ERROR] [1786454887.029354473] [mavros.sys]: FCU: EVENT 13835193 with args -56-0-122-0-17-0-0-0-0-0-0-0-0-0-0-0-0-0-0-0-0-0-0-0-0-0-0-0-0-0-0-0-0-0-0-0-0-0-0-0-
[mavros_node-1] [ERROR] [1786454887.029405150] [mavros.sys]: FCU: EVENT 10011251 with args -56-0-0-0-24-0-0-0-0-0-0-0-0-0-0-0-0-0-0-0-0-0-0-0-0-0-0-0-0-0-0-0-0-0-0-0-0-0-0-0-
[mavros_node-1] [INFO] [1786454887.029503318] [mavros.sys]: FCU: EVENT 377561 with args -8-0-0-0-20-0-0-0-0-0-0-0-0-0-0-0-0-0-0-0-0-0-0-0-0-0-0-0-0-0-0-0-0-0-0-0-0-0-0-0-
[mavros_node-1] [INFO] [1786454887.029865441] [mavros.sys]: FCU: EVENT 79408 with args -32-0-0-0-20-0-0-0-0-0-0-0-0-0-0-0-0-0-0-0-0-0-0-0-0-0-0-0-0-0-0-0-0-0-0-0-0-0-0-0-
[mavros_node-1] [ERROR] [1786454887.030091349] [mavros.sys]: FCU: EVENT 12754954 with args -255-255-255-255-20-0-0-0-0-0-0-0-0-0-0-0-0-0-0-0-0-0-0-0-0-0-0-0-0-0-0-0-0-0-0-0-0-0-0-0-
[mavros_node-1] [WARN] [1786454887.030502421] [mavros.sys]: FCU: UNK(8): EVENT 1914663 with args -0-130-16-2-48-0-0-0-0-0-0-0-0-0-0-0-0-0-0-0-0-0-0-0-0-0-0-0-0-0-0-0-0-0-0-0-0-0-0-0-
[mavros_node-1] [WARN] [1786454887.937253890] [mavros.sys]: VER: broadcast request timeout, retries left 4
[fastlio_ev_health_monitor.py-3] [INFO] [1786454888.638151115] [fastlio_ev_health_monitor]: EV health state=HEALTHY: ok
[mavros_node-1] [WARN] [1786454888.938604436] [mavros.sys]: VER: broadcast request timeout, retries left 3
[mavros_node-1] [WARN] [1786454889.109675066] [mavros.sys]: FCU: UNK(8): EVENT 11047904 with args -0-128-0-16-1-0-0-0-0-0-0-0-0-199-191-127-128-0-0-0-0-0-0-0-0-0-0-0-0-0-0-0-0-0-0-0-0-0-0-0-
[mavros_node-1] [ERROR] [1786454889.109954446] [mavros.sys]: FCU: EVENT 9077977 with args -255-255-255-255-7-0-0-0-0-0-0-0-0-0-0-0-0-0-0-0-0-0-0-0-0-0-0-0-0-0-0-0-0-0-0-0-0-0-0-0-
[mavros_node-1] [ERROR] [1786454889.110336867] [mavros.sys]: FCU: EVENT 11464574 with args -0-64-0-0-20-0-0-0-0-0-0-0-0-0-0-0-0-0-0-0-0-0-0-0-0-0-0-0-0-0-0-0-0-0-0-0-0-0-0-0-
[mavros_node-1] [ERROR] [1786454889.110676876] [mavros.sys]: FCU: EVENT 10011251 with args -56-0-0-0-24-0-0-0-0-0-0-0-0-0-0-0-0-0-0-0-0-0-0-0-0-0-0-0-0-0-0-0-0-0-0-0-0-0-0-0-
[mavros_node-1] [INFO] [1786454889.111005021] [mavros.sys]: FCU: EVENT 377561 with args -8-0-0-0-20-0-0-0-0-0-0-0-0-0-0-0-0-0-0-0-0-0-0-0-0-0-0-0-0-0-0-0-0-0-0-0-0-0-0-0-
[mavros_node-1] [INFO] [1786454889.111372603] [mavros.sys]: FCU: EVENT 79408 with args -32-0-0-0-20-0-0-0-0-0-0-0-0-0-0-0-0-0-0-0-0-0-0-0-0-0-0-0-0-0-0-0-0-0-0-0-0-0-0-0-
[mavros_node-1] [ERROR] [1786454889.111844022] [mavros.sys]: FCU: EVENT 12754954 with args -255-255-255-255-20-0-0-0-0-0-0-0-0-0-0-0-0-0-0-0-0-0-0-0-0-0-0-0-0-0-0-0-0-0-0-0-0-0-0-0-
[mavros_node-1] [WARN] [1786454889.112370152] [mavros.sys]: FCU: UNK(8): EVENT 1914663 with args -0-130-16-2-48-0-0-0-0-0-0-0-0-0-0-0-0-0-0-0-0-0-0-0-0-0-0-0-0-0-0-0-0-0-0-0-0-0-0-0-
[mavros_node-1] [ERROR] [1786454889.957874264] [mavros.sys]: VER: command plugin service call failed!
[mavros_node-1] [WARN] [1786454889.957981146] [mavros.sys]: VER: unicast request timeout, retries left 2
[mavros_node-1] [ERROR] [1786454890.947195026] [mavros.sys]: VER: command plugin service call failed!
[mavros_node-1] [WARN] [1786454890.947321799] [mavros.sys]: VER: unicast request timeout, retries left 1
[mavros_node-1] [ERROR] [1786454891.953134940] [mavros.sys]: VER: command plugin service call failed!
[mavros_node-1] [WARN] [1786454891.953216478] [mavros.sys]: VER: unicast request timeout, retries left 0
[mavros_node-1] [ERROR] [1786454892.955547978] [mavros.sys]: VER: command plugin service call failed!
[mavros_node-1] [WARN] [1786454892.955628391] [mavros.sys]: VER: your FCU don't support AUTOPILOT_VERSION, switched to default capabilities
[mavros_node-1] [WARN] [1786454896.186699180] [mavros.sys]: FCU: UNK(8): EVENT 11047904 with args -0-128-0-16-1-0-0-0-0-0-0-0-0-199-255-127-128-0-0-0-0-0-0-0-0-0-0-0-0-0-0-0-0-0-0-0-0-0-0-0-
[mavros_node-1] [ERROR] [1786454896.186944856] [mavros.sys]: FCU: EVENT 9077977 with args -255-255-255-255-7-0-0-0-0-0-0-0-0-0-0-0-0-0-0-0-0-0-0-0-0-0-0-0-0-0-0-0-0-0-0-0-0-0-0-0-
[mavros_node-1] [ERROR] [1786454896.187173112] [mavros.sys]: FCU: EVENT 10011251 with args -56-0-0-0-24-0-0-0-0-0-0-0-0-0-0-0-0-0-0-0-0-0-0-0-0-0-0-0-0-0-0-0-0-0-0-0-0-0-0-0-
[mavros_node-1] [INFO] [1786454896.187533646] [mavros.sys]: FCU: EVENT 377561 with args -8-0-0-0-20-0-0-0-0-0-0-0-0-0-0-0-0-0-0-0-0-0-0-0-0-0-0-0-0-0-0-0-0-0-0-0-0-0-0-0-
[mavros_node-1] [INFO] [1786454896.187881169] [mavros.sys]: FCU: EVENT 79408 with args -32-0-0-0-20-0-0-0-0-0-0-0-0-0-0-0-0-0-0-0-0-0-0-0-0-0-0-0-0-0-0-0-0-0-0-0-0-0-0-0-
[mavros_node-1] [ERROR] [1786454896.188124451] [mavros.sys]: FCU: EVENT 12754954 with args -255-255-255-255-20-0-0-0-0-0-0-0-0-0-0-0-0-0-0-0-0-0-0-0-0-0-0-0-0-0-0-0-0-0-0-0-0-0-0-0-
[mavros_node-1] [WARN] [1786454896.191107958] [mavros.sys]: FCU: UNK(8): EVENT 1914663 with args -0-130-16-2-48-0-0-0-0-0-0-0-0-0-0-0-0-0-0-0-0-0-0-0-0-0-0-0-0-0-0-0-0-0-0-0-0-0-0-0-
[fastlio_ev_health_monitor.py-3] [WARN] [1786454912.042467654] [fastlio_ev_health_monitor]: EV health state=SUSPECT: px4_velocity_unaligned
[mavros_node-1] [WARN] [1786454913.255697311] [mavros.sys]: FCU: UNK(8): EVENT 11047904 with args -0-128-0-16-1-0-0-0-0-0-0-0-0-199-191-127-128-0-0-0-0-0-0-0-0-0-0-0-0-0-0-0-0-0-0-0-0-0-0-0-
[mavros_node-1] [ERROR] [1786454913.255858826] [mavros.sys]: FCU: EVENT 9077977 with args -255-255-255-255-7-0-0-0-0-0-0-0-0-0-0-0-0-0-0-0-0-0-0-0-0-0-0-0-0-0-0-0-0-0-0-0-0-0-0-0-
[mavros_node-1] [ERROR] [1786454913.256253798] [mavros.sys]: FCU: EVENT 11464574 with args -0-64-0-0-20-0-0-0-0-0-0-0-0-0-0-0-0-0-0-0-0-0-0-0-0-0-0-0-0-0-0-0-0-0-0-0-0-0-0-0-
[mavros_node-1] [ERROR] [1786454913.256472768] [mavros.sys]: FCU: EVENT 10011251 with args -56-0-0-0-24-0-0-0-0-0-0-0-0-0-0-0-0-0-0-0-0-0-0-0-0-0-0-0-0-0-0-0-0-0-0-0-0-0-0-0-
[mavros_node-1] [INFO] [1786454913.256856003] [mavros.sys]: FCU: EVENT 377561 with args -8-0-0-0-20-0-0-0-0-0-0-0-0-0-0-0-0-0-0-0-0-0-0-0-0-0-0-0-0-0-0-0-0-0-0-0-0-0-0-0-
[mavros_node-1] [INFO] [1786454913.257273466] [mavros.sys]: FCU: EVENT 79408 with args -32-0-0-0-20-0-0-0-0-0-0-0-0-0-0-0-0-0-0-0-0-0-0-0-0-0-0-0-0-0-0-0-0-0-0-0-0-0-0-0-
[mavros_node-1] [ERROR] [1786454913.257534570] [mavros.sys]: FCU: EVENT 12754954 with args -255-255-255-255-20-0-0-0-0-0-0-0-0-0-0-0-0-0-0-0-0-0-0-0-0-0-0-0-0-0-0-0-0-0-0-0-0-0-0-0-
[mavros_node-1] [WARN] [1786454913.257907337] [mavros.sys]: FCU: UNK(8): EVENT 1914663 with args -0-130-16-2-48-0-0-0-0-0-0-0-0-0-0-0-0-0-0-0-0-0-0-0-0-0-0-0-0-0-0-0-0-0-0-0-0-0-0-0-
[fastlio_ev_health_monitor.py-3] [INFO] [1786454914.439347026] [fastlio_ev_health_monitor]: EV health state=HEALTHY: ok
[mavros_node-1] [WARN] [1786454921.993925418] [mavros.sys]: FCU: UNK(8): EVENT 11047904 with args -0-128-0-16-1-0-0-0-0-0-0-0-0-199-255-127-128-0-0-0-0-0-0-0-0-0-0-0-0-0-0-0-0-0-0-0-0-0-0-0-
[mavros_node-1] [ERROR] [1786454921.994123049] [mavros.sys]: FCU: EVENT 9077977 with args -255-255-255-255-7-0-0-0-0-0-0-0-0-0-0-0-0-0-0-0-0-0-0-0-0-0-0-0-0-0-0-0-0-0-0-0-0-0-0-0-
[mavros_node-1] [ERROR] [1786454921.994319633] [mavros.sys]: FCU: EVENT 10011251 with args -56-0-0-0-24-0-0-0-0-0-0-0-0-0-0-0-0-0-0-0-0-0-0-0-0-0-0-0-0-0-0-0-0-0-0-0-0-0-0-0-
[mavros_node-1] [INFO] [1786454921.994711061] [mavros.sys]: FCU: EVENT 377561 with args -8-0-0-0-20-0-0-0-0-0-0-0-0-0-0-0-0-0-0-0-0-0-0-0-0-0-0-0-0-0-0-0-0-0-0-0-0-0-0-0-
[mavros_node-1] [INFO] [1786454921.995084895] [mavros.sys]: FCU: EVENT 79408 with args -32-0-0-0-20-0-0-0-0-0-0-0-0-0-0-0-0-0-0-0-0-0-0-0-0-0-0-0-0-0-0-0-0-0-0-0-0-0-0-0-
[mavros_node-1] [ERROR] [1786454921.995248266] [mavros.sys]: FCU: EVENT 12754954 with args -255-255-255-255-20-0-0-0-0-0-0-0-0-0-0-0-0-0-0-0-0-0-0-0-0-0-0-0-0-0-0-0-0-0-0-0-0-0-0-0-
[mavros_node-1] [WARN] [1786454921.995446252] [mavros.sys]: FCU: UNK(8): EVENT 1914663 with args -0-130-16-2-48-0-0-0-0-0-0-0-0-0-0-0-0-0-0-0-0-0-0-0-0-0-0-0-0-0-0-0-0-0-0-0-0-0-0-0-
[mavros_node-1] [INFO] [1786454943.280164256] [mavros.sys]: FCU: EVENT 16682655 with args -0-0-0-0-0-0-0-0-0-0-0-0-0-0-0-0-0-0-0-0-0-0-0-0-0-0-0-0-0-0-0-0-0-0-0-0-0-0-0-0-
[mavros_node-1] [WARN] [1786454943.289492447] [mavros.sys]: FCU: UNK(8): EVENT 11047904 with args -0-0-0-0-1-0-0-0-0-199-255-127-128-199-255-127-128-0-0-0-0-0-0-0-0-0-0-0-0-0-0-0-0-0-0-0-0-0-0-0-
[mavros_node-1] [ERROR] [1786454943.292511238] [mavros.sys]: FCU: EVENT 10011251 with args -56-0-0-0-24-0-0-0-0-0-0-0-0-0-0-0-0-0-0-0-0-0-0-0-0-0-0-0-0-0-0-0-0-0-0-0-0-0-0-0-
[mavros_node-1] [INFO] [1786454943.294149551] [mavros.sys]: FCU: EVENT 377561 with args -8-0-0-0-20-0-0-0-0-0-0-0-0-0-0-0-0-0-0-0-0-0-0-0-0-0-0-0-0-0-0-0-0-0-0-0-0-0-0-0-
[mavros_node-1] [INFO] [1786454943.294818729] [mavros.sys]: FCU: EVENT 79408 with args -32-0-0-0-20-0-0-0-0-0-0-0-0-0-0-0-0-0-0-0-0-0-0-0-0-0-0-0-0-0-0-0-0-0-0-0-0-0-0-0-
[mavros_node-1] [WARN] [1786454943.294979803] [mavros.sys]: FCU: UNK(8): EVENT 1914663 with args -0-130-16-2-48-0-0-0-0-0-0-0-0-0-0-0-0-0-0-0-0-0-0-0-0-0-0-0-0-0-0-0-0-0-0-0-0-0-0-0-
[mavros_node-1] [INFO] [1786454943.832416375] [mavros.sys]: FCU: EVENT 9489139 with args -2-0-0-0-0-0-0-0-0-0-0-0-0-0-0-0-0-0-0-0-0-0-0-0-0-0-0-0-0-0-0-0-0-0-0-0-0-0-0-0-
[mavros_node-1] [INFO] [1786454943.889053790] [mavros.sys]: FCU: EVENT 4535132 with args -0-0-102-0-0-0-0-0-0-0-0-0-0-0-0-0-0-0-0-0-0-0-0-0-0-0-0-0-0-0-0-0-0-0-0-0-0-0-0-0-
[mavros_node-1] [WARN] [1786454945.347155202] [mavros.sys]: FCU: UNK(8): EVENT 11047904 with args -0-0-0-0-1-0-0-0-0-199-255-127-128-199-255-127-128-0-0-0-0-0-0-0-0-0-0-0-0-0-0-0-0-0-0-0-0-0-0-0-
[mavros_node-1] [ERROR] [1786454945.347297723] [mavros.sys]: FCU: EVENT 10011251 with args -56-0-0-0-24-0-0-0-0-0-0-0-0-0-0-0-0-0-0-0-0-0-0-0-0-0-0-0-0-0-0-0-0-0-0-0-0-0-0-0-
[mavros_node-1] [INFO] [1786454945.347353670] [mavros.sys]: FCU: EVENT 377561 with args -8-0-0-0-20-0-0-0-0-0-0-0-0-0-0-0-0-0-0-0-0-0-0-0-0-0-0-0-0-0-0-0-0-0-0-0-0-0-0-0-
[mavros_node-1] [INFO] [1786454945.347609267] [mavros.sys]: FCU: EVENT 79408 with args -32-0-0-0-20-0-0-0-0-0-0-0-0-0-0-0-0-0-0-0-0-0-0-0-0-0-0-0-0-0-0-0-0-0-0-0-0-0-0-0-
[mavros_node-1] [WARN] [1786454945.349553094] [mavros.sys]: FCU: UNK(8): EVENT 1914663 with args -0-130-20-2-48-0-0-0-0-0-0-0-0-0-0-0-0-0-0-0-0-0-0-0-0-0-0-0-0-0-0-0-0-0-0-0-0-0-0-0-
[mavros_node-1] [INFO] [1786454945.666450527] [mavros.sys]: FCU: EVENT 4277609 with args -0-0-0-0-0-0-0-0-0-0-0-0-0-0-0-0-0-0-0-0-0-0-0-0-0-0-0-0-0-0-0-0-0-0-0-0-0-0-0-0-
[mavros_node-1] [WARN] [1786454952.934160912] [uas]: PX4: Unknown sub-mode 3.2
[mavros_node-1] [WARN] [1786454953.935402032] [uas]: PX4: Unknown sub-mode 3.2
[mavros_node-1] [WARN] [1786454954.934437921] [uas]: PX4: Unknown sub-mode 3.2
[mavros_node-1] [WARN] [1786454955.935317357] [uas]: PX4: Unknown sub-mode 3.2
[mavros_node-1] [WARN] [1786454956.932815671] [uas]: PX4: Unknown sub-mode 3.2
[mavros_node-1] [WARN] [1786454957.933468755] [uas]: PX4: Unknown sub-mode 3.2
[mavros_node-1] [WARN] [1786454958.936268146] [uas]: PX4: Unknown sub-mode 3.2
[mavros_node-1] [WARN] [1786454959.935097597] [uas]: PX4: Unknown sub-mode 3.2
[mavros_node-1] [WARN] [1786454960.934039807] [uas]: PX4: Unknown sub-mode 3.2
[mavros_node-1] [WARN] [1786454961.934327459] [uas]: PX4: Unknown sub-mode 3.2
[mavros_node-1] [WARN] [1786454962.933869512] [uas]: PX4: Unknown sub-mode 3.2
[mavros_node-1] [WARN] [1786454963.936701550] [uas]: PX4: Unknown sub-mode 3.2
[mavros_node-1] [WARN] [1786454964.934131309] [uas]: PX4: Unknown sub-mode 3.2
[fastlio_ev_health_monitor.py-3] [WARN] [1786454965.499499790] [fastlio_ev_health_monitor]: EV health state=SUSPECT: stale_input age=0.267s
[mavros_node-1] [WARN] [1786454965.937938127] [uas]: PX4: Unknown sub-mode 3.2
[mavros_node-1] [WARN] [1786454966.933604947] [uas]: PX4: Unknown sub-mode 3.2
[fastlio_ev_health_monitor.py-3] [INFO] [1786454967.556793059] [fastlio_ev_health_monitor]: EV health state=HEALTHY: ok
[mavros_node-1] [WARN] [1786454967.935023012] [uas]: PX4: Unknown sub-mode 3.2
[mavros_node-1] [WARN] [1786454968.933519030] [uas]: PX4: Unknown sub-mode 3.2
[mavros_node-1] [WARN] [1786454969.933698556] [uas]: PX4: Unknown sub-mode 3.2
[mavros_node-1] [WARN] [1786454970.934704918] [uas]: PX4: Unknown sub-mode 3.2
[mavros_node-1] [WARN] [1786454971.936397153] [uas]: PX4: Unknown sub-mode 3.2
[mavros_node-1] [WARN] [1786454972.933887130] [uas]: PX4: Unknown sub-mode 3.2
[mavros_node-1] [WARN] [1786454973.934982255] [uas]: PX4: Unknown sub-mode 3.2
[mavros_node-1] [WARN] [1786454974.934994602] [uas]: PX4: Unknown sub-mode 3.2
[mavros_node-1] [WARN] [1786454975.934140009] [uas]: PX4: Unknown sub-mode 3.2
[mavros_node-1] [WARN] [1786454976.933990363] [uas]: PX4: Unknown sub-mode 3.2
[mavros_node-1] [WARN] [1786454977.936395687] [uas]: PX4: Unknown sub-mode 3.2
[mavros_node-1] [WARN] [1786454978.935568305] [uas]: PX4: Unknown sub-mode 3.2
[mavros_node-1] [WARN] [1786454979.937818034] [uas]: PX4: Unknown sub-mode 3.2
[mavros_node-1] [WARN] [1786454980.934982440] [uas]: PX4: Unknown sub-mode 3.2
[mavros_node-1] [WARN] [1786454981.937866483] [uas]: PX4: Unknown sub-mode 3.2
[mavros_node-1] [WARN] [1786454982.936215211] [uas]: PX4: Unknown sub-mode 3.2
[mavros_node-1] [WARN] [1786454983.935958660] [uas]: PX4: Unknown sub-mode 3.2
[fastlio_ev_health_monitor.py-3] [WARN] [1786455012.355545756] [fastlio_ev_health_monitor]: EV health state=SUSPECT: stale_input age=0.327s
[fastlio_ev_health_monitor.py-3] [INFO] [1786455014.497416302] [fastlio_ev_health_monitor]: EV health state=HEALTHY: ok
[fastlio_ev_health_monitor.py-3] [WARN] [1786455034.665129131] [fastlio_ev_health_monitor]: EV health state=SUSPECT: stale_px4_velocity age=0.328s
[fastlio_ev_health_monitor.py-3] [INFO] [1786455036.843201245] [fastlio_ev_health_monitor]: EV health state=HEALTHY: ok
[mavros_node-1] [WARN] [1786455052.942924955] [uas]: PX4: Unknown sub-mode 3.2
[mavros_node-1] [WARN] [1786455053.944569982] [uas]: PX4: Unknown sub-mode 3.2
[mavros_node-1] [WARN] [1786455054.941523935] [uas]: PX4: Unknown sub-mode 3.2
[mavros_node-1] [ERROR] [1786455055.168409630] [mavros.sys]: FCU: EVENT 11290563 with args -0-0-0-0-0-0-0-0-0-0-0-0-0-0-0-0-0-0-0-0-0-0-0-0-0-0-0-0-0-0-0-0-0-0-0-0-0-0-0-0-
[mavros_node-1] [WARN] [1786455055.199036736] [mavros.sys]: FCU: UNK(8): EVENT 11047904 with args -0-0-0-16-1-0-0-0-0-0-0-0-0-199-255-127-128-0-0-0-0-0-0-0-0-0-0-0-0-0-0-0-0-0-0-0-0-0-0-0-
[mavros_node-1] [ERROR] [1786455055.199277111] [mavros.sys]: FCU: EVENT 10011251 with args -56-0-0-0-24-0-0-0-0-0-0-0-0-0-0-0-0-0-0-0-0-0-0-0-0-0-0-0-0-0-0-0-0-0-0-0-0-0-0-0-
[mavros_node-1] [INFO] [1786455055.199727805] [mavros.sys]: FCU: EVENT 377561 with args -8-0-0-0-20-0-0-0-0-0-0-0-0-0-0-0-0-0-0-0-0-0-0-0-0-0-0-0-0-0-0-0-0-0-0-0-0-0-0-0-
[mavros_node-1] [INFO] [1786455055.199919554] [mavros.sys]: FCU: EVENT 79408 with args -32-0-0-0-20-0-0-0-0-0-0-0-0-0-0-0-0-0-0-0-0-0-0-0-0-0-0-0-0-0-0-0-0-0-0-0-0-0-0-0-
[mavros_node-1] [ERROR] [1786455055.200070747] [mavros.sys]: FCU: EVENT 12754954 with args -255-255-255-255-20-0-0-0-0-0-0-0-0-0-0-0-0-0-0-0-0-0-0-0-0-0-0-0-0-0-0-0-0-0-0-0-0-0-0-0-
[mavros_node-1] [WARN] [1786455055.200330093] [mavros.sys]: FCU: UNK(8): EVENT 1914663 with args -0-130-20-2-48-0-0-0-0-0-0-0-0-0-0-0-0-0-0-0-0-0-0-0-0-0-0-0-0-0-0-0-0-0-0-0-0-0-0-0-
[mavros_node-1] [WARN] [1786455055.941905412] [uas]: PX4: Unknown sub-mode 3.2
[mavros_node-1] [WARN] [1786455056.943897323] [uas]: PX4: Unknown sub-mode 3.2
[mavros_node-1] [WARN] [1786455057.940698378] [uas]: PX4: Unknown sub-mode 3.2
[mavros_node-1] [WARN] [1786455058.941771553] [uas]: PX4: Unknown sub-mode 3.2
[mavros_node-1] [INFO] [1786455059.143060220] [mavros.sys]: FCU: EVENT 9844908 with args -0-0-0-0-0-0-0-0-0-0-0-0-0-0-0-0-0-0-0-0-0-0-0-0-0-0-0-0-0-0-0-0-0-0-0-0-0-0-0-0-
[mavros_node-1] [WARN] [1786455059.943890990] [uas]: PX4: Unknown sub-mode 3.2
[mavros_node-1] [INFO] [1786455060.180810151] [mavros.sys]: FCU: EVENT 16017271 with args -8-0-0-0-0-0-0-0-0-0-0-0-0-0-0-0-0-0-0-0-0-0-0-0-0-0-0-0-0-0-0-0-0-0-0-0-0-0-0-0-
[mavros_node-1] [WARN] [1786455060.181104653] [mavros.sys]: FCU: UNK(8): EVENT 11047904 with args -0-128-0-16-1-0-0-0-0-0-0-0-0-199-255-127-128-0-0-0-0-0-0-0-0-0-0-0-0-0-0-0-0-0-0-0-0-0-0-0-
[mavros_node-1] [ERROR] [1786455060.181422096] [mavros.sys]: FCU: EVENT 9077977 with args -255-255-255-255-7-0-0-0-0-0-0-0-0-0-0-0-0-0-0-0-0-0-0-0-0-0-0-0-0-0-0-0-0-0-0-0-0-0-0-0-
[mavros_node-1] [ERROR] [1786455060.181750533] [mavros.sys]: FCU: EVENT 10011251 with args -56-0-0-0-24-0-0-0-0-0-0-0-0-0-0-0-0-0-0-0-0-0-0-0-0-0-0-0-0-0-0-0-0-0-0-0-0-0-0-0-
[mavros_node-1] [INFO] [1786455060.182210595] [mavros.sys]: FCU: EVENT 377561 with args -8-0-0-0-20-0-0-0-0-0-0-0-0-0-0-0-0-0-0-0-0-0-0-0-0-0-0-0-0-0-0-0-0-0-0-0-0-0-0-0-
[mavros_node-1] [INFO] [1786455060.182575304] [mavros.sys]: FCU: EVENT 79408 with args -32-0-0-0-20-0-0-0-0-0-0-0-0-0-0-0-0-0-0-0-0-0-0-0-0-0-0-0-0-0-0-0-0-0-0-0-0-0-0-0-
[mavros_node-1] [ERROR] [1786455060.182960160] [mavros.sys]: FCU: EVENT 12754954 with args -255-255-255-255-20-0-0-0-0-0-0-0-0-0-0-0-0-0-0-0-0-0-0-0-0-0-0-0-0-0-0-0-0-0-0-0-0-0-0-0-
[mavros_node-1] [WARN] [1786455060.183607113] [mavros.sys]: FCU: UNK(8): EVENT 1914663 with args -0-130-20-2-48-0-0-0-0-0-0-0-0-0-0-0-0-0-0-0-0-0-0-0-0-0-0-0-0-0-0-0-0-0-0-0-0-0-0-0-
[mavros_node-1] [WARN] [1786455060.941997461] [uas]: PX4: Unknown sub-mode 3.2
[MAVROS and EV chain] 正在停止进程组 24219
[MAVROS and EV chain] 已退出，状态码 143
