[debug rosbag] starting
[debug rosbag] command: env FLIGHT_TIMESTAMP=20260812_024252 FLIGHT_RUN_DIR=/home/robot/rong_ws/ws_offboard_control/flight_records/20260812/flight_20260812_024252 /home/robot/rong_ws/ws_offboard_control/tools/rosbag/开始录包.sh
[debug rosbag] pid=16004 pgid=16004 log=/home/robot/rong_ws/ws_offboard_control/flight_records/20260812/flight_20260812_024252/logs/rosbag_debug.log
本场次目录：/home/robot/rong_ws/ws_offboard_control/flight_records/20260812/flight_20260812_024252
参数快照目录：/home/robot/rong_ws/ws_offboard_control/flight_records/20260812/flight_20260812_024252/snapshot
录包输出目录：/home/robot/rong_ws/ws_offboard_control/flight_records/20260812/flight_20260812_024252/rosbag
是否录制完整配准点云：false
在本终端按 Ctrl+C 停止录包。
stdin is not a terminal device. Keyboard handling disabled.[INFO] [1786473849.742866807] [rosbag2_recorder]: Press SPACE for pausing/resuming
[INFO] [1786473849.745201364] [rosbag2_storage]: Opened database '/home/robot/rong_ws/ws_offboard_control/flight_records/20260812/flight_20260812_024252/rosbag/rosbag_0.db3' for READ_WRITE.
[INFO] [1786473849.749539812] [rosbag2_recorder]: Listening for topics...
[INFO] [1786473849.749677938] [rosbag2_recorder]: Event publisher thread: Starting
[INFO] [1786473849.753483763] [rosbag2_recorder]: Subscribed to topic '/race/super_planner/raw_path'
[INFO] [1786473849.755007046] [rosbag2_recorder]: Subscribed to topic '/race/pose'
[INFO] [1786473849.757124740] [rosbag2_recorder]: Subscribed to topic '/race/planner/status'
[INFO] [1786473849.759353440] [rosbag2_recorder]: Subscribed to topic '/race/odom'
[INFO] [1786473849.765168969] [rosbag2_recorder]: Subscribed to topic '/race/navigation_setpoint'
[INFO] [1786473849.766657523] [rosbag2_recorder]: Subscribed to topic '/race/global_planner/status'
[INFO] [1786473849.767586788] [rosbag2_recorder]: Subscribed to topic '/race/control/status'
[INFO] [1786473849.769934228] [rosbag2_recorder]: Subscribed to topic '/mavros/setpoint_raw/local'
[INFO] [1786473849.770097041] [rosbag2_recorder]: Recording...
[INFO] [1786473849.875578328] [rosbag2_recorder]: Subscribed to topic '/mavros/local_position/velocity_body'
[INFO] [1786473849.878781059] [rosbag2_recorder]: Subscribed to topic '/mavros/setpoint_raw/target_local'
[INFO] [1786473849.883217522] [rosbag2_recorder]: Subscribed to topic '/mavros/estimator_status'
[INFO] [1786473849.887140327] [rosbag2_recorder]: Subscribed to topic '/ev_health/status'
[INFO] [1786473849.889691601] [rosbag2_recorder]: Subscribed to topic '/goal_pose'
[INFO] [1786473849.891962645] [rosbag2_recorder]: Subscribed to topic '/path'
[INFO] [1786473849.894261466] [rosbag2_recorder]: Subscribed to topic '/mavros/vision_pose/pose_cov'
[INFO] [1786473849.897440345] [rosbag2_recorder]: Subscribed to topic '/mavros/vision_speed/speed_twist_cov'
[INFO] [1786473849.900613793] [rosbag2_recorder]: Subscribed to topic '/mavros/state'
[INFO] [1786473849.903966633] [rosbag2_recorder]: Subscribed to topic '/Odometry'
[INFO] [1786473849.905327373] [rosbag2_recorder]: Subscribed to topic '/mavros/local_position/pose'
[INFO] [1786473849.907716181] [rosbag2_recorder]: Subscribed to topic '/Odometry/guarded'
[INFO] [1786473849.909111219] [rosbag2_recorder]: Subscribed to topic '/Odometry/healthy'
[INFO] [1786473849.910986432] [rosbag2_recorder]: Subscribed to topic '/ev_health/fault'
[INFO] [1786473849.912457991] [rosbag2_recorder]: Subscribed to topic '/mavros/local_position/odom'
[INFO] [1786473849.914555594] [rosbag2_recorder]: Subscribed to topic '/mavros/local_position/velocity_local'
[INFO] [1786473849.917747893] [rosbag2_recorder]: Subscribed to topic '/ev_health/diagnostics'
[INFO] [1786473849.921367543] [rosbag2_recorder]: Subscribed to topic '/ev_health/velocity_ned'
[INFO] [1786473965.107781326] [rosbag2_cpp]: Writing remaining messages from cache to the bag. It may take a while
[INFO] [1786473965.111000045] [rosbag2_recorder]: Event publisher thread: Exiting
[INFO] [1786473965.111251644] [rosbag2_recorder]: Recording stopped
[debug rosbag] 已退出，状态码 143
