[navigation stack (prewarm)] starting
[navigation stack (prewarm)] command: env MAP_FILE=/home/robot/rong_ws/ws_offboard_control/maps/fastlio_global_3d_20260810/GlobalMap_去顶端_z3m.pcd PLANNER_BACKEND=super TUNING_FILE=/home/robot/rong_ws/ws_offboard_control/src/race_bringup/config/astar_ego_tuning.yaml MISSION_ENABLED=false RECOGNITION_ENABLED=false RVIZ=true ENABLE_OUTPUT=true MANUAL_HANDOVER=true BODY_TO_SENSOR_X_M=0.0 BODY_TO_SENSOR_Y_M=0.0 BODY_TO_SENSOR_Z_M=0.08 BODY_TO_FASTLIO_YAW_RAD=0.0 MAP_AUTO_LOAD=true /home/robot/rong_ws/ws_offboard_control/tools/flight/运行导航控制.sh
[navigation stack (prewarm)] pid=30627 pgid=30627 log=/home/robot/rong_ws/ws_offboard_control/flight_records/20260812/flight_20260812_055836/logs/navigation.log
导航后端：    请求=super，实际=super，EGO开关=false
任务序列器：  false
地图文件：    /home/robot/rong_ws/ws_offboard_control/maps/fastlio_global_3d_20260810/GlobalMap_去顶端_z3m.pcd
地图自动加载：true
Recognition:        false
导航输出：    true
人工接管：    true
[INFO] [launch]: All log files can be found below /home/robot/.ros/log/2026-08-12-05-58-45-533524-robot-30627
[INFO] [launch]: Default logging verbosity is set to INFO
[INFO] [launch.user]: [PLANNER_BACKEND] requested=super effective=super ego_enabled=False
[INFO] [launch.user]: [TUNING_FILE]
[INFO] [launch.user]: path=/home/robot/rong_ws/ws_offboard_control/src/race_bringup/config/astar_ego_tuning.yaml
[INFO] [launch.user]: schema_version=1
[INFO] [launch.user]: [EGO_MAP_SOURCE]
[INFO] [launch.user]: ego_map_source=static_live_px4
[INFO] [launch.user]: [EGO_MAP_TUNING]
[INFO] [launch.user]: {'live_topic': '/cloud_registered', 'body_topic': '/cloud_registered_body', 'pose_topic': '/mavros/local_position/pose', 'live_obstacle_memory_sec': 1.0, 'live_obstacle_voxel_size_m': 0.1, 'live_obstacle_min_observations': 2, 'minimum_reliable_detection_range_m': 0.725, 'pose_sync_max_skew_sec': 0.3, 'pose_buffer_duration_sec': 1.0}
[INFO] [launch.user]: [SHARED_BOUNDS]
[INFO] [launch.user]: x=[-0.85,11.9] y=[-3.2,12.4] z=[0.5,0.85] margin=0.15
[INFO] [launch.user]: [GLOBAL_PLANNER_TUNING]
[INFO] [launch.user]: {'grid_resolution': 0.15, 'planning_resolution': 0.05, 'hard_inflation_radius': 0.28, 'min_planning_inflation_radius': 0.28, 'soft_obstacle_cost_radius': 0.54, 'clearance_cost_weight': 3.0, 'tracking_lookahead_distance': 0.3, 'max_local_goal_distance': 1.7, 'smoothing_min_clearance': 0.1, 'allow_direct_path': False, 'enable_path_shortcut': False}
[INFO] [launch.user]: [EGO_TUNING]
[INFO] [launch.user]: {'enable': False, 'planning_horizon': 5.0, 'local_update_range_x': 6.0, 'local_update_range_y': 6.0, 'local_update_range_z': 1.25, 'occupancy_map_size_x': 24.0, 'occupancy_map_size_y': 26.0, 'occupancy_publish_max_height': 2.5, 'max_velocity': 0.6, 'max_acceleration': 0.8, 'control_point_spacing': 0.25, 'planning_clearance_m': 0.34, 'constrained_clearance_enable': False, 'constrained_clearance_m': 0.24, 'constrained_optimization_clearance_m': 0.3, 'far_end_clearance_extra_m': 0.06, 'optimization_clearance_m': 0.42, 'max_reference_deviation_m': 0.8, 'use_distinctive_trajectories': True, 'replan_start_position_error_m': 0.25, 'handover_position_tolerance_m': 0.01, 'handover_velocity_tolerance_mps': 0.005, 'handover_acceleration_tolerance_mps2': 0.01, 'fixed_flight_height': 0.78}
[INFO] [launch.user]: [BRIDGE_TUNING]
[INFO] [launch.user]: {'occupancy_timeout_sec': 1.0, 'active_recheck_history_sec': 0.5, 'bspline_timeout_sec': 0.2, 'command_timeout_sec': 0.2, 'dynamic_invalid_grace_sec': 0.75, 'replan_hold_timeout_sec': 3.0, 'collision_sample_spacing_m': 0.04, 'braking_deceleration_mps2': 0.8, 'reaction_time_sec': 0.15, 'dynamic_limit_margin': 1.1, 'max_yaw_rate_rad_s': 0.8}
[INFO] [launch.user]: [OFFBOARD_TUNING]
[INFO] [launch.user]: {'takeoff_height_m': 0.55, 'ego_goal_release_height_m': 0.5, 'ego_goal_stable_height_tolerance_m': 0.05, 'ego_goal_stable_horizontal_speed_mps': 0.08, 'ego_goal_stable_vertical_speed_mps': 0.05, 'ego_goal_stable_duration_sec': 0.5, 'fixed_flight_height_m': 0.78, 'max_safe_height_m': 0.85, 'goal_tolerance_xy_m': 0.1, 'goal_tolerance_z_m': 0.05, 'setpoint_rate_hz': 20.0, 'trusted_position_max_speed_mps': 4.0, 'trusted_position_jump_allowance_m': 0.4, 'ego_setpoint_max_lead_m': 2.0, 'ego_setpoint_timeout_sec': 2.5, 'same_goal_retry_on_safety_latch': True, 'ego_yaw_rate_limit_rad_s': 0.8, 'initial_position_stabilization_sec': 0.5, 'initial_position_max_spread_m': 0.08, 'initial_position_max_speed_mps': 0.2}
[INFO] [offboard_waypoint_node-1]: process started with pid [30685]
[INFO] [fastlio_bridge_node-2]: process started with pid [30687]
[INFO] [frame_transform_node-3]: process started with pid [30689]
[INFO] [map_io_node-4]: process started with pid [30691]
[INFO] [mapping_manager_node-5]: process started with pid [30693]
[INFO] [super_planner_ros2_node-6]: process started with pid [30695]
[INFO] [rviz2-7]: process started with pid [30697]
[fastlio_bridge_node-2] [INFO] [1786485525.735385770] [fastlio_bridge_node]: FAST-LIO2 ENU/map -> base_link bridge: /Odometry -> /race/odom, /race/pose lever=(0.000, 0.000, 0.080) yaw=0.000000
[mapping_manager_node-5] [INFO] [1786485525.737687453] [mapping_manager_node]: mapping_manager_node started
[mapping_manager_node-5] [INFO] [1786485525.737822728] [mapping_manager_node]:   auto_load_on_start: false
[mapping_manager_node-5] [INFO] [1786485525.737829023] [mapping_manager_node]:   auto_save_on_land: true
[frame_transform_node-3] [INFO] [1786485525.747031211] [frame_transform_node]: frame_transform_node started
[frame_transform_node-3] [INFO] [1786485525.747296633] [frame_transform_node]:   Published static TF: map -> odom (identity)
[frame_transform_node-3] [INFO] [1786485525.747320620] [frame_transform_node]:   Published static TF: camera_init -> map (identity, RViz display only)
[offboard_waypoint_node-1] [INFO] [1786485525.752215031] [offboard_waypoint_node]: Offboard adapter: control_source=navigation navigation_topic=/race/navigation_setpoint ego_topic=/race/ego/trajectory_setpoint frame=px4_ned timeout=0.80s ego_timeout=0.20s height=[0.50, 0.85]m warmup=1.0s stabilization=3.0s takeoff_complete=0.55m strict_health=false
[offboard_waypoint_node-1] [INFO] [1786485525.752300131] [offboard_waypoint_node]: [PLANNER_SOURCE] backend=navigation
[offboard_waypoint_node-1] [INFO] [1786485525.752305025] [offboard_waypoint_node]: [TRAJECTORY_SOURCE] selected=navigation timeout=2.50s
[super_planner_ros2_node-6] [INFO] [1786485525.760179176] [super_planner_ros2_node]: MODE_INIT enable_output=true setpoint_topic=/race/navigation_setpoint setpoint_frame=px4_ned control_rate=20.0 replan_rate=2.0 tracking_lookahead=0.30 heading_lookahead=0.80 max_yaw_rate=1.00 odom_topic=/mavros/local_position/odom odom_input_frame=map_enu require_mavros_connected=false mavros_state_topic=/mavros/state cloud_topic=/saved_map PLANNER_INTERNAL_FRAME=map hard_inflation=0.28 soft_cost_radius=0.54 clearance_cost_weight=3.00 smoothing=true method=chaikin iterations=2 sample_resolution=0.10 allow_direct_path=false enable_path_shortcut=false
[super_planner_ros2_node-6] [INFO] [1786485525.760410012] [super_planner_ros2_node]: [SUPER_TRACKING_POLICY] replan_while_tracking=false
[super_planner_ros2_node-6] [INFO] [1786485525.760426144] [super_planner_ros2_node]: GLOBAL_MODE global_only=false control_output=true global_path=disabled local_goal=disabled
[super_planner_ros2_node-6] [INFO] [1786485525.760436904] [super_planner_ros2_node]: [SUPER_MODE] global_only=false max_planning_distance=9.000 segment_chaining=false
[super_planner_ros2_node-6] [INFO] [1786485525.760447399] [super_planner_ros2_node]: [SUPER_DIRECT_MODE] enabled=false
[super_planner_ros2_node-6] [INFO] [1786485525.760455877] [super_planner_ros2_node]: [SHARED_BOUNDS] x=[-0.85,11.90] y=[-3.20,12.40] z=[0.50,0.85] margin=0.15
[map_io_node-4] [INFO] [1786485525.787153332] [map_io_node]: map_io_node started
[map_io_node-4] [INFO] [1786485525.787504992] [map_io_node]:   map_file: /home/robot/rong_ws/ws_offboard_control/maps/fastlio_global_3d_20260810/GlobalMap_去顶端_z3m.pcd
[map_io_node-4] [INFO] [1786485525.787511472] [map_io_node]:   publish_topic: /saved_map
[map_io_node-4] [INFO] [1786485525.787515141] [map_io_node]:   display_leaf_size: 0.10 m
[map_io_node-4] [INFO] [1786485525.787525382] [map_io_node]:   max_display_points: 3000000
[offboard_waypoint_node-1] [INFO] [1786485525.802645107] [offboard_waypoint_node]: [EV_HOLD_WAIT] continuous_healthy=0.00s required=7.50s
[offboard_waypoint_node-1] [INFO] [1786485525.802837073] [offboard_waypoint_node]: [CONTROL_ARBITER] selected_source=waiting_for_ev_ground_reference state=WAITING_FOR_ODOM
[super_planner_ros2_node-6] [INFO] [1786485525.810463739] [super_planner_ros2_node]: SUPER_ROS2 mode=NO_ODOM enable_output=true reason=NO_ODOM odom=(0.00,0.00,0.00) goal=none tracking_setpoint_enu=(0.00,0.00,0.00) setpoint_ned=none yaw(desired/cmd/rate)=(0.00/0.00/0.00) cross_track=0.00 frame_id=px4_ned path_points=0 odom_source=none cloud_source=none mavros_connected=false
[rviz2-7] [INFO] [1786485526.210534153] [rviz2]: Stereo is NOT SUPPORTED
[rviz2-7] [INFO] [1786485526.211932361] [rviz2]: OpenGl version: 4.6 (GLSL 4.6)
[rviz2-7] [INFO] [1786485526.262021747] [rviz2]: Stereo is NOT SUPPORTED
[map_io_node-4] [INFO] [1786485526.789280037] [map_io_node]: Loaded 9628 points from /home/robot/rong_ws/ws_offboard_control/maps/fastlio_global_3d_20260810/GlobalMap_去顶端_z3m.pcd
[map_io_node-4] [INFO] [1786485526.789864154] [map_io_node]: Downsampled display map: 9628 -> 9161 points (leaf 0.10 m)
[map_io_node-4] [INFO] [1786485526.790403267] [map_io_node]: Published map to /saved_map (frame: map)
[super_planner_ros2_node-6] [WARN] [1786485526.791983476] [super_planner_ros2_node]: Using cloud source: /saved_map frame_id=map
[super_planner_ros2_node-6] [INFO] [1786485526.810747026] [super_planner_ros2_node]: SUPER_ROS2 mode=NO_ODOM enable_output=true reason=NO_ODOM odom=(0.00,0.00,0.00) goal=none tracking_setpoint_enu=(0.00,0.00,0.00) setpoint_ned=none yaw(desired/cmd/rate)=(0.00/0.00/0.00) cross_track=0.00 frame_id=px4_ned path_points=0 odom_source=none cloud_source=/saved_map mavros_connected=false
[offboard_waypoint_node-1] [INFO] [1786485526.853038411] [offboard_waypoint_node]: [EV_HOLD_WAIT] continuous_healthy=0.00s required=7.50s
[offboard_waypoint_node-1] [INFO] [1786485526.853676532] [offboard_waypoint_node]: [CONTROL_ARBITER] selected_source=waiting_for_ev_ground_reference state=WAITING_FOR_ODOM
[super_planner_ros2_node-6] [INFO] [1786485527.860746061] [super_planner_ros2_node]: SUPER_ROS2 mode=NO_ODOM enable_output=true reason=NO_ODOM odom=(0.00,0.00,0.00) goal=none tracking_setpoint_enu=(0.00,0.00,0.00) setpoint_ned=none yaw(desired/cmd/rate)=(0.00/0.00/0.00) cross_track=0.00 frame_id=px4_ned path_points=0 odom_source=none cloud_source=/saved_map mavros_connected=false
[offboard_waypoint_node-1] [INFO] [1786485527.902427167] [offboard_waypoint_node]: [EV_HOLD_WAIT] continuous_healthy=0.00s required=7.50s
[offboard_waypoint_node-1] [INFO] [1786485527.902571670] [offboard_waypoint_node]: [CONTROL_ARBITER] selected_source=waiting_for_ev_ground_reference state=WAITING_FOR_ODOM
[offboard_waypoint_node-1] [INFO] [1786485528.902894630] [offboard_waypoint_node]: [EV_HOLD_WAIT] continuous_healthy=0.00s required=7.50s
[offboard_waypoint_node-1] [INFO] [1786485528.903466577] [offboard_waypoint_node]: [CONTROL_ARBITER] selected_source=waiting_for_ev_ground_reference state=WAITING_FOR_ODOM
[super_planner_ros2_node-6] [INFO] [1786485528.910579984] [super_planner_ros2_node]: SUPER_ROS2 mode=NO_ODOM enable_output=true reason=NO_ODOM odom=(0.00,0.00,0.00) goal=none tracking_setpoint_enu=(0.00,0.00,0.00) setpoint_ned=none yaw(desired/cmd/rate)=(0.00/0.00/0.00) cross_track=0.00 frame_id=px4_ned path_points=0 odom_source=none cloud_source=/saved_map mavros_connected=false
[super_planner_ros2_node-6] [INFO] [1786485529.910915214] [super_planner_ros2_node]: SUPER_ROS2 mode=NO_ODOM enable_output=true reason=NO_ODOM odom=(0.00,0.00,0.00) goal=none tracking_setpoint_enu=(0.00,0.00,0.00) setpoint_ned=none yaw(desired/cmd/rate)=(0.00/0.00/0.00) cross_track=0.00 frame_id=px4_ned path_points=0 odom_source=none cloud_source=/saved_map mavros_connected=false
[offboard_waypoint_node-1] [INFO] [1786485529.952572228] [offboard_waypoint_node]: [EV_HOLD_WAIT] continuous_healthy=0.00s required=7.50s
[offboard_waypoint_node-1] [INFO] [1786485529.952920215] [offboard_waypoint_node]: [CONTROL_ARBITER] selected_source=waiting_for_ev_ground_reference state=WAITING_FOR_ODOM
[super_planner_ros2_node-6] [INFO] [1786485530.910916825] [super_planner_ros2_node]: SUPER_ROS2 mode=NO_ODOM enable_output=true reason=NO_ODOM odom=(0.00,0.00,0.00) goal=none tracking_setpoint_enu=(0.00,0.00,0.00) setpoint_ned=none yaw(desired/cmd/rate)=(0.00/0.00/0.00) cross_track=0.00 frame_id=px4_ned path_points=0 odom_source=none cloud_source=/saved_map mavros_connected=false
[offboard_waypoint_node-1] [INFO] [1786485530.952637382] [offboard_waypoint_node]: [EV_HOLD_WAIT] continuous_healthy=0.00s required=7.50s
[offboard_waypoint_node-1] [INFO] [1786485530.952928597] [offboard_waypoint_node]: [CONTROL_ARBITER] selected_source=waiting_for_ev_ground_reference state=WAITING_FOR_ODOM
[offboard_waypoint_node-1] [INFO] [1786485531.952681556] [offboard_waypoint_node]: [EV_HOLD_WAIT] continuous_healthy=0.00s required=7.50s
[offboard_waypoint_node-1] [INFO] [1786485531.952985003] [offboard_waypoint_node]: [CONTROL_ARBITER] selected_source=waiting_for_ev_ground_reference state=WAITING_FOR_ODOM
[super_planner_ros2_node-6] [INFO] [1786485531.960663034] [super_planner_ros2_node]: SUPER_ROS2 mode=NO_ODOM enable_output=true reason=NO_ODOM odom=(0.00,0.00,0.00) goal=none tracking_setpoint_enu=(0.00,0.00,0.00) setpoint_ned=none yaw(desired/cmd/rate)=(0.00/0.00/0.00) cross_track=0.00 frame_id=px4_ned path_points=0 odom_source=none cloud_source=/saved_map mavros_connected=false
[super_planner_ros2_node-6] [INFO] [1786485532.960788770] [super_planner_ros2_node]: SUPER_ROS2 mode=NO_ODOM enable_output=true reason=NO_ODOM odom=(0.00,0.00,0.00) goal=none tracking_setpoint_enu=(0.00,0.00,0.00) setpoint_ned=none yaw(desired/cmd/rate)=(0.00/0.00/0.00) cross_track=0.00 frame_id=px4_ned path_points=0 odom_source=none cloud_source=/saved_map mavros_connected=false
[offboard_waypoint_node-1] [INFO] [1786485533.002679874] [offboard_waypoint_node]: [EV_HOLD_WAIT] continuous_healthy=0.00s required=7.50s
[offboard_waypoint_node-1] [INFO] [1786485533.002959153] [offboard_waypoint_node]: [CONTROL_ARBITER] selected_source=waiting_for_ev_ground_reference state=WAITING_FOR_ODOM
[super_planner_ros2_node-6] [INFO] [1786485534.010540321] [super_planner_ros2_node]: SUPER_ROS2 mode=NO_ODOM enable_output=true reason=NO_ODOM odom=(0.00,0.00,0.00) goal=none tracking_setpoint_enu=(0.00,0.00,0.00) setpoint_ned=none yaw(desired/cmd/rate)=(0.00/0.00/0.00) cross_track=0.00 frame_id=px4_ned path_points=0 odom_source=none cloud_source=/saved_map mavros_connected=false
[offboard_waypoint_node-1] [INFO] [1786485534.052633551] [offboard_waypoint_node]: [EV_HOLD_WAIT] continuous_healthy=0.00s required=7.50s
[offboard_waypoint_node-1] [INFO] [1786485534.052897922] [offboard_waypoint_node]: [CONTROL_ARBITER] selected_source=waiting_for_ev_ground_reference state=WAITING_FOR_ODOM
[offboard_waypoint_node-1] [INFO] [1786485535.052930810] [offboard_waypoint_node]: [EV_HOLD_WAIT] continuous_healthy=0.00s required=7.50s
[offboard_waypoint_node-1] [INFO] [1786485535.053487290] [offboard_waypoint_node]: [CONTROL_ARBITER] selected_source=waiting_for_ev_ground_reference state=WAITING_FOR_ODOM
[super_planner_ros2_node-6] [INFO] [1786485535.060548164] [super_planner_ros2_node]: SUPER_ROS2 mode=NO_ODOM enable_output=true reason=NO_ODOM odom=(0.00,0.00,0.00) goal=none tracking_setpoint_enu=(0.00,0.00,0.00) setpoint_ned=none yaw(desired/cmd/rate)=(0.00/0.00/0.00) cross_track=0.00 frame_id=px4_ned path_points=0 odom_source=none cloud_source=/saved_map mavros_connected=false
[offboard_waypoint_node-1] [INFO] [1786485536.102483828] [offboard_waypoint_node]: [EV_HOLD_WAIT] continuous_healthy=0.00s required=7.50s
[offboard_waypoint_node-1] [INFO] [1786485536.102552979] [offboard_waypoint_node]: [CONTROL_ARBITER] selected_source=waiting_for_ev_ground_reference state=WAITING_FOR_ODOM
[super_planner_ros2_node-6] [INFO] [1786485536.110628088] [super_planner_ros2_node]: SUPER_ROS2 mode=NO_ODOM enable_output=true reason=NO_ODOM odom=(0.00,0.00,0.00) goal=none tracking_setpoint_enu=(0.00,0.00,0.00) setpoint_ned=none yaw(desired/cmd/rate)=(0.00/0.00/0.00) cross_track=0.00 frame_id=px4_ned path_points=0 odom_source=none cloud_source=/saved_map mavros_connected=false
[offboard_waypoint_node-1] [INFO] [1786485537.102587807] [offboard_waypoint_node]: [EV_HOLD_WAIT] continuous_healthy=0.00s required=7.50s
[offboard_waypoint_node-1] [INFO] [1786485537.102737322] [offboard_waypoint_node]: [CONTROL_ARBITER] selected_source=waiting_for_ev_ground_reference state=WAITING_FOR_ODOM
[super_planner_ros2_node-6] [INFO] [1786485537.110659089] [super_planner_ros2_node]: SUPER_ROS2 mode=NO_ODOM enable_output=true reason=NO_ODOM odom=(0.00,0.00,0.00) goal=none tracking_setpoint_enu=(0.00,0.00,0.00) setpoint_ned=none yaw(desired/cmd/rate)=(0.00/0.00/0.00) cross_track=0.00 frame_id=px4_ned path_points=0 odom_source=none cloud_source=/saved_map mavros_connected=false
[offboard_waypoint_node-1] [INFO] [1786485538.102593718] [offboard_waypoint_node]: [EV_HOLD_WAIT] continuous_healthy=0.00s required=7.50s
[offboard_waypoint_node-1] [INFO] [1786485538.102759355] [offboard_waypoint_node]: [CONTROL_ARBITER] selected_source=waiting_for_ev_ground_reference state=WAITING_FOR_ODOM
[super_planner_ros2_node-6] [INFO] [1786485538.111069737] [super_planner_ros2_node]: SUPER_ROS2 mode=NO_ODOM enable_output=true reason=NO_ODOM odom=(0.00,0.00,0.00) goal=none tracking_setpoint_enu=(0.00,0.00,0.00) setpoint_ned=none yaw(desired/cmd/rate)=(0.00/0.00/0.00) cross_track=0.00 frame_id=px4_ned path_points=0 odom_source=none cloud_source=/saved_map mavros_connected=false
[offboard_waypoint_node-1] [INFO] [1786485539.103029010] [offboard_waypoint_node]: [EV_HOLD_WAIT] continuous_healthy=0.00s required=7.50s
[offboard_waypoint_node-1] [INFO] [1786485539.103641957] [offboard_waypoint_node]: [CONTROL_ARBITER] selected_source=waiting_for_ev_ground_reference state=WAITING_FOR_ODOM
[super_planner_ros2_node-6] [INFO] [1786485539.161580068] [super_planner_ros2_node]: SUPER_ROS2 mode=NO_ODOM enable_output=true reason=NO_ODOM odom=(0.00,0.00,0.00) goal=none tracking_setpoint_enu=(0.00,0.00,0.00) setpoint_ned=none yaw(desired/cmd/rate)=(0.00/0.00/0.00) cross_track=0.00 frame_id=px4_ned path_points=0 odom_source=none cloud_source=/saved_map mavros_connected=false
[fastlio_bridge_node-2] [INFO] [1786485540.042463861] [fastlio_bridge_node]: 已桥接并转换里程计: ENU(0.00, 0.01, -0.08) -> NED(0.01, 0.00, 0.08)
[offboard_waypoint_node-1] [INFO] [1786485540.152734980] [offboard_waypoint_node]: [EV_HOLD_WAIT] continuous_healthy=0.00s required=7.50s
[offboard_waypoint_node-1] [INFO] [1786485540.153038482] [offboard_waypoint_node]: [CONTROL_ARBITER] selected_source=waiting_for_ev_ground_reference state=WAITING_FOR_ODOM
[super_planner_ros2_node-6] [INFO] [1786485540.210545320] [super_planner_ros2_node]: SUPER_ROS2 mode=NO_ODOM enable_output=true reason=NO_ODOM odom=(0.00,0.00,0.00) goal=none tracking_setpoint_enu=(0.00,0.00,0.00) setpoint_ned=none yaw(desired/cmd/rate)=(0.00/0.00/0.00) cross_track=0.00 frame_id=px4_ned path_points=0 odom_source=none cloud_source=/saved_map mavros_connected=false
[offboard_waypoint_node-1] [INFO] [1786485541.152752114] [offboard_waypoint_node]: [EV_HOLD_WAIT] continuous_healthy=0.00s required=7.50s
[offboard_waypoint_node-1] [INFO] [1786485541.153043112] [offboard_waypoint_node]: [CONTROL_ARBITER] selected_source=waiting_for_ev_ground_reference state=WAITING_FOR_ODOM
[super_planner_ros2_node-6] [INFO] [1786485541.210627669] [super_planner_ros2_node]: SUPER_ROS2 mode=NO_ODOM enable_output=true reason=NO_ODOM odom=(0.00,0.00,0.00) goal=none tracking_setpoint_enu=(0.00,0.00,0.00) setpoint_ned=none yaw(desired/cmd/rate)=(0.00/0.00/0.00) cross_track=0.00 frame_id=px4_ned path_points=0 odom_source=none cloud_source=/saved_map mavros_connected=false
[fastlio_bridge_node-2] [INFO] [1786485542.046198501] [fastlio_bridge_node]: 已桥接并转换里程计: ENU(-0.01, 0.01, -0.10) -> NED(0.01, -0.01, 0.10)
[offboard_waypoint_node-1] [INFO] [1786485542.203012899] [offboard_waypoint_node]: [EV_HOLD_WAIT] continuous_healthy=0.00s required=7.50s
[offboard_waypoint_node-1] [INFO] [1786485542.203431253] [offboard_waypoint_node]: [CONTROL_ARBITER] selected_source=waiting_for_ev_ground_reference state=WAITING_FOR_ODOM
[super_planner_ros2_node-6] [INFO] [1786485542.211281561] [super_planner_ros2_node]: SUPER_ROS2 mode=NO_ODOM enable_output=true reason=NO_ODOM odom=(0.00,0.00,0.00) goal=none tracking_setpoint_enu=(0.00,0.00,0.00) setpoint_ned=none yaw(desired/cmd/rate)=(0.00/0.00/0.00) cross_track=0.00 frame_id=px4_ned path_points=0 odom_source=none cloud_source=/saved_map mavros_connected=false
[super_planner_ros2_node-6] [WARN] [1786485543.159510153] [super_planner_ros2_node]: MAVROS reports connected=false; FCU link is down.
[offboard_waypoint_node-1] [INFO] [1786485543.253040034] [offboard_waypoint_node]: [EV_HOLD_WAIT] continuous_healthy=0.00s required=7.50s
[offboard_waypoint_node-1] [INFO] [1786485543.253437325] [offboard_waypoint_node]: [CONTROL_ARBITER] selected_source=waiting_for_ev_ground_reference state=WAITING_FOR_ODOM
[super_planner_ros2_node-6] [INFO] [1786485543.262169277] [super_planner_ros2_node]: SUPER_ROS2 mode=NO_ODOM enable_output=true reason=NO_ODOM odom=(0.00,0.00,0.00) goal=none tracking_setpoint_enu=(0.00,0.00,0.00) setpoint_ned=none yaw(desired/cmd/rate)=(0.00/0.00/0.00) cross_track=0.00 frame_id=px4_ned path_points=0 odom_source=none cloud_source=/saved_map mavros_connected=false
[offboard_waypoint_node-1] [INFO] [1786485543.275922549] [offboard_waypoint_node]: [EV_HEALTH] state=SUSPECT continuous_healthy=0.00s
[offboard_waypoint_node-1] [WARN] [1786485543.375058638] [offboard_waypoint_node]: [POSE_WAIT] no local velocity sample yet on /mavros/local_position/velocity_local
[super_planner_ros2_node-6] [WARN] [1786485543.375227792] [super_planner_ros2_node]: Using odom source: /mavros/local_position/odom odom_input_frame=map_enu planner_map=(-6.31, -0.56, -1.70) current_yaw_ned=1.490
[offboard_waypoint_node-1] [INFO] [1786485543.627148631] [offboard_waypoint_node]: [EV_HEALTH] state=FAULT continuous_healthy=0.00s
[fastlio_bridge_node-2] [INFO] [1786485544.042925266] [fastlio_bridge_node]: 已桥接并转换里程计: ENU(-0.02, 0.01, -0.10) -> NED(0.01, -0.02, 0.10)
[offboard_waypoint_node-1] [INFO] [1786485544.172022272] [offboard_waypoint_node]: [POSE_TRUSTED] stable_for=0.53s position_ned=(0.032,-0.016,0.072)
[offboard_waypoint_node-1] [INFO] [1786485544.302621761] [offboard_waypoint_node]: [EV_HOLD_WAIT] continuous_healthy=0.00s required=7.50s
[offboard_waypoint_node-1] [INFO] [1786485544.302700312] [offboard_waypoint_node]: [CONTROL_ARBITER] selected_source=waiting_for_ev_ground_reference state=WAITING_FOR_ODOM
[super_planner_ros2_node-6] [INFO] [1786485544.310729115] [super_planner_ros2_node]: SUPER_ROS2 mode=IDLE enable_output=true reason=NO_GOAL odom=(-0.02,0.03,-0.07) goal=none tracking_setpoint_enu=(-0.02,0.03,0.78) setpoint_ned=none yaw(desired/cmd/rate)=(0.00/0.00/0.00) cross_track=0.00 frame_id=px4_ned path_points=0 odom_source=/mavros/local_position/odom cloud_source=/saved_map mavros_connected=true
[offboard_waypoint_node-1] [INFO] [1786485545.302954700] [offboard_waypoint_node]: [EV_HOLD_WAIT] continuous_healthy=0.00s required=7.50s
[offboard_waypoint_node-1] [INFO] [1786485545.303250185] [offboard_waypoint_node]: [CONTROL_ARBITER] selected_source=waiting_for_ev_ground_reference state=WAITING_FOR_ODOM
[super_planner_ros2_node-6] [INFO] [1786485545.310986743] [super_planner_ros2_node]: SUPER_ROS2 mode=IDLE enable_output=true reason=NO_GOAL odom=(-0.02,0.02,-0.05) goal=none tracking_setpoint_enu=(-0.02,0.02,0.78) setpoint_ned=none yaw(desired/cmd/rate)=(0.00/0.00/0.00) cross_track=0.00 frame_id=px4_ned path_points=0 odom_source=/mavros/local_position/odom cloud_source=/saved_map mavros_connected=true
[fastlio_bridge_node-2] [INFO] [1786485546.045078254] [fastlio_bridge_node]: 已桥接并转换里程计: ENU(-0.03, 0.02, -0.10) -> NED(0.02, -0.03, 0.10)
[offboard_waypoint_node-1] [INFO] [1786485546.046289367] [offboard_waypoint_node]: [EV_HEALTH] state=HEALTHY continuous_healthy=0.00s
[offboard_waypoint_node-1] [INFO] [1786485546.352722843] [offboard_waypoint_node]: [EV_HOLD_WAIT] continuous_healthy=0.31s required=7.50s
[offboard_waypoint_node-1] [INFO] [1786485546.352878651] [offboard_waypoint_node]: [CONTROL_ARBITER] selected_source=waiting_for_ev_ground_reference state=WAITING_FOR_ODOM
[super_planner_ros2_node-6] [INFO] [1786485546.360810684] [super_planner_ros2_node]: SUPER_ROS2 mode=IDLE enable_output=true reason=NO_GOAL odom=(-0.02,0.03,-0.09) goal=none tracking_setpoint_enu=(-0.02,0.03,0.78) setpoint_ned=none yaw(desired/cmd/rate)=(0.00/0.00/0.00) cross_track=0.00 frame_id=px4_ned path_points=0 odom_source=/mavros/local_position/odom cloud_source=/saved_map mavros_connected=true
[offboard_waypoint_node-1] [INFO] [1786485547.353408207] [offboard_waypoint_node]: [EV_HOLD_WAIT] continuous_healthy=1.31s required=7.50s
[offboard_waypoint_node-1] [INFO] [1786485547.354363192] [offboard_waypoint_node]: [CONTROL_ARBITER] selected_source=waiting_for_ev_ground_reference state=WAITING_FOR_ODOM
[super_planner_ros2_node-6] [INFO] [1786485547.410919022] [super_planner_ros2_node]: SUPER_ROS2 mode=IDLE enable_output=true reason=NO_GOAL odom=(-0.02,0.02,-0.08) goal=none tracking_setpoint_enu=(-0.02,0.02,0.78) setpoint_ned=none yaw(desired/cmd/rate)=(0.00/0.00/0.00) cross_track=0.00 frame_id=px4_ned path_points=0 odom_source=/mavros/local_position/odom cloud_source=/saved_map mavros_connected=true
[fastlio_bridge_node-2] [INFO] [1786485548.043178373] [fastlio_bridge_node]: 已桥接并转换里程计: ENU(-0.03, 0.02, -0.10) -> NED(0.02, -0.03, 0.10)
[offboard_waypoint_node-1] [INFO] [1786485548.402687891] [offboard_waypoint_node]: [EV_HOLD_WAIT] continuous_healthy=2.36s required=7.50s
[offboard_waypoint_node-1] [INFO] [1786485548.402777033] [offboard_waypoint_node]: [CONTROL_ARBITER] selected_source=waiting_for_ev_ground_reference state=WAITING_FOR_ODOM
[super_planner_ros2_node-6] [INFO] [1786485548.460832728] [super_planner_ros2_node]: SUPER_ROS2 mode=IDLE enable_output=true reason=NO_GOAL odom=(-0.03,0.02,-0.09) goal=none tracking_setpoint_enu=(-0.03,0.02,0.78) setpoint_ned=none yaw(desired/cmd/rate)=(0.00/0.00/0.00) cross_track=0.00 frame_id=px4_ned path_points=0 odom_source=/mavros/local_position/odom cloud_source=/saved_map mavros_connected=true
[offboard_waypoint_node-1] [INFO] [1786485549.402727398] [offboard_waypoint_node]: [EV_HOLD_WAIT] continuous_healthy=3.36s required=7.50s
[offboard_waypoint_node-1] [INFO] [1786485549.402849565] [offboard_waypoint_node]: [CONTROL_ARBITER] selected_source=waiting_for_ev_ground_reference state=WAITING_FOR_ODOM
[super_planner_ros2_node-6] [INFO] [1786485549.461690731] [super_planner_ros2_node]: SUPER_ROS2 mode=IDLE enable_output=true reason=NO_GOAL odom=(-0.03,0.02,-0.09) goal=none tracking_setpoint_enu=(-0.03,0.02,0.78) setpoint_ned=none yaw(desired/cmd/rate)=(0.00/0.00/0.00) cross_track=0.00 frame_id=px4_ned path_points=0 odom_source=/mavros/local_position/odom cloud_source=/saved_map mavros_connected=true
[fastlio_bridge_node-2] [INFO] [1786485550.071433925] [fastlio_bridge_node]: 已桥接并转换里程计: ENU(-0.03, 0.02, -0.10) -> NED(0.02, -0.03, 0.10)
[offboard_waypoint_node-1] [INFO] [1786485550.402780440] [offboard_waypoint_node]: [EV_HOLD_WAIT] continuous_healthy=4.36s required=7.50s
[offboard_waypoint_node-1] [INFO] [1786485550.402904667] [offboard_waypoint_node]: [CONTROL_ARBITER] selected_source=waiting_for_ev_ground_reference state=WAITING_FOR_ODOM
[super_planner_ros2_node-6] [INFO] [1786485550.510810629] [super_planner_ros2_node]: SUPER_ROS2 mode=IDLE enable_output=true reason=NO_GOAL odom=(-0.03,0.02,-0.10) goal=none tracking_setpoint_enu=(-0.03,0.02,0.78) setpoint_ned=none yaw(desired/cmd/rate)=(0.00/0.00/0.00) cross_track=0.00 frame_id=px4_ned path_points=0 odom_source=/mavros/local_position/odom cloud_source=/saved_map mavros_connected=true
[offboard_waypoint_node-1] [INFO] [1786485551.453023091] [offboard_waypoint_node]: [EV_HOLD_WAIT] continuous_healthy=5.41s required=7.50s
[offboard_waypoint_node-1] [INFO] [1786485551.453392793] [offboard_waypoint_node]: [CONTROL_ARBITER] selected_source=waiting_for_ev_ground_reference state=WAITING_FOR_ODOM
[super_planner_ros2_node-6] [INFO] [1786485551.511009296] [super_planner_ros2_node]: SUPER_ROS2 mode=IDLE enable_output=true reason=NO_GOAL odom=(-0.03,0.02,-0.10) goal=none tracking_setpoint_enu=(-0.03,0.02,0.78) setpoint_ned=none yaw(desired/cmd/rate)=(0.00/0.00/0.00) cross_track=0.00 frame_id=px4_ned path_points=0 odom_source=/mavros/local_position/odom cloud_source=/saved_map mavros_connected=true
[fastlio_bridge_node-2] [INFO] [1786485552.043347026] [fastlio_bridge_node]: 已桥接并转换里程计: ENU(-0.03, 0.02, -0.10) -> NED(0.02, -0.03, 0.10)
[offboard_waypoint_node-1] [INFO] [1786485552.453082105] [offboard_waypoint_node]: [EV_HOLD_WAIT] continuous_healthy=6.41s required=7.50s
[offboard_waypoint_node-1] [INFO] [1786485552.453497360] [offboard_waypoint_node]: [CONTROL_ARBITER] selected_source=waiting_for_ev_ground_reference state=WAITING_FOR_ODOM
[super_planner_ros2_node-6] [INFO] [1786485552.560997301] [super_planner_ros2_node]: SUPER_ROS2 mode=IDLE enable_output=true reason=NO_GOAL odom=(-0.03,0.03,-0.10) goal=none tracking_setpoint_enu=(-0.03,0.03,0.78) setpoint_ned=none yaw(desired/cmd/rate)=(0.00/0.00/0.00) cross_track=0.00 frame_id=px4_ned path_points=0 odom_source=/mavros/local_position/odom cloud_source=/saved_map mavros_connected=true
[offboard_waypoint_node-1] [INFO] [1786485553.502909344] [offboard_waypoint_node]: [EV_HOLD_WAIT] continuous_healthy=7.46s required=7.50s
[offboard_waypoint_node-1] [INFO] [1786485553.503126007] [offboard_waypoint_node]: [CONTROL_ARBITER] selected_source=waiting_for_ev_ground_reference state=WAITING_FOR_ODOM
[offboard_waypoint_node-1] [WARN] [1786485553.552947147] [offboard_waypoint_node]: [HOLD_POSITION] x=0.029 y=-0.030 z=0.099 yaw=1.539 reason=EV-ready startup idle hold
[offboard_waypoint_node-1] [WARN] [1786485553.553154423] [offboard_waypoint_node]: [CONTROL_STATE] WAITING_FOR_ODOM -> IDLE_HOLD: no active goal
[offboard_waypoint_node-1] [INFO] [1786485553.553473421] [offboard_waypoint_node]: [HOLD_ERROR] position_error=0.000 velocity=0.010 state=IDLE_HOLD
[super_planner_ros2_node-6] [INFO] [1786485553.611060690] [super_planner_ros2_node]: SUPER_ROS2 mode=IDLE enable_output=true reason=NO_GOAL odom=(-0.03,0.03,-0.10) goal=none tracking_setpoint_enu=(-0.03,0.03,0.78) setpoint_ned=none yaw(desired/cmd/rate)=(0.00/0.00/0.00) cross_track=0.00 frame_id=px4_ned path_points=0 odom_source=/mavros/local_position/odom cloud_source=/saved_map mavros_connected=true
[fastlio_bridge_node-2] [INFO] [1786485554.044328504] [fastlio_bridge_node]: 已桥接并转换里程计: ENU(-0.04, 0.03, -0.10) -> NED(0.03, -0.04, 0.10)
[offboard_waypoint_node-1] [INFO] [1786485554.503331057] [offboard_waypoint_node]: [CONTROL_ARBITER] selected_source=safety_hold state=IDLE_HOLD
[offboard_waypoint_node-1] [INFO] [1786485554.603002619] [offboard_waypoint_node]: [HOLD_ERROR] position_error=0.003 velocity=0.012 state=IDLE_HOLD
[super_planner_ros2_node-6] [INFO] [1786485554.612161835] [super_planner_ros2_node]: SUPER_ROS2 mode=IDLE enable_output=true reason=NO_GOAL odom=(-0.03,0.03,-0.10) goal=none tracking_setpoint_enu=(-0.03,0.03,0.78) setpoint_ned=none yaw(desired/cmd/rate)=(0.00/0.00/0.00) cross_track=0.00 frame_id=px4_ned path_points=0 odom_source=/mavros/local_position/odom cloud_source=/saved_map mavros_connected=true
[offboard_waypoint_node-1] [INFO] [1786485555.553193672] [offboard_waypoint_node]: [CONTROL_ARBITER] selected_source=safety_hold state=IDLE_HOLD
[offboard_waypoint_node-1] [INFO] [1786485555.603553777] [offboard_waypoint_node]: [HOLD_ERROR] position_error=0.005 velocity=0.003 state=IDLE_HOLD
[super_planner_ros2_node-6] [INFO] [1786485555.660966683] [super_planner_ros2_node]: SUPER_ROS2 mode=IDLE enable_output=true reason=NO_GOAL odom=(-0.03,0.03,-0.10) goal=none tracking_setpoint_enu=(-0.03,0.03,0.78) setpoint_ned=none yaw(desired/cmd/rate)=(0.00/0.00/0.00) cross_track=0.00 frame_id=px4_ned path_points=0 odom_source=/mavros/local_position/odom cloud_source=/saved_map mavros_connected=true
[mapping_manager_node-5] [INFO] [1786485555.738470901] [mapping_manager_node]: Mapping status: in_flight=false, map_loaded=false, map_saved=false
[fastlio_bridge_node-2] [INFO] [1786485556.046764462] [fastlio_bridge_node]: 已桥接并转换里程计: ENU(-0.04, 0.02, -0.10) -> NED(0.02, -0.04, 0.10)
[offboard_waypoint_node-1] [INFO] [1786485556.553475397] [offboard_waypoint_node]: [CONTROL_ARBITER] selected_source=safety_hold state=IDLE_HOLD
[offboard_waypoint_node-1] [INFO] [1786485556.652897231] [offboard_waypoint_node]: [HOLD_ERROR] position_error=0.010 velocity=0.007 state=IDLE_HOLD
[super_planner_ros2_node-6] [INFO] [1786485556.665392433] [super_planner_ros2_node]: SUPER_ROS2 mode=IDLE enable_output=true reason=NO_GOAL odom=(-0.04,0.02,-0.10) goal=none tracking_setpoint_enu=(-0.04,0.02,0.78) setpoint_ned=none yaw(desired/cmd/rate)=(0.00/0.00/0.00) cross_track=0.00 frame_id=px4_ned path_points=0 odom_source=/mavros/local_position/odom cloud_source=/saved_map mavros_connected=true
[navigation stack (prewarm)] 正在停止进程组 30627
[navigation stack (prewarm)] 已退出，状态码 143
