[debug rosbag] starting
[debug rosbag] command: env FLIGHT_TIMESTAMP=20260812_055836 FLIGHT_RUN_DIR=/home/robot/rong_ws/ws_offboard_control/flight_records/20260812/flight_20260812_055836 /home/robot/rong_ws/ws_offboard_control/tools/rosbag/开始录包.sh
[debug rosbag] pid=32014 pgid=32014 log=/home/robot/rong_ws/ws_offboard_control/flight_records/20260812/flight_20260812_055836/logs/rosbag_debug.log
本场次目录：/home/robot/rong_ws/ws_offboard_control/flight_records/20260812/flight_20260812_055836
参数快照目录：/home/robot/rong_ws/ws_offboard_control/flight_records/20260812/flight_20260812_055836/snapshot
录包输出目录：/home/robot/rong_ws/ws_offboard_control/flight_records/20260812/flight_20260812_055836/rosbag
是否录制完整配准点云：false
在本终端按 Ctrl+C 停止录包。
stdin is not a terminal device. Keyboard handling disabled.[INFO] [1786485555.228603558] [rosbag2_recorder]: Press SPACE for pausing/resuming
[INFO] [1786485555.240184812] [rosbag2_storage]: Opened database '/home/robot/rong_ws/ws_offboard_control/flight_records/20260812/flight_20260812_055836/rosbag/rosbag_0.db3' for READ_WRITE.
[INFO] [1786485555.257039581] [rosbag2_recorder]: Listening for topics...
[INFO] [1786485555.257052333] [rosbag2_recorder]: Event publisher thread: Starting
[INFO] [1786485555.264134085] [rosbag2_recorder]: Subscribed to topic '/race/super_planner/raw_path'
[INFO] [1786485555.267696092] [rosbag2_recorder]: Subscribed to topic '/race/planner/status'
[INFO] [1786485555.275289218] [rosbag2_recorder]: Subscribed to topic '/race/navigation_setpoint'
[INFO] [1786485555.282949149] [rosbag2_recorder]: Subscribed to topic '/race/global_planner/status'
[INFO] [1786485555.288531185] [rosbag2_recorder]: Subscribed to topic '/mavros/vision_speed/speed_twist_cov'
[INFO] [1786485555.290682370] [rosbag2_recorder]: Subscribed to topic '/mavros/vision_pose/pose_cov'
[INFO] [1786485555.297007886] [rosbag2_recorder]: Subscribed to topic '/race/control/status'
[INFO] [1786485555.301932434] [rosbag2_recorder]: Subscribed to topic '/mavros/setpoint_raw/local'
[INFO] [1786485555.306774415] [rosbag2_recorder]: Subscribed to topic '/goal_pose'
[INFO] [1786485555.307106930] [rosbag2_recorder]: Recording...
[INFO] [1786485555.314181751] [rosbag2_recorder]: Subscribed to topic '/mavros/local_position/velocity_body'
[INFO] [1786485555.318937876] [rosbag2_recorder]: Subscribed to topic '/mavros/setpoint_raw/target_local'
[INFO] [1786485555.322454726] [rosbag2_recorder]: Subscribed to topic '/path'
[INFO] [1786485555.324090354] [rosbag2_recorder]: Subscribed to topic '/mavros/state'
[INFO] [1786485555.327922807] [rosbag2_recorder]: Subscribed to topic '/Odometry'
[INFO] [1786485555.334250401] [rosbag2_recorder]: Subscribed to topic '/mavros/local_position/pose'
[INFO] [1786485555.338216372] [rosbag2_recorder]: Subscribed to topic '/Odometry/guarded'
[INFO] [1786485555.343370710] [rosbag2_recorder]: Subscribed to topic '/Odometry/healthy'
[INFO] [1786485555.345661037] [rosbag2_recorder]: Subscribed to topic '/ev_health/fault'
[INFO] [1786485555.347883159] [rosbag2_recorder]: Subscribed to topic '/mavros/local_position/odom'
[INFO] [1786485555.352411129] [rosbag2_recorder]: Subscribed to topic '/mavros/local_position/velocity_local'
[INFO] [1786485555.359263710] [rosbag2_recorder]: Subscribed to topic '/ev_health/diagnostics'
[INFO] [1786485555.362443325] [rosbag2_recorder]: Subscribed to topic '/ev_health/velocity_ned'
[INFO] [1786485555.368494349] [rosbag2_recorder]: Subscribed to topic '/ev_health/status'
[INFO] [1786485555.371631975] [rosbag2_recorder]: Subscribed to topic '/mavros/estimator_status'
[INFO] [1786485556.210475123] [rosbag2_recorder]: Subscribed to topic '/race/odom'
[INFO] [1786485556.214694487] [rosbag2_recorder]: Subscribed to topic '/race/pose'
[INFO] [1786485556.958048741] [rosbag2_cpp]: Writing remaining messages from cache to the bag. It may take a while
[INFO] [1786485556.964444061] [rosbag2_recorder]: Event publisher thread: Exiting
[INFO] [1786485556.964521449] [rosbag2_recorder]: Recording stopped
[debug rosbag] 已退出，状态码 143
