[INFO] [1784444702.381649335] [minipc_mavros_offboard]: Started minipc_mavros_offboard with arm_only=False, takeoff_height_m=0.8, hover_seconds=10.0, offboard_stabilize_seconds=20.0, use_rc_offboard=True, hold_after_arm_reject=True, ignore_z_in_arm_only=True, debug_hold_after_mode_drop=True, recent_pose_samples=30, require_vision_pose=True, vision_freshness_s=1.0, lift_only_seconds=0.0, z_ramp_seconds=1.0, target_xyz=(0.0, 0.0, -0.5), xy_move_unlock_height_m=0.5, yaw_deg=0.0, auto_land=False, land_on_offboard_loss=True, offboard_land=True, offboard_land_speed_mps=0.1, offboard_land_auto_handoff_height_m=0.1, auto_disarm_after_land=True, disarm_after_land_delay_s=2.0, land_wait_timeout_s=45.0, landed_ground_tolerance_m=0.06, target_reached_tolerance_m=0.15, landed_hold_seconds=0.0, drift_guard_enabled=True, drift_warning_m=0.2, drift_land_m=0.3, drift_emergency_m=0.5, legacy_max_horizontal_drift_m=0.5, mavros_state_freshness_s=1.5, control_mode=ramp, enable_route_tracking=False, route_path_topic=/nav2_stage1/path, route_fixed_flight_height_m=1.0, route_start_tolerance_m=0.4, route_goal_tolerance_m=0.2, route_lookahead_m=0.4, route_max_vxy_mps=0.25, route_max_vz_mps=0.15, route_setpoint_rate_hz=30.0, route_path_timeout_s=2.0, route_fail_action=hold, route_final_hold_seconds=3.0
[INFO] [1784444702.399875348] [minipc_mavros_offboard]: Waiting for MAVROS connection
[INFO] [1784444703.433985517] [minipc_mavros_offboard]: Waiting for MAVROS local odometry before arming
[INFO] [1784444703.436256508] [minipc_mavros_offboard]: Averaged MAVROS local odometry at lock x=-0.03, y=-0.01, z=-0.05
[INFO] [1784444703.438308140] [minipc_mavros_offboard]: Target setpoint locked to ENU for MAVROS local setpoint x=-0.03, y=-0.01, z_start=-0.05, z_final=0.45
[INFO] [1784444703.467719282] [minipc_mavros_offboard]: Streaming pre-arm MAVROS setpoints
[INFO] [1784444706.799826911] [minipc_mavros_offboard]: Streaming setpoints and waiting for RC to switch OFFBOARD
[INFO] [1784444781.400782506] [minipc_mavros_offboard]: OFFBOARD reported by MAVROS state
[INFO] [1784444801.432898573] [minipc_mavros_offboard]: Arming vehicle
[INFO] [1784444801.434653044] [minipc_mavros_offboard]: Requested arming
[INFO] [1784444801.466353018] [minipc_mavros_offboard]: Locked hold yaw to current MAVROS local yaw 0.1 deg
[INFO] [1784444801.500316728] [minipc_mavros_offboard]: Holding MAVROS setpoint
[INFO] [1784444801.502032421] [minipc_mavros_offboard]: Vehicle left armed/OFFBOARD state; continuing debug hold
[INFO] [1784444801.502228897] [minipc_mavros_offboard]: Debug hold after OFFBOARD/armed drop: connected=True, armed=False, guided=False, manual_input=False, mode=OFFBOARD
[INFO] [1784444801.533997242] [minipc_mavros_offboard]: Holding MAVROS setpoint
[INFO] [1784444801.538674772] [minipc_mavros_offboard]: Vehicle left armed/OFFBOARD state; continuing debug hold
[INFO] [1784444801.539303844] [minipc_mavros_offboard]: Debug hold after OFFBOARD/armed drop: connected=True, armed=False, guided=False, manual_input=False, mode=OFFBOARD
[INFO] [1784444801.566290452] [minipc_mavros_offboard]: Holding MAVROS setpoint
[INFO] [1784444801.567054102] [minipc_mavros_offboard]: Vehicle left armed/OFFBOARD state; continuing debug hold
[INFO] [1784444801.567512203] [minipc_mavros_offboard]: Debug hold after OFFBOARD/armed drop: connected=True, armed=False, guided=False, manual_input=False, mode=OFFBOARD
[INFO] [1784444801.599718561] [minipc_mavros_offboard]: Holding MAVROS setpoint
[INFO] [1784444801.601256222] [minipc_mavros_offboard]: Vehicle left armed/OFFBOARD state; continuing debug hold
[INFO] [1784444801.601554835] [minipc_mavros_offboard]: Debug hold after OFFBOARD/armed drop: connected=True, armed=False, guided=False, manual_input=False, mode=OFFBOARD
[INFO] [1784444801.632715850] [minipc_mavros_offboard]: Holding MAVROS setpoint
[INFO] [1784444801.633323862] [minipc_mavros_offboard]: Vehicle left armed/OFFBOARD state; continuing debug hold
[INFO] [1784444801.633861755] [minipc_mavros_offboard]: Debug hold after OFFBOARD/armed drop: connected=True, armed=False, guided=False, manual_input=False, mode=OFFBOARD
[INFO] [1784444801.668345454] [minipc_mavros_offboard]: Holding MAVROS setpoint
[INFO] [1784444801.670301353] [minipc_mavros_offboard]: Vehicle left armed/OFFBOARD state; continuing debug hold
[INFO] [1784444801.670752759] [minipc_mavros_offboard]: Debug hold after OFFBOARD/armed drop: connected=True, armed=False, guided=False, manual_input=False, mode=OFFBOARD
[INFO] [1784444801.699683015] [minipc_mavros_offboard]: Holding MAVROS setpoint
[INFO] [1784444801.701712020] [minipc_mavros_offboard]: Vehicle left armed/OFFBOARD state; continuing debug hold
[INFO] [1784444801.702239769] [minipc_mavros_offboard]: Debug hold after OFFBOARD/armed drop: connected=True, armed=False, guided=False, manual_input=False, mode=OFFBOARD
[INFO] [1784444801.732700555] [minipc_mavros_offboard]: Holding MAVROS setpoint
[INFO] [1784444801.733050130] [minipc_mavros_offboard]: Vehicle left armed/OFFBOARD state; continuing debug hold
[INFO] [1784444801.733251966] [minipc_mavros_offboard]: Debug hold after OFFBOARD/armed drop: connected=True, armed=False, guided=False, manual_input=False, mode=OFFBOARD
[INFO] [1784444801.767386656] [minipc_mavros_offboard]: Holding MAVROS setpoint
[INFO] [1784444801.768337323] [minipc_mavros_offboard]: Vehicle left armed/OFFBOARD state; continuing debug hold
[INFO] [1784444801.768578322] [minipc_mavros_offboard]: Debug hold after OFFBOARD/armed drop: connected=True, armed=False, guided=False, manual_input=False, mode=OFFBOARD
[INFO] [1784444801.802679633] [minipc_mavros_offboard]: Holding MAVROS setpoint
[INFO] [1784444801.807488724] [minipc_mavros_offboard]: Vehicle left armed/OFFBOARD state; continuing debug hold
[INFO] [1784444801.810431878] [minipc_mavros_offboard]: Debug hold after OFFBOARD/armed drop: connected=True, armed=False, guided=False, manual_input=False, mode=OFFBOARD
[INFO] [1784444801.837654991] [minipc_mavros_offboard]: Holding MAVROS setpoint
[INFO] [1784444801.840915195] [minipc_mavros_offboard]: Vehicle left armed/OFFBOARD state; continuing debug hold
[INFO] [1784444801.841862230] [minipc_mavros_offboard]: Debug hold after OFFBOARD/armed drop: connected=True, armed=False, guided=False, manual_input=False, mode=OFFBOARD
[INFO] [1784444801.869956180] [minipc_mavros_offboard]: Holding MAVROS setpoint
[INFO] [1784444801.871982625] [minipc_mavros_offboard]: Vehicle left armed/OFFBOARD state; continuing debug hold
[INFO] [1784444801.872304357] [minipc_mavros_offboard]: Debug hold after OFFBOARD/armed drop: connected=True, armed=False, guided=False, manual_input=False, mode=OFFBOARD
[INFO] [1784444801.903669712] [minipc_mavros_offboard]: Holding MAVROS setpoint
[INFO] [1784444801.907363290] [minipc_mavros_offboard]: Vehicle left armed/OFFBOARD state; continuing debug hold
[INFO] [1784444801.908111485] [minipc_mavros_offboard]: Debug hold after OFFBOARD/armed drop: connected=True, armed=False, guided=False, manual_input=False, mode=OFFBOARD
[INFO] [1784444801.934466956] [minipc_mavros_offboard]: Holding MAVROS setpoint
[INFO] [1784444801.937088227] [minipc_mavros_offboard]: Vehicle left armed/OFFBOARD state; continuing debug hold
[INFO] [1784444801.937709672] [minipc_mavros_offboard]: Debug hold after OFFBOARD/armed drop: connected=True, armed=False, guided=False, manual_input=False, mode=OFFBOARD
[INFO] [1784444801.971619501] [minipc_mavros_offboard]: Holding MAVROS setpoint
[INFO] [1784444801.975220042] [minipc_mavros_offboard]: Vehicle left armed/OFFBOARD state; continuing debug hold
[INFO] [1784444801.975996691] [minipc_mavros_offboard]: Debug hold after OFFBOARD/armed drop: connected=True, armed=False, guided=False, manual_input=False, mode=OFFBOARD
[INFO] [1784444802.002853708] [minipc_mavros_offboard]: Holding MAVROS setpoint
[INFO] [1784444802.004135086] [minipc_mavros_offboard]: Vehicle left armed/OFFBOARD state; continuing debug hold
[INFO] [1784444802.004957024] [minipc_mavros_offboard]: Debug hold after OFFBOARD/armed drop: connected=True, armed=False, guided=False, manual_input=False, mode=OFFBOARD
[INFO] [1784444802.033224989] [minipc_mavros_offboard]: Holding MAVROS setpoint
[INFO] [1784444802.034434519] [minipc_mavros_offboard]: Vehicle left armed/OFFBOARD state; continuing debug hold
[INFO] [1784444802.034979433] [minipc_mavros_offboard]: Debug hold after OFFBOARD/armed drop: connected=True, armed=False, guided=False, manual_input=False, mode=OFFBOARD
[INFO] [1784444802.070038482] [minipc_mavros_offboard]: Holding MAVROS setpoint
[INFO] [1784444802.074505537] [minipc_mavros_offboard]: Vehicle left armed/OFFBOARD state; continuing debug hold
[INFO] [1784444802.075324834] [minipc_mavros_offboard]: Debug hold after OFFBOARD/armed drop: connected=True, armed=False, guided=False, manual_input=False, mode=OFFBOARD
[INFO] [1784444802.103138562] [minipc_mavros_offboard]: Holding MAVROS setpoint
[INFO] [1784444802.105627152] [minipc_mavros_offboard]: Vehicle left armed/OFFBOARD state; continuing debug hold
[INFO] [1784444802.106263377] [minipc_mavros_offboard]: Debug hold after OFFBOARD/armed drop: connected=True, armed=False, guided=False, manual_input=False, mode=OFFBOARD
[INFO] [1784444802.134046813] [minipc_mavros_offboard]: Holding MAVROS setpoint
[INFO] [1784444802.136188109] [minipc_mavros_offboard]: Vehicle left armed/OFFBOARD state; continuing debug hold
[INFO] [1784444802.137022016] [minipc_mavros_offboard]: Debug hold after OFFBOARD/armed drop: connected=True, armed=False, guided=False, manual_input=False, mode=OFFBOARD
[INFO] [1784444802.168445970] [minipc_mavros_offboard]: Holding MAVROS setpoint
[INFO] [1784444802.170196201] [minipc_mavros_offboard]: Vehicle left armed/OFFBOARD state; continuing debug hold
[INFO] [1784444802.170922748] [minipc_mavros_offboard]: Debug hold after OFFBOARD/armed drop: connected=True, armed=False, guided=False, manual_input=False, mode=OFFBOARD
[INFO] [1784444802.203703667] [minipc_mavros_offboard]: Holding MAVROS setpoint
[INFO] [1784444802.210998356] [minipc_mavros_offboard]: Vehicle left armed/OFFBOARD state; continuing debug hold
[INFO] [1784444802.214145693] [minipc_mavros_offboard]: Debug hold after OFFBOARD/armed drop: connected=True, armed=False, guided=False, manual_input=False, mode=OFFBOARD
[INFO] [1784444802.236018102] [minipc_mavros_offboard]: Holding MAVROS setpoint
[INFO] [1784444802.237981409] [minipc_mavros_offboard]: Vehicle left armed/OFFBOARD state; continuing debug hold
[INFO] [1784444802.238780185] [minipc_mavros_offboard]: Debug hold after OFFBOARD/armed drop: connected=True, armed=False, guided=False, manual_input=False, mode=OFFBOARD
[INFO] [1784444802.269515850] [minipc_mavros_offboard]: Holding MAVROS setpoint
[INFO] [1784444802.272553905] [minipc_mavros_offboard]: Vehicle left armed/OFFBOARD state; continuing debug hold
[INFO] [1784444802.272979474] [minipc_mavros_offboard]: Debug hold after OFFBOARD/armed drop: connected=True, armed=False, guided=False, manual_input=False, mode=OFFBOARD
[INFO] [1784444802.307368548] [minipc_mavros_offboard]: Holding MAVROS setpoint
[INFO] [1784444802.309889344] [minipc_mavros_offboard]: Vehicle left armed/OFFBOARD state; continuing debug hold
[INFO] [1784444802.310514656] [minipc_mavros_offboard]: Debug hold after OFFBOARD/armed drop: connected=True, armed=False, guided=False, manual_input=False, mode=OFFBOARD
[INFO] [1784444802.335197029] [minipc_mavros_offboard]: Holding MAVROS setpoint
[INFO] [1784444802.339885954] [minipc_mavros_offboard]: Vehicle left armed/OFFBOARD state; continuing debug hold
[INFO] [1784444802.341277411] [minipc_mavros_offboard]: Debug hold after OFFBOARD/armed drop: connected=True, armed=False, guided=False, manual_input=False, mode=OFFBOARD
[INFO] [1784444802.367450804] [minipc_mavros_offboard]: Holding MAVROS setpoint
[INFO] [1784444802.368903400] [minipc_mavros_offboard]: Vehicle left armed/OFFBOARD state; continuing debug hold
[INFO] [1784444802.369420442] [minipc_mavros_offboard]: Debug hold after OFFBOARD/armed drop: connected=True, armed=False, guided=False, manual_input=False, mode=OFFBOARD
[INFO] [1784444802.409320734] [minipc_mavros_offboard]: Holding MAVROS setpoint
[INFO] [1784444802.412558981] [minipc_mavros_offboard]: Vehicle lef