[debug rosbag] starting
[debug rosbag] command: env FLIGHT_TIMESTAMP=20260809_171025 FLIGHT_RUN_DIR=/home/robot/rong_ws/ws_offboard_control/flight_records/20260809/flight_20260809_171025 /home/robot/rong_ws/ws_offboard_control/tools/rosbag/record_takeoff_debug_bag.sh
[debug rosbag] pid=89125 pgid=89125 log=/home/robot/rong_ws/ws_offboard_control/flight_records/20260809/flight_20260809_171025/logs/rosbag_debug.log
Flight run directory: /home/robot/rong_ws/ws_offboard_control/flight_records/20260809/flight_20260809_171025_r1
Parameter snapshot: /home/robot/rong_ws/ws_offboard_control/flight_records/20260809/flight_20260809_171025_r1/snapshot
Recording rosbag to: /home/robot/rong_ws/ws_offboard_control/flight_records/20260809/flight_20260809_171025_r1/rosbag
Record full registered point cloud: false
Press Ctrl+C in this terminal to stop recording.
stdin is not a terminal device. Keyboard handling disabled.[INFO] [1786266658.026704524] [rosbag2_recorder]: Press SPACE for pausing/resuming
[INFO] [1786266658.029398858] [rosbag2_storage]: Opened database '/home/robot/rong_ws/ws_offboard_control/flight_records/20260809/flight_20260809_171025_r1/rosbag/rosbag_0.db3' for READ_WRITE.
[INFO] [1786266658.031752510] [rosbag2_recorder]: Listening for topics...
[INFO] [1786266658.031762824] [rosbag2_recorder]: Event publisher thread: Starting
[INFO] [1786266658.040239575] [rosbag2_recorder]: Subscribed to topic '/race/pose'
[INFO] [1786266658.042360219] [rosbag2_recorder]: Subscribed to topic '/race/odom'
[INFO] [1786266658.046184394] [rosbag2_recorder]: Subscribed to topic '/race/control/status'
[INFO] [1786266658.051016831] [rosbag2_recorder]: Subscribed to topic '/mavros/setpoint_raw/local'
[INFO] [1786266658.051239469] [rosbag2_recorder]: Recording...
[INFO] [1786266658.054050153] [rosbag2_recorder]: Subscribed to topic '/mavros/vision_pose/pose_cov'
[INFO] [1786266658.055808895] [rosbag2_recorder]: Subscribed to topic '/mavros/vision_speed/speed_twist_cov'
[INFO] [1786266658.417444531] [rosbag2_recorder]: Subscribed to topic '/race/ego/position_command'
[INFO] [1786266658.525081893] [rosbag2_recorder]: Subscribed to topic '/race/ego/bspline'
[INFO] [1786266658.526757466] [rosbag2_recorder]: Subscribed to topic '/race/ego/status'
[INFO] [1786266658.528691024] [rosbag2_recorder]: Subscribed to topic '/race/ego/command_local_goal_seq'
[INFO] [1786266658.531301603] [rosbag2_recorder]: Subscribed to topic '/ev_health/velocity_ned'
[INFO] [1786266658.534398502] [rosbag2_recorder]: Subscribed to topic '/ev_health/diagnostics'
[INFO] [1786266658.537603509] [rosbag2_recorder]: Subscribed to topic '/race/ego/validated_bspline'
[INFO] [1786266658.539999146] [rosbag2_recorder]: Subscribed to topic '/ev_health/status'
[INFO] [1786266658.541927835] [rosbag2_recorder]: Subscribed to topic '/race/ego/trajectory_setpoint'
[INFO] [1786266658.545223170] [rosbag2_recorder]: Subscribed to topic '/ev_health/fault'
[INFO] [1786266658.548629744] [rosbag2_recorder]: Subscribed to topic '/Odometry/healthy'
[INFO] [1786266658.554011487] [rosbag2_recorder]: Subscribed to topic '/Odometry/guarded'
[INFO] [1786266658.658630265] [rosbag2_recorder]: Subscribed to topic '/race/ego/odom'
[INFO] [1786266659.082190415] [rosbag2_recorder]: Subscribed to topic '/race/planner/status'
[INFO] [1786266659.084723333] [rosbag2_recorder]: Subscribed to topic '/race/global_path'
[INFO] [1786266659.087047817] [rosbag2_recorder]: Subscribed to topic '/race/super_planner/raw_path'
[INFO] [1786266659.088630159] [rosbag2_recorder]: Subscribed to topic '/mavros/state'
[INFO] [1786266659.090165065] [rosbag2_recorder]: Subscribed to topic '/mavros/setpoint_raw/target_local'
[INFO] [1786266659.091692990] [rosbag2_recorder]: Subscribed to topic '/mavros/local_position/velocity_local'
[INFO] [1786266659.093864669] [rosbag2_recorder]: Subscribed to topic '/mavros/local_position/odom'
[INFO] [1786266659.095917075] [rosbag2_recorder]: Subscribed to topic '/Odometry'
[INFO] [1786266659.097311646] [rosbag2_recorder]: Subscribed to topic '/mavros/local_position/pose'
[INFO] [1786266659.098850481] [rosbag2_recorder]: Subscribed to topic '/race/navigation_setpoint'
[INFO] [1786266659.100494677] [rosbag2_recorder]: Subscribed to topic '/path'
[INFO] [1786266659.102790161] [rosbag2_recorder]: Subscribed to topic '/race/ego/local_goal'
[INFO] [1786266659.104459927] [rosbag2_recorder]: Subscribed to topic '/race/ego/local_path_reference'
[INFO] [1786266659.105958470] [rosbag2_recorder]: Subscribed to topic '/race/global_planner/status'
[debug rosbag] owner 87131 disappeared; stopping process group 89125
[INFO] [1786266711.486683659] [rosbag2_cpp]: Writing remaining messages from cache to the bag. It may take a while
[INFO] [1786266711.489424817] [rosbag2_recorder]: Event publisher thread: Exiting
[INFO] [1786266711.489480298] [rosbag2_recorder]: Recording stopped
[debug rosbag] exited with status 143
