[MAVROS and EV chain] starting
[MAVROS and EV chain] command: ros2 launch px4_ros_com fastlio_mavros_autofix.launch.py fcu_url:=serial:///dev/ttyUSB0:921600\?ids=255\,190 start_mavros_vision_bridge:=true start_odom_guard:=true start_ev_health_monitor:=true start_tf:=true vision_world_yaw_alignment_rad:=0.0 body_to_sensor_x_m:=0.0 body_to_sensor_y_m:=0.0 body_to_sensor_z_m:=0.08 body_to_fastlio_yaw_rad:=0.0
[MAVROS and EV chain] pid=5275 pgid=5275 log=/home/robot/rong_ws/ws_offboard_control/flight_records/20260812/flight_20260812_022959/logs/px4_mavros.log
[INFO] [launch]: All log files can be found below /home/robot/.ros/log/2026-08-12-02-30-19-925057-robot-5275
[INFO] [launch]: Default logging verbosity is set to INFO
[INFO] [mavros_node-1]: process started with pid [5311]
[INFO] [fastlio_odometry_guard-2]: process started with pid [5313]
[INFO] [fastlio_ev_health_monitor.py-3]: process started with pid [5316]
[INFO] [fix_mavros_odometry_frames.py-4]: process started with pid [5318]
[INFO] [fastlio_mavros_vision_bridge-5]: process started with pid [5320]
[INFO] [static_transform_publisher-6]: process started with pid [5322]
[INFO] [static_transform_publisher-7]: process started with pid [5324]
[INFO] [static_transform_publisher-8]: process started with pid [5326]
[INFO] [static_transform_publisher-9]: process started with pid [5328]
[static_transform_publisher-8] [INFO] [1786473020.122346595] [camera_init_to_camera_init_ned]: Spinning until stopped - publishing transform
[static_transform_publisher-8] translation: ('0.000000', '0.000000', '0.000000')
[static_transform_publisher-8] rotation: ('0.707107', '0.707107', '0.000000', '0.000000')
[static_transform_publisher-8] from 'camera_init' to 'camera_init_ned'
[mavros_node-1] [INFO] [1786473020.132507463] [mavros.mavros_node]: Starting mavros_node container
[mavros_node-1] [INFO] [1786473020.138606548] [mavros.mavros_node]: FCU URL: serial:///dev/ttyUSB0:921600?ids=255,190
[mavros_node-1] [INFO] [1786473020.140512609] [mavros.mavros_node]: GCS URL: 
[mavros_node-1] [INFO] [1786473020.140542387] [mavros.mavros_node]: UAS Prefix: /uas1
[mavros_node-1] [INFO] [1786473020.140546774] [mavros.mavros_node]: Starting mavros router node
[static_transform_publisher-6] [INFO] [1786473020.144514291] [odom_to_camera_init]: Spinning until stopped - publishing transform
[static_transform_publisher-6] translation: ('0.000000', '0.000000', '0.000000')
[static_transform_publisher-6] rotation: ('0.000000', '0.000000', '0.000000', '1.000000')
[static_transform_publisher-6] from 'odom' to 'camera_init'
[fastlio_odometry_guard-2] [INFO] [1786473020.443286850] [fastlio_odometry_guard]: Guarding odometry /Odometry -> /Odometry/guarded (jump=0.30m, xy=0.20m, z=0.10m, speed=1.20m/s, unknown angular variance>=100000)
[mavros_node-1] [INFO] [1786473020.481310210] [mavros.mavros_router]: Built-in SIMD instructions: SSE, SSE2
[mavros_node-1] [INFO] [1786473020.482565895] [mavros.mavros_router]: Built-in MAVLink package version: 2026.3.3
[mavros_node-1] [INFO] [1786473020.482623781] [mavros.mavros_router]: Known MAVLink dialects: common ardupilotmega ASLUAV AVSSUAS all csAirLink cubepilot development icarous loweheiser marsh matrixpilot paparazzi standard stemstudios storm32 uAvionix ualberta
[mavros_node-1] [INFO] [1786473020.482636219] [mavros.mavros_router]: MAVROS Router started
[mavros_node-1] [INFO] [1786473020.482893424] [mavros.mavros_node]: Starting mavros uas node
[static_transform_publisher-9] [INFO] [1786473020.499889669] [body_to_body_frd]: Spinning until stopped - publishing transform
[static_transform_publisher-9] translation: ('0.000000', '0.000000', '0.000000')
[static_transform_publisher-9] rotation: ('1.000000', '0.000000', '0.000000', '0.000000')
[static_transform_publisher-9] from 'body' to 'body_frd'
[fastlio_mavros_vision_bridge-5] [INFO] [1786473020.507454978] [fastlio_mavros_vision_bridge]: Bridging /Odometry/healthy -> /mavros/vision_pose/pose_cov + vision_speed for MAVROS vision input; body->FAST-LIO origin in body FLU=(0.0000, 0.0000, 0.0800) m, R_FASTLIO_body yaw=0.000000 rad, world yaw alignment=0.000000 rad
[static_transform_publisher-7] [INFO] [1786473020.520966869] [base_link_to_body]: Spinning until stopped - publishing transform
[static_transform_publisher-7] translation: ('0.000000', '0.000000', '0.080000')
[static_transform_publisher-7] rotation: ('0.000000', '0.000000', '-0.000000', '1.000000')
[static_transform_publisher-7] from 'base_link' to 'body'
[fix_mavros_odometry_frames.py-4] [INFO] [1786473020.572550913] [fix_mavros_odometry_frames]: Waiting for /mavros/odometry parameter service...
[fastlio_ev_health_monitor.py-3] [INFO] [1786473020.595522899] [fastlio_ev_health_monitor]: EV health gate /Odometry -> /Odometry/healthy; compare /mavros/local_position/velocity_local in PX4 local NED; status=/ev_health/status, diagnostics=/ev_health/diagnostics
[mavros_node-1] [INFO] [1786473020.615610605] [mavros.mavros_router]: Requested to add endpoint: type: 0, url: serial:///dev/ttyUSB0:921600?ids=255,190
[mavros_node-1] [INFO] [1786473020.615686566] [mavros.mavros_router]: Endpoint link[1000] created
[mavros_node-1] [INFO] [1786473020.616726448] [mavros.mavros_router]: link[1000] opened successfully
[mavros_node-1] [INFO] [1786473020.616783101] [mavros.mavros_router]: Requested to add endpoint: type: 2, url: /uas1
[mavros_node-1] [INFO] [1786473020.616816972] [mavros.mavros_router]: Endpoint link[1001] created
[mavros_node-1] [INFO] [1786473020.619966272] [mavros.mavros_router]: link[1001] opened successfully
[mavros_node-1] [INFO] [1786473020.625736352] [mavros.mavros]: UAS Executor started, threads: 16
[mavros_node-1] [INFO] [1786473020.625743168] [mavros.mavros]: Plugin actuator_control ignored
[mavros_node-1] [INFO] [1786473020.625827681] [mavros.mavros]: Plugin adsb ignored
[mavros_node-1] [INFO] [1786473020.625831510] [mavros.mavros]: Plugin altitude ignored
[mavros_node-1] [INFO] [1786473020.625834698] [mavros.mavros]: Plugin cam_imu_sync ignored
[mavros_node-1] [INFO] [1786473020.625837776] [mavros.mavros]: Plugin camera ignored
[mavros_node-1] [INFO] [1786473020.625840455] [mavros.mavros]: Plugin cellular_status ignored
[fastlio_ev_health_monitor.py-3] [WARN] [1786473020.626115842] [fastlio_ev_health_monitor]: EV health state=SUSPECT: px4_velocity_unaligned
[mavros_node-1] [INFO] [1786473020.629662513] [mavros.mavros_router]: link[1000] detected remote address 38.101
[mavros_node-1] [INFO] [1786473020.631769792] [mavros.mavros_router]: link[1000] detected remote address 1.1
[mavros_node-1] [INFO] [1786473020.669634086] [mavros.mavros]: Plugin command created
[mavros_node-1] [INFO] [1786473020.669718591] [mavros.mavros]: Plugin command initialized
[mavros_node-1] [INFO] [1786473020.669735867] [mavros.mavros]: Plugin companion_process_status ignored
[mavros_node-1] [INFO] [1786473020.669747467] [mavros.mavros]: Plugin debug_value ignored
[mavros_node-1] [INFO] [1786473020.669757594] [mavros.mavros]: Plugin distance_sensor ignored
[mavros_node-1] [INFO] [1786473020.669767272] [mavros.mavros]: Plugin esc_status ignored
[mavros_node-1] [INFO] [1786473020.669776553] [mavros.mavros]: Plugin esc_telemetry ignored
[mavros_node-1] [INFO] [1786473020.669785748] [mavros.mavros]: Plugin fake_gps ignored
[mavros_node-1] [INFO] [1786473020.669795315] [mavros.mavros]: Plugin ftp ignored
[mavros_node-1] [INFO] [1786473020.669804762] [mavros.mavros]: Plugin geofence ignored
[mavros_node-1] [INFO] [1786473020.669813872] [mavros.mavros]: Plugin gimbal_control ignored
[mavros_node-1] [INFO] [1786473020.669822939] [mavros.mavros]: Plugin global_position ignored
[mavros_node-1] [INFO] [1786473020.669832540] [mavros.mavros]: Plugin gps_input ignored
[mavros_node-1] [INFO] [1786473020.669841779] [mavros.mavros]: Plugin gps_rtk ignored
[mavros_node-1] [INFO] [1786473020.669851241] [mavros.mavros]: Plugin gps_status ignored
[mavros_node-1] [INFO] [1786473020.669860701] [mavros.mavros]: Plugin guided_target ignored
[mavros_node-1] [INFO] [1786473020.669869795] [mavros.mavros]: Plugin hil ignored
[mavros_node-1] [INFO] [1786473020.669879568] [mavros.mavros]: Plugin home_position ignored
[mavros_node-1] [INFO] [1786473020.691311812] [mavros.mavros]: Plugin imu created
[mavros_node-1] [INFO] [1786473020.691389888] [mavros.mavros]: Plugin imu initialized
[mavros_node-1] [INFO] [1786473020.691414546] [mavros.mavros]: Plugin landing_target ignored
[mavros_node-1] [INFO] [1786473020.713354473] [mavros.mavros]: Plugin local_position created
[mavros_node-1] [INFO] [1786473020.713465317] [mavros.mavros]: Plugin local_position initialized
[mavros_node-1] [INFO] [1786473020.713483177] [mavros.mavros]: Plugin log_transfer ignored
[mavros_node-1] [INFO] [1786473020.713493952] [mavros.mavros]: Plugin mag_calibration_status ignored
[mavros_node-1] [INFO] [1786473020.713546867] [mavros.mavros]: Plugin manual_control ignored
[mavros_node-1] [INFO] [1786473020.713559148] [mavros.mavros]: Plugin mocap_pose_estimate ignored
[mavros_node-1] [INFO] [1786473020.713571112] [mavros.mavros]: Plugin mount_control ignored
[mavros_node-1] [INFO] [1786473020.713580905] [mavros.mavros]: Plugin nav_controller_output ignored
[mavros_node-1] [INFO] [1786473020.713590334] [mavros.mavros]: Plugin obstacle_distance ignored
[mavros_node-1] [INFO] [1786473020.713600202] [mavros.mavros]: Plugin obstacle_distance_3d ignored
[mavros_node-1] [INFO] [1786473020.751361208] [mavros.mavros]: Plugin odometry created
[mavros_node-1] [INFO] [1786473020.751424344] [mavros.mavros]: Plugin odometry initialized
[mavros_node-1] [INFO] [1786473020.751431881] [mavros.mavros]: Plugin onboard_computer_status ignored
[mavros_node-1] [INFO] [1786473020.751435582] [mavros.mavros]: Plugin open_drone_id ignored
[mavros_node-1] [INFO] [1786473020.751438332] [mavros.mavros]: Plugin optical_flow ignored
[mavros_node-1] [INFO] [1786473020.751442570] [mavros.mavros]: Plugin param ignored
[mavros_node-1] [INFO] [1786473020.751447649] [mavros.mavros]: Plugin play_tune ignored
[mavros_node-1] [INFO] [1786473020.751452304] [mavros.mavros]: Plugin px4flow ignored
[mavros_node-1] [INFO] [1786473020.751456291] [mavros.mavros]: Plugin rallypoint ignored
[mavros_node-1] [INFO] [1786473020.751459865] [mavros.mavros]: Plugin rangefinder ignored
[mavros_node-1] [INFO] [1786473020.751463690] [mavros.mavros]: Plugin rc_io ignored
[mavros_node-1] [INFO] [1786473020.751467956] [mavros.mavros]: Plugin setpoint_accel ignored
[mavros_node-1] [INFO] [1786473020.751471570] [mavros.mavros]: Plugin setpoint_attitude ignored
[mavros_node-1] [INFO] [1786473020.751475495] [mavros.mavros]: Plugin setpoint_position ignored
[mavros_node-1] [INFO] [1786473020.772932297] [mavros.mavros]: Plugin setpoint_raw created
[mavros_node-1] [INFO] [1786473020.772990752] [mavros.mavros]: Plugin setpoint_raw initialized
[mavros_node-1] [INFO] [1786473020.772997165] [mavros.mavros]: Plugin setpoint_trajectory ignored
[mavros_node-1] [INFO] [1786473020.773000868] [mavros.mavros]: Plugin setpoint_velocity ignored
[mavros_node-1] [INFO] [1786473020.773003773] [mavros.mavros]: Plugin sim_state ignored
[mavros_node-1] [INFO] [1786473020.793197208] [mavros.mavros]: Plugin sys_status created
[mavros_node-1] [INFO] [1786473020.793409898] [mavros.mavros]: Plugin sys_status initialized
[mavros_node-1] [INFO] [1786473020.805621024] [mavros.time]: TM: Timesync mode: MAVLINK
[mavros_node-1] [INFO] [1786473020.809832995] [mavros.mavros]: Plugin sys_time created
[mavros_node-1] [INFO] [1786473020.809936613] [mavros.mavros]: Plugin sys_time initialized
[mavros_node-1] [INFO] [1786473020.809957133] [mavros.mavros]: Plugin tdr_radio ignored
[mavros_node-1] [INFO] [1786473020.809969742] [mavros.mavros]: Plugin terrain ignored
[mavros_node-1] [INFO] [1786473020.809980508] [mavros.mavros]: Plugin trajectory ignored
[mavros_node-1] [INFO] [1786473020.809991073] [mavros.mavros]: Plugin tunnel ignored
[mavros_node-1] [INFO] [1786473020.810001549] [mavros.mavros]: Plugin vfr_hud ignored
[mavros_node-1] [INFO] [1786473020.810011469] [mavros.mavros]: Plugin vibration ignored
[fix_mavros_odometry_frames.py-4] [INFO] [1786473020.823853162] [fix_mavros_odometry_frames]: Setting MAVROS odometry target frames to odom/base_link.
[fix_mavros_odometry_frames.py-4] [INFO] [1786473020.826093595] [fix_mavros_odometry_frames]: MAVROS odometry frame targets updated successfully.
[mavros_node-1] [INFO] [1786473020.826658395] [mavros.mavros]: Plugin vision_pose created
[mavros_node-1] [INFO] [1786473020.826720033] [mavros.mavros]: Plugin vision_pose initialized
[mavros_node-1] [INFO] [1786473020.848358819] [mavros.mavros]: Plugin vision_speed created
[mavros_node-1] [INFO] [1786473020.848440859] [mavros.mavros]: Plugin vision_speed initialized
[mavros_node-1] [INFO] [1786473020.848453205] [mavros.mavros]: Plugin waypoint ignored
[mavros_node-1] [INFO] [1786473020.848458442] [mavros.mavros]: Plugin wheel_odometry ignored
[mavros_node-1] [INFO] [1786473020.848464722] [mavros.mavros]: Plugin wind_estimation ignored
[mavros_node-1] [INFO] [1786473020.850202424] [mavros.mavros]: Built-in SIMD instructions: SSE, SSE2
[mavros_node-1] [INFO] [1786473020.850245489] [mavros.mavros]: Built-in MAVLink package version: 2026.3.3
[mavros_node-1] [INFO] [1786473020.850249728] [mavros.mavros]: Known MAVLink dialects: common ardupilotmega ASLUAV AVSSUAS all csAirLink cubepilot development icarous loweheiser marsh matrixpilot paparazzi standard stemstudios storm32 uAvionix ualberta
[mavros_node-1] [INFO] [1786473020.850252809] [mavros.mavros]: MAVROS UAS via /uas1 started. MY ID 255.190, TARGET ID 1.1
[mavros_node-1] [INFO] [1786473020.854128093] [mavros.imu]: IMU: Attitude quaternion IMU detected!
[mavros_node-1] [INFO] [1786473020.862533311] [mavros.imu]: IMU: High resolution IMU detected!
[mavros_node-1] [INFO] [1786473020.922279828] [mavros.mavros_router]: link[1001] detected remote address 255.190
[mavros_node-1] [INFO] [1786473020.945778329] [mavros.mavros]: CON: Got HEARTBEAT, connected. FCU: PX4 Autopilot
[mavros_node-1] [INFO] [1786473020.955451283] [mavros.imu]: IMU: Attitude quaternion IMU detected!
[mavros_node-1] [INFO] [1786473020.962719770] [mavros.imu]: IMU: High resolution IMU detected!
[INFO] [fix_mavros_odometry_frames.py-4]: process has finished cleanly [pid 5318]
[fastlio_ev_health_monitor.py-3] [WARN] [1786473020.976708248] [fastlio_ev_health_monitor]: EV health state=FAULT: px4_velocity_timeout
[mavros_node-1] [WARN] [1786473021.961879729] [mavros.cmd]: CMD: Unexpected command 520, result 3
[mavros_node-1] [WARN] [1786473022.949344065] [mavros.sys]: VER: broadcast request timeout, retries left 4
[fastlio_ev_health_monitor.py-3] [INFO] [1786473023.613398341] [fastlio_ev_health_monitor]: EV health state=HEALTHY: ok
[mavros_node-1] [WARN] [1786473023.954328496] [mavros.sys]: VER: broadcast request timeout, retries left 3
[mavros_node-1] [WARN] [1786473023.979014817] [mavros.sys]: FCU: UNK(8): EVENT 11047904 with args -0-128-0-18-1-0-0-0-0-0-0-0-0-131-191-1-128-0-0-0-0-0-0-0-0-0-0-0-0-0-0-0-0-0-0-0-0-0-0-0-
[mavros_node-1] [ERROR] [1786473023.979207692] [mavros.sys]: FCU: EVENT 16642797 with args -124-0-126-0-17-0-0-0-0-0-0-0-0-0-0-0-0-0-0-0-0-0-0-0-0-0-0-0-0-0-0-0-0-0-0-0-0-0-0-0-
[mavros_node-1] [ERROR] [1786473023.979617435] [mavros.sys]: FCU: EVENT 9077977 with args -255-255-255-255-7-0-0-0-0-0-0-0-0-0-0-0-0-0-0-0-0-0-0-0-0-0-0-0-0-0-0-0-0-0-0-0-0-0-0-0-
[mavros_node-1] [ERROR] [1786473023.979919403] [mavros.sys]: FCU: EVENT 11464574 with args -0-64-0-0-20-0-0-0-0-0-0-0-0-0-0-0-0-0-0-0-0-0-0-0-0-0-0-0-0-0-0-0-0-0-0-0-0-0-0-0-
[mavros_node-1] [ERROR] [1786473023.980317513] [mavros.sys]: FCU: EVENT 13835193 with args -124-0-126-0-17-0-0-0-0-0-0-0-0-0-0-0-0-0-0-0-0-0-0-0-0-0-0-0-0-0-0-0-0-0-0-0-0-0-0-0-
[mavros_node-1] [ERROR] [1786473023.980394342] [mavros.sys]: FCU: EVENT 10011251 with args -56-0-0-0-24-0-0-0-0-0-0-0-0-0-0-0-0-0-0-0-0-0-0-0-0-0-0-0-0-0-0-0-0-0-0-0-0-0-0-0-
[mavros_node-1] [INFO] [1786473023.980694288] [mavros.sys]: FCU: EVENT 377561 with args -8-0-0-0-20-0-0-0-0-0-0-0-0-0-0-0-0-0-0-0-0-0-0-0-0-0-0-0-0-0-0-0-0-0-0-0-0-0-0-0-
[mavros_node-1] [INFO] [1786473023.981087724] [mavros.sys]: FCU: EVENT 79408 with args -32-0-0-0-20-0-0-0-0-0-0-0-0-0-0-0-0-0-0-0-0-0-0-0-0-0-0-0-0-0-0-0-0-0-0-0-0-0-0-0-
[mavros_node-1] [INFO] [1786473023.981314552] [mavros.sys]: FCU: EVENT 6801787 with args -255-255-255-255-12-0-0-0-0-0-0-0-0-0-0-0-0-0-0-0-0-0-0-0-0-0-0-0-0-0-0-0-0-0-0-0-0-0-0-0-
[mavros_node-1] [WARN] [1786473023.983832879] [mavros.sys]: FCU: UNK(8): EVENT 1914663 with args -0-130-0-2-48-0-0-0-0-0-0-0-0-0-0-0-0-0-0-0-0-0-0-0-0-0-0-0-0-0-0-0-0-0-0-0-0-0-0-0-
[mavros_node-1] [ERROR] [1786473024.962599872] [mavros.sys]: VER: command plugin service call failed!
[mavros_node-1] [WARN] [1786473024.962698786] [mavros.sys]: VER: unicast request timeout, retries left 2
[mavros_node-1] [ERROR] [1786473025.965690589] [mavros.sys]: VER: command plugin service call failed!
[mavros_node-1] [WARN] [1786473025.965799907] [mavros.sys]: VER: unicast request timeout, retries left 1
[mavros_node-1] [WARN] [1786473026.050445554] [mavros.sys]: FCU: UNK(8): EVENT 11047904 with args -0-128-0-16-1-0-0-0-0-0-0-0-0-199-191-127-128-0-0-0-0-0-0-0-0-0-0-0-0-0-0-0-0-0-0-0-0-0-0-0-
[mavros_node-1] [ERROR] [1786473026.050757396] [mavros.sys]: FCU: EVENT 9077977 with args -255-255-255-255-7-0-0-0-0-0-0-0-0-0-0-0-0-0-0-0-0-0-0-0-0-0-0-0-0-0-0-0-0-0-0-0-0-0-0-0-
[mavros_node-1] [ERROR] [1786473026.051196528] [mavros.sys]: FCU: EVENT 11464574 with args -0-64-0-0-20-0-0-0-0-0-0-0-0-0-0-0-0-0-0-0-0-0-0-0-0-0-0-0-0-0-0-0-0-0-0-0-0-0-0-0-
[mavros_node-1] [ERROR] [1786473026.051466720] [mavros.sys]: FCU: EVENT 10011251 with args -56-0-0-0-24-0-0-0-0-0-0-0-0-0-0-0-0-0-0-0-0-0-0-0-0-0-0-0-0-0-0-0-0-0-0-0-0-0-0-0-
[mavros_node-1] [INFO] [1786473026.052234543] [mavros.sys]: FCU: EVENT 377561 with args -8-0-0-0-20-0-0-0-0-0-0-0-0-0-0-0-0-0-0-0-0-0-0-0-0-0-0-0-0-0-0-0-0-0-0-0-0-0-0-0-
[mavros_node-1] [INFO] [1786473026.052346943] [mavros.sys]: FCU: EVENT 79408 with args -32-0-0-0-20-0-0-0-0-0-0-0-0-0-0-0-0-0-0-0-0-0-0-0-0-0-0-0-0-0-0-0-0-0-0-0-0-0-0-0-
[mavros_node-1] [INFO] [1786473026.052549816] [mavros.sys]: FCU: EVENT 6801787 with args -255-255-255-255-12-0-0-0-0-0-0-0-0-0-0-0-0-0-0-0-0-0-0-0-0-0-0-0-0-0-0-0-0-0-0-0-0-0-0-0-
[mavros_node-1] [WARN] [1786473026.053454604] [mavros.sys]: FCU: UNK(8): EVENT 1914663 with args -0-130-0-2-48-0-0-0-0-0-0-0-0-0-0-0-0-0-0-0-0-0-0-0-0-0-0-0-0-0-0-0-0-0-0-0-0-0-0-0-
[mavros_node-1] [WARN] [1786473031.140310580] [mavros.sys]: FCU: UNK(8): EVENT 11047904 with args -0-128-0-0-1-0-0-0-0-0-0-0-0-199-255-127-128-0-0-0-0-0-0-0-0-0-0-0-0-0-0-0-0-0-0-0-0-0-0-0-
[mavros_node-1] [ERROR] [1786473031.140721112] [mavros.sys]: FCU: EVENT 9077977 with args -255-255-255-255-7-0-0-0-0-0-0-0-0-0-0-0-0-0-0-0-0-0-0-0-0-0-0-0-0-0-0-0-0-0-0-0-0-0-0-0-
[mavros_node-1] [ERROR] [1786473031.141014529] [mavros.sys]: FCU: EVENT 10011251 with args -56-0-0-0-24-0-0-0-0-0-0-0-0-0-0-0-0-0-0-0-0-0-0-0-0-0-0-0-0-0-0-0-0-0-0-0-0-0-0-0-
[mavros_node-1] [INFO] [1786473031.141388510] [mavros.sys]: FCU: EVENT 377561 with args -8-0-0-0-20-0-0-0-0-0-0-0-0-0-0-0-0-0-0-0-0-0-0-0-0-0-0-0-0-0-0-0-0-0-0-0-0-0-0-0-
[mavros_node-1] [INFO] [1786473031.141712710] [mavros.sys]: FCU: EVENT 79408 with args -32-0-0-0-20-0-0-0-0-0-0-0-0-0-0-0-0-0-0-0-0-0-0-0-0-0-0-0-0-0-0-0-0-0-0-0-0-0-0-0-
[mavros_node-1] [INFO] [1786473031.142140298] [mavros.sys]: FCU: EVENT 6801787 with args -255-255-255-255-12-0-0-0-0-0-0-0-0-0-0-0-0-0-0-0-0-0-0-0-0-0-0-0-0-0-0-0-0-0-0-0-0-0-0-0-
[mavros_node-1] [WARN] [1786473031.144788038] [mavros.sys]: FCU: UNK(8): EVENT 1914663 with args -0-130-0-2-48-0-0-0-0-0-0-0-0-0-0-0-0-0-0-0-0-0-0-0-0-0-0-0-0-0-0-0-0-0-0-0-0-0-0-0-
[mavros_node-1] [WARN] [1786473047.601201469] [mavros.sys]: FCU: UNK(8): EVENT 11047904 with args -0-128-0-18-1-0-0-0-0-0-0-0-0-199-191-5-128-0-0-0-0-0-0-0-0-0-0-0-0-0-0-0-0-0-0-0-0-0-0-0-
[mavros_node-1] [ERROR] [1786473047.601323099] [mavros.sys]: FCU: EVENT 9077977 with args -255-255-255-255-7-0-0-0-0-0-0-0-0-0-0-0-0-0-0-0-0-0-0-0-0-0-0-0-0-0-0-0-0-0-0-0-0-0-0-0-
[mavros_node-1] [ERROR] [1786473047.601384660] [mavros.sys]: FCU: EVENT 13679014 with args -0-64-0-0-20-0-0-0-0-0-0-0-0-0-0-0-0-0-0-0-0-0-0-0-0-0-0-0-0-0-0-0-0-0-0-0-0-0-0-0-
[mavros_node-1] [ERROR] [1786473047.601472916] [mavros.sys]: FCU: EVENT 13835193 with args -56-0-122-0-17-0-0-0-0-0-0-0-0-0-0-0-0-0-0-0-0-0-0-0-0-0-0-0-0-0-0-0-0-0-0-0-0-0-0-0-
[mavros_node-1] [ERROR] [1786473047.601769220] [mavros.sys]: FCU: EVENT 10011251 with args -56-0-0-0-24-0-0-0-0-0-0-0-0-0-0-0-0-0-0-0-0-0-0-0-0-0-0-0-0-0-0-0-0-0-0-0-0-0-0-0-
[mavros_node-1] [INFO] [1786473047.602057656] [mavros.sys]: FCU: EVENT 377561 with args -8-0-0-0-20-0-0-0-0-0-0-0-0-0-0-0-0-0-0-0-0-0-0-0-0-0-0-0-0-0-0-0-0-0-0-0-0-0-0-0-
[mavros_node-1] [INFO] [1786473047.602442900] [mavros.sys]: FCU: EVENT 79408 with args -32-0-0-0-20-0-0-0-0-0-0-0-0-0-0-0-0-0-0-0-0-0-0-0-0-0-0-0-0-0-0-0-0-0-0-0-0-0-0-0-
[mavros_node-1] [INFO] [1786473047.602796785] [mavros.sys]: FCU: EVENT 6801787 with args -255-255-255-255-12-0-0-0-0-0-0-0-0-0-0-0-0-0-0-0-0-0-0-0-0-0-0-0-0-0-0-0-0-0-0-0-0-0-0-0-
[mavros_node-1] [WARN] [1786473047.603498519] [mavros.sys]: FCU: UNK(8): EVENT 1914663 with args -0-130-0-2-48-0-0-0-0-0-0-0-0-0-0-0-0-0-0-0-0-0-0-0-0-0-0-0-0-0-0-0-0-0-0-0-0-0-0-0-
[mavros_node-1] [WARN] [1786473049.618447106] [mavros.sys]: FCU: UNK(8): EVENT 11047904 with args -0-128-0-0-1-0-0-0-0-0-0-0-0-199-255-127-128-0-0-0-0-0-0-0-0-0-0-0-0-0-0-0-0-0-0-0-0-0-0-0-
[mavros_node-1] [ERROR] [1786473049.618787750] [mavros.sys]: FCU: EVENT 9077977 with args -255-255-255-255-7-0-0-0-0-0-0-0-0-0-0-0-0-0-0-0-0-0-0-0-0-0-0-0-0-0-0-0-0-0-0-0-0-0-0-0-
[mavros_node-1] [ERROR] [1786473049.619095310] [mavros.sys]: FCU: EVENT 10011251 with args -56-0-0-0-24-0-0-0-0-0-0-0-0-0-0-0-0-0-0-0-0-0-0-0-0-0-0-0-0-0-0-0-0-0-0-0-0-0-0-0-
[mavros_node-1] [INFO] [1786473049.619427652] [mavros.sys]: FCU: EVENT 377561 with args -8-0-0-0-20-0-0-0-0-0-0-0-0-0-0-0-0-0-0-0-0-0-0-0-0-0-0-0-0-0-0-0-0-0-0-0-0-0-0-0-
[mavros_node-1] [INFO] [1786473049.619813145] [mavros.sys]: FCU: EVENT 79408 with args -32-0-0-0-20-0-0-0-0-0-0-0-0-0-0-0-0-0-0-0-0-0-0-0-0-0-0-0-0-0-0-0-0-0-0-0-0-0-0-0-
[mavros_node-1] [INFO] [1786473049.620113861] [mavros.sys]: FCU: EVENT 6801787 with args -255-255-255-255-12-0-0-0-0-0-0-0-0-0-0-0-0-0-0-0-0-0-0-0-0-0-0-0-0-0-0-0-0-0-0-0-0-0-0-0-
[mavros_node-1] [WARN] [1786473049.620948680] [mavros.sys]: FCU: UNK(8): EVENT 1914663 with args -0-130-0-2-48-0-0-0-0-0-0-0-0-0-0-0-0-0-0-0-0-0-0-0-0-0-0-0-0-0-0-0-0-0-0-0-0-0-0-0-
[mavros_node-1] [WARN] [1786473051.642699105] [mavros.sys]: FCU: UNK(8): EVENT 11047904 with args -0-128-0-18-1-0-0-0-0-0-0-0-0-131-191-1-128-0-0-0-0-0-0-0-0-0-0-0-0-0-0-0-0-0-0-0-0-0-0-0-
[mavros_node-1] [ERROR] [1786473051.643428836] [mavros.sys]: FCU: EVENT 9077977 with args -255-255-255-255-7-0-0-0-0-0-0-0-0-0-0-0-0-0-0-0-0-0-0-0-0-0-0-0-0-0-0-0-0-0-0-0-0-0-0-0-
[mavros_node-1] [ERROR] [1786473051.643586170] [mavros.sys]: FCU: EVENT 13679014 with args -0-64-0-0-20-0-0-0-0-0-0-0-0-0-0-0-0-0-0-0-0-0-0-0-0-0-0-0-0-0-0-0-0-0-0-0-0-0-0-0-
[mavros_node-1] [ERROR] [1786473051.643734350] [mavros.sys]: FCU: EVENT 13835193 with args -124-0-126-0-17-0-0-0-0-0-0-0-0-0-0-0-0-0-0-0-0-0-0-0-0-0-0-0-0-0-0-0-0-0-0-0-0-0-0-0-
[mavros_node-1] [ERROR] [1786473051.644086160] [mavros.sys]: FCU: EVENT 10011251 with args -56-0-0-0-24-0-0-0-0-0-0-0-0-0-0-0-0-0-0-0-0-0-0-0-0-0-0-0-0-0-0-0-0-0-0-0-0-0-0-0-
[mavros_node-1] [INFO] [1786473051.644483249] [mavros.sys]: FCU: EVENT 377561 with args -8-0-0-0-20-0-0-0-0-0-0-0-0-0-0-0-0-0-0-0-0-0-0-0-0-0-0-0-0-0-0-0-0-0-0-0-0-0-0-0-
[mavros_node-1] [INFO] [1786473051.644814648] [mavros.sys]: FCU: EVENT 79408 with args -32-0-0-0-20-0-0-0-0-0-0-0-0-0-0-0-0-0-0-0-0-0-0-0-0-0-0-0-0-0-0-0-0-0-0-0-0-0-0-0-
[mavros_node-1] [INFO] [1786473051.645187410] [mavros.sys]: FCU: EVENT 6801787 with args -255-255-255-255-12-0-0-0-0-0-0-0-0-0-0-0-0-0-0-0-0-0-0-0-0-0-0-0-0-0-0-0-0-0-0-0-0-0-0-0-
[mavros_node-1] [WARN] [1786473051.645489604] [mavros.sys]: FCU: UNK(8): EVENT 1914663 with args -0-130-0-2-48-0-0-0-0-0-0-0-0-0-0-0-0-0-0-0-0-0-0-0-0-0-0-0-0-0-0-0-0-0-0-0-0-0-0-0-
[MAVROS and EV chain] 正在停止进程组 5275
[MAVROS and EV chain] TERM 超时，强制结束进程组 5275
[MAVROS and EV chain] 已退出，状态码 143
