[debug rosbag] starting
[debug rosbag] command: env FLIGHT_TIMESTAMP=20260812_022959 FLIGHT_RUN_DIR=/home/robot/rong_ws/ws_offboard_control/flight_records/20260812/flight_20260812_022959 /home/robot/rong_ws/ws_offboard_control/tools/rosbag/开始录包.sh
[debug rosbag] pid=6384 pgid=6384 log=/home/robot/rong_ws/ws_offboard_control/flight_records/20260812/flight_20260812_022959/logs/rosbag_debug.log
本场次目录：/home/robot/rong_ws/ws_offboard_control/flight_records/20260812/flight_20260812_022959
参数快照目录：/home/robot/rong_ws/ws_offboard_control/flight_records/20260812/flight_20260812_022959/snapshot
录包输出目录：/home/robot/rong_ws/ws_offboard_control/flight_records/20260812/flight_20260812_022959/rosbag
是否录制完整配准点云：false
在本终端按 Ctrl+C 停止录包。
stdin is not a terminal device. Keyboard handling disabled.[INFO] [1786473038.517841921] [rosbag2_recorder]: Press SPACE for pausing/resuming
[INFO] [1786473038.522715783] [rosbag2_storage]: Opened database '/home/robot/rong_ws/ws_offboard_control/flight_records/20260812/flight_20260812_022959/rosbag/rosbag_0.db3' for READ_WRITE.
[INFO] [1786473038.529348267] [rosbag2_recorder]: Listening for topics...
[INFO] [1786473038.529366522] [rosbag2_recorder]: Event publisher thread: Starting
[INFO] [1786473038.533579557] [rosbag2_recorder]: Subscribed to topic '/race/super_planner/raw_path'
[INFO] [1786473038.534745664] [rosbag2_recorder]: Subscribed to topic '/Odometry'
[INFO] [1786473038.535462777] [rosbag2_recorder]: Subscribed to topic '/ev_health/fault'
[INFO] [1786473038.535931544] [rosbag2_recorder]: Subscribed to topic '/ev_health/status'
[INFO] [1786473038.536854205] [rosbag2_recorder]: Subscribed to topic '/ev_health/diagnostics'
[INFO] [1786473038.537971936] [rosbag2_recorder]: Subscribed to topic '/race/global_planner/status'
[INFO] [1786473038.539182833] [rosbag2_recorder]: Subscribed to topic '/ev_health/velocity_ned'
[INFO] [1786473038.540392401] [rosbag2_recorder]: Subscribed to topic '/goal_pose'
[INFO] [1786473038.542573245] [rosbag2_recorder]: Subscribed to topic '/mavros/vision_pose/pose_cov'
[INFO] [1786473038.543877236] [rosbag2_recorder]: Subscribed to topic '/path'
[INFO] [1786473038.544473326] [rosbag2_recorder]: Subscribed to topic '/mavros/vision_speed/speed_twist_cov'
[INFO] [1786473038.545006925] [rosbag2_recorder]: Subscribed to topic '/race/navigation_setpoint'
[INFO] [1786473038.545440737] [rosbag2_recorder]: Subscribed to topic '/Odometry/healthy'
[INFO] [1786473038.545883253] [rosbag2_recorder]: Subscribed to topic '/race/planner/status'
[INFO] [1786473038.545932033] [rosbag2_recorder]: Recording...
[INFO] [1786473039.557924055] [rosbag2_recorder]: Subscribed to topic '/race/pose'
[INFO] [1786473039.559067986] [rosbag2_recorder]: Subscribed to topic '/race/control/status'
[INFO] [1786473039.562221029] [rosbag2_recorder]: Subscribed to topic '/mavros/setpoint_raw/local'
[INFO] [1786473039.564502233] [rosbag2_recorder]: Subscribed to topic '/race/odom'
[INFO] [1786473039.566570115] [rosbag2_recorder]: Subscribed to topic '/Odometry/guarded'
[INFO] [1786473139.046544125] [rosbag2_cpp]: Writing remaining messages from cache to the bag. It may take a while
[INFO] [1786473139.050281460] [rosbag2_recorder]: Event publisher thread: Exiting
[INFO] [1786473139.050565257] [rosbag2_recorder]: Recording stopped
[debug rosbag] 已退出，状态码 143
