[FAST-LIO] starting
[FAST-LIO] command: /home/robot/livox_mid360_env/run_fastlio_mid360.sh
[FAST-LIO] pid=7362 pgid=7362 log=/home/robot/rong_ws/ws_offboard_control/flight_records/20260811/flight_20260811_202159/logs/fastlio.log
[INFO] [launch]: All log files can be found below /home/robot/.ros/log/2026-08-11-20-22-19-563213-robot-7445
[INFO] [launch]: Default logging verbosity is set to INFO
[INFO] [fastlio_mapping-1]: process started with pid [7455]
[fastlio_mapping-1] [INFO] [1786450939.820029613] [laser_mapping]: p_pre->lidar_type 1
[fastlio_mapping-1] Multi thread started 
[fastlio_mapping-1] ~~~~/home/robot/livox_mid360_env/ws_fastlio/src/fast_lio/ file opened
[fastlio_mapping-1] [INFO] [1786450939.832976348] [laser_mapping]: Node init finished.
[fastlio_mapping-1] [WARN] [1786450940.532620463] [laser_mapping]: No point, skip this scan!
[fastlio_mapping-1] 
[fastlio_mapping-1] [WARN] [1786450940.632493914] [laser_mapping]: No point, skip this scan!
[fastlio_mapping-1] 
[fastlio_mapping-1] IMU Initial Done
[fastlio_mapping-1] [WARN] [1786450940.732810218] [laser_mapping]: No point, skip this scan!
[fastlio_mapping-1] 
[fastlio_mapping-1] [INFO] [1786450940.835804188] [laser_mapping]: Initialize the map kdtree
[FAST-LIO] 正在停止进程组 7362
[FAST-LIO] 已退出，状态码 143
