[MAVROS and EV chain] starting
[MAVROS and EV chain] command: ros2 launch px4_ros_com fastlio_mavros_autofix.launch.py fcu_url:=serial:///dev/ttyUSB0:921600\?ids=255\,190 start_mavros_vision_bridge:=true start_odom_guard:=true start_ev_health_monitor:=true start_tf:=true vision_world_yaw_alignment_rad:=0.0 body_to_sensor_x_m:=0.0 body_to_sensor_y_m:=0.0 body_to_sensor_z_m:=0.08 body_to_fastlio_yaw_rad:=0.0
[MAVROS and EV chain] pid=7561 pgid=7561 log=/home/robot/rong_ws/ws_offboard_control/flight_records/20260811/flight_20260811_202159/logs/px4_mavros.log
[INFO] [launch]: All log files can be found below /home/robot/.ros/log/2026-08-11-20-22-21-487364-robot-7561
[INFO] [launch]: Default logging verbosity is set to INFO
[INFO] [mavros_node-1]: process started with pid [7685]
[INFO] [fastlio_odometry_guard-2]: process started with pid [7687]
[INFO] [fastlio_ev_health_monitor.py-3]: process started with pid [7689]
[INFO] [fix_mavros_odometry_frames.py-4]: process started with pid [7691]
[INFO] [fastlio_mavros_vision_bridge-5]: process started with pid [7693]
[INFO] [static_transform_publisher-6]: process started with pid [7695]
[INFO] [static_transform_publisher-7]: process started with pid [7697]
[INFO] [static_transform_publisher-8]: process started with pid [7703]
[INFO] [static_transform_publisher-9]: process started with pid [7705]
[fastlio_odometry_guard-2] [INFO] [1786450941.770505578] [fastlio_odometry_guard]: Guarding odometry /Odometry -> /Odometry/guarded (jump=0.30m, xy=0.20m, z=0.10m, speed=1.20m/s, unknown angular variance>=100000)
[mavros_node-1] [INFO] [1786450942.110712959] [mavros.mavros_node]: Starting mavros_node container
[mavros_node-1] [INFO] [1786450942.111058950] [mavros.mavros_node]: FCU URL: serial:///dev/ttyUSB0:921600?ids=255,190
[mavros_node-1] [INFO] [1786450942.111076253] [mavros.mavros_node]: GCS URL: 
[mavros_node-1] [INFO] [1786450942.111082654] [mavros.mavros_node]: UAS Prefix: /uas1
[mavros_node-1] [INFO] [1786450942.111089909] [mavros.mavros_node]: Starting mavros router node
[mavros_node-1] [INFO] [1786450942.221926839] [mavros.mavros_router]: Built-in SIMD instructions: SSE, SSE2
[mavros_node-1] [INFO] [1786450942.222055529] [mavros.mavros_router]: Built-in MAVLink package version: 2026.3.3
[mavros_node-1] [INFO] [1786450942.222080091] [mavros.mavros_router]: Known MAVLink dialects: common ardupilotmega ASLUAV AVSSUAS all csAirLink cubepilot development icarous loweheiser marsh matrixpilot paparazzi standard stemstudios storm32 uAvionix ualberta
[mavros_node-1] [INFO] [1786450942.222092215] [mavros.mavros_router]: MAVROS Router started
[mavros_node-1] [INFO] [1786450942.222576833] [mavros.mavros_node]: Starting mavros uas node
[fix_mavros_odometry_frames.py-4] [INFO] [1786450942.329849943] [fix_mavros_odometry_frames]: Waiting for /mavros/odometry parameter service...
[mavros_node-1] [INFO] [1786450942.350749008] [mavros.mavros_router]: Requested to add endpoint: type: 0, url: serial:///dev/ttyUSB0:921600?ids=255,190
[mavros_node-1] [INFO] [1786450942.350933896] [mavros.mavros_router]: Endpoint link[1000] created
[mavros_node-1] [INFO] [1786450942.352420449] [mavros.mavros_router]: link[1000] opened successfully
[mavros_node-1] [INFO] [1786450942.352535269] [mavros.mavros_router]: Requested to add endpoint: type: 2, url: /uas1
[mavros_node-1] [INFO] [1786450942.352593557] [mavros.mavros_router]: Endpoint link[1001] created
[mavros_node-1] [INFO] [1786450942.358492991] [mavros.mavros_router]: link[1000] detected remote address 0.252
[mavros_node-1] [INFO] [1786450942.359472165] [mavros.mavros_router]: link[1001] opened successfully
[mavros_node-1] [INFO] [1786450942.359776327] [mavros.mavros_router]: link[1000] detected remote address 1.1
[mavros_node-1] [INFO] [1786450942.360397124] [mavros.mavros]: Plugin actuator_control ignored
[mavros_node-1] [INFO] [1786450942.360428737] [mavros.mavros]: UAS Executor started, threads: 16
[mavros_node-1] [INFO] [1786450942.360445713] [mavros.mavros]: Plugin adsb ignored
[mavros_node-1] [INFO] [1786450942.360499147] [mavros.mavros]: Plugin altitude ignored
[mavros_node-1] [INFO] [1786450942.360511515] [mavros.mavros]: Plugin cam_imu_sync ignored
[mavros_node-1] [INFO] [1786450942.360523703] [mavros.mavros]: Plugin camera ignored
[mavros_node-1] [INFO] [1786450942.360535013] [mavros.mavros]: Plugin cellular_status ignored
[static_transform_publisher-7] [INFO] [1786450942.442883698] [base_link_to_body]: Spinning until stopped - publishing transform
[static_transform_publisher-7] translation: ('0.000000', '0.000000', '0.080000')
[static_transform_publisher-7] rotation: ('0.000000', '0.000000', '-0.000000', '1.000000')
[static_transform_publisher-7] from 'base_link' to 'body'
[fastlio_mavros_vision_bridge-5] [INFO] [1786450942.498270685] [fastlio_mavros_vision_bridge]: Bridging /Odometry/healthy -> /mavros/vision_pose/pose_cov + vision_speed for MAVROS vision input; body->FAST-LIO origin in body FLU=(0.0000, 0.0000, 0.0800) m, R_FASTLIO_body yaw=0.000000 rad, world yaw alignment=0.000000 rad
[static_transform_publisher-8] [INFO] [1786450942.508198372] [camera_init_to_camera_init_ned]: Spinning until stopped - publishing transform
[static_transform_publisher-8] translation: ('0.000000', '0.000000', '0.000000')
[static_transform_publisher-8] rotation: ('0.707107', '0.707107', '0.000000', '0.000000')
[static_transform_publisher-8] from 'camera_init' to 'camera_init_ned'
[static_transform_publisher-9] [INFO] [1786450942.528067999] [body_to_body_frd]: Spinning until stopped - publishing transform
[static_transform_publisher-9] translation: ('0.000000', '0.000000', '0.000000')
[static_transform_publisher-9] rotation: ('1.000000', '0.000000', '0.000000', '0.000000')
[static_transform_publisher-9] from 'body' to 'body_frd'
[mavros_node-1] [INFO] [1786450942.623099723] [mavros.mavros]: Plugin command created
[mavros_node-1] [INFO] [1786450942.623261932] [mavros.mavros]: Plugin command initialized
[mavros_node-1] [INFO] [1786450942.623279930] [mavros.mavros]: Plugin companion_process_status ignored
[mavros_node-1] [INFO] [1786450942.623288771] [mavros.mavros]: Plugin debug_value ignored
[mavros_node-1] [INFO] [1786450942.623543279] [mavros.mavros]: Plugin distance_sensor ignored
[mavros_node-1] [INFO] [1786450942.623552691] [mavros.mavros]: Plugin esc_status ignored
[mavros_node-1] [INFO] [1786450942.623558713] [mavros.mavros]: Plugin esc_telemetry ignored
[mavros_node-1] [INFO] [1786450942.623565895] [mavros.mavros]: Plugin fake_gps ignored
[mavros_node-1] [INFO] [1786450942.623572873] [mavros.mavros]: Plugin ftp ignored
[mavros_node-1] [INFO] [1786450942.623579418] [mavros.mavros]: Plugin geofence ignored
[mavros_node-1] [INFO] [1786450942.623586135] [mavros.mavros]: Plugin gimbal_control ignored
[mavros_node-1] [INFO] [1786450942.623592108] [mavros.mavros]: Plugin global_position ignored
[mavros_node-1] [INFO] [1786450942.623598605] [mavros.mavros]: Plugin gps_input ignored
[mavros_node-1] [INFO] [1786450942.623605257] [mavros.mavros]: Plugin gps_rtk ignored
[mavros_node-1] [INFO] [1786450942.623612184] [mavros.mavros]: Plugin gps_status ignored
[mavros_node-1] [INFO] [1786450942.623618614] [mavros.mavros]: Plugin guided_target ignored
[mavros_node-1] [INFO] [1786450942.623625239] [mavros.mavros]: Plugin hil ignored
[mavros_node-1] [INFO] [1786450942.623631460] [mavros.mavros]: Plugin home_position ignored
[static_transform_publisher-6] [INFO] [1786450942.657334797] [odom_to_camera_init]: Spinning until stopped - publishing transform
[static_transform_publisher-6] translation: ('0.000000', '0.000000', '0.000000')
[static_transform_publisher-6] rotation: ('0.000000', '0.000000', '0.000000', '1.000000')
[static_transform_publisher-6] from 'odom' to 'camera_init'
[mavros_node-1] [INFO] [1786450942.687399094] [mavros.mavros]: Plugin imu created
[mavros_node-1] [INFO] [1786450942.687522407] [mavros.mavros]: Plugin imu initialized
[mavros_node-1] [INFO] [1786450942.687541732] [mavros.mavros]: Plugin landing_target ignored
[fastlio_ev_health_monitor.py-3] [INFO] [1786450942.769062049] [fastlio_ev_health_monitor]: EV health gate /Odometry -> /Odometry/healthy; compare /mavros/local_position/velocity_local in PX4 local NED; status=/ev_health/status, diagnostics=/ev_health/diagnostics
[mavros_node-1] [INFO] [1786450942.781354737] [mavros.mavros]: Plugin local_position created
[mavros_node-1] [INFO] [1786450942.781422326] [mavros.mavros]: Plugin local_position initialized
[mavros_node-1] [INFO] [1786450942.781443606] [mavros.mavros]: Plugin log_transfer ignored
[mavros_node-1] [INFO] [1786450942.781456391] [mavros.mavros]: Plugin mag_calibration_status ignored
[mavros_node-1] [INFO] [1786450942.781511279] [mavros.mavros]: Plugin manual_control ignored
[mavros_node-1] [INFO] [1786450942.781525458] [mavros.mavros]: Plugin mocap_pose_estimate ignored
[mavros_node-1] [INFO] [1786450942.781537658] [mavros.mavros]: Plugin mount_control ignored
[mavros_node-1] [INFO] [1786450942.781548589] [mavros.mavros]: Plugin nav_controller_output ignored
[mavros_node-1] [INFO] [1786450942.781560491] [mavros.mavros]: Plugin obstacle_distance ignored
[mavros_node-1] [INFO] [1786450942.781571999] [mavros.mavros]: Plugin obstacle_distance_3d ignored
[mavros_node-1] [INFO] [1786450942.824871280] [mavros.mavros]: Plugin odometry created
[mavros_node-1] [INFO] [1786450942.824959795] [mavros.mavros]: Plugin odometry initialized
[mavros_node-1] [INFO] [1786450942.824975938] [mavros.mavros]: Plugin onboard_computer_status ignored
[mavros_node-1] [INFO] [1786450942.824986865] [mavros.mavros]: Plugin open_drone_id ignored
[mavros_node-1] [INFO] [1786450942.824997244] [mavros.mavros]: Plugin optical_flow ignored
[mavros_node-1] [INFO] [1786450942.825007210] [mavros.mavros]: Plugin param ignored
[mavros_node-1] [INFO] [1786450942.825017056] [mavros.mavros]: Plugin play_tune ignored
[mavros_node-1] [INFO] [1786450942.825026595] [mavros.mavros]: Plugin px4flow ignored
[mavros_node-1] [INFO] [1786450942.825037711] [mavros.mavros]: Plugin rallypoint ignored
[mavros_node-1] [INFO] [1786450942.825047559] [mavros.mavros]: Plugin rangefinder ignored
[mavros_node-1] [INFO] [1786450942.825058362] [mavros.mavros]: Plugin rc_io ignored
[mavros_node-1] [INFO] [1786450942.825068280] [mavros.mavros]: Plugin setpoint_accel ignored
[mavros_node-1] [INFO] [1786450942.825079268] [mavros.mavros]: Plugin setpoint_attitude ignored
[mavros_node-1] [INFO] [1786450942.825090446] [mavros.mavros]: Plugin setpoint_position ignored
[fix_mavros_odometry_frames.py-4] [INFO] [1786450942.836762876] [fix_mavros_odometry_frames]: Setting MAVROS odometry target frames to odom/base_link.
[fix_mavros_odometry_frames.py-4] [INFO] [1786450942.843044340] [fix_mavros_odometry_frames]: MAVROS odometry frame targets updated successfully.
[fastlio_ev_health_monitor.py-3] [WARN] [1786450942.844690249] [fastlio_ev_health_monitor]: EV health state=SUSPECT: waiting_for_ev
[mavros_node-1] [INFO] [1786450942.851027847] [mavros.mavros]: Plugin setpoint_raw created
[mavros_node-1] [INFO] [1786450942.851380533] [mavros.mavros]: Plugin setpoint_raw initialized
[mavros_node-1] [INFO] [1786450942.851430199] [mavros.mavros]: Plugin setpoint_trajectory ignored
[mavros_node-1] [INFO] [1786450942.851445287] [mavros.mavros]: Plugin setpoint_velocity ignored
[mavros_node-1] [INFO] [1786450942.851460704] [mavros.mavros]: Plugin sim_state ignored
[mavros_node-1] [INFO] [1786450942.894704105] [mavros.mavros]: Plugin sys_status created
[mavros_node-1] [INFO] [1786450942.894931939] [mavros.mavros]: Plugin sys_status initialized
[mavros_node-1] [INFO] [1786450942.912211615] [mavros.time]: TM: Timesync mode: MAVLINK
[mavros_node-1] [INFO] [1786450942.914795276] [mavros.mavros]: Plugin sys_time created
[mavros_node-1] [INFO] [1786450942.914947854] [mavros.mavros]: Plugin sys_time initialized
[mavros_node-1] [INFO] [1786450942.914967769] [mavros.mavros]: Plugin tdr_radio ignored
[mavros_node-1] [INFO] [1786450942.914973561] [mavros.mavros]: Plugin terrain ignored
[mavros_node-1] [INFO] [1786450942.914977697] [mavros.mavros]: Plugin trajectory ignored
[mavros_node-1] [INFO] [1786450942.914983189] [mavros.mavros]: Plugin tunnel ignored
[mavros_node-1] [INFO] [1786450942.914987931] [mavros.mavros]: Plugin vfr_hud ignored
[mavros_node-1] [INFO] [1786450942.914992009] [mavros.mavros]: Plugin vibration ignored
[mavros_node-1] [INFO] [1786450942.937112816] [mavros.mavros]: Plugin vision_pose created
[mavros_node-1] [INFO] [1786450942.937212003] [mavros.mavros]: Plugin vision_pose initialized
[mavros_node-1] [INFO] [1786450942.961018818] [mavros.mavros]: Plugin vision_speed created
[mavros_node-1] [INFO] [1786450942.961169620] [mavros.mavros]: Plugin vision_speed initialized
[mavros_node-1] [INFO] [1786450942.961190522] [mavros.mavros]: Plugin waypoint ignored
[mavros_node-1] [INFO] [1786450942.961196787] [mavros.mavros]: Plugin wheel_odometry ignored
[mavros_node-1] [INFO] [1786450942.961203094] [mavros.mavros]: Plugin wind_estimation ignored
[mavros_node-1] [INFO] [1786450942.965804342] [mavros.mavros]: Built-in SIMD instructions: SSE, SSE2
[mavros_node-1] [INFO] [1786450942.965920359] [mavros.mavros]: Built-in MAVLink package version: 2026.3.3
[mavros_node-1] [INFO] [1786450942.965932026] [mavros.mavros]: Known MAVLink dialects: common ardupilotmega ASLUAV AVSSUAS all csAirLink cubepilot development icarous loweheiser marsh matrixpilot paparazzi standard stemstudios storm32 uAvionix ualberta
[mavros_node-1] [INFO] [1786450942.965937913] [mavros.mavros]: MAVROS UAS via /uas1 started. MY ID 255.190, TARGET ID 1.1
[mavros_node-1] [INFO] [1786450942.973984908] [mavros.imu]: IMU: High resolution IMU detected!
[mavros_node-1] [INFO] [1786450942.976261724] [mavros.imu]: IMU: Attitude quaternion IMU detected!
[mavros_node-1] [INFO] [1786450942.996082530] [mavros.mavros_router]: link[1001] detected remote address 255.190
[INFO] [fix_mavros_odometry_frames.py-4]: process has finished cleanly [pid 7691]
[fastlio_ev_health_monitor.py-3] [WARN] [1786450943.244369657] [fastlio_ev_health_monitor]: EV health state=FAULT: waiting_for_ev
[mavros_node-1] [INFO] [1786450943.792814924] [mavros.mavros]: CON: Got HEARTBEAT, connected. FCU: PX4 Autopilot
[mavros_node-1] [INFO] [1786450943.793896117] [mavros.imu]: IMU: High resolution IMU detected!
[mavros_node-1] [INFO] [1786450943.795089735] [mavros.imu]: IMU: Attitude quaternion IMU detected!
[mavros_node-1] [WARN] [1786450944.806978197] [mavros.cmd]: CMD: Unexpected command 520, result 3
[mavros_node-1] [WARN] [1786450945.794928805] [mavros.sys]: VER: broadcast request timeout, retries left 4
[fastlio_ev_health_monitor.py-3] [INFO] [1786450945.838061621] [fastlio_ev_health_monitor]: EV health state=HEALTHY: ok
[mavros_node-1] [WARN] [1786450946.196005226] [mavros.sys]: FCU: UNK(8): EVENT 11047904 with args -0-0-0-18-1-0-0-0-0-131-191-1-128-131-191-1-128-0-0-0-0-0-0-0-0-0-0-0-0-0-0-0-0-0-0-0-0-0-0-0-
[mavros_node-1] [ERROR] [1786450946.197089497] [mavros.sys]: FCU: EVENT 16642797 with args -124-0-126-0-17-0-0-0-0-0-0-0-0-0-0-0-0-0-0-0-0-0-0-0-0-0-0-0-0-0-0-0-0-0-0-0-0-0-0-0-
[mavros_node-1] [ERROR] [1786450946.197202169] [mavros.sys]: FCU: EVENT 11464574 with args -0-64-0-0-20-0-0-0-0-0-0-0-0-0-0-0-0-0-0-0-0-0-0-0-0-0-0-0-0-0-0-0-0-0-0-0-0-0-0-0-
[mavros_node-1] [ERROR] [1786450946.197233667] [mavros.sys]: FCU: EVENT 13835193 with args -124-0-126-0-17-0-0-0-0-0-0-0-0-0-0-0-0-0-0-0-0-0-0-0-0-0-0-0-0-0-0-0-0-0-0-0-0-0-0-0-
[mavros_node-1] [ERROR] [1786450946.197323401] [mavros.sys]: FCU: EVENT 10011251 with args -56-0-0-0-24-0-0-0-0-0-0-0-0-0-0-0-0-0-0-0-0-0-0-0-0-0-0-0-0-0-0-0-0-0-0-0-0-0-0-0-
[mavros_node-1] [INFO] [1786450946.197727516] [mavros.sys]: FCU: EVENT 377561 with args -8-0-0-0-20-0-0-0-0-0-0-0-0-0-0-0-0-0-0-0-0-0-0-0-0-0-0-0-0-0-0-0-0-0-0-0-0-0-0-0-
[mavros_node-1] [INFO] [1786450946.198051607] [mavros.sys]: FCU: EVENT 79408 with args -32-0-0-0-20-0-0-0-0-0-0-0-0-0-0-0-0-0-0-0-0-0-0-0-0-0-0-0-0-0-0-0-0-0-0-0-0-0-0-0-
[mavros_node-1] [INFO] [1786450946.198398664] [mavros.sys]: FCU: EVENT 6801787 with args -255-255-255-255-12-0-0-0-0-0-0-0-0-0-0-0-0-0-0-0-0-0-0-0-0-0-0-0-0-0-0-0-0-0-0-0-0-0-0-0-
[mavros_node-1] [WARN] [1786450946.198972072] [mavros.sys]: FCU: UNK(8): EVENT 1914663 with args -0-130-0-2-48-0-0-0-0-0-0-0-0-0-0-0-0-0-0-0-0-0-0-0-0-0-0-0-0-0-0-0-0-0-0-0-0-0-0-0-
[mavros_node-1] [WARN] [1786450946.802794939] [mavros.sys]: VER: broadcast request timeout, retries left 3
[mavros_node-1] [ERROR] [1786450947.808473400] [mavros.sys]: VER: command plugin service call failed!
[mavros_node-1] [WARN] [1786450947.808709411] [mavros.sys]: VER: unicast request timeout, retries left 2
[mavros_node-1] [WARN] [1786450948.229202931] [mavros.sys]: FCU: UNK(8): EVENT 11047904 with args -0-0-0-16-1-0-0-0-0-199-191-127-128-199-191-127-128-0-0-0-0-0-0-0-0-0-0-0-0-0-0-0-0-0-0-0-0-0-0-0-
[mavros_node-1] [ERROR] [1786450948.229425411] [mavros.sys]: FCU: EVENT 11464574 with args -0-64-0-0-20-0-0-0-0-0-0-0-0-0-0-0-0-0-0-0-0-0-0-0-0-0-0-0-0-0-0-0-0-0-0-0-0-0-0-0-
[mavros_node-1] [ERROR] [1786450948.229836095] [mavros.sys]: FCU: EVENT 10011251 with args -56-0-0-0-24-0-0-0-0-0-0-0-0-0-0-0-0-0-0-0-0-0-0-0-0-0-0-0-0-0-0-0-0-0-0-0-0-0-0-0-
[mavros_node-1] [INFO] [1786450948.230108573] [mavros.sys]: FCU: EVENT 377561 with args -8-0-0-0-20-0-0-0-0-0-0-0-0-0-0-0-0-0-0-0-0-0-0-0-0-0-0-0-0-0-0-0-0-0-0-0-0-0-0-0-
[mavros_node-1] [INFO] [1786450948.230549745] [mavros.sys]: FCU: EVENT 79408 with args -32-0-0-0-20-0-0-0-0-0-0-0-0-0-0-0-0-0-0-0-0-0-0-0-0-0-0-0-0-0-0-0-0-0-0-0-0-0-0-0-
[mavros_node-1] [INFO] [1786450948.230703193] [mavros.sys]: FCU: EVENT 6801787 with args -255-255-255-255-12-0-0-0-0-0-0-0-0-0-0-0-0-0-0-0-0-0-0-0-0-0-0-0-0-0-0-0-0-0-0-0-0-0-0-0-
[mavros_node-1] [WARN] [1786450948.232650188] [mavros.sys]: FCU: UNK(8): EVENT 1914663 with args -0-130-0-2-48-0-0-0-0-0-0-0-0-0-0-0-0-0-0-0-0-0-0-0-0-0-0-0-0-0-0-0-0-0-0-0-0-0-0-0-
[mavros_node-1] [ERROR] [1786450948.798653022] [mavros.sys]: VER: command plugin service call failed!
[mavros_node-1] [WARN] [1786450948.798764667] [mavros.sys]: VER: unicast request timeout, retries left 1
[mavros_node-1] [ERROR] [1786450949.813430187] [mavros.sys]: VER: command plugin service call failed!
[mavros_node-1] [WARN] [1786450949.813696338] [mavros.sys]: VER: unicast request timeout, retries left 0
[mavros_node-1] [ERROR] [1786450950.808645364] [mavros.sys]: VER: command plugin service call failed!
[mavros_node-1] [WARN] [1786450950.808741947] [mavros.sys]: VER: your FCU don't support AUTOPILOT_VERSION, switched to default capabilities
[mavros_node-1] [WARN] [1786450953.381110805] [mavros.sys]: FCU: UNK(8): EVENT 11047904 with args -0-0-0-0-1-0-0-0-0-199-255-127-128-199-255-127-128-0-0-0-0-0-0-0-0-0-0-0-0-0-0-0-0-0-0-0-0-0-0-0-
[mavros_node-1] [ERROR] [1786450953.381435453] [mavros.sys]: FCU: EVENT 10011251 with args -56-0-0-0-24-0-0-0-0-0-0-0-0-0-0-0-0-0-0-0-0-0-0-0-0-0-0-0-0-0-0-0-0-0-0-0-0-0-0-0-
[mavros_node-1] [INFO] [1786450953.381688095] [mavros.sys]: FCU: EVENT 377561 with args -8-0-0-0-20-0-0-0-0-0-0-0-0-0-0-0-0-0-0-0-0-0-0-0-0-0-0-0-0-0-0-0-0-0-0-0-0-0-0-0-
[mavros_node-1] [INFO] [1786450953.381832100] [mavros.sys]: FCU: EVENT 79408 with args -32-0-0-0-20-0-0-0-0-0-0-0-0-0-0-0-0-0-0-0-0-0-0-0-0-0-0-0-0-0-0-0-0-0-0-0-0-0-0-0-
[mavros_node-1] [INFO] [1786450953.382090963] [mavros.sys]: FCU: EVENT 6801787 with args -255-255-255-255-12-0-0-0-0-0-0-0-0-0-0-0-0-0-0-0-0-0-0-0-0-0-0-0-0-0-0-0-0-0-0-0-0-0-0-0-
[mavros_node-1] [WARN] [1786450953.382139086] [mavros.sys]: FCU: UNK(8): EVENT 1914663 with args -0-130-0-2-48-0-0-0-0-0-0-0-0-0-0-0-0-0-0-0-0-0-0-0-0-0-0-0-0-0-0-0-0-0-0-0-0-0-0-0-
[MAVROS and EV chain] 正在停止进程组 7561
[MAVROS and EV chain] 已退出，状态码 143
