Flight run directory: /home/robot/ws_offboard_control/flight_records/20260804/flight_20260804_205549
Parameter snapshot: /home/robot/ws_offboard_control/flight_records/20260804/flight_20260804_205549/snapshot
Recording rosbag to: /home/robot/ws_offboard_control/flight_records/20260804/flight_20260804_205549/rosbag
Record full registered point cloud: false
Press Ctrl+C in this terminal to stop recording.
stdin is not a terminal device. Keyboard handling disabled.[INFO] [1785848171.693583624] [rosbag2_recorder]: Press SPACE for pausing/resuming
[INFO] [1785848171.697433427] [rosbag2_storage]: Opened database '/home/robot/ws_offboard_control/flight_records/20260804/flight_20260804_205549/rosbag/rosbag_0.db3' for READ_WRITE.
[INFO] [1785848171.699756451] [rosbag2_recorder]: Listening for topics...
[INFO] [1785848171.700193077] [rosbag2_recorder]: Event publisher thread: Starting
[INFO] [1785848171.705737373] [rosbag2_recorder]: Subscribed to topic '/path'
[INFO] [1785848171.708395399] [rosbag2_recorder]: Subscribed to topic '/Odometry'
[INFO] [1785848171.708873378] [rosbag2_recorder]: Recording...
[INFO] [1785848171.812628070] [rosbag2_recorder]: Subscribed to topic '/mavros/setpoint_raw/local'
[INFO] [1785848171.815359971] [rosbag2_recorder]: Subscribed to topic '/route_tracker/lookahead_target'
[INFO] [1785848171.818937688] [rosbag2_recorder]: Subscribed to topic '/minipc_mavros_offboard/mpc_setpoint_debug'
[INFO] [1785848171.821326106] [rosbag2_recorder]: Subscribed to topic '/route_tracker/reference_path_3d'
[INFO] [1785848172.126110734] [rosbag2_recorder]: Subscribed to topic '/Odometry/healthy'
[INFO] [1785848172.127948451] [rosbag2_recorder]: Subscribed to topic '/ev_health/fault'
[INFO] [1785848172.130415930] [rosbag2_recorder]: Subscribed to topic '/ev_health/status'
[INFO] [1785848172.138383145] [rosbag2_recorder]: Subscribed to topic '/ev_health/diagnostics'
[INFO] [1785848172.140752981] [rosbag2_recorder]: Subscribed to topic '/ev_health/velocity_ned'
[INFO] [1785848174.572163548] [rosbag2_recorder]: Subscribed to topic '/mavros/vision_speed/speed_twist_cov'
[INFO] [1785848174.573492091] [rosbag2_recorder]: Subscribed to topic '/mavros/vision_pose/pose_cov'
[INFO] [1785848174.574274748] [rosbag2_recorder]: Subscribed to topic '/Odometry/guarded'
[INFO] [1785848175.718861596] [rosbag2_recorder]: Subscribed to topic '/mavros/local_position/velocity_local'
[INFO] [1785848175.721242312] [rosbag2_recorder]: Subscribed to topic '/mavros/local_position/odom'
[INFO] [1785848175.723786044] [rosbag2_recorder]: Subscribed to topic '/mavros/local_position/pose'
[INFO] [1785848175.834496989] [rosbag2_recorder]: Subscribed to topic '/mavros/state'
[INFO] [1785848175.836045935] [rosbag2_recorder]: Subscribed to topic '/mavros/setpoint_raw/target_local'
