[debug rosbag] starting
[debug rosbag] command: env FLIGHT_TIMESTAMP=20260811_191545 FLIGHT_RUN_DIR=/home/robot/rong_ws/ws_offboard_control/flight_records/20260811/flight_20260811_191545 /home/robot/rong_ws/ws_offboard_control/tools/rosbag/开始录包.sh
[debug rosbag] pid=8550 pgid=8550 log=/home/robot/rong_ws/ws_offboard_control/flight_records/20260811/flight_20260811_191545/logs/rosbag_debug.log
本场次目录：/home/robot/rong_ws/ws_offboard_control/flight_records/20260811/flight_20260811_191545
参数快照目录：/home/robot/rong_ws/ws_offboard_control/flight_records/20260811/flight_20260811_191545/snapshot
录包输出目录：/home/robot/rong_ws/ws_offboard_control/flight_records/20260811/flight_20260811_191545/rosbag
是否录制完整配准点云：false
在本终端按 Ctrl+C 停止录包。
stdin is not a terminal device. Keyboard handling disabled.[INFO] [1786446971.921414960] [rosbag2_recorder]: Press SPACE for pausing/resuming
[INFO] [1786446971.923737627] [rosbag2_storage]: Opened database '/home/robot/rong_ws/ws_offboard_control/flight_records/20260811/flight_20260811_191545/rosbag/rosbag_0.db3' for READ_WRITE.
[INFO] [1786446971.925934299] [rosbag2_recorder]: Listening for topics...
[INFO] [1786446971.925949628] [rosbag2_recorder]: Event publisher thread: Starting
[INFO] [1786446971.927328280] [rosbag2_recorder]: Subscribed to topic '/race/pose'
[INFO] [1786446971.928255689] [rosbag2_recorder]: Subscribed to topic '/race/odom'
[INFO] [1786446971.928787844] [rosbag2_recorder]: Subscribed to topic '/race/ego/odom'
[INFO] [1786446971.928836756] [rosbag2_recorder]: Recording...
[INFO] [1786446972.032296755] [rosbag2_recorder]: Subscribed to topic '/ev_health/velocity_ned'
[INFO] [1786446972.033940206] [rosbag2_recorder]: Subscribed to topic '/mavros/state'
[INFO] [1786446972.034788445] [rosbag2_recorder]: Subscribed to topic '/mavros/setpoint_raw/local'
[INFO] [1786446972.035859523] [rosbag2_recorder]: Subscribed to topic '/race/ego/validated_bspline'
[INFO] [1786446972.036675548] [rosbag2_recorder]: Subscribed to topic '/ev_health/fault'
[INFO] [1786446972.037569163] [rosbag2_recorder]: Subscribed to topic '/mavros/estimator_status'
[INFO] [1786446972.038757356] [rosbag2_recorder]: Subscribed to topic '/race/ego/trajectory_setpoint'
[INFO] [1786446972.039634943] [rosbag2_recorder]: Subscribed to topic '/ev_health/status'
[INFO] [1786446972.040369839] [rosbag2_recorder]: Subscribed to topic '/mavros/local_position/odom'
[INFO] [1786446972.041145109] [rosbag2_recorder]: Subscribed to topic '/mavros/local_position/velocity_local'
[INFO] [1786446972.041835583] [rosbag2_recorder]: Subscribed to topic '/mavros/setpoint_raw/target_local'
[INFO] [1786446972.042563753] [rosbag2_recorder]: Subscribed to topic '/race/global_path'
[INFO] [1786446972.043266310] [rosbag2_recorder]: Subscribed to topic '/race/control/status'
[INFO] [1786446972.043994883] [rosbag2_recorder]: Subscribed to topic '/mavros/local_position/velocity_body'
[INFO] [1786446972.045236839] [rosbag2_recorder]: Subscribed to topic '/race/global_planner/status'
[INFO] [1786446972.045913158] [rosbag2_recorder]: Subscribed to topic '/race/planner/status'
[INFO] [1786446972.046509804] [rosbag2_recorder]: Subscribed to topic '/race/ego/status'
[INFO] [1786446972.047101832] [rosbag2_recorder]: Subscribed to topic '/Odometry/healthy'
[INFO] [1786446972.048057477] [rosbag2_recorder]: Subscribed to topic '/race/ego/position_command'
[INFO] [1786446972.048681164] [rosbag2_recorder]: Subscribed to topic '/Odometry/guarded'
[INFO] [1786446972.049261276] [rosbag2_recorder]: Subscribed to topic '/mavros/local_position/pose'
[INFO] [1786446972.049898261] [rosbag2_recorder]: Subscribed to topic '/Odometry'
[INFO] [1786446972.050582455] [rosbag2_recorder]: Subscribed to topic '/mavros/vision_speed/speed_twist_cov'
[INFO] [1786446972.051493624] [rosbag2_recorder]: Subscribed to topic '/race/super_planner/raw_path'
[INFO] [1786446972.052293776] [rosbag2_recorder]: Subscribed to topic '/path'
[INFO] [1786446972.053088139] [rosbag2_recorder]: Subscribed to topic '/race/ego/command_local_goal_seq'
[INFO] [1786446972.054171318] [rosbag2_recorder]: Subscribed to topic '/mavros/vision_pose/pose_cov'
[INFO] [1786446972.054915571] [rosbag2_recorder]: Subscribed to topic '/race/ego/local_goal'
[INFO] [1786446972.055646872] [rosbag2_recorder]: Subscribed to topic '/race/ego/bspline'
[INFO] [1786446972.056498162] [rosbag2_recorder]: Subscribed to topic '/race/ego/local_path_reference'
[INFO] [1786446972.058113492] [rosbag2_recorder]: Subscribed to topic '/ev_health/diagnostics'
[INFO] [1786447052.081870096] [rosbag2_cpp]: Writing remaining messages from cache to the bag. It may take a while
[INFO] [1786447052.088124183] [rosbag2_recorder]: Event publisher thread: Exiting
[INFO] [1786447052.088230492] [rosbag2_recorder]: Recording stopped
[debug rosbag] 已退出，状态码 143
