Flight run directory: /home/robot/ws_offboard_control/flight_records/20260804/flight_20260804_linkcheck
Parameter snapshot: /home/robot/ws_offboard_control/flight_records/20260804/flight_20260804_linkcheck/snapshot
Recording rosbag to: /home/robot/ws_offboard_control/flight_records/20260804/flight_20260804_linkcheck/rosbag
Record full registered point cloud: false
Press Ctrl+C in this terminal to stop recording.
stdin is not a terminal device. Keyboard handling disabled.[INFO] [1785846707.119080535] [rosbag2_recorder]: Press SPACE for pausing/resuming
[INFO] [1785846707.121397419] [rosbag2_storage]: Opened database '/home/robot/ws_offboard_control/flight_records/20260804/flight_20260804_linkcheck/rosbag/rosbag_0.db3' for READ_WRITE.
[INFO] [1785846707.123919783] [rosbag2_recorder]: Listening for topics...
[INFO] [1785846707.123929711] [rosbag2_recorder]: Event publisher thread: Starting
[INFO] [1785846707.127423563] [rosbag2_recorder]: Subscribed to topic '/mavros/vision_speed/speed_twist_cov'
[INFO] [1785846707.129140832] [rosbag2_recorder]: Subscribed to topic '/path'
[INFO] [1785846707.130370685] [rosbag2_recorder]: Subscribed to topic '/mavros/vision_pose/pose_cov'
[INFO] [1785846707.131399987] [rosbag2_recorder]: Subscribed to topic '/ev_health/velocity_ned'
[INFO] [1785846707.133672810] [rosbag2_recorder]: Subscribed to topic '/ev_health/diagnostics'
[INFO] [1785846707.135211039] [rosbag2_recorder]: Subscribed to topic '/ev_health/status'
[INFO] [1785846707.136328495] [rosbag2_recorder]: Subscribed to topic '/ev_health/fault'
[INFO] [1785846707.137402637] [rosbag2_recorder]: Subscribed to topic '/Odometry/healthy'
[INFO] [1785846707.139001540] [rosbag2_recorder]: Subscribed to topic '/Odometry/guarded'
[INFO] [1785846707.140180602] [rosbag2_recorder]: Subscribed to topic '/Odometry'
[INFO] [1785846707.140309286] [rosbag2_recorder]: Recording...
[INFO] [1785846708.152043505] [rosbag2_recorder]: Subscribed to topic '/mavros/state'
[INFO] [1785846708.153010563] [rosbag2_recorder]: Subscribed to topic '/mavros/setpoint_raw/target_local'
[INFO] [1785846708.153793422] [rosbag2_recorder]: Subscribed to topic '/mavros/local_position/velocity_local'
[INFO] [1785846708.154716504] [rosbag2_recorder]: Subscribed to topic '/mavros/local_position/odom'
[INFO] [1785846708.156189742] [rosbag2_recorder]: Subscribed to topic '/mavros/local_position/pose'
[INFO] [1785846798.748803448] [rosbag2_cpp]: Writing remaining messages from cache to the bag. It may take a while
[INFO] [1785846798.749893544] [rosbag2_recorder]: Event publisher thread: Exiting
[INFO] [1785846798.749961322] [rosbag2_recorder]: Recording stopped
