[INFO] [1784881751.919283807] [livox_lidar_publisher]: Livox Ros Driver2 Version: 1.2.6
[INFO] [1784881751.919489157] [livox_lidar_publisher]: Data Source is raw lidar.
[INFO] [1784881751.919496355] [livox_lidar_publisher]: Config file : /home/robot/livox_mid360_env/ws_livox/src/livox_ros_driver2/config/MID360_config.json
LdsLidar *GetInstance
config lidar type: 8
successfully parse base config, counts: 1
[INFO] [1784881751.920999213] [livox_lidar_publisher]: Init lds lidar success!
GetFreeIndex key:livox_lidar_2147592384.
Init queue, real query size:16.
Lidar[0] storage queue size: 10
set pcl data type, handle: 2147592384, data type: 1
set scan pattern, handle: 2147592384, scan pattern: 0
begin to change work mode to 'Normal', handle: 2147592384
successfully set data type, handle: 2147592384, set_bit: 2
successfully set pattern mode, handle: 2147592384, set_bit: 0
successfully set lidar attitude, ip: 192.168.1.128
successfully change work mode, handle: 2147592384
successfully enable Livox Lidar imu, ip: 192.168.1.128
[INFO] [1784881754.921251513] [livox_lidar_publisher]: livox/imu publish use imu format
[INFO] [1784881754.923818468] [livox_lidar_publisher]: livox/lidar publish use livox custom format
[INFO] [1784882026.624754999] [rclcpp]: signal_handler(SIGINT/SIGTERM)
Livox Lidar SDK Deinit completely!
lddc destory!!!!!!!!!!!!!!!!!!!!!!!!!!!!!!!!!!!!!!!!!!!!!
lds destory!!!!!!!!!!!!!!!!!!!!!!!!!!!!!!!!!!!!!!!!!!!!!
