[INFO] [launch]: All log files can be found below /home/robot/.ros/log/2026-07-24-16-33-54-258275-robot-35086
[INFO] [launch]: Default logging verbosity is set to INFO
[INFO] [fastlio_mapping-1]: process started with pid [35088]
[fastlio_mapping-1] [INFO] [1784882034.372180837] [laser_mapping]: p_pre->lidar_type 1
[fastlio_mapping-1] Multi thread started 
[fastlio_mapping-1] ~~~~/home/robot/livox_mid360_env/ws_fastlio/src/fast_lio/ file opened
[fastlio_mapping-1] [INFO] [1784882034.376730768] [laser_mapping]: Node init finished.
[fastlio_mapping-1] [WARN] [1784882034.537414959] [laser_mapping]: No point, skip this scan!
[fastlio_mapping-1] 
[fastlio_mapping-1] IMU Initial Done
[fastlio_mapping-1] [WARN] [1784882034.637349988] [laser_mapping]: No point, skip this scan!
[fastlio_mapping-1] 
[fastlio_mapping-1] [INFO] [1784882034.747208500] [laser_mapping]: Initialize the map kdtree
[fastlio_mapping-1] IMU and LiDAR not Synced, IMU time: 1784882040.777993, lidar header time: 1784882050.868468 
[fastlio_mapping-1] IMU and LiDAR not Synced, IMU time: 1784882040.777993, lidar header time: 1784882050.968383 
[fastlio_mapping-1] IMU and LiDAR not Synced, IMU time: 1784882040.777993, lidar header time: 1784882051.068260 
[fastlio_mapping-1] IMU and LiDAR not Synced, IMU time: 1784882040.777993, lidar header time: 1784882051.168291 
[fastlio_mapping-1] IMU and LiDAR not Synced, IMU time: 1784882040.777993, lidar header time: 1784882051.268370 
[fastlio_mapping-1] IMU and LiDAR not Synced, IMU time: 1784882040.777993, lidar header time: 1784882051.368281 
[fastlio_mapping-1] IMU and LiDAR not Synced, IMU time: 1784882040.777993, lidar header time: 1784882051.468354 
[fastlio_mapping-1] IMU and LiDAR not Synced, IMU time: 1784882040.777993, lidar header time: 1784882051.568303 
[fastlio_mapping-1] IMU and LiDAR not Synced, IMU time: 1784882040.777993, lidar header time: 1784882051.668462 
[fastlio_mapping-1] IMU and LiDAR not Synced, IMU time: 1784882040.777993, lidar header time: 1784882051.768458 
[fastlio_mapping-1] IMU and LiDAR not Synced, IMU time: 1784882040.777993, lidar header time: 1784882051.868191 
[fastlio_mapping-1] IMU and LiDAR not Synced, IMU time: 1784882040.777993, lidar header time: 1784882051.968249 
[fastlio_mapping-1] IMU and LiDAR not Synced, IMU time: 1784882040.777993, lidar header time: 1784882052.068229 
[fastlio_mapping-1] IMU and LiDAR not Synced, IMU time: 1784882040.777993, lidar header time: 1784882052.168288 
[fastlio_mapping-1] IMU and LiDAR not Synced, IMU time: 1784882040.777993, lidar header time: 1784882052.268232 
[fastlio_mapping-1] IMU and LiDAR not Synced, IMU time: 1784882040.777993, lidar header time: 1784882052.368314 
[fastlio_mapping-1] IMU and LiDAR not Synced, IMU time: 1784882040.777993, lidar header time: 1784882052.468301 
[fastlio_mapping-1] IMU and LiDAR not Synced, IMU time: 1784882040.777993, lidar header time: 1784882052.568208 
[fastlio_mapping-1] IMU and LiDAR not Synced, IMU time: 1784882040.777993, lidar header time: 1784882052.668349 
[fastlio_mapping-1] IMU and LiDAR not Synced, IMU time: 1784882040.777993, lidar header time: 1784882052.768322 
[fastlio_mapping-1] IMU and LiDAR not Synced, IMU time: 1784882040.777993, lidar header time: 1784882052.868221 
[fastlio_mapping-1] IMU and LiDAR not Synced, IMU time: 1784882040.777993, lidar header time: 1784882052.968231 
[fastlio_mapping-1] IMU and LiDAR not Synced, IMU time: 1784882040.777993, lidar header time: 1784882053.068286 
[fastlio_mapping-1] IMU and LiDAR not Synced, IMU time: 1784882040.777993, lidar header time: 1784882053.168402 
[fastlio_mapping-1] IMU and LiDAR not Synced, IMU time: 1784882040.777993, lidar header time: 1784882053.268290 
[fastlio_mapping-1] IMU and LiDAR not Synced, IMU time: 1784882040.777993, lidar header time: 1784882053.368271 
[fastlio_mapping-1] IMU and LiDAR not Synced, IMU time: 1784882040.777993, lidar header time: 1784882053.468183 
[fastlio_mapping-1] IMU and LiDAR not Synced, IMU time: 1784882040.777993, lidar header time: 1784882053.568258 
[fastlio_mapping-1] IMU and LiDAR not Synced, IMU time: 1784882040.777993, lidar header time: 1784882053.668273 
[fastlio_mapping-1] IMU and LiDAR not Synced, IMU time: 1784882040.777993, lidar header time: 1784882053.768179 
[fastlio_mapping-1] IMU and LiDAR not Synced, IMU time: 1784882040.777993, lidar header time: 1784882053.868165 
[fastlio_mapping-1] IMU and LiDAR not Synced, IMU time: 1784882040.777993, lidar header time: 1784882053.968244 
[fastlio_mapping-1] IMU and LiDAR not Synced, IMU time: 1784882040.777993, lidar header time: 1784882054.068369 
[fastlio_mapping-1] IMU and LiDAR not Synced, IMU time: 1784882040.777993, lidar header time: 1784882054.168255 
[fastlio_mapping-1] IMU and LiDAR not Synced, IMU time: 1784882040.777993, lidar header time: 1784882054.268287 
[fastlio_mapping-1] IMU and LiDAR not Synced, IMU time: 1784882040.777993, lidar header time: 1784882054.368379 
[fastlio_mapping-1] IMU and LiDAR not Synced, IMU time: 1784882040.777993, lidar header time: 1784882054.468474 
[fastlio_mapping-1] IMU and LiDAR not Synced, IMU time: 1784882040.777993, lidar header time: 1784882054.568214 
[fastlio_mapping-1] catch sig %d2
[fastlio_mapping-1] Rebuild thread terminated normally
[INFO] [fastlio_mapping-1]: process has finished cleanly [pid 35088]
