MID360 lever arm validated (body FLU, control-center -> FAST-LIO origin): x=0.0 m y=0.0 m z=0.08 m; R_FASTLIO_body yaw=0.0 rad
[INFO] Running canonical preflight check...
Checking offboard autostart prerequisites...
MID360 lever arm validated (body FLU, control-center -> FAST-LIO origin): x=0.0 m y=0.0 m z=0.08 m; R_FASTLIO_body yaw=0.0 rad
STRUCTURAL_EV_ENTRY_CONTRACT=PASS
LAUNCH_AST_PARSE_RESULT=PASS
SELECTED_VISION_NODE_IDENTITY=package=px4_ros_com,executable=fastlio_mavros_vision_bridge,name=fastlio_mavros_vision_bridge
VISION_CONDITION_BINDING_RESULT=PASS
VISION_INPUT_BINDING_RESULT=PASS:/Odometry/healthy
VISION_RESTAMP_RESULT=PASS:false
VISION_LEVER_ARM_BINDING_RESULT=PASS:body_FLU_control_center_to_FAST_LIO
VISION_WORLD_YAW_BINDING_RESULT=PASS:one_alignment_for_position_and_attitude
PHYSICAL_BODY_TF_RESULT=PASS:base_link_to_FAST_LIO_body
LAUNCH_DEFAULTS_RESULT=PASS:start_mavros_vision_bridge=true
SINGLE_EV_WRITER_RESULT=PASS:single_ev_node_in_source
STACK_COMMAND_TOKEN_BINDING_RESULT=PASS
Traceback (most recent call last):
  File "/opt/ros/humble/bin/ros2", line 33, in <module>
    sys.exit(load_entry_point('ros2cli==0.18.18', 'console_scripts', 'ros2')())
  File "/opt/ros/humble/lib/python3.10/site-packages/ros2cli/cli.py", line 91, in main
    rc = extension.main(parser=parser, args=args)
  File "/opt/ros/humble/lib/python3.10/site-packages/ros2launch/command/launch.py", line 170, in main
    return print_arguments_of_launch_file(launch_file_path=path)
  File "/opt/ros/humble/lib/python3.10/site-packages/ros2launch/api/api.py", line 124, in print_arguments_of_launch_file
    print_arguments_of_launch_description(launch_description=launch_description)
  File "/opt/ros/humble/lib/python3.10/site-packages/ros2launch/api/api.py", line 112, in print_arguments_of_launch_description
    print(msg)
BrokenPipeError: [Errno 32] Broken pipe
Exception ignored in: <_io.TextIOWrapper name='<stdout>' mode='w' encoding='utf-8'>
BrokenPipeError: [Errno 32] Broken pipe
fastlio_mavros_autofix.launch.py does not expose unified vision_world_yaw_alignment_rad
