[MAVROS and EV chain] starting
[MAVROS and EV chain] command: ros2 launch px4_ros_com fastlio_mavros_autofix.launch.py fcu_url:=serial:///dev/ttyUSB0:921600\?ids=255\,190 start_mavros_vision_bridge:=true start_odom_guard:=true start_ev_health_monitor:=true start_tf:=true vision_world_yaw_alignment_rad:=0.0 body_to_sensor_x_m:=0.0 body_to_sensor_y_m:=0.0 body_to_sensor_z_m:=0.08 body_to_fastlio_yaw_rad:=0.0
[MAVROS and EV chain] pid=18050 pgid=18050 log=/home/robot/rong_ws/ws_offboard_control/flight_records/20260811/flight_20260811_205149/logs/px4_mavros.log
[INFO] [launch]: All log files can be found below /home/robot/.ros/log/2026-08-11-20-52-11-164385-robot-18050
[INFO] [launch]: Default logging verbosity is set to INFO
[INFO] [mavros_node-1]: process started with pid [18093]
[INFO] [fastlio_odometry_guard-2]: process started with pid [18095]
[INFO] [fastlio_ev_health_monitor.py-3]: process started with pid [18097]
[INFO] [fix_mavros_odometry_frames.py-4]: process started with pid [18099]
[INFO] [fastlio_mavros_vision_bridge-5]: process started with pid [18101]
[INFO] [static_transform_publisher-6]: process started with pid [18103]
[INFO] [static_transform_publisher-7]: process started with pid [18105]
[INFO] [static_transform_publisher-8]: process started with pid [18109]
[INFO] [static_transform_publisher-9]: process started with pid [18113]
[static_transform_publisher-7] [INFO] [1786452731.772989054] [base_link_to_body]: Spinning until stopped - publishing transform
[static_transform_publisher-7] translation: ('0.000000', '0.000000', '0.080000')
[static_transform_publisher-7] rotation: ('0.000000', '0.000000', '-0.000000', '1.000000')
[static_transform_publisher-7] from 'base_link' to 'body'
[static_transform_publisher-6] [INFO] [1786452731.788509256] [odom_to_camera_init]: Spinning until stopped - publishing transform
[static_transform_publisher-6] translation: ('0.000000', '0.000000', '0.000000')
[static_transform_publisher-6] rotation: ('0.000000', '0.000000', '0.000000', '1.000000')
[static_transform_publisher-6] from 'odom' to 'camera_init'
[fastlio_odometry_guard-2] [INFO] [1786452731.817130615] [fastlio_odometry_guard]: Guarding odometry /Odometry -> /Odometry/guarded (jump=0.30m, xy=0.20m, z=0.10m, speed=1.20m/s, unknown angular variance>=100000)
[mavros_node-1] [INFO] [1786452731.879887142] [mavros.mavros_node]: Starting mavros_node container
[mavros_node-1] [INFO] [1786452731.880296306] [mavros.mavros_node]: FCU URL: serial:///dev/ttyUSB0:921600?ids=255,190
[mavros_node-1] [INFO] [1786452731.880307325] [mavros.mavros_node]: GCS URL: 
[mavros_node-1] [INFO] [1786452731.880313330] [mavros.mavros_node]: UAS Prefix: /uas1
[mavros_node-1] [INFO] [1786452731.880320171] [mavros.mavros_node]: Starting mavros router node
[static_transform_publisher-8] [INFO] [1786452731.908418541] [camera_init_to_camera_init_ned]: Spinning until stopped - publishing transform
[static_transform_publisher-8] translation: ('0.000000', '0.000000', '0.000000')
[static_transform_publisher-8] rotation: ('0.707107', '0.707107', '0.000000', '0.000000')
[static_transform_publisher-8] from 'camera_init' to 'camera_init_ned'
[static_transform_publisher-9] [INFO] [1786452731.915188237] [body_to_body_frd]: Spinning until stopped - publishing transform
[static_transform_publisher-9] translation: ('0.000000', '0.000000', '0.000000')
[static_transform_publisher-9] rotation: ('1.000000', '0.000000', '0.000000', '0.000000')
[static_transform_publisher-9] from 'body' to 'body_frd'
[fastlio_mavros_vision_bridge-5] [INFO] [1786452732.049510912] [fastlio_mavros_vision_bridge]: Bridging /Odometry/healthy -> /mavros/vision_pose/pose_cov + vision_speed for MAVROS vision input; body->FAST-LIO origin in body FLU=(0.0000, 0.0000, 0.0800) m, R_FASTLIO_body yaw=0.000000 rad, world yaw alignment=0.000000 rad
[mavros_node-1] [INFO] [1786452732.050976231] [mavros.mavros_router]: Built-in SIMD instructions: SSE, SSE2
[mavros_node-1] [INFO] [1786452732.051072370] [mavros.mavros_router]: Built-in MAVLink package version: 2026.3.3
[mavros_node-1] [INFO] [1786452732.051094779] [mavros.mavros_router]: Known MAVLink dialects: common ardupilotmega ASLUAV AVSSUAS all csAirLink cubepilot development icarous loweheiser marsh matrixpilot paparazzi standard stemstudios storm32 uAvionix ualberta
[mavros_node-1] [INFO] [1786452732.051104577] [mavros.mavros_router]: MAVROS Router started
[mavros_node-1] [INFO] [1786452732.054505168] [mavros.mavros_node]: Starting mavros uas node
[fix_mavros_odometry_frames.py-4] [INFO] [1786452732.277394321] [fix_mavros_odometry_frames]: Waiting for /mavros/odometry parameter service...
[mavros_node-1] [INFO] [1786452732.369986131] [mavros.mavros_router]: Requested to add endpoint: type: 0, url: serial:///dev/ttyUSB0:921600?ids=255,190
[mavros_node-1] [INFO] [1786452732.370204137] [mavros.mavros_router]: Endpoint link[1000] created
[mavros_node-1] [INFO] [1786452732.371833605] [mavros.mavros_router]: link[1000] opened successfully
[mavros_node-1] [INFO] [1786452732.371932439] [mavros.mavros_router]: Requested to add endpoint: type: 2, url: /uas1
[mavros_node-1] [INFO] [1786452732.372001276] [mavros.mavros_router]: Endpoint link[1001] created
[mavros_node-1] [INFO] [1786452732.372662956] [mavros.mavros_router]: link[1000] detected remote address 1.1
[mavros_node-1] [INFO] [1786452732.377901090] [mavros.mavros_router]: link[1001] opened successfully
[mavros_node-1] [INFO] [1786452732.379885218] [mavros.mavros]: Plugin actuator_control ignored
[mavros_node-1] [INFO] [1786452732.380025478] [mavros.mavros]: Plugin adsb ignored
[mavros_node-1] [INFO] [1786452732.380042462] [mavros.mavros]: Plugin altitude ignored
[mavros_node-1] [INFO] [1786452732.380059995] [mavros.mavros]: Plugin cam_imu_sync ignored
[mavros_node-1] [INFO] [1786452732.380073324] [mavros.mavros]: Plugin camera ignored
[mavros_node-1] [INFO] [1786452732.380080245] [mavros.mavros]: Plugin cellular_status ignored
[mavros_node-1] [INFO] [1786452732.382503248] [mavros.mavros]: UAS Executor started, threads: 16
[fastlio_ev_health_monitor.py-3] [INFO] [1786452732.426114321] [fastlio_ev_health_monitor]: EV health gate /Odometry -> /Odometry/healthy; compare /mavros/local_position/velocity_local in PX4 local NED; status=/ev_health/status, diagnostics=/ev_health/diagnostics
[fastlio_ev_health_monitor.py-3] [WARN] [1786452732.429818760] [fastlio_ev_health_monitor]: EV health state=SUSPECT: px4_velocity_unaligned
[mavros_node-1] [INFO] [1786452732.455194418] [mavros.mavros]: Plugin command created
[mavros_node-1] [INFO] [1786452732.455278017] [mavros.mavros]: Plugin command initialized
[mavros_node-1] [INFO] [1786452732.455295001] [mavros.mavros]: Plugin companion_process_status ignored
[mavros_node-1] [INFO] [1786452732.455307732] [mavros.mavros]: Plugin debug_value ignored
[mavros_node-1] [INFO] [1786452732.455317501] [mavros.mavros]: Plugin distance_sensor ignored
[mavros_node-1] [INFO] [1786452732.455327556] [mavros.mavros]: Plugin esc_status ignored
[mavros_node-1] [INFO] [1786452732.455336950] [mavros.mavros]: Plugin esc_telemetry ignored
[mavros_node-1] [INFO] [1786452732.455346114] [mavros.mavros]: Plugin fake_gps ignored
[mavros_node-1] [INFO] [1786452732.455356178] [mavros.mavros]: Plugin ftp ignored
[mavros_node-1] [INFO] [1786452732.455374956] [mavros.mavros]: Plugin geofence ignored
[mavros_node-1] [INFO] [1786452732.455385844] [mavros.mavros]: Plugin gimbal_control ignored
[mavros_node-1] [INFO] [1786452732.455395108] [mavros.mavros]: Plugin global_position ignored
[mavros_node-1] [INFO] [1786452732.455405098] [mavros.mavros]: Plugin gps_input ignored
[mavros_node-1] [INFO] [1786452732.455414322] [mavros.mavros]: Plugin gps_rtk ignored
[mavros_node-1] [INFO] [1786452732.455423555] [mavros.mavros]: Plugin gps_status ignored
[mavros_node-1] [INFO] [1786452732.455432927] [mavros.mavros]: Plugin guided_target ignored
[mavros_node-1] [INFO] [1786452732.455442375] [mavros.mavros]: Plugin hil ignored
[mavros_node-1] [INFO] [1786452732.455452254] [mavros.mavros]: Plugin home_position ignored
[mavros_node-1] [INFO] [1786452732.486065406] [mavros.mavros]: Plugin imu created
[mavros_node-1] [INFO] [1786452732.486180248] [mavros.mavros]: Plugin imu initialized
[mavros_node-1] [INFO] [1786452732.486200707] [mavros.mavros]: Plugin landing_target ignored
[mavros_node-1] [INFO] [1786452732.514125771] [mavros.mavros]: Plugin local_position created
[mavros_node-1] [INFO] [1786452732.514179319] [mavros.mavros]: Plugin local_position initialized
[mavros_node-1] [INFO] [1786452732.514187071] [mavros.mavros]: Plugin log_transfer ignored
[mavros_node-1] [INFO] [1786452732.514190293] [mavros.mavros]: Plugin mag_calibration_status ignored
[mavros_node-1] [INFO] [1786452732.514193372] [mavros.mavros]: Plugin manual_control ignored
[mavros_node-1] [INFO] [1786452732.514228908] [mavros.mavros]: Plugin mocap_pose_estimate ignored
[mavros_node-1] [INFO] [1786452732.514233365] [mavros.mavros]: Plugin mount_control ignored
[mavros_node-1] [INFO] [1786452732.514236263] [mavros.mavros]: Plugin nav_controller_output ignored
[mavros_node-1] [INFO] [1786452732.514239342] [mavros.mavros]: Plugin obstacle_distance ignored
[mavros_node-1] [INFO] [1786452732.514241977] [mavros.mavros]: Plugin obstacle_distance_3d ignored
[fix_mavros_odometry_frames.py-4] [INFO] [1786452732.529077638] [fix_mavros_odometry_frames]: Setting MAVROS odometry target frames to odom/base_link.
[mavros_node-1] [INFO] [1786452732.542296519] [mavros.mavros]: Plugin odometry created
[mavros_node-1] [INFO] [1786452732.542425606] [mavros.mavros]: Plugin odometry initialized
[mavros_node-1] [INFO] [1786452732.542439828] [mavros.mavros]: Plugin onboard_computer_status ignored
[mavros_node-1] [INFO] [1786452732.542445365] [mavros.mavros]: Plugin open_drone_id ignored
[mavros_node-1] [INFO] [1786452732.542449793] [mavros.mavros]: Plugin optical_flow ignored
[mavros_node-1] [INFO] [1786452732.542455407] [mavros.mavros]: Plugin param ignored
[mavros_node-1] [INFO] [1786452732.542460339] [mavros.mavros]: Plugin play_tune ignored
[mavros_node-1] [INFO] [1786452732.542464377] [mavros.mavros]: Plugin px4flow ignored
[mavros_node-1] [INFO] [1786452732.542468554] [mavros.mavros]: Plugin rallypoint ignored
[mavros_node-1] [INFO] [1786452732.542472522] [mavros.mavros]: Plugin rangefinder ignored
[mavros_node-1] [INFO] [1786452732.542476319] [mavros.mavros]: Plugin rc_io ignored
[mavros_node-1] [INFO] [1786452732.542480166] [mavros.mavros]: Plugin setpoint_accel ignored
[mavros_node-1] [INFO] [1786452732.542484183] [mavros.mavros]: Plugin setpoint_attitude ignored
[mavros_node-1] [INFO] [1786452732.542488634] [mavros.mavros]: Plugin setpoint_position ignored
[fix_mavros_odometry_frames.py-4] [INFO] [1786452732.545836195] [fix_mavros_odometry_frames]: MAVROS odometry frame targets updated successfully.
[mavros_node-1] [INFO] [1786452732.572994142] [mavros.mavros]: Plugin setpoint_raw created
[mavros_node-1] [INFO] [1786452732.573109302] [mavros.mavros]: Plugin setpoint_raw initialized
[mavros_node-1] [INFO] [1786452732.573121787] [mavros.mavros]: Plugin setpoint_trajectory ignored
[mavros_node-1] [INFO] [1786452732.573128028] [mavros.mavros]: Plugin setpoint_velocity ignored
[mavros_node-1] [INFO] [1786452732.573132503] [mavros.mavros]: Plugin sim_state ignored
[mavros_node-1] [INFO] [1786452732.613392833] [mavros.mavros]: Plugin sys_status created
[mavros_node-1] [INFO] [1786452732.613681979] [mavros.mavros]: Plugin sys_status initialized
[mavros_node-1] [INFO] [1786452732.628652172] [mavros.time]: TM: Timesync mode: MAVLINK
[mavros_node-1] [INFO] [1786452732.632214247] [mavros.mavros]: Plugin sys_time created
[mavros_node-1] [INFO] [1786452732.632276098] [mavros.mavros]: Plugin sys_time initialized
[mavros_node-1] [INFO] [1786452732.632290981] [mavros.mavros]: Plugin tdr_radio ignored
[mavros_node-1] [INFO] [1786452732.632301299] [mavros.mavros]: Plugin terrain ignored
[mavros_node-1] [INFO] [1786452732.632310712] [mavros.mavros]: Plugin trajectory ignored
[mavros_node-1] [INFO] [1786452732.632320173] [mavros.mavros]: Plugin tunnel ignored
[mavros_node-1] [INFO] [1786452732.632329520] [mavros.mavros]: Plugin vfr_hud ignored
[mavros_node-1] [INFO] [1786452732.632339000] [mavros.mavros]: Plugin vibration ignored
[mavros_node-1] [INFO] [1786452732.651236539] [mavros.mavros]: Plugin vision_pose created
[mavros_node-1] [INFO] [1786452732.651336592] [mavros.mavros]: Plugin vision_pose initialized
[mavros_node-1] [INFO] [1786452732.686675693] [mavros.mavros]: Plugin vision_speed created
[mavros_node-1] [INFO] [1786452732.686757885] [mavros.mavros]: Plugin vision_speed initialized
[mavros_node-1] [INFO] [1786452732.686777877] [mavros.mavros]: Plugin waypoint ignored
[mavros_node-1] [INFO] [1786452732.686790793] [mavros.mavros]: Plugin wheel_odometry ignored
[mavros_node-1] [INFO] [1786452732.686801997] [mavros.mavros]: Plugin wind_estimation ignored
[mavros_node-1] [INFO] [1786452732.692737654] [mavros.mavros]: Built-in SIMD instructions: SSE, SSE2
[mavros_node-1] [INFO] [1786452732.692825906] [mavros.mavros]: Built-in MAVLink package version: 2026.3.3
[mavros_node-1] [INFO] [1786452732.692840321] [mavros.mavros]: Known MAVLink dialects: common ardupilotmega ASLUAV AVSSUAS all csAirLink cubepilot development icarous loweheiser marsh matrixpilot paparazzi standard stemstudios storm32 uAvionix ualberta
[mavros_node-1] [INFO] [1786452732.692851713] [mavros.mavros]: MAVROS UAS via /uas1 started. MY ID 255.190, TARGET ID 1.1
[mavros_node-1] [INFO] [1786452732.695781291] [mavros.mavros_router]: link[1001] detected remote address 255.190
[mavros_node-1] [INFO] [1786452732.701443532] [mavros.imu]: IMU: High resolution IMU detected!
[mavros_node-1] [INFO] [1786452732.701737024] [mavros.imu]: IMU: Attitude quaternion IMU detected!
[INFO] [fix_mavros_odometry_frames.py-4]: process has finished cleanly [pid 18099]
[mavros_node-1] [INFO] [1786452732.795517410] [mavros.mavros]: CON: Got HEARTBEAT, connected. FCU: PX4 Autopilot
[mavros_node-1] [INFO] [1786452732.800348639] [mavros.imu]: IMU: High resolution IMU detected!
[mavros_node-1] [INFO] [1786452732.800740721] [mavros.imu]: IMU: Attitude quaternion IMU detected!
[mavros_node-1] [WARN] [1786452733.809186839] [mavros.cmd]: CMD: Unexpected command 520, result 3
[mavros_node-1] [WARN] [1786452734.394473474] [mavros.sys]: FCU: UNK(8): EVENT 11047904 with args -0-128-0-16-1-0-0-0-0-0-0-0-0-199-191-127-128-0-0-0-0-0-0-0-0-0-0-0-0-0-0-0-0-0-0-0-0-0-0-0-
[mavros_node-1] [ERROR] [1786452734.394823616] [mavros.sys]: FCU: EVENT 9077977 with args -255-255-255-255-7-0-0-0-0-0-0-0-0-0-0-0-0-0-0-0-0-0-0-0-0-0-0-0-0-0-0-0-0-0-0-0-0-0-0-0-
[mavros_node-1] [ERROR] [1786452734.395093174] [mavros.sys]: FCU: EVENT 11464574 with args -0-64-0-0-20-0-0-0-0-0-0-0-0-0-0-0-0-0-0-0-0-0-0-0-0-0-0-0-0-0-0-0-0-0-0-0-0-0-0-0-
[mavros_node-1] [ERROR] [1786452734.395429463] [mavros.sys]: FCU: EVENT 10011251 with args -56-0-0-0-24-0-0-0-0-0-0-0-0-0-0-0-0-0-0-0-0-0-0-0-0-0-0-0-0-0-0-0-0-0-0-0-0-0-0-0-
[mavros_node-1] [INFO] [1786452734.395709763] [mavros.sys]: FCU: EVENT 377561 with args -8-0-0-0-20-0-0-0-0-0-0-0-0-0-0-0-0-0-0-0-0-0-0-0-0-0-0-0-0-0-0-0-0-0-0-0-0-0-0-0-
[mavros_node-1] [INFO] [1786452734.396013266] [mavros.sys]: FCU: EVENT 79408 with args -32-0-0-0-20-0-0-0-0-0-0-0-0-0-0-0-0-0-0-0-0-0-0-0-0-0-0-0-0-0-0-0-0-0-0-0-0-0-0-0-
[mavros_node-1] [ERROR] [1786452734.396430640] [mavros.sys]: FCU: EVENT 12754954 with args -255-255-255-255-20-0-0-0-0-0-0-0-0-0-0-0-0-0-0-0-0-0-0-0-0-0-0-0-0-0-0-0-0-0-0-0-0-0-0-0-
[mavros_node-1] [WARN] [1786452734.396935995] [mavros.sys]: FCU: UNK(8): EVENT 1914663 with args -0-130-16-2-48-0-0-0-0-0-0-0-0-0-0-0-0-0-0-0-0-0-0-0-0-0-0-0-0-0-0-0-0-0-0-0-0-0-0-0-
[mavros_node-1] [WARN] [1786452734.797601142] [mavros.sys]: VER: broadcast request timeout, retries left 4
[fastlio_ev_health_monitor.py-3] [INFO] [1786452734.900389844] [fastlio_ev_health_monitor]: EV health state=HEALTHY: ok
[mavros_node-1] [WARN] [1786452735.802879261] [mavros.sys]: VER: broadcast request timeout, retries left 3
[mavros_node-1] [ERROR] [1786452736.814585837] [mavros.sys]: VER: command plugin service call failed!
[mavros_node-1] [WARN] [1786452736.814825961] [mavros.sys]: VER: unicast request timeout, retries left 2
[mavros_node-1] [ERROR] [1786452737.817070554] [mavros.sys]: VER: command plugin service call failed!
[mavros_node-1] [WARN] [1786452737.817303588] [mavros.sys]: VER: unicast request timeout, retries left 1
[mavros_node-1] [ERROR] [1786452738.804977625] [mavros.sys]: VER: command plugin service call failed!
[mavros_node-1] [WARN] [1786452738.805160549] [mavros.sys]: VER: unicast request timeout, retries left 0
[mavros_node-1] [ERROR] [1786452739.842679940] [mavros.sys]: VER: command plugin service call failed!
[mavros_node-1] [WARN] [1786452739.842914257] [mavros.sys]: VER: your FCU don't support AUTOPILOT_VERSION, switched to default capabilities
[mavros_node-1] [WARN] [1786452742.416594791] [mavros.sys]: FCU: UNK(8): EVENT 11047904 with args -0-128-0-16-1-0-0-0-0-0-0-0-0-199-255-127-128-0-0-0-0-0-0-0-0-0-0-0-0-0-0-0-0-0-0-0-0-0-0-0-
[mavros_node-1] [ERROR] [1786452742.417283436] [mavros.sys]: FCU: EVENT 9077977 with args -255-255-255-255-7-0-0-0-0-0-0-0-0-0-0-0-0-0-0-0-0-0-0-0-0-0-0-0-0-0-0-0-0-0-0-0-0-0-0-0-
[mavros_node-1] [ERROR] [1786452742.417464558] [mavros.sys]: FCU: EVENT 10011251 with args -56-0-0-0-24-0-0-0-0-0-0-0-0-0-0-0-0-0-0-0-0-0-0-0-0-0-0-0-0-0-0-0-0-0-0-0-0-0-0-0-
[mavros_node-1] [INFO] [1786452742.417550026] [mavros.sys]: FCU: EVENT 377561 with args -8-0-0-0-20-0-0-0-0-0-0-0-0-0-0-0-0-0-0-0-0-0-0-0-0-0-0-0-0-0-0-0-0-0-0-0-0-0-0-0-
[mavros_node-1] [INFO] [1786452742.417953949] [mavros.sys]: FCU: EVENT 79408 with args -32-0-0-0-20-0-0-0-0-0-0-0-0-0-0-0-0-0-0-0-0-0-0-0-0-0-0-0-0-0-0-0-0-0-0-0-0-0-0-0-
[mavros_node-1] [ERROR] [1786452742.418113528] [mavros.sys]: FCU: EVENT 12754954 with args -255-255-255-255-20-0-0-0-0-0-0-0-0-0-0-0-0-0-0-0-0-0-0-0-0-0-0-0-0-0-0-0-0-0-0-0-0-0-0-0-
[mavros_node-1] [WARN] [1786452742.419169577] [mavros.sys]: FCU: UNK(8): EVENT 1914663 with args -0-130-16-2-48-0-0-0-0-0-0-0-0-0-0-0-0-0-0-0-0-0-0-0-0-0-0-0-0-0-0-0-0-0-0-0-0-0-0-0-
[fastlio_ev_health_monitor.py-3] [WARN] [1786452753.724587677] [fastlio_ev_health_monitor]: EV health state=SUSPECT: stale_input age=0.335s
[mavros_node-1] [WARN] [1786452754.712541567] [mavros.sys]: FCU: UNK(8): EVENT 11047904 with args -0-128-0-16-1-0-0-0-0-0-0-0-0-199-191-127-128-0-0-0-0-0-0-0-0-0-0-0-0-0-0-0-0-0-0-0-0-0-0-0-
[mavros_node-1] [ERROR] [1786452754.712808099] [mavros.sys]: FCU: EVENT 9077977 with args -255-255-255-255-7-0-0-0-0-0-0-0-0-0-0-0-0-0-0-0-0-0-0-0-0-0-0-0-0-0-0-0-0-0-0-0-0-0-0-0-
[mavros_node-1] [ERROR] [1786452754.712986677] [mavros.sys]: FCU: EVENT 11464574 with args -0-64-0-0-20-0-0-0-0-0-0-0-0-0-0-0-0-0-0-0-0-0-0-0-0-0-0-0-0-0-0-0-0-0-0-0-0-0-0-0-
[mavros_node-1] [ERROR] [1786452754.713043011] [mavros.sys]: FCU: EVENT 10011251 with args -56-0-0-0-24-0-0-0-0-0-0-0-0-0-0-0-0-0-0-0-0-0-0-0-0-0-0-0-0-0-0-0-0-0-0-0-0-0-0-0-
[mavros_node-1] [INFO] [1786452754.713393498] [mavros.sys]: FCU: EVENT 377561 with args -8-0-0-0-20-0-0-0-0-0-0-0-0-0-0-0-0-0-0-0-0-0-0-0-0-0-0-0-0-0-0-0-0-0-0-0-0-0-0-0-
[mavros_node-1] [INFO] [1786452754.713696920] [mavros.sys]: FCU: EVENT 79408 with args -32-0-0-0-20-0-0-0-0-0-0-0-0-0-0-0-0-0-0-0-0-0-0-0-0-0-0-0-0-0-0-0-0-0-0-0-0-0-0-0-
[mavros_node-1] [ERROR] [1786452754.714014766] [mavros.sys]: FCU: EVENT 12754954 with args -255-255-255-255-20-0-0-0-0-0-0-0-0-0-0-0-0-0-0-0-0-0-0-0-0-0-0-0-0-0-0-0-0-0-0-0-0-0-0-0-
[mavros_node-1] [WARN] [1786452754.718069527] [mavros.sys]: FCU: UNK(8): EVENT 1914663 with args -0-130-16-2-48-0-0-0-0-0-0-0-0-0-0-0-0-0-0-0-0-0-0-0-0-0-0-0-0-0-0-0-0-0-0-0-0-0-0-0-
[fastlio_ev_health_monitor.py-3] [INFO] [1786452755.803169814] [fastlio_ev_health_monitor]: EV health state=HEALTHY: ok
[fastlio_ev_health_monitor.py-3] [WARN] [1786452759.720261531] [fastlio_ev_health_monitor]: EV health state=SUSPECT: stale_input age=0.332s
[fastlio_ev_health_monitor.py-3] [INFO] [1786452762.799047099] [fastlio_ev_health_monitor]: EV health state=HEALTHY: ok
[mavros_node-1] [WARN] [1786452770.353870650] [mavros.sys]: FCU: UNK(8): EVENT 11047904 with args -0-128-0-16-1-0-0-0-0-0-0-0-0-199-255-127-128-0-0-0-0-0-0-0-0-0-0-0-0-0-0-0-0-0-0-0-0-0-0-0-
[mavros_node-1] [ERROR] [1786452770.354246267] [mavros.sys]: FCU: EVENT 9077977 with args -255-255-255-255-7-0-0-0-0-0-0-0-0-0-0-0-0-0-0-0-0-0-0-0-0-0-0-0-0-0-0-0-0-0-0-0-0-0-0-0-
[mavros_node-1] [ERROR] [1786452770.354614541] [mavros.sys]: FCU: EVENT 10011251 with args -56-0-0-0-24-0-0-0-0-0-0-0-0-0-0-0-0-0-0-0-0-0-0-0-0-0-0-0-0-0-0-0-0-0-0-0-0-0-0-0-
[mavros_node-1] [INFO] [1786452770.355016408] [mavros.sys]: FCU: EVENT 377561 with args -8-0-0-0-20-0-0-0-0-0-0-0-0-0-0-0-0-0-0-0-0-0-0-0-0-0-0-0-0-0-0-0-0-0-0-0-0-0-0-0-
[mavros_node-1] [INFO] [1786452770.355269778] [mavros.sys]: FCU: EVENT 79408 with args -32-0-0-0-20-0-0-0-0-0-0-0-0-0-0-0-0-0-0-0-0-0-0-0-0-0-0-0-0-0-0-0-0-0-0-0-0-0-0-0-
[mavros_node-1] [ERROR] [1786452770.355657711] [mavros.sys]: FCU: EVENT 12754954 with args -255-255-255-255-20-0-0-0-0-0-0-0-0-0-0-0-0-0-0-0-0-0-0-0-0-0-0-0-0-0-0-0-0-0-0-0-0-0-0-0-
[mavros_node-1] [WARN] [1786452770.356548502] [mavros.sys]: FCU: UNK(8): EVENT 1914663 with args -0-130-16-2-48-0-0-0-0-0-0-0-0-0-0-0-0-0-0-0-0-0-0-0-0-0-0-0-0-0-0-0-0-0-0-0-0-0-0-0-
[mavros_node-1] [INFO] [1786452784.734272975] [mavros.sys]: FCU: EVENT 16682655 with args -0-0-0-0-0-0-0-0-0-0-0-0-0-0-0-0-0-0-0-0-0-0-0-0-0-0-0-0-0-0-0-0-0-0-0-0-0-0-0-0-
[mavros_node-1] [WARN] [1786452784.766886955] [mavros.sys]: FCU: UNK(8): EVENT 11047904 with args -0-0-0-0-1-0-0-0-0-199-255-127-128-199-255-127-128-0-0-0-0-0-0-0-0-0-0-0-0-0-0-0-0-0-0-0-0-0-0-0-
[mavros_node-1] [ERROR] [1786452784.767144958] [mavros.sys]: FCU: EVENT 10011251 with args -56-0-0-0-24-0-0-0-0-0-0-0-0-0-0-0-0-0-0-0-0-0-0-0-0-0-0-0-0-0-0-0-0-0-0-0-0-0-0-0-
[mavros_node-1] [INFO] [1786452784.767317749] [mavros.sys]: FCU: EVENT 377561 with args -8-0-0-0-20-0-0-0-0-0-0-0-0-0-0-0-0-0-0-0-0-0-0-0-0-0-0-0-0-0-0-0-0-0-0-0-0-0-0-0-
[mavros_node-1] [INFO] [1786452784.767603488] [mavros.sys]: FCU: EVENT 79408 with args -32-0-0-0-20-0-0-0-0-0-0-0-0-0-0-0-0-0-0-0-0-0-0-0-0-0-0-0-0-0-0-0-0-0-0-0-0-0-0-0-
[mavros_node-1] [WARN] [1786452784.768335041] [mavros.sys]: FCU: UNK(8): EVENT 1914663 with args -0-130-16-2-48-0-0-0-0-0-0-0-0-0-0-0-0-0-0-0-0-0-0-0-0-0-0-0-0-0-0-0-0-0-0-0-0-0-0-0-
[mavros_node-1] [INFO] [1786452785.047083789] [mavros.sys]: FCU: EVENT 9489139 with args -2-0-0-0-0-0-0-0-0-0-0-0-0-0-0-0-0-0-0-0-0-0-0-0-0-0-0-0-0-0-0-0-0-0-0-0-0-0-0-0-
[mavros_node-1] [INFO] [1786452785.049285750] [mavros.sys]: FCU: EVENT 1203183 with args -234-7-8-11-12-53-4-0-0-0-0-0-0-0-0-0-0-0-0-0-0-0-0-0-0-0-0-0-0-0-0-0-0-0-0-0-0-0-0-0-
[mavros_node-1] [INFO] [1786452786.776811282] [mavros.sys]: FCU: EVENT 4277609 with args -0-0-0-0-0-0-0-0-0-0-0-0-0-0-0-0-0-0-0-0-0-0-0-0-0-0-0-0-0-0-0-0-0-0-0-0-0-0-0-0-
[mavros_node-1] [WARN] [1786452786.861882578] [mavros.sys]: FCU: UNK(8): EVENT 11047904 with args -0-0-0-0-1-0-0-0-0-199-255-127-128-199-255-127-128-0-0-0-0-0-0-0-0-0-0-0-0-0-0-0-0-0-0-0-0-0-0-0-
[mavros_node-1] [ERROR] [1786452786.862061805] [mavros.sys]: FCU: EVENT 10011251 with args -56-0-0-0-24-0-0-0-0-0-0-0-0-0-0-0-0-0-0-0-0-0-0-0-0-0-0-0-0-0-0-0-0-0-0-0-0-0-0-0-
[mavros_node-1] [INFO] [1786452786.862396256] [mavros.sys]: FCU: EVENT 377561 with args -8-0-0-0-20-0-0-0-0-0-0-0-0-0-0-0-0-0-0-0-0-0-0-0-0-0-0-0-0-0-0-0-0-0-0-0-0-0-0-0-
[mavros_node-1] [INFO] [1786452786.862778351] [mavros.sys]: FCU: EVENT 79408 with args -32-0-0-0-20-0-0-0-0-0-0-0-0-0-0-0-0-0-0-0-0-0-0-0-0-0-0-0-0-0-0-0-0-0-0-0-0-0-0-0-
[mavros_node-1] [WARN] [1786452786.864589862] [mavros.sys]: FCU: UNK(8): EVENT 1914663 with args -0-130-20-2-48-0-0-0-0-0-0-0-0-0-0-0-0-0-0-0-0-0-0-0-0-0-0-0-0-0-0-0-0-0-0-0-0-0-0-0-
[fastlio_odometry_guard-2] [WARN] [1786452793.103897923] [fastlio_odometry_guard]: Rejected FAST-LIO odometry: z jump 0.111968 m; resynced guard baseline (accepted=612 rejected=1)
[fastlio_odometry_guard-2] [WARN] [1786452794.703534119] [fastlio_odometry_guard]: Rejected FAST-LIO odometry: z jump -0.102549 m; resynced guard baseline (accepted=623 rejected=6)
[mavros_node-1] [WARN] [1786452797.762355375] [uas]: PX4: Unknown sub-mode 3.2
[mavros_node-1] [WARN] [1786452798.762276120] [uas]: PX4: Unknown sub-mode 3.2
[mavros_node-1] [WARN] [1786452799.760738608] [uas]: PX4: Unknown sub-mode 3.2
[mavros_node-1] [WARN] [1786452800.760267857] [uas]: PX4: Unknown sub-mode 3.2
[mavros_node-1] [WARN] [1786452801.762114229] [uas]: PX4: Unknown sub-mode 3.2
[mavros_node-1] [WARN] [1786452802.759917430] [uas]: PX4: Unknown sub-mode 3.2
[mavros_node-1] [WARN] [1786452803.761405745] [uas]: PX4: Unknown sub-mode 3.2
[mavros_node-1] [WARN] [1786452804.761086348] [uas]: PX4: Unknown sub-mode 3.2
[mavros_node-1] [WARN] [1786452805.760550816] [uas]: PX4: Unknown sub-mode 3.2
[mavros_node-1] [WARN] [1786452806.764614510] [uas]: PX4: Unknown sub-mode 3.2
[mavros_node-1] [WARN] [1786452807.760514278] [uas]: PX4: Unknown sub-mode 3.2
[mavros_node-1] [WARN] [1786452808.762887758] [uas]: PX4: Unknown sub-mode 3.2
[mavros_node-1] [WARN] [1786452809.757733094] [uas]: PX4: Unknown sub-mode 3.2
[mavros_node-1] [WARN] [1786452810.759392405] [uas]: PX4: Unknown sub-mode 3.2
[mavros_node-1] [WARN] [1786452811.759167832] [uas]: PX4: Unknown sub-mode 3.2
[mavros_node-1] [WARN] [1786452812.758795861] [uas]: PX4: Unknown sub-mode 3.2
[mavros_node-1] [WARN] [1786452813.758193224] [uas]: PX4: Unknown sub-mode 3.2
[mavros_node-1] [WARN] [1786452814.757619255] [uas]: PX4: Unknown sub-mode 3.2
[mavros_node-1] [WARN] [1786452815.758427835] [uas]: PX4: Unknown sub-mode 3.2
[mavros_node-1] [WARN] [1786452816.755725556] [uas]: PX4: Unknown sub-mode 3.2
[mavros_node-1] [WARN] [1786452817.755644873] [uas]: PX4: Unknown sub-mode 3.2
[mavros_node-1] [WARN] [1786452818.756357950] [uas]: PX4: Unknown sub-mode 3.2
[fastlio_ev_health_monitor.py-3] [WARN] [1786452819.204185223] [fastlio_ev_health_monitor]: EV health state=SUSPECT: px4_velocity_unaligned
[mavros_node-1] [WARN] [1786452819.758222711] [uas]: PX4: Unknown sub-mode 3.2
[mavros_node-1] [WARN] [1786452820.756260434] [uas]: PX4: Unknown sub-mode 3.2
[fastlio_ev_health_monitor.py-3] [INFO] [1786452821.353311942] [fastlio_ev_health_monitor]: EV health state=HEALTHY: ok
[mavros_node-1] [WARN] [1786452821.755645542] [uas]: PX4: Unknown sub-mode 3.2
[mavros_node-1] [WARN] [1786452822.756419265] [uas]: PX4: Unknown sub-mode 3.2
[mavros_node-1] [WARN] [1786452823.755498428] [uas]: PX4: Unknown sub-mode 3.2
[mavros_node-1] [WARN] [1786452824.754815477] [uas]: PX4: Unknown sub-mode 3.2
[mavros_node-1] [WARN] [1786452825.754363353] [uas]: PX4: Unknown sub-mode 3.2
[mavros_node-1] [WARN] [1786452826.754340668] [uas]: PX4: Unknown sub-mode 3.2
[mavros_node-1] [WARN] [1786452827.756053321] [uas]: PX4: Unknown sub-mode 3.2
[mavros_node-1] [WARN] [1786452828.754269162] [uas]: PX4: Unknown sub-mode 3.2
[mavros_node-1] [WARN] [1786452829.754612913] [uas]: PX4: Unknown sub-mode 3.2
[mavros_node-1] [WARN] [1786452830.764256988] [uas]: PX4: Unknown sub-mode 3.2
[mavros_node-1] [WARN] [1786452831.754891005] [uas]: PX4: Unknown sub-mode 3.2
[mavros_node-1] [WARN] [1786452832.754143693] [uas]: PX4: Unknown sub-mode 3.2
[mavros_node-1] [WARN] [1786452833.751711572] [uas]: PX4: Unknown sub-mode 3.2
[mavros_node-1] [WARN] [1786452834.753585202] [uas]: PX4: Unknown sub-mode 3.2
[mavros_node-1] [WARN] [1786452835.753566766] [uas]: PX4: Unknown sub-mode 3.2
[mavros_node-1] [ERROR] [1786452835.923020827] [mavros.sys]: FCU: EVENT 11290563 with args -0-0-0-0-0-0-0-0-0-0-0-0-0-0-0-0-0-0-0-0-0-0-0-0-0-0-0-0-0-0-0-0-0-0-0-0-0-0-0-0-
[mavros_node-1] [WARN] [1786452835.953018599] [mavros.sys]: FCU: UNK(8): EVENT 11047904 with args -0-0-0-16-1-0-0-0-0-0-0-0-0-199-255-127-128-0-0-0-0-0-0-0-0-0-0-0-0-0-0-0-0-0-0-0-0-0-0-0-
[mavros_node-1] [ERROR] [1786452835.953994426] [mavros.sys]: FCU: EVENT 10011251 with args -56-0-0-0-24-0-0-0-0-0-0-0-0-0-0-0-0-0-0-0-0-0-0-0-0-0-0-0-0-0-0-0-0-0-0-0-0-0-0-0-
[mavros_node-1] [INFO] [1786452835.954846329] [mavros.sys]: FCU: EVENT 377561 with args -8-0-0-0-20-0-0-0-0-0-0-0-0-0-0-0-0-0-0-0-0-0-0-0-0-0-0-0-0-0-0-0-0-0-0-0-0-0-0-0-
[mavros_node-1] [INFO] [1786452835.955051572] [mavros.sys]: FCU: EVENT 79408 with args -32-0-0-0-20-0-0-0-0-0-0-0-0-0-0-0-0-0-0-0-0-0-0-0-0-0-0-0-0-0-0-0-0-0-0-0-0-0-0-0-
[mavros_node-1] [ERROR] [1786452835.955182798] [mavros.sys]: FCU: EVENT 12754954 with args -255-255-255-255-20-0-0-0-0-0-0-0-0-0-0-0-0-0-0-0-0-0-0-0-0-0-0-0-0-0-0-0-0-0-0-0-0-0-0-0-
[mavros_node-1] [WARN] [1786452835.955324890] [mavros.sys]: FCU: UNK(8): EVENT 1914663 with args -0-130-20-2-48-0-0-0-0-0-0-0-0-0-0-0-0-0-0-0-0-0-0-0-0-0-0-0-0-0-0-0-0-0-0-0-0-0-0-0-
[mavros_node-1] [WARN] [1786452836.753510300] [uas]: PX4: Unknown sub-mode 3.2
[mavros_node-1] [INFO] [1786452836.770968081] [mavros.sys]: FCU: EVENT 9844908 with args -0-0-0-0-0-0-0-0-0-0-0-0-0-0-0-0-0-0-0-0-0-0-0-0-0-0-0-0-0-0-0-0-0-0-0-0-0-0-0-0-
[mavros_node-1] [WARN] [1786452837.752851196] [uas]: PX4: Unknown sub-mode 3.2
[mavros_node-1] [WARN] [1786452838.751956132] [uas]: PX4: Unknown sub-mode 3.2
[mavros_node-1] [INFO] [1786452838.777951988] [mavros.sys]: FCU: EVENT 16017271 with args -6-0-0-0-0-0-0-0-0-0-0-0-0-0-0-0-0-0-0-0-0-0-0-0-0-0-0-0-0-0-0-0-0-0-0-0-0-0-0-0-
[mavros_node-1] [WARN] [1786452838.778590941] [mavros.sys]: FCU: UNK(8): EVENT 11047904 with args -0-128-0-16-1-0-0-0-0-0-0-0-0-199-255-127-128-0-0-0-0-0-0-0-0-0-0-0-0-0-0-0-0-0-0-0-0-0-0-0-
[mavros_node-1] [ERROR] [1786452838.778771578] [mavros.sys]: FCU: EVENT 9077977 with args -255-255-255-255-7-0-0-0-0-0-0-0-0-0-0-0-0-0-0-0-0-0-0-0-0-0-0-0-0-0-0-0-0-0-0-0-0-0-0-0-
[mavros_node-1] [ERROR] [1786452838.778904094] [mavros.sys]: FCU: EVENT 10011251 with args -56-0-0-0-24-0-0-0-0-0-0-0-0-0-0-0-0-0-0-0-0-0-0-0-0-0-0-0-0-0-0-0-0-0-0-0-0-0-0-0-
[mavros_node-1] [INFO] [1786452838.779238091] [mavros.sys]: FCU: EVENT 377561 with args -8-0-0-0-20-0-0-0-0-0-0-0-0-0-0-0-0-0-0-0-0-0-0-0-0-0-0-0-0-0-0-0-0-0-0-0-0-0-0-0-
[mavros_node-1] [INFO] [1786452838.779686393] [mavros.sys]: FCU: EVENT 79408 with args -32-0-0-0-20-0-0-0-0-0-0-0-0-0-0-0-0-0-0-0-0-0-0-0-0-0-0-0-0-0-0-0-0-0-0-0-0-0-0-0-
[mavros_node-1] [ERROR] [1786452838.780355580] [mavros.sys]: FCU: EVENT 12754954 with args -255-255-255-255-20-0-0-0-0-0-0-0-0-0-0-0-0-0-0-0-0-0-0-0-0-0-0-0-0-0-0-0-0-0-0-0-0-0-0-0-
[mavros_node-1] [WARN] [1786452838.780519917] [mavros.sys]: FCU: UNK(8): EVENT 1914663 with args -0-130-20-2-48-0-0-0-0-0-0-0-0-0-0-0-0-0-0-0-0-0-0-0-0-0-0-0-0-0-0-0-0-0-0-0-0-0-0-0-
[MAVROS and EV chain] 正在停止进程组 18050
[MAVROS and EV chain] 已退出，状态码 143
