[debug rosbag] starting
[debug rosbag] command: env FLIGHT_TIMESTAMP=20260811_205149 FLIGHT_RUN_DIR=/home/robot/rong_ws/ws_offboard_control/flight_records/20260811/flight_20260811_205149 /home/robot/rong_ws/ws_offboard_control/tools/rosbag/开始录包.sh
[debug rosbag] pid=19436 pgid=19436 log=/home/robot/rong_ws/ws_offboard_control/flight_records/20260811/flight_20260811_205149/logs/rosbag_debug.log
本场次目录：/home/robot/rong_ws/ws_offboard_control/flight_records/20260811/flight_20260811_205149
参数快照目录：/home/robot/rong_ws/ws_offboard_control/flight_records/20260811/flight_20260811_205149/snapshot
录包输出目录：/home/robot/rong_ws/ws_offboard_control/flight_records/20260811/flight_20260811_205149/rosbag
是否录制完整配准点云：false
在本终端按 Ctrl+C 停止录包。
stdin is not a terminal device. Keyboard handling disabled.[INFO] [1786452749.712466369] [rosbag2_recorder]: Press SPACE for pausing/resuming
[INFO] [1786452749.714667133] [rosbag2_storage]: Opened database '/home/robot/rong_ws/ws_offboard_control/flight_records/20260811/flight_20260811_205149/rosbag/rosbag_0.db3' for READ_WRITE.
[INFO] [1786452749.715657582] [rosbag2_recorder]: Listening for topics...
[INFO] [1786452749.715673514] [rosbag2_recorder]: Event publisher thread: Starting
[INFO] [1786452749.715858196] [rosbag2_recorder]: Recording...
[INFO] [1786452749.820403818] [rosbag2_recorder]: Subscribed to topic '/race/ego/local_goal'
[INFO] [1786452749.822917643] [rosbag2_recorder]: Subscribed to topic '/mavros/vision_speed/speed_twist_cov'
[INFO] [1786452749.825172337] [rosbag2_recorder]: Subscribed to topic '/race/pose'
[INFO] [1786452749.827137095] [rosbag2_recorder]: Subscribed to topic '/race/ego/bspline'
[INFO] [1786452749.828998488] [rosbag2_recorder]: Subscribed to topic '/ev_health/status'
[INFO] [1786452749.830272754] [rosbag2_recorder]: Subscribed to topic '/mavros/vision_pose/pose_cov'
[INFO] [1786452749.830923185] [rosbag2_recorder]: Subscribed to topic '/race/control/status'
[INFO] [1786452749.831891440] [rosbag2_recorder]: Subscribed to topic '/race/super_planner/raw_path'
[INFO] [1786452749.832488337] [rosbag2_recorder]: Subscribed to topic '/race/global_path'
[INFO] [1786452749.833102238] [rosbag2_recorder]: Subscribed to topic '/Odometry/guarded'
[INFO] [1786452749.834596415] [rosbag2_recorder]: Subscribed to topic '/mavros/setpoint_raw/local'
[INFO] [1786452749.835578659] [rosbag2_recorder]: Subscribed to topic '/race/odom'
[INFO] [1786452749.838045955] [rosbag2_recorder]: Subscribed to topic '/ev_health/diagnostics'
[INFO] [1786452749.839753915] [rosbag2_recorder]: Subscribed to topic '/race/global_planner/status'
[INFO] [1786452749.840872757] [rosbag2_recorder]: Subscribed to topic '/race/ego/odom'
[INFO] [1786452749.842161683] [rosbag2_recorder]: Subscribed to topic '/race/ego/local_path_reference'
[INFO] [1786452749.843202110] [rosbag2_recorder]: Subscribed to topic '/race/planner/status'
[INFO] [1786452749.844419769] [rosbag2_recorder]: Subscribed to topic '/Odometry/healthy'
[INFO] [1786452749.845388418] [rosbag2_recorder]: Subscribed to topic '/ev_health/fault'
[INFO] [1786452749.846087619] [rosbag2_recorder]: Subscribed to topic '/ev_health/velocity_ned'
[INFO] [1786452749.846803708] [rosbag2_recorder]: Subscribed to topic '/goal_pose'
[INFO] [1786452750.795557469] [rosbag2_recorder]: Subscribed to topic '/mavros/local_position/velocity_body'
[INFO] [1786452750.800247582] [rosbag2_recorder]: Subscribed to topic '/mavros/setpoint_raw/target_local'
[INFO] [1786452750.804277521] [rosbag2_recorder]: Subscribed to topic '/mavros/local_position/velocity_local'
[INFO] [1786452750.808212574] [rosbag2_recorder]: Subscribed to topic '/mavros/local_position/odom'
[INFO] [1786452750.811278301] [rosbag2_recorder]: Subscribed to topic '/race/ego/validated_bspline'
[INFO] [1786452750.813986755] [rosbag2_recorder]: Subscribed to topic '/race/ego/trajectory_setpoint'
[INFO] [1786452750.817257499] [rosbag2_recorder]: Subscribed to topic '/mavros/estimator_status'
[INFO] [1786452750.819660040] [rosbag2_recorder]: Subscribed to topic '/race/ego/status'
[INFO] [1786452750.824485292] [rosbag2_recorder]: Subscribed to topic '/race/ego/position_command'
[INFO] [1786452750.831932526] [rosbag2_recorder]: Subscribed to topic '/mavros/local_position/pose'
[INFO] [1786452750.837850232] [rosbag2_recorder]: Subscribed to topic '/Odometry'
[INFO] [1786452750.842213156] [rosbag2_recorder]: Subscribed to topic '/mavros/state'
[INFO] [1786452750.848600944] [rosbag2_recorder]: Subscribed to topic '/path'
[INFO] [1786452750.852951602] [rosbag2_recorder]: Subscribed to topic '/race/ego/command_local_goal_seq'
[INFO] [1786452839.438239703] [rosbag2_cpp]: Writing remaining messages from cache to the bag. It may take a while
[INFO] [1786452839.441893099] [rosbag2_recorder]: Event publisher thread: Exiting
[INFO] [1786452839.442116051] [rosbag2_recorder]: Recording stopped
[debug rosbag] 已退出，状态码 143
