Flight run directory: /home/robot/ws_offboard_control/flight_records/20260719/flight_20260719_155940
Parameter snapshot: /home/robot/ws_offboard_control/flight_records/20260719/flight_20260719_155940/snapshot
Recording rosbag to: /home/robot/ws_offboard_control/flight_records/20260719/flight_20260719_155940/rosbag
Press Ctrl+C in this terminal to stop recording.
stdin is not a terminal device. Keyboard handling disabled.[INFO] [1784448008.963539016] [rosbag2_recorder]: Press SPACE for pausing/resuming
[INFO] [1784448008.969717605] [rosbag2_storage]: Opened database '/home/robot/ws_offboard_control/flight_records/20260719/flight_20260719_155940/rosbag/rosbag_0.db3' for READ_WRITE.
[INFO] [1784448008.977239495] [rosbag2_recorder]: Listening for topics...
[INFO] [1784448008.977279142] [rosbag2_recorder]: Event publisher thread: Starting
[INFO] [1784448008.986522314] [rosbag2_recorder]: Subscribed to topic '/route_tracker/reference_path_3d'
[INFO] [1784448008.994053525] [rosbag2_recorder]: Subscribed to topic '/minipc_mavros_offboard/mpc_setpoint_debug'
[INFO] [1784448009.003807511] [rosbag2_recorder]: Subscribed to topic '/route_tracker/lookahead_target'
[INFO] [1784448009.010329982] [rosbag2_recorder]: Subscribed to topic '/mavros/setpoint_raw/local'
[INFO] [1784448009.011060368] [rosbag2_recorder]: Recording...
[INFO] [1784448009.014248249] [rosbag2_recorder]: Subscribed to topic '/Odometry/guarded'
[INFO] [1784448009.124047626] [rosbag2_recorder]: Subscribed to topic '/Odometry'
[INFO] [1784448009.133671855] [rosbag2_recorder]: Subscribed to topic '/cloud_registered'
[INFO] [1784448009.137400199] [rosbag2_recorder]: Subscribed to topic '/path'
[INFO] [1784448009.251223894] [rosbag2_recorder]: Subscribed to topic '/mavros/local_position/pose'
[INFO] [1784448009.254497854] [rosbag2_recorder]: Subscribed to topic '/mavros/local_position/odom'
[INFO] [1784448010.031820461] [rosbag2_recorder]: Subscribed to topic '/mavros/setpoint_raw/target_local'
[INFO] [1784448010.044383885] [rosbag2_recorder]: Subscribed to topic '/mavros/state'
[INFO] [1784448010.054018380] [rosbag2_recorder]: Subscribed to topic '/mavros/vision_pose/pose_cov'
