[INFO] [launch]: All log files can be found below /home/robot/.ros/log/2026-08-10-21-41-42-412754-robot-4529
[INFO] [launch]: Default logging verbosity is set to INFO
[INFO] [fastlio_bridge_node-1]: process started with pid [4532]
[INFO] [frame_transform_node-2]: process started with pid [4534]
[INFO] [map_io_node-3]: process started with pid [4536]
[INFO] [mapping_manager_node-4]: process started with pid [4538]
[mapping_manager_node-4] [INFO] [1786369302.488391302] [mapping_manager_node]: mapping_manager_node started
[mapping_manager_node-4] [INFO] [1786369302.488537640] [mapping_manager_node]:   auto_load_on_start: false
[mapping_manager_node-4] [INFO] [1786369302.488545028] [mapping_manager_node]:   auto_save_on_land: true
[fastlio_bridge_node-1] [INFO] [1786369302.489573184] [fastlio_bridge_node]: FAST-LIO2 里程计桥接已启动：订阅 /Odometry -> /race/odom, /race/pose
[frame_transform_node-2] [INFO] [1786369302.495713334] [frame_transform_node]: frame_transform_node started
[frame_transform_node-2] [INFO] [1786369302.495939895] [frame_transform_node]:   Published static TF: map -> odom (identity)
[frame_transform_node-2] [INFO] [1786369302.495957869] [frame_transform_node]:   Published static TF: camera_init -> map (identity, RViz display only)
[map_io_node-3] [INFO] [1786369302.519606651] [map_io_node]: map_io_node started
[map_io_node-3] [INFO] [1786369302.519732167] [map_io_node]:   map_file: /home/robot/rong_ws/ws_offboard_control/maps/现场扫图/20260810/扫图_20260810_214121/现场地图.pcd
[map_io_node-3] [INFO] [1786369302.519738161] [map_io_node]:   publish_topic: /saved_map
[map_io_node-3] [INFO] [1786369302.519741207] [map_io_node]:   display_leaf_size: 0.10 m
[map_io_node-3] [INFO] [1786369302.519747789] [map_io_node]:   max_display_points: 3000000
[fastlio_bridge_node-1] [INFO] [1786369304.017944934] [fastlio_bridge_node]: 已桥接并转换里程计: ENU(-0.00, -0.02, 0.01) -> NED(0.00, -0.02, -0.01)
[fastlio_bridge_node-1] [INFO] [1786369306.018771160] [fastlio_bridge_node]: 已桥接并转换里程计: ENU(0.01, -0.01, 0.00) -> NED(-0.01, -0.01, -0.00)
[fastlio_bridge_node-1] [INFO] [1786369308.019079206] [fastlio_bridge_node]: 已桥接并转换里程计: ENU(0.01, -0.01, 0.01) -> NED(-0.01, -0.01, -0.01)
[fastlio_bridge_node-1] [INFO] [1786369310.019244368] [fastlio_bridge_node]: 已桥接并转换里程计: ENU(0.01, -0.01, 0.00) -> NED(-0.01, -0.01, -0.00)
[fastlio_bridge_node-1] [INFO] [1786369312.019650946] [fastlio_bridge_node]: 已桥接并转换里程计: ENU(0.01, -0.01, 0.00) -> NED(-0.01, -0.01, -0.00)
[fastlio_bridge_node-1] [INFO] [1786369314.019312821] [fastlio_bridge_node]: 已桥接并转换里程计: ENU(0.02, -0.02, -0.00) -> NED(-0.02, -0.02, 0.00)
[fastlio_bridge_node-1] [INFO] [1786369316.019011368] [fastlio_bridge_node]: 已桥接并转换里程计: ENU(0.02, -0.03, 0.00) -> NED(-0.02, -0.03, -0.00)
[fastlio_bridge_node-1] [INFO] [1786369318.019597817] [fastlio_bridge_node]: 已桥接并转换里程计: ENU(0.02, -0.02, -0.00) -> NED(-0.02, -0.02, 0.00)
[fastlio_bridge_node-1] [INFO] [1786369320.019698265] [fastlio_bridge_node]: 已桥接并转换里程计: ENU(0.02, -0.02, 0.00) -> NED(-0.02, -0.02, -0.00)
[fastlio_bridge_node-1] [INFO] [1786369322.019176351] [fastlio_bridge_node]: 已桥接并转换里程计: ENU(0.03, -0.02, -0.00) -> NED(-0.03, -0.02, 0.00)
[fastlio_bridge_node-1] [INFO] [1786369324.018295166] [fastlio_bridge_node]: 已桥接并转换里程计: ENU(0.02, -0.02, -0.00) -> NED(-0.02, -0.02, 0.00)
[fastlio_bridge_node-1] [INFO] [1786369326.019472455] [fastlio_bridge_node]: 已桥接并转换里程计: ENU(0.02, -0.02, -0.01) -> NED(-0.02, -0.02, 0.01)
[fastlio_bridge_node-1] [INFO] [1786369328.018875058] [fastlio_bridge_node]: 已桥接并转换里程计: ENU(0.03, -0.02, -0.00) -> NED(-0.03, -0.02, 0.00)
[fastlio_bridge_node-1] [INFO] [1786369330.019873967] [fastlio_bridge_node]: 已桥接并转换里程计: ENU(0.03, -0.01, -0.00) -> NED(-0.03, -0.01, 0.00)
[fastlio_bridge_node-1] [INFO] [1786369332.018437644] [fastlio_bridge_node]: 已桥接并转换里程计: ENU(0.03, -0.01, -0.01) -> NED(-0.03, -0.01, 0.01)
[mapping_manager_node-4] [INFO] [1786369332.501644222] [mapping_manager_node]: Mapping status: in_flight=false, map_loaded=false, map_saved=false
[fastlio_bridge_node-1] [INFO] [1786369334.019347570] [fastlio_bridge_node]: 已桥接并转换里程计: ENU(0.03, -0.02, -0.00) -> NED(-0.03, -0.02, 0.00)
[fastlio_bridge_node-1] [INFO] [1786369336.018375864] [fastlio_bridge_node]: 已桥接并转换里程计: ENU(0.03, -0.02, -0.00) -> NED(-0.03, -0.02, 0.00)
[fastlio_bridge_node-1] [INFO] [1786369338.018370609] [fastlio_bridge_node]: 已桥接并转换里程计: ENU(0.03, -0.02, -0.01) -> NED(-0.03, -0.02, 0.01)
[fastlio_bridge_node-1] [INFO] [1786369340.021347588] [fastlio_bridge_node]: 已桥接并转换里程计: ENU(0.03, -0.02, -0.00) -> NED(-0.03, -0.02, 0.00)
[fastlio_bridge_node-1] [INFO] [1786369342.018461701] [fastlio_bridge_node]: 已桥接并转换里程计: ENU(0.03, -0.02, -0.00) -> NED(-0.03, -0.02, 0.00)
[fastlio_bridge_node-1] [INFO] [1786369344.018332017] [fastlio_bridge_node]: 已桥接并转换里程计: ENU(0.03, -0.02, -0.00) -> NED(-0.03, -0.02, 0.00)
[fastlio_bridge_node-1] [INFO] [1786369346.018522668] [fastlio_bridge_node]: 已桥接并转换里程计: ENU(0.03, -0.02, -0.01) -> NED(-0.03, -0.02, 0.01)
[fastlio_bridge_node-1] [INFO] [1786369348.018512391] [fastlio_bridge_node]: 已桥接并转换里程计: ENU(0.03, -0.02, -0.01) -> NED(-0.03, -0.02, 0.01)
[fastlio_bridge_node-1] [INFO] [1786369350.017999856] [fastlio_bridge_node]: 已桥接并转换里程计: ENU(0.02, -0.02, -0.00) -> NED(-0.02, -0.02, 0.00)
[fastlio_bridge_node-1] [INFO] [1786369352.018640946] [fastlio_bridge_node]: 已桥接并转换里程计: ENU(0.04, -0.02, -0.01) -> NED(-0.04, -0.02, 0.01)
[fastlio_bridge_node-1] [INFO] [1786369354.018748395] [fastlio_bridge_node]: 已桥接并转换里程计: ENU(0.03, -0.02, -0.01) -> NED(-0.03, -0.02, 0.01)
[fastlio_bridge_node-1] [INFO] [1786369356.018726708] [fastlio_bridge_node]: 已桥接并转换里程计: ENU(0.03, -0.02, -0.00) -> NED(-0.03, -0.02, 0.00)
[fastlio_bridge_node-1] [INFO] [1786369358.019258895] [fastlio_bridge_node]: 已桥接并转换里程计: ENU(0.04, -0.02, -0.01) -> NED(-0.04, -0.02, 0.01)
[fastlio_bridge_node-1] [INFO] [1786369360.019642052] [fastlio_bridge_node]: 已桥接并转换里程计: ENU(0.03, -0.02, -0.00) -> NED(-0.03, -0.02, 0.00)
[fastlio_bridge_node-1] [INFO] [1786369362.028674476] [fastlio_bridge_node]: 已桥接并转换里程计: ENU(0.03, -0.02, 0.03) -> NED(-0.03, -0.02, -0.03)
[mapping_manager_node-4] [INFO] [1786369362.503692894] [mapping_manager_node]: Mapping status: in_flight=false, map_loaded=false, map_saved=false
[fastlio_bridge_node-1] [INFO] [1786369364.038977915] [fastlio_bridge_node]: 已桥接并转换里程计: ENU(0.04, -0.02, -0.01) -> NED(-0.04, -0.02, 0.01)
[fastlio_bridge_node-1] [INFO] [1786369366.021424121] [fastlio_bridge_node]: 已桥接并转换里程计: ENU(-0.14, 0.32, 0.03) -> NED(0.14, 0.32, -0.03)
[fastlio_bridge_node-1] [INFO] [1786369368.021945876] [fastlio_bridge_node]: 已桥接并转换里程计: ENU(-0.41, 0.13, 0.50) -> NED(0.41, 0.13, -0.50)
[fastlio_bridge_node-1] [INFO] [1786369370.020881694] [fastlio_bridge_node]: 已桥接并转换里程计: ENU(-1.20, 0.23, 0.57) -> NED(1.20, 0.23, -0.57)
[fastlio_bridge_node-1] [INFO] [1786369372.021736026] [fastlio_bridge_node]: 已桥接并转换里程计: ENU(-1.46, 0.49, 0.40) -> NED(1.46, 0.49, -0.40)
[fastlio_bridge_node-1] [INFO] [1786369374.021353101] [fastlio_bridge_node]: 已桥接并转换里程计: ENU(-1.09, 0.45, 0.43) -> NED(1.09, 0.45, -0.43)
[fastlio_bridge_node-1] [INFO] [1786369376.021817853] [fastlio_bridge_node]: 已桥接并转换里程计: ENU(-0.16, 0.25, 0.42) -> NED(0.16, 0.25, -0.42)
[fastlio_bridge_node-1] [INFO] [1786369378.021639543] [fastlio_bridge_node]: 已桥接并转换里程计: ENU(0.62, 0.30, 0.43) -> NED(-0.62, 0.30, -0.43)
[fastlio_bridge_node-1] [INFO] [1786369380.022859649] [fastlio_bridge_node]: 已桥接并转换里程计: ENU(1.25, 0.40, 0.46) -> NED(-1.25, 0.40, -0.46)
[fastlio_bridge_node-1] [INFO] [1786369382.021723430] [fastlio_bridge_node]: 已桥接并转换里程计: ENU(1.46, 0.57, 0.46) -> NED(-1.46, 0.57, -0.46)
[fastlio_bridge_node-1] [INFO] [1786369384.021644737] [fastlio_bridge_node]: 已桥接并转换里程计: ENU(2.16, 0.87, 0.46) -> NED(-2.16, 0.87, -0.46)
[fastlio_bridge_node-1] [INFO] [1786369386.020896749] [fastlio_bridge_node]: 已桥接并转换里程计: ENU(2.46, 0.81, 0.12) -> NED(-2.46, 0.81, -0.12)
[fastlio_bridge_node-1] [INFO] [1786369388.019082928] [fastlio_bridge_node]: 已桥接并转换里程计: ENU(2.39, 0.63, -0.15) -> NED(-2.39, 0.63, 0.15)
[fastlio_bridge_node-1] [INFO] [1786369390.020342077] [fastlio_bridge_node]: 已桥接并转换里程计: ENU(2.39, 0.63, -0.16) -> NED(-2.39, 0.63, 0.16)
[fastlio_bridge_node-1] [INFO] [1786369392.020399829] [fastlio_bridge_node]: 已桥接并转换里程计: ENU(2.39, 0.64, -0.16) -> NED(-2.39, 0.64, 0.16)
[mapping_manager_node-4] [INFO] [1786369392.503586954] [mapping_manager_node]: Mapping status: in_flight=false, map_loaded=false, map_saved=false
[fastlio_bridge_node-1] [INFO] [1786369394.019361216] [fastlio_bridge_node]: 已桥接并转换里程计: ENU(2.40, 0.63, -0.16) -> NED(-2.40, 0.63, 0.16)
[fastlio_bridge_node-1] [INFO] [1786369396.018999842] [fastlio_bridge_node]: 已桥接并转换里程计: ENU(2.40, 0.63, -0.16) -> NED(-2.40, 0.63, 0.16)
[fastlio_bridge_node-1] [INFO] [1786369398.019106715] [fastlio_bridge_node]: 已桥接并转换里程计: ENU(2.39, 0.64, -0.15) -> NED(-2.39, 0.64, 0.15)
[fastlio_bridge_node-1] [INFO] [1786369400.019142765] [fastlio_bridge_node]: 已桥接并转换里程计: ENU(2.39, 0.63, -0.15) -> NED(-2.39, 0.63, 0.15)
[fastlio_bridge_node-1] [INFO] [1786369402.018302714] [fastlio_bridge_node]: 已桥接并转换里程计: ENU(2.40, 0.63, -0.16) -> NED(-2.40, 0.63, 0.16)
[fastlio_bridge_node-1] [INFO] [1786369404.018520338] [fastlio_bridge_node]: 已桥接并转换里程计: ENU(2.40, 0.63, -0.15) -> NED(-2.40, 0.63, 0.15)
[fastlio_bridge_node-1] [INFO] [1786369406.019112436] [fastlio_bridge_node]: 已桥接并转换里程计: ENU(2.41, 0.63, -0.16) -> NED(-2.41, 0.63, 0.16)
[fastlio_bridge_node-1] [INFO] [1786369408.018538980] [fastlio_bridge_node]: 已桥接并转换里程计: ENU(2.39, 0.64, -0.16) -> NED(-2.39, 0.64, 0.16)
[fastlio_bridge_node-1] [INFO] [1786369410.019000066] [fastlio_bridge_node]: 已桥接并转换里程计: ENU(2.39, 0.64, -0.15) -> NED(-2.39, 0.64, 0.15)
[fastlio_bridge_node-1] [INFO] [1786369412.020378946] [fastlio_bridge_node]: 已桥接并转换里程计: ENU(2.39, 0.64, -0.16) -> NED(-2.39, 0.64, 0.16)
[map_io_node-3] [INFO] [1786369412.334610659] [map_io_node]: Map saved to /home/robot/rong_ws/ws_offboard_control/maps/现场扫图/20260810/扫图_20260810_214121/现场地图.pcd (91444 points)
[map_io_node-3] [INFO] [1786369412.522368266] [rclcpp]: signal_handler(SIGINT/SIGTERM)
[fastlio_bridge_node-1] [INFO] [1786369412.522378229] [rclcpp]: signal_handler(SIGINT/SIGTERM)
[frame_transform_node-2] [INFO] [1786369412.522374375] [rclcpp]: signal_handler(SIGINT/SIGTERM)
[mapping_manager_node-4] [INFO] [1786369412.522377370] [rclcpp]: signal_handler(SIGINT/SIGTERM)
[INFO] [frame_transform_node-2]: process has finished cleanly [pid 4534]
[INFO] [fastlio_bridge_node-1]: process has finished cleanly [pid 4532]
[INFO] [mapping_manager_node-4]: process has finished cleanly [pid 4538]
[INFO] [map_io_node-3]: process has finished cleanly [pid 4536]
