Flight run directory: /home/robot/ws_offboard_control/flight_records/20260719/flight_20260719_152313
Parameter snapshot: /home/robot/ws_offboard_control/flight_records/20260719/flight_20260719_152313/snapshot
Recording rosbag to: /home/robot/ws_offboard_control/flight_records/20260719/flight_20260719_152313/rosbag
Press Ctrl+C in this terminal to stop recording.
stdin is not a terminal device. Keyboard handling disabled.[INFO] [1784445812.780334171] [rosbag2_recorder]: Press SPACE for pausing/resuming
[INFO] [1784445812.783172494] [rosbag2_storage]: Opened database '/home/robot/ws_offboard_control/flight_records/20260719/flight_20260719_152313/rosbag/rosbag_0.db3' for READ_WRITE.
[INFO] [1784445812.784479720] [rosbag2_recorder]: Listening for topics...
[INFO] [1784445812.784489947] [rosbag2_recorder]: Event publisher thread: Starting
[INFO] [1784445812.788007910] [rosbag2_recorder]: Subscribed to topic '/route_tracker/reference_path_3d'
[INFO] [1784445812.789182355] [rosbag2_recorder]: Subscribed to topic '/mavros/vision_pose/pose_cov'
[INFO] [1784445812.790623165] [rosbag2_recorder]: Subscribed to topic '/route_tracker/lookahead_target'
[INFO] [1784445812.794652580] [rosbag2_recorder]: Subscribed to topic '/mavros/setpoint_raw/local'
[INFO] [1784445812.796067891] [rosbag2_recorder]: Subscribed to topic '/Odometry/guarded'
[INFO] [1784445812.796200030] [rosbag2_recorder]: Recording...
[INFO] [1784445812.799076789] [rosbag2_recorder]: Subscribed to topic '/Odometry'
[INFO] [1784445812.800571516] [rosbag2_recorder]: Subscribed to topic '/cloud_registered'
[INFO] [1784445812.801562601] [rosbag2_recorder]: Subscribed to topic '/path'
[INFO] [1784445812.802898164] [rosbag2_recorder]: Subscribed to topic '/minipc_mavros_offboard/mpc_setpoint_debug'
[INFO] [1784445812.908866664] [rosbag2_recorder]: Subscribed to topic '/mavros/local_position/pose'
[INFO] [1784445812.909691323] [rosbag2_recorder]: Subscribed to topic '/mavros/local_position/odom'
[INFO] [1784445812.910978439] [rosbag2_recorder]: Subscribed to topic '/mavros/setpoint_raw/target_local'
[INFO] [1784445812.912391223] [rosbag2_recorder]: Subscribed to topic '/mavros/state'
