[INFO] [launch]: All log files can be found below /home/robot/.ros/log/2026-07-18-20-07-00-275113-robot-4203
[INFO] [launch]: Default logging verbosity is set to INFO
[INFO] [mavros_node-1]: process started with pid [4204]
[INFO] [fastlio_odometry_guard-2]: process started with pid [4206]
[INFO] [fastlio_mavros_vision_bridge-3]: process started with pid [4208]
[INFO] [static_transform_publisher-4]: process started with pid [4210]
[INFO] [static_transform_publisher-5]: process started with pid [4212]
[INFO] [static_transform_publisher-6]: process started with pid [4214]
[INFO] [static_transform_publisher-7]: process started with pid [4216]
[static_transform_publisher-7] [INFO] [1784376420.384402413] [body_to_body_frd]: Spinning until stopped - publishing transform
[static_transform_publisher-7] translation: ('0.000000', '0.000000', '0.000000')
[static_transform_publisher-7] rotation: ('1.000000', '0.000000', '0.000000', '0.000000')
[static_transform_publisher-7] from 'body' to 'body_frd'
[static_transform_publisher-6] [INFO] [1784376420.394627420] [camera_init_to_camera_init_ned]: Spinning until stopped - publishing transform
[static_transform_publisher-6] translation: ('0.000000', '0.000000', '0.000000')
[static_transform_publisher-6] rotation: ('1.000000', '0.000000', '0.000000', '0.000000')
[static_transform_publisher-6] from 'camera_init' to 'camera_init_ned'
[fastlio_odometry_guard-2] [INFO] [1784376420.394937289] [fastlio_odometry_guard]: Guarding odometry /Odometry -> /Odometry/guarded (jump=0.30m, xy=0.20m, z=0.10m, speed=1.20m/s)
[static_transform_publisher-4] [INFO] [1784376420.396457708] [odom_to_camera_init]: Spinning until stopped - publishing transform
[static_transform_publisher-4] translation: ('0.000000', '0.000000', '0.000000')
[static_transform_publisher-4] rotation: ('0.000000', '0.000000', '0.000000', '1.000000')
[static_transform_publisher-4] from 'odom' to 'camera_init'
[static_transform_publisher-5] [INFO] [1784376420.396688274] [base_link_to_body]: Spinning until stopped - publishing transform
[static_transform_publisher-5] translation: ('0.000000', '0.000000', '0.000000')
[static_transform_publisher-5] rotation: ('0.000000', '0.000000', '0.000000', '1.000000')
[static_transform_publisher-5] from 'base_link' to 'body'
[fastlio_mavros_vision_bridge-3] [INFO] [1784376420.397324321] [fastlio_mavros_vision_bridge]: Bridging /Odometry/guarded -> /mavros/vision_pose/pose_cov for MAVROS vision input
[mavros_node-1] [INFO] [1784376420.399193577] [mavros.mavros_node]: Starting mavros_node container
[mavros_node-1] [INFO] [1784376420.399278303] [mavros.mavros_node]: FCU URL: serial:///dev/ttyUSB0:921600?ids=255,190
[mavros_node-1] [INFO] [1784376420.399290030] [mavros.mavros_node]: GCS URL: 
[mavros_node-1] [INFO] [1784376420.399298604] [mavros.mavros_node]: UAS Prefix: /uas1
[mavros_node-1] [INFO] [1784376420.399306449] [mavros.mavros_node]: Starting mavros router node
[mavros_node-1] [INFO] [1784376420.406314211] [mavros.mavros_router]: Built-in SIMD instructions: SSE, SSE2
[mavros_node-1] [INFO] [1784376420.406343687] [mavros.mavros_router]: Built-in MAVLink package version: 2026.3.3
[mavros_node-1] [INFO] [1784376420.406359699] [mavros.mavros_router]: Known MAVLink dialects: common ardupilotmega ASLUAV AVSSUAS all csAirLink cubepilot development icarous loweheiser marsh matrixpilot paparazzi standard stemstudios storm32 uAvionix ualberta
[mavros_node-1] [INFO] [1784376420.406369393] [mavros.mavros_router]: MAVROS Router started
[mavros_node-1] [INFO] [1784376420.406445582] [mavros.mavros_node]: Starting mavros uas node
[mavros_node-1] [INFO] [1784376420.450283221] [mavros.mavros_router]: Requested to add endpoint: type: 0, url: serial:///dev/ttyUSB0:921600?ids=255,190
[mavros_node-1] [INFO] [1784376420.450399057] [mavros.mavros_router]: Endpoint link[1000] created
[mavros_node-1] [INFO] [1784376420.451719092] [mavros.mavros_router]: link[1000] opened successfully
[mavros_node-1] [INFO] [1784376420.451746100] [mavros.mavros_router]: Requested to add endpoint: type: 2, url: /uas1
[mavros_node-1] [INFO] [1784376420.451764846] [mavros.mavros_router]: Endpoint link[1001] created
[mavros_node-1] [INFO] [1784376420.454305656] [mavros.mavros_router]: link[1000] detected remote address 1.1
[mavros_node-1] [INFO] [1784376420.456988606] [mavros.mavros_router]: link[1001] opened successfully
[mavros_node-1] [INFO] [1784376420.461001001] [mavros.mavros]: UAS Executor started, threads: 16
[mavros_node-1] [INFO] [1784376420.493555999] [mavros.mavros]: Plugin actuator_control created
[mavros_node-1] [INFO] [1784376420.493660226] [mavros.mavros]: Plugin actuator_control initialized
[mavros_node-1] [INFO] [1784376420.515333486] [mavros.mavros]: Plugin adsb created
[mavros_node-1] [INFO] [1784376420.515420403] [mavros.mavros]: Plugin adsb initialized
[mavros_node-1] [INFO] [1784376420.522015281] [mavros.mavros]: Plugin altitude created
[mavros_node-1] [INFO] [1784376420.522308073] [mavros.mavros]: Plugin altitude initialized
[mavros_node-1] [INFO] [1784376420.530253401] [mavros.mavros]: Plugin cam_imu_sync created
[mavros_node-1] [INFO] [1784376420.530345697] [mavros.mavros]: Plugin cam_imu_sync initialized
[mavros_node-1] [INFO] [1784376420.535457713] [mavros.mavros]: Plugin camera created
[mavros_node-1] [INFO] [1784376420.535574032] [mavros.mavros]: Plugin camera initialized
[mavros_node-1] [INFO] [1784376420.546030152] [mavros.mavros]: Plugin cellular_status created
[mavros_node-1] [INFO] [1784376420.546089524] [mavros.mavros]: Plugin cellular_status initialized
[mavros_node-1] [INFO] [1784376420.576024424] [mavros.mavros]: Plugin command created
[mavros_node-1] [INFO] [1784376420.576068076] [mavros.mavros]: Plugin command initialized
[mavros_node-1] [INFO] [1784376420.584018786] [mavros.mavros]: Plugin companion_process_status created
[mavros_node-1] [INFO] [1784376420.584056064] [mavros.mavros]: Plugin companion_process_status initialized
[mavros_node-1] [INFO] [1784376420.588629233] [mavros.mavros]: Plugin debug_value created
[mavros_node-1] [INFO] [1784376420.588685163] [mavros.mavros]: Plugin debug_value initialized
[mavros_node-1] [INFO] [1784376420.588691774] [mavros.mavros]: Plugin distance_sensor ignored
[mavros_node-1] [INFO] [1784376420.593445939] [mavros.mavros]: Plugin esc_status created
[mavros_node-1] [INFO] [1784376420.593488131] [mavros.mavros]: Plugin esc_status initialized
[mavros_node-1] [INFO] [1784376420.597375876] [mavros.mavros]: Plugin esc_telemetry created
[mavros_node-1] [INFO] [1784376420.597424196] [mavros.mavros]: Plugin esc_telemetry initialized
[mavros_node-1] [INFO] [1784376420.610110476] [mavros.mavros]: Plugin fake_gps created
[mavros_node-1] [INFO] [1784376420.610333241] [mavros.mavros]: Plugin fake_gps initialized
[mavros_node-1] [INFO] [1784376420.647216928] [mavros.mavros]: Plugin ftp created
[mavros_node-1] [INFO] [1784376420.647328377] [mavros.mavros]: Plugin ftp initialized
[mavros_node-1] [INFO] [1784376420.677556536] [mavros.mavros]: Plugin geofence created
[mavros_node-1] [INFO] [1784376420.677752576] [mavros.mavros]: Plugin geofence initialized
[mavros_node-1] [INFO] [1784376420.716887516] [mavros.mavros]: Plugin gimbal_control created
[mavros_node-1] [INFO] [1784376420.717086569] [mavros.mavros]: Plugin gimbal_control initialized
[mavros_node-1] [INFO] [1784376420.730855736] [mavros.mavros]: Plugin global_position created
[mavros_node-1] [INFO] [1784376420.730936896] [mavros.mavros]: Plugin global_position initialized
[mavros_node-1] [INFO] [1784376420.743335861] [mavros.mavros]: Plugin gps_input created
[mavros_node-1] [INFO] [1784376420.743436094] [mavros.mavros]: Plugin gps_input initialized
[mavros_node-1] [INFO] [1784376420.771422034] [mavros.mavros]: Plugin gps_rtk created
[mavros_node-1] [INFO] [1784376420.771510779] [mavros.mavros]: Plugin gps_rtk initialized
[mavros_node-1] [INFO] [1784376420.798995694] [mavros.mavros]: Plugin gps_status created
[mavros_node-1] [INFO] [1784376420.799112626] [mavros.mavros]: Plugin gps_status initialized
[fastlio_odometry_guard-2] [WARN] [1784376420.808402974] [fastlio_odometry_guard]: Rejected FAST-LIO odometry: large dt 1.39981 s; reset guard baseline (accepted=9 rejected=1)
[mavros_node-1] [INFO] [1784376420.826963955] [mavros.mavros]: Plugin guided_target created
[mavros_node-1] [INFO] [1784376420.827015753] [mavros.mavros]: Plugin guided_target initialized
[mavros_node-1] [INFO] [1784376420.850854569] [mavros.mavros]: Plugin hil created
[mavros_node-1] [INFO] [1784376420.850938852] [mavros.mavros]: Plugin hil initialized
[mavros_node-1] [INFO] [1784376420.880641160] [mavros.mavros]: Plugin home_position created
[mavros_node-1] [INFO] [1784376420.880712445] [mavros.mavros]: Plugin home_position initialized
[mavros_node-1] [INFO] [1784376420.906402110] [mavros.mavros]: Plugin imu created
[mavros_node-1] [INFO] [1784376420.906485818] [mavros.mavros]: Plugin imu initialized
[mavros_node-1] [INFO] [1784376420.935971113] [mavros.mavros]: Plugin landing_target created
[mavros_node-1] [INFO] [1784376420.936070974] [mavros.mavros]: Plugin landing_target initialized
[mavros_node-1] [INFO] [1784376420.964668501] [mavros.mavros]: Plugin local_position created
[mavros_node-1] [INFO] [1784376420.964791985] [mavros.mavros]: Plugin local_position initialized
[mavros_node-1] [INFO] [1784376421.020215332] [mavros.mavros]: Plugin log_transfer created
[mavros_node-1] [INFO] [1784376421.020397993] [mavros.mavros]: Plugin log_transfer initialized
[mavros_node-1] [INFO] [1784376421.059701674] [mavros.mavros]: Plugin mag_calibration_status created
[mavros_node-1] [INFO] [1784376421.059825574] [mavros.mavros]: Plugin mag_calibration_status initialized
[mavros_node-1] [INFO] [1784376421.087545097] [mavros.mavros]: Plugin manual_control created
[mavros_node-1] [INFO] [1784376421.087667802] [mavros.mavros]: Plugin manual_control initialized
[mavros_node-1] [INFO] [1784376421.106422074] [mavros.mavros]: Plugin mocap_pose_estimate created
[mavros_node-1] [INFO] [1784376421.106471857] [mavros.mavros]: Plugin mocap_pose_estimate initialized
[mavros_node-1] [INFO] [1784376421.149604587] [mavros.mavros]: Plugin mount_control created
[mavros_node-1] [INFO] [1784376421.149807690] [mavros.mavros]: Plugin mount_control initialized
[mavros_node-1] [INFO] [1784376421.201205474] [mavros.mavros]: Plugin nav_controller_output created
[mavros_node-1] [INFO] [1784376421.201278186] [mavros.mavros]: Plugin nav_controller_output initialized
[mavros_node-1] [INFO] [1784376421.230331115] [mavros.mavros]: Plugin obstacle_distance created
[mavros_node-1] [INFO] [1784376421.230491600] [mavros.mavros]: Plugin obstacle_distance initialized
[mavros_node-1] [INFO] [1784376421.251334452] [mavros.mavros]: Plugin obstacle_distance_3d created
[mavros_node-1] [INFO] [1784376421.251417410] [mavros.mavros]: Plugin obstacle_distance_3d initialized
[mavros_node-1] [INFO] [1784376421.273668263] [mavros.mavros]: Plugin odometry created
[mavros_node-1] [INFO] [1784376421.274131557] [mavros.mavros]: Plugin odometry initialized
[mavros_node-1] [INFO] [1784376421.302448699] [mavros.mavros]: Plugin onboard_computer_status created
[mavros_node-1] [INFO] [1784376421.302572684] [mavros.mavros]: Plugin onboard_computer_status initialized
[mavros_node-1] [INFO] [1784376421.343119938] [mavros.mavros]: Plugin open_drone_id created
[mavros_node-1] [INFO] [1784376421.343188551] [mavros.mavros]: Plugin open_drone_id initialized
[mavros_node-1] [INFO] [1784376421.360038316] [mavros.mavros]: Plugin optical_flow created
[mavros_node-1] [INFO] [1784376421.360119474] [mavros.mavros]: Plugin optical_flow initialized
[mavros_node-1] [INFO] [1784376421.371790487] [mavros.mavros]: Plugin param created
[mavros_node-1] [INFO] [1784376421.371842510] [mavros.mavros]: Plugin param initialized
[mavros_node-1] [INFO] [1784376421.402751409] [mavros.mavros]: Plugin play_tune created
[mavros_node-1] [INFO] [1784376421.402857990] [mavros.mavros]: Plugin play_tune initialized
[mavros_node-1] [INFO] [1784376421.440070601] [mavros.mavros]: Plugin px4flow created
[mavros_node-1] [INFO] [1784376421.440235800] [mavros.mavros]: Plugin px4flow initialized
[mavros_node-1] [INFO] [1784376421.500288400] [mavros.mavros]: Plugin rallypoint created
[mavros_node-1] [INFO] [1784376421.500967253] [mavros.mavros]: Plugin rallypoint initialized
[mavros_node-1] [INFO] [1784376421.501044271] [mavros.mavros]: Plugin rangefinder ignored
[mavros_node-1] [INFO] [1784376421.557072006] [mavros.mavros]: Plugin rc_io created
[mavros_node-1] [INFO] [1784376421.557969237] [mavros.mavros]: Plugin rc_io initialized
[mavros_node-1] [INFO] [1784376421.602055395] [mavros.mavros]: Plugin setpoint_accel created
[mavros_node-1] [INFO] [1784376421.602221760] [mavros.mavros]: Plugin setpoint_accel initialized
[mavros_node-1] [INFO] [1784376421.674158212] [mavros.mavros]: Plugin setpoint_attitude created
[mavros_node-1] [INFO] [1784376421.674271615] [mavros.mavros]: Plugin setpoint_attitude initialized
[mavros_node-1] [INFO] [1784376421.736407334] [mavros.mavros]: Plugin setpoint_position created
[mavros_node-1] [INFO] [1784376421.736578811] [mavros.mavros]: Plugin setpoint_position initialized
[mavros_node-1] [INFO] [1784376421.791004954] [mavros.mavros]: Plugin setpoint_raw created
[mavros_node-1] [INFO] [1784376421.791111339] [mavros.mavros]: Plugin setpoint_raw initialized
[mavros_node-1] [INFO] [1784376421.846739625] [mavros.mavros]: Plugin setpoint_trajectory created
[mavros_node-1] [INFO] [1784376421.846785608] [mavros.mavros]: Plugin setpoint_trajectory initialized
[mavros_node-1] [INFO] [1784376421.865473388] [mavros.mavros]: Plugin setpoint_velocity created
[mavros_node-1] [INFO] [1784376421.865521242] [mavros.mavros]: Plugin setpoint_velocity initialized
[mavros_node-1] [INFO] [1784376421.896569405] [mavros.mavros]: Plugin sim_state created
[mavros_node-1] [INFO] [1784376421.896676619] [mavros.mavros]: Plugin sim_state initialized
[mavros_node-1] [INFO] [1784376421.974509035] [mavros.mavros]: Plugin sys_status created
[mavros_node-1] [INFO] [1784376421.974650614] [mavros.mavros]: Plugin sys_status initialized
[mavros_node-1] [INFO] [1784376421.993825429] [mavros.time]: TM: Timesync mode: MAVLINK
[mavros_node-1] [INFO] [1784376422.000620038] [mavros.mavros]: Plugin sys_time created
[mavros_node-1] [INFO] [1784376422.000870203] [mavros.mavros]: Plugin sys_time initialized
[mavros_node-1] [INFO] [1784376422.045588286] [mavros.mavros]: Plugin tdr_radio created
[mavros_node-1] [INFO] [1784376422.045684046] [mavros.mavros]: Plugin tdr_radio initialized
[mavros_node-1] [INFO] [1784376422.088788935] [mavros.mavros]: Plugin terrain created
[mavros_node-1] [INFO] [1784376422.088973248] [mavros.mavros]: Plugin terrain initialized
[mavros_node-1] [INFO] [1784376422.242854167] [mavros.mavros]: Plugin trajectory created
[mavros_node-1] [INFO] [1784376422.243322587] [mavros.mavros]: Plugin trajectory initialized
[mavros_node-1] [INFO] [1784376422.345658742] [mavros.mavros]: Plugin tunnel created
[mavros_node-1] [INFO] [1784376422.346023436] [mavros.mavros]: Plugin tunnel initialized
[mavros_node-1] [INFO] [1784376422.410353772] [mavros.mavros]: Plugin vfr_hud created
[mavros_node-1] [INFO] [1784376422.410676790] [mavros.mavros]: Plugin vfr_hud initialized
[mavros_node-1] [INFO] [1784376422.410704878] [mavros.mavros]: Plugin vibration ignored
[mavros_node-1] [INFO] [1784376422.488074704] [mavros.mavros]: Plugin vision_pose created
[mavros_node-1] [INFO] [1784376422.488204228] [mavros.mavros]: Plugin vision_pose initialized
[mavros_node-1] [INFO] [1784376422.576251283] [mavros.mavros]: Plugin vision_speed created
[mavros_node-1] [INFO] [1784376422.576571106] [mavros.mavros]: Plugin vision_speed initialized
[mavros_node-1] [INFO] [1784376422.650898708] [mavros.mavros]: Plugin waypoint created
[mavros_node-1] [INFO] [1784376422.651016889] [mavros.mavros]: Plugin waypoint initialized
[mavros_node-1] [INFO] [1784376422.651027301] [mavros.mavros]: Plugin wheel_odometry ignored
[mavros_node-1] [INFO] [1784376422.715622647] [mavros.mavros]: Plugin wind_estimation created
[mavros_node-1] [INFO] [1784376422.715797607] [mavros.mavros]: Plugin wind_estimation initialized
[mavros_node-1] [INFO] [1784376422.726705347] [mavros.mavros]: Built-in SIMD instructions: SSE, SSE2
[mavros_node-1] [INFO] [1784376422.726945300] [mavros.mavros]: Built-in MAVLink package version: 2026.3.3
[mavros_node-1] [INFO] [1784376422.726966882] [mavros.mavros]: Known MAVLink dialects: common ardupilotmega ASLUAV AVSSUAS all csAirLink cubepilot development icarous loweheiser marsh matrixpilot paparazzi standard stemstudios storm32 uAvionix ualberta
[mavros_node-1] [INFO] [1784376422.726983827] [mavros.mavros]: MAVROS UAS via /uas1 started. MY ID 255.190, TARGET ID 1.1
[mavros_node-1] [INFO] [1784376422.730872857] [mavros.imu]: IMU: High resolution IMU detected!
[mavros_node-1] [INFO] [1784376422.731900518] [mavros.rc]: RC_CHANNELS message detected!
[mavros_node-1] [INFO] [1784376422.737716804] [mavros.imu]: IMU: Attitude quaternion IMU detected!
[mavros_node-1] [INFO] [1784376422.758529859] [mavros.mavros_router]: link[1001] detected remote address 255.190
[mavros_node-1] [WARN] [1784376422.993350260] [mavros.cmd]: CMD: Unexpected command 520, result 3
[mavros_node-1] [WARN] [1784376423.145374237] [mavros.sys]: FCU: UNK(8): EVENT 11047904 with args -0-128-0-18-1-0-0-0-0-0-0-0-0-131-191-1-128-0-0-0-0-0-0-0-0-0-0-0-0-0-0-0-0-0-0-0-0-0-0-0-
[mavros_node-1] [ERROR] [1784376423.145715642] [mavros.sys]: FCU: EVENT 16642797 with args -124-0-126-0-17-0-0-0-0-0-0-0-0-0-0-0-0-0-0-0-0-0-0-0-0-0-0-0-0-0-0-0-0-0-0-0-0-0-0-0-
[mavros_node-1] [ERROR] [1784376423.145812158] [mavros.sys]: FCU: EVENT 9077977 with args -255-255-255-255-7-0-0-0-0-0-0-0-0-0-0-0-0-0-0-0-0-0-0-0-0-0-0-0-0-0-0-0-0-0-0-0-0-0-0-0-
[mavros_node-1] [ERROR] [1784376423.146121427] [mavros.sys]: FCU: EVENT 11464574 with args -0-64-0-0-20-0-0-0-0-0-0-0-0-0-0-0-0-0-0-0-0-0-0-0-0-0-0-0-0-0-0-0-0-0-0-0-0-0-0-0-
[mavros_node-1] [ERROR] [1784376423.146504737] [mavros.sys]: FCU: EVENT 13835193 with args -124-0-126-0-17-0-0-0-0-0-0-0-0-0-0-0-0-0-0-0-0-0-0-0-0-0-0-0-0-0-0-0-0-0-0-0-0-0-0-0-
[mavros_node-1] [ERROR] [1784376423.146795428] [mavros.sys]: FCU: EVENT 10011251 with args -56-0-0-0-24-0-0-0-0-0-0-0-0-0-0-0-0-0-0-0-0-0-0-0-0-0-0-0-0-0-0-0-0-0-0-0-0-0-0-0-
[mavros_node-1] [INFO] [1784376423.147151291] [mavros.sys]: FCU: EVENT 377561 with args -8-0-0-0-20-0-0-0-0-0-0-0-0-0-0-0-0-0-0-0-0-0-0-0-0-0-0-0-0-0-0-0-0-0-0-0-0-0-0-0-
[mavros_node-1] [INFO] [1784376423.147528775] [mavros.sys]: FCU: EVENT 79408 with args -32-0-0-0-20-0-0-0-0-0-0-0-0-0-0-0-0-0-0-0-0-0-0-0-0-0-0-0-0-0-0-0-0-0-0-0-0-0-0-0-
[mavros_node-1] [INFO] [1784376423.147850106] [mavros.sys]: FCU: EVENT 6801787 with args -255-255-255-255-12-0-0-0-0-0-0-0-0-0-0-0-0-0-0-0-0-0-0-0-0-0-0-0-0-0-0-0-0-0-0-0-0-0-0-0-
[mavros_node-1] [WARN] [1784376423.147962350] [mavros.sys]: FCU: UNK(8): EVENT 1914663 with args -0-130-0-2-48-0-0-0-0-0-0-0-0-0-0-0-0-0-0-0-0-0-0-0-0-0-0-0-0-0-0-0-0-0-0-0-0-0-0-0-
[mavros_node-1] [INFO] [1784376423.171489360] [mavros.mavros]: CON: Got HEARTBEAT, connected. FCU: PX4 Autopilot
[mavros_node-1] [INFO] [1784376423.171641773] [mavros.mission]: WP: detected enable_partial_push: 0
[mavros_node-1] [INFO] [1784376423.175986800] [mavros.imu]: IMU: Attitude quaternion IMU detected!
[mavros_node-1] [INFO] [1784376423.177725425] [mavros.rc]: RC_CHANNELS message detected!
[mavros_node-1] [INFO] [1784376423.188184795] [mavros.imu]: IMU: High resolution IMU detected!
[mavros_node-1] [WARN] [1784376425.185874367] [mavros.sys]: VER: broadcast request timeout, retries left 4
[mavros_node-1] [WARN] [1784376425.230805951] [mavros.sys]: FCU: UNK(8): EVENT 11047904 with args -0-128-0-16-1-0-0-0-0-0-0-0-0-199-191-127-128-0-0-0-0-0-0-0-0-0-0-0-0-0-0-0-0-0-0-0-0-0-0-0-
[mavros_node-1] [ERROR] [1784376425.231058020] [mavros.sys]: FCU: EVENT 9077977 with args -255-255-255-255-7-0-0-0-0-0-0-0-0-0-0-0-0-0-0-0-0-0-0-0-0-0-0-0-0-0-0-0-0-0-0-0-0-0-0-0-
[mavros_node-1] [ERROR] [1784376425.231471968] [mavros.sys]: FCU: EVENT 11464574 with args -0-64-0-0-20-0-0-0-0-0-0-0-0-0-0-0-0-0-0-0-0-0-0-0-0-0-0-0-0-0-0-0-0-0-0-0-0-0-0-0-
[mavros_node-1] [ERROR] [1784376425.231782672] [mavros.sys]: FCU: EVENT 10011251 with args -56-0-0-0-24-0-0-0-0-0-0-0-0-0-0-0-0-0-0-0-0-0-0-0-0-0-0-0-0-0-0-0-0-0-0-0-0-0-0-0-
[mavros_node-1] [INFO] [1784376425.232167432] [mavros.sys]: FCU: EVENT 377561 with args -8-0-0-0-20-0-0-0-0-0-0-0-0-0-0-0-0-0-0-0-0-0-0-0-0-0-0-0-0-0-0-0-0-0-0-0-0-0-0-0-
[mavros_node-1] [INFO] [1784376425.232460341] [mavros.sys]: FCU: EVENT 79408 with args -32-0-0-0-20-0-0-0-0-0-0-0-0-0-0-0-0-0-0-0-0-0-0-0-0-0-0-0-0-0-0-0-0-0-0-0-0-0-0-0-
[mavros_node-1] [INFO] [1784376425.234922301] [mavros.sys]: FCU: EVENT 6801787 with args -255-255-255-255-12-0-0-0-0-0-0-0-0-0-0-0-0-0-0-0-0-0-0-0-0-0-0-0-0-0-0-0-0-0-0-0-0-0-0-0-
[mavros_node-1] [WARN] [1784376425.235030760] [mavros.sys]: FCU: UNK(8): EVENT 1914663 with args -0-130-0-2-48-0-0-0-0-0-0-0-0-0-0-0-0-0-0-0-0-0-0-0-0-0-0-0-0-0-0-0-0-0-0-0-0-0-0-0-
[mavros_node-1] [WARN] [1784376426.182071933] [mavros.sys]: VER: broadcast request timeout, retries left 3
[mavros_node-1] [ERROR] [1784376427.203134998] [mavros.sys]: VER: command plugin service call failed!
[mavros_node-1] [WARN] [1784376427.203300726] [mavros.sys]: VER: unicast request timeout, retries left 2
[mavros_node-1] [ERROR] [1784376428.204802795] [mavros.sys]: VER: command plugin service call failed!
[mavros_node-1] [WARN] [1784376428.204913394] [mavros.sys]: VER: unicast request timeout, retries left 1
[mavros_node-1] [ERROR] [1784376429.195679627] [mavros.sys]: VER: command plugin service call failed!
[mavros_node-1] [WARN] [1784376429.195752727] [mavros.sys]: VER: unicast request timeout, retries left 0
[mavros_node-1] [ERROR] [1784376430.196977605] [mavros.sys]: VER: command plugin service call failed!
[mavros_node-1] [WARN] [1784376430.197082885] [mavros.sys]: VER: your FCU don't support AUTOPILOT_VERSION, switched to default capabilities
[mavros_node-1] [INFO] [1784376433.185116864] [mavros.home_position]: HP: requesting home position
[mavros_node-1] [WARN] [1784376436.871937839] [mavros.sys]: FCU: UNK(8): EVENT 11047904 with args -0-128-0-18-1-0-0-0-0-0-0-0-0-199-191-5-128-0-0-0-0-0-0-0-0-0-0-0-0-0-0-0-0-0-0-0-0-0-0-0-
[mavros_node-1] [ERROR] [1784376436.872132552] [mavros.sys]: FCU: EVENT 9077977 with args -255-255-255-255-7-0-0-0-0-0-0-0-0-0-0-0-0-0-0-0-0-0-0-0-0-0-0-0-0-0-0-0-0-0-0-0-0-0-0-0-
[mavros_node-1] [ERROR] [1784376436.872291534] [mavros.sys]: FCU: EVENT 11464574 with args -0-64-0-0-20-0-0-0-0-0-0-0-0-0-0-0-0-0-0-0-0-0-0-0-0-0-0-0-0-0-0-0-0-0-0-0-0-0-0-0-
[mavros_node-1] [ERROR] [1784376436.872417962] [mavros.sys]: FCU: EVENT 13835193 with args -56-0-122-0-17-0-0-0-0-0-0-0-0-0-0-0-0-0-0-0-0-0-0-0-0-0-0-0-0-0-0-0-0-0-0-0-0-0-0-0-
[mavros_node-1] [ERROR] [1784376436.872523018] [mavros.sys]: FCU: EVENT 10011251 with args -56-0-0-0-24-0-0-0-0-0-0-0-0-0-0-0-0-0-0-0-0-0-0-0-0-0-0-0-0-0-0-0-0-0-0-0-0-0-0-0-
[mavros_node-1] [INFO] [1784376436.872647195] [mavros.sys]: FCU: EVENT 377561 with args -8-0-0-0-20-0-0-0-0-0-0-0-0-0-0-0-0-0-0-0-0-0-0-0-0-0-0-0-0-0-0-0-0-0-0-0-0-0-0-0-
[mavros_node-1] [INFO] [1784376436.872748593] [mavros.sys]: FCU: EVENT 79408 with args -32-0-0-0-20-0-0-0-0-0-0-0-0-0-0-0-0-0-0-0-0-0-0-0-0-0-0-0-0-0-0-0-0-0-0-0-0-0-0-0-
[mavros_node-1] [INFO] [1784376436.872862615] [mavros.sys]: FCU: EVENT 6801787 with args -255-255-255-255-12-0-0-0-0-0-0-0-0-0-0-0-0-0-0-0-0-0-0-0-0-0-0-0-0-0-0-0-0-0-0-0-0-0-0-0-
[mavros_node-1] [WARN] [1784376436.873059655] [mavros.sys]: FCU: UNK(8): EVENT 1914663 with args -0-130-0-2-48-0-0-0-0-0-0-0-0-0-0-0-0-0-0-0-0-0-0-0-0-0-0-0-0-0-0-0-0-0-0-0-0-0-0-0-
[mavros_node-1] [INFO] [1784376438.193951295] [mavros.mission]: WP: mission received
[mavros_node-1] [WARN] [1784376438.921230697] [mavros.sys]: FCU: UNK(8): EVENT 11047904 with args -0-128-0-16-1-0-0-0-0-0-0-0-0-199-191-127-128-0-0-0-0-0-0-0-0-0-0-0-0-0-0-0-0-0-0-0-0-0-0-0-
[mavros_node-1] [ERROR] [1784376438.921639039] [mavros.sys]: FCU: EVENT 9077977 with args -255-255-255-255-7-0-0-0-0-0-0-0-0-0-0-0-0-0-0-0-0-0-0-0-0-0-0-0-0-0-0-0-0-0-0-0-0-0-0-0-
[mavros_node-1] [ERROR] [1784376438.921869669] [mavros.sys]: FCU: EVENT 11464574 with args -0-64-0-0-20-0-0-0-0-0-0-0-0-0-0-0-0-0-0-0-0-0-0-0-0-0-0-0-0-0-0-0-0-0-0-0-0-0-0-0-
[mavros_node-1] [ERROR] [1784376438.922212108] [mavros.sys]: FCU: EVENT 10011251 with args -56-0-0-0-24-0-0-0-0-0-0-0-0-0-0-0-0-0-0-0-0-0-0-0-0-0-0-0-0-0-0-0-0-0-0-0-0-0-0-0-
[mavros_node-1] [INFO] [1784376438.922512953] [mavros.sys]: FCU: EVENT 377561 with args -8-0-0-0-20-0-0-0-0-0-0-0-0-0-0-0-0-0-0-0-0-0-0-0-0-0-0-0-0-0-0-0-0-0-0-0-0-0-0-0-
[mavros_node-1] [INFO] [1784376438.922641012] [mavros.sys]: FCU: EVENT 79408 with args -32-0-0-0-20-0-0-0-0-0-0-0-0-0-0-0-0-0-0-0-0-0-0-0-0-0-0-0-0-0-0-0-0-0-0-0-0-0-0-0-
[mavros_node-1] [INFO] [1784376438.922882514] [mavros.sys]: FCU: EVENT 6801787 with args -255-255-255-255-12-0-0-0-0-0-0-0-0-0-0-0-0-0-0-0-0-0-0-0-0-0-0-0-0-0-0-0-0-0-0-0-0-0-0-0-
[mavros_node-1] [WARN] [1784376438.923717822] [mavros.sys]: FCU: UNK(8): EVENT 1914663 with args -0-130-0-2-48-0-0-0-0-0-0-0-0-0-0-0-0-0-0-0-0-0-0-0-0-0-0-0-0-0-0-0-0-0-0-0-0-0-0-0-
