Flight run directory: /home/robot/rong_ws/ws_offboard_control/flight_records/20260809/flight_20260809_151929
Parameter snapshot: /home/robot/rong_ws/ws_offboard_control/flight_records/20260809/flight_20260809_151929/snapshot
Recording rosbag to: /home/robot/rong_ws/ws_offboard_control/flight_records/20260809/flight_20260809_151929/rosbag
Record full registered point cloud: false
Press Ctrl+C in this terminal to stop recording.
stdin is not a terminal device. Keyboard handling disabled.[INFO] [1786260008.428716926] [rosbag2_recorder]: Press SPACE for pausing/resuming
[INFO] [1786260008.432308584] [rosbag2_storage]: Opened database '/home/robot/rong_ws/ws_offboard_control/flight_records/20260809/flight_20260809_151929/rosbag/rosbag_0.db3' for READ_WRITE.
[INFO] [1786260008.438603612] [rosbag2_recorder]: Listening for topics...
[INFO] [1786260008.438616596] [rosbag2_recorder]: Event publisher thread: Starting
[INFO] [1786260008.443867031] [rosbag2_recorder]: Subscribed to topic '/race/super_planner/raw_path'
[INFO] [1786260008.447101606] [rosbag2_recorder]: Subscribed to topic '/race/pose'
[INFO] [1786260008.448444816] [rosbag2_recorder]: Subscribed to topic '/race/planner/status'
[INFO] [1786260008.450756909] [rosbag2_recorder]: Subscribed to topic '/race/navigation_setpoint'
[INFO] [1786260008.452513986] [rosbag2_recorder]: Subscribed to topic '/race/global_planner/status'
[INFO] [1786260008.454837042] [rosbag2_recorder]: Subscribed to topic '/race/ego/local_path_reference'
[INFO] [1786260008.457605893] [rosbag2_recorder]: Subscribed to topic '/race/ego/local_goal'
[INFO] [1786260008.460924582] [rosbag2_recorder]: Subscribed to topic '/race/ego/bspline'
[INFO] [1786260008.462802245] [rosbag2_recorder]: Subscribed to topic '/race/control/status'
[INFO] [1786260008.467002779] [rosbag2_recorder]: Subscribed to topic '/mavros/setpoint_raw/local'
[INFO] [1786260008.468934356] [rosbag2_recorder]: Subscribed to topic '/race/odom'
[INFO] [1786260008.469898077] [rosbag2_recorder]: Subscribed to topic '/race/global_path'
[INFO] [1786260008.470995621] [rosbag2_recorder]: Subscribed to topic '/Odometry/guarded'
[INFO] [1786260008.471193647] [rosbag2_recorder]: Recording...
[INFO] [1786260009.692348175] [rosbag2_recorder]: Subscribed to topic '/mavros/vision_speed/speed_twist_cov'
[INFO] [1786260009.694350299] [rosbag2_recorder]: Subscribed to topic '/mavros/vision_pose/pose_cov'
[INFO] [1786260009.928149009] [rosbag2_recorder]: Subscribed to topic '/mavros/local_position/pose'
[INFO] [1786260009.934832515] [rosbag2_recorder]: Subscribed to topic '/mavros/local_position/velocity_local'
[INFO] [1786260009.939479208] [rosbag2_recorder]: Subscribed to topic '/mavros/local_position/odom'
[INFO] [1786260010.052216765] [rosbag2_recorder]: Subscribed to topic '/mavros/state'
[INFO] [1786260010.054716005] [rosbag2_recorder]: Subscribed to topic '/mavros/setpoint_raw/target_local'
[INFO] [1786260010.176342088] [rosbag2_recorder]: Subscribed to topic '/path'
[INFO] [1786260010.179632075] [rosbag2_recorder]: Subscribed to topic '/Odometry'
[INFO] [1786260010.293996055] [rosbag2_recorder]: Subscribed to topic '/race/ego/position_command'
[INFO] [1786260010.300925867] [rosbag2_recorder]: Subscribed to topic '/race/ego/status'
[INFO] [1786260010.305024208] [rosbag2_recorder]: Subscribed to topic '/race/ego/validated_bspline'
[INFO] [1786260010.308550977] [rosbag2_recorder]: Subscribed to topic '/Odometry/healthy'
[INFO] [1786260010.311519539] [rosbag2_recorder]: Subscribed to topic '/ev_health/fault'
[INFO] [1786260010.316491304] [rosbag2_recorder]: Subscribed to topic '/race/ego/trajectory_setpoint'
[INFO] [1786260010.320108619] [rosbag2_recorder]: Subscribed to topic '/ev_health/status'
[INFO] [1786260010.325476674] [rosbag2_recorder]: Subscribed to topic '/ev_health/diagnostics'
[INFO] [1786260010.329179754] [rosbag2_recorder]: Subscribed to topic '/race/ego/command_local_goal_seq'
[INFO] [1786260010.333659034] [rosbag2_recorder]: Subscribed to topic '/ev_health/velocity_ned'
[INFO] [1786260011.103158457] [rosbag2_recorder]: Subscribed to topic '/race/ego/odom'
[INFO] [1786260029.961731711] [rosbag2_cpp]: Writing remaining messages from cache to the bag. It may take a while
[INFO] [1786260029.968213781] [rosbag2_recorder]: Event publisher thread: Exiting
[INFO] [1786260029.968632285] [rosbag2_recorder]: Recording stopped
