Flight run directory: /home/robot/ws_offboard_control/flight_records/20260719/flight_20260719_140005
Parameter snapshot: /home/robot/ws_offboard_control/flight_records/20260719/flight_20260719_140005/snapshot
Recording rosbag to: /home/robot/ws_offboard_control/flight_records/20260719/flight_20260719_140005/rosbag
Press Ctrl+C in this terminal to stop recording.
stdin is not a terminal device. Keyboard handling disabled.[INFO] [1784440824.778990664] [rosbag2_recorder]: Press SPACE for pausing/resuming
[INFO] [1784440824.781428688] [rosbag2_storage]: Opened database '/home/robot/ws_offboard_control/flight_records/20260719/flight_20260719_140005/rosbag/rosbag_0.db3' for READ_WRITE.
[INFO] [1784440824.784006222] [rosbag2_recorder]: Listening for topics...
[INFO] [1784440824.784019136] [rosbag2_recorder]: Event publisher thread: Starting
[INFO] [1784440824.786696142] [rosbag2_recorder]: Subscribed to topic '/route_tracker/reference_path_3d'
[INFO] [1784440824.788764490] [rosbag2_recorder]: Subscribed to topic '/minipc_mavros_offboard/mpc_setpoint_debug'
[INFO] [1784440824.789477029] [rosbag2_recorder]: Subscribed to topic '/path'
[INFO] [1784440824.790959806] [rosbag2_recorder]: Subscribed to topic '/mavros/vision_pose/pose_cov'
[INFO] [1784440824.791922109] [rosbag2_recorder]: Subscribed to topic '/route_tracker/lookahead_target'
[INFO] [1784440824.792835640] [rosbag2_recorder]: Subscribed to topic '/mavros/setpoint_raw/local'
[INFO] [1784440824.794784906] [rosbag2_recorder]: Subscribed to topic '/cloud_registered'
[INFO] [1784440824.796399585] [rosbag2_recorder]: Subscribed to topic '/Odometry/guarded'
[INFO] [1784440824.797888025] [rosbag2_recorder]: Subscribed to topic '/Odometry'
[INFO] [1784440824.798018783] [rosbag2_recorder]: Recording...
[INFO] [1784440824.909427892] [rosbag2_recorder]: Subscribed to topic '/mavros/local_position/pose'
[INFO] [1784440824.912332934] [rosbag2_recorder]: Subscribed to topic '/mavros/local_position/odom'
[INFO] [1784440824.915114729] [rosbag2_recorder]: Subscribed to topic '/mavros/setpoint_raw/target_local'
[INFO] [1784440825.018624796] [rosbag2_recorder]: Subscribed to topic '/mavros/state'
