[INFO] [1784440816.511022982] [minipc_mavros_offboard]: Started minipc_mavros_offboard with arm_only=False, takeoff_height_m=0.8, hover_seconds=10.0, offboard_stabilize_seconds=20.0, use_rc_offboard=True, hold_after_arm_reject=True, ignore_z_in_arm_only=True, debug_hold_after_mode_drop=True, recent_pose_samples=30, require_vision_pose=True, vision_freshness_s=1.0, lift_only_seconds=0.0, z_ramp_seconds=1.0, target_xyz=(0.0, 0.0, -0.5), xy_move_unlock_height_m=0.5, yaw_deg=0.0, auto_land=False, land_on_offboard_loss=True, offboard_land=True, offboard_land_speed_mps=0.1, offboard_land_auto_handoff_height_m=0.1, auto_disarm_after_land=True, disarm_after_land_delay_s=2.0, land_wait_timeout_s=45.0, landed_ground_tolerance_m=0.06, target_reached_tolerance_m=0.15, landed_hold_seconds=0.0, drift_guard_enabled=True, drift_warning_m=0.2, drift_land_m=0.3, drift_emergency_m=0.5, legacy_max_horizontal_drift_m=0.5, mavros_state_freshness_s=1.5, control_mode=ramp, enable_route_tracking=False, route_path_topic=/nav2_stage1/path, route_fixed_flight_height_m=1.0, route_start_tolerance_m=0.4, route_goal_tolerance_m=0.2, route_lookahead_m=0.4, route_max_vxy_mps=0.25, route_max_vz_mps=0.15, route_setpoint_rate_hz=30.0, route_path_timeout_s=2.0, route_fail_action=hold, route_final_hold_seconds=3.0
[INFO] [1784440816.531157627] [minipc_mavros_offboard]: Waiting for MAVROS connection
[INFO] [1784440818.597979963] [minipc_mavros_offboard]: Waiting for MAVROS local odometry before arming
[INFO] [1784440818.598520361] [minipc_mavros_offboard]: Averaged MAVROS local odometry at lock x=-0.02, y=-0.02, z=-0.04
[INFO] [1784440818.598688152] [minipc_mavros_offboard]: Target setpoint locked to ENU for MAVROS local setpoint x=-0.02, y=-0.02, z_start=-0.04, z_final=0.46
[INFO] [1784440818.631275083] [minipc_mavros_offboard]: Streaming pre-arm MAVROS setpoints
[INFO] [1784440821.964669181] [minipc_mavros_offboard]: Streaming setpoints and waiting for RC to switch OFFBOARD
[INFO] [1784440836.564616484] [minipc_mavros_offboard]: OFFBOARD reported by MAVROS state
[INFO] [1784440856.631144815] [minipc_mavros_offboard]: Arming vehicle
[INFO] [1784440856.631929441] [minipc_mavros_offboard]: Requested arming
[INFO] [1784440856.665111970] [minipc_mavros_offboard]: Locked hold yaw to current MAVROS local yaw -0.5 deg
[INFO] [1784440856.697979460] [minipc_mavros_offboard]: Holding MAVROS setpoint
[INFO] [1784440856.701839570] [minipc_mavros_offboard]: Vehicle left armed/OFFBOARD state; continuing debug hold
[INFO] [1784440856.702361993] [minipc_mavros_offboard]: Debug hold after OFFBOARD/armed drop: connected=True, armed=False, guided=False, manual_input=False, mode=OFFBOARD
[INFO] [1784440856.731705226] [minipc_mavros_offboard]: Holding MAVROS setpoint
[INFO] [1784440856.732420369] [minipc_mavros_offboard]: Vehicle left armed/OFFBOARD state; continuing debug hold
[INFO] [1784440856.732698040] [minipc_mavros_offboard]: Debug hold after OFFBOARD/armed drop: connected=True, armed=False, guided=False, manual_input=False, mode=OFFBOARD
[INFO] [1784440856.765356405] [minipc_mavros_offboard]: Holding MAVROS setpoint
[INFO] [1784440856.766463741] [minipc_mavros_offboard]: Vehicle left armed/OFFBOARD state; continuing debug hold
[INFO] [1784440856.766924401] [minipc_mavros_offboard]: Debug hold after OFFBOARD/armed drop: connected=True, armed=False, guided=False, manual_input=False, mode=OFFBOARD
[INFO] [1784440856.799906257] [minipc_mavros_offboard]: Holding MAVROS setpoint
[INFO] [1784440856.801127742] [minipc_mavros_offboard]: Vehicle left armed/OFFBOARD state; continuing debug hold
[INFO] [1784440856.801660048] [minipc_mavros_offboard]: Debug hold after OFFBOARD/armed drop: connected=True, armed=False, guided=False, manual_input=False, mode=OFFBOARD
[INFO] [1784440856.831606211] [minipc_mavros_offboard]: Holding MAVROS setpoint
[INFO] [1784440856.832430105] [minipc_mavros_offboard]: Vehicle left armed/OFFBOARD state; continuing debug hold
[INFO] [1784440856.833062713] [minipc_mavros_offboard]: Debug hold after OFFBOARD/armed drop: connected=True, armed=False, guided=False, manual_input=False, mode=OFFBOARD
[INFO] [1784440856.865599616] [minipc_mavros_offboard]: Holding MAVROS setpoint
[INFO] [1784440856.866416679] [minipc_mavros_offboard]: Vehicle left armed/OFFBOARD state; continuing debug hold
[INFO] [1784440856.866867280] [minipc_mavros_offboard]: Debug hold after OFFBOARD/armed drop: connected=True, armed=False, guided=False, manual_input=False, mode=OFFBOARD
[INFO] [1784440856.899344094] [minipc_mavros_offboard]: Holding MAVROS setpoint
[INFO] [1784440856.900061741] [minipc_mavros_offboard]: Vehicle left armed/OFFBOARD state; continuing debug hold
[INFO] [1784440856.900308979] [minipc_mavros_offboard]: Debug hold after OFFBOARD/armed drop: connected=True, armed=False, guided=False, manual_input=False, mode=OFFBOARD
[INFO] [1784440856.932162574] [minipc_mavros_offboard]: Holding MAVROS setpoint
[INFO] [1784440856.933202614] [minipc_mavros_offboard]: Vehicle left armed/OFFBOARD state; continuing debug hold
[INFO] [1784440856.933654062] [minipc_mavros_offboard]: Debug hold after OFFBOARD/armed drop: connected=True, armed=False, guided=False, manual_input=False, mode=OFFBOARD
[INFO] [1784440856.964541359] [minipc_mavros_offboard]: Holding MAVROS setpoint
[INFO] [1784440856.965053048] [minipc_mavros_offboard]: Vehicle left armed/OFFBOARD state; continuing debug hold
[INFO] [1784440856.965251692] [minipc_mavros_offboard]: Debug hold after OFFBOARD/armed drop: connected=True, armed=False, guided=False, manual_input=False, mode=OFFBOARD
[INFO] [1784440856.998772643] [minipc_mavros_offboard]: Holding MAVROS setpoint
[INFO] [1784440856.999954228] [minipc_mavros_offboard]: Vehicle left armed/OFFBOARD state; continuing debug hold
[INFO] [1784440857.000604943] [minipc_mavros_offboard]: Debug hold after OFFBOARD/armed drop: connected=True, armed=False, guided=False, manual_input=False, mode=OFFBOARD
[INFO] [1784440857.031253699] [minipc_mavros_offboard]: Holding MAVROS setpoint
[INFO] [1784440857.032031414] [minipc_mavros_offboard]: Vehicle left armed/OFFBOARD state; continuing debug hold
[INFO] [1784440857.032265962] [minipc_mavros_offboard]: Debug hold after OFFBOARD/armed drop: connected=True, armed=False, guided=False, manual_input=False, mode=OFFBOARD
[INFO] [1784440857.064953980] [minipc_mavros_offboard]: Holding MAVROS setpoint
[INFO] [1784440857.065761818] [minipc_mavros_offboard]: Vehicle left armed/OFFBOARD state; continuing debug hold
[INFO] [1784440857.066224688] [minipc_mavros_offboard]: Debug hold after OFFBOARD/armed drop: connected=True, armed=False, guided=False, manual_input=False, mode=OFFBOARD
[INFO] [1784440857.098635374] [minipc_mavros_offboard]: Holding MAVROS setpoint
[INFO] [1784440857.100005919] [minipc_mavros_offboard]: Vehicle left armed/OFFBOARD state; continuing debug hold
[INFO] [1784440857.100200333] [minipc_mavros_offboard]: Debug hold after OFFBOARD/armed drop: connected=True, armed=False, guided=False, manual_input=False, mode=OFFBOARD
[INFO] [1784440857.133397651] [minipc_mavros_offboard]: Holding MAVROS setpoint
[INFO] [1784440857.135481164] [minipc_mavros_offboard]: Vehicle left armed/OFFBOARD state; continuing debug hold
[INFO] [1784440857.136054428] [minipc_mavros_offboard]: Debug hold after OFFBOARD/armed drop: connected=True, armed=False, guided=False, manual_input=False, mode=OFFBOARD
[INFO] [1784440857.165408032] [minipc_mavros_offboard]: Holding MAVROS setpoint
[INFO] [1784440857.166757358] [minipc_mavros_offboard]: Vehicle left armed/OFFBOARD state; continuing debug hold
[INFO] [1784440857.167288294] [minipc_mavros_offboard]: Debug hold after OFFBOARD/armed drop: connected=True, armed=False, guided=False, manual_input=False, mode=OFFBOARD
[INFO] [1784440857.198622199] [minipc_mavros_offboard]: Holding MAVROS setpoint
[INFO] [1784440857.199620092] [minipc_mavros_offboard]: Vehicle left armed/OFFBOARD state; continuing debug hold
[INFO] [1784440857.202028258] [minipc_mavros_offboard]: Debug hold after OFFBOARD/armed drop: connected=True, armed=False, guided=False, manual_input=False, mode=OFFBOARD
[INFO] [1784440857.232979294] [minipc_mavros_offboard]: Holding MAVROS setpoint
[INFO] [1784440857.234140266] [minipc_mavros_offboard]: Vehicle left armed/OFFBOARD state; continuing debug hold
[INFO] [1784440857.234519439] [minipc_mavros_offboard]: Debug hold after OFFBOARD/armed drop: connected=True, armed=False, guided=False, manual_input=False, mode=OFFBOARD
[INFO] [1784440857.266472991] [minipc_mavros_offboard]: Holding MAVROS setpoint
[INFO] [1784440857.268066957] [minipc_mavros_offboard]: Vehicle left armed/OFFBOARD state; continuing debug hold
[INFO] [1784440857.268633149] [minipc_mavros_offboard]: Debug hold after OFFBOARD/armed drop: connected=True, armed=False, guided=False, manual_input=False, mode=OFFBOARD
[INFO] [1784440857.299520387] [minipc_mavros_offboard]: Holding MAVROS setpoint
[INFO] [1784440857.303973327] [minipc_mavros_offboard]: Vehicle left armed/OFFBOARD state; continuing debug hold
[INFO] [1784440857.305444379] [minipc_mavros_offboard]: Debug hold after OFFBOARD/armed drop: connected=True, armed=False, guided=False, manual_input=False, mode=OFFBOARD
[INFO] [1784440857.331501723] [minipc_mavros_offboard]: Holding MAVROS setpoint
[INFO] [1784440857.332161840] [minipc_mavros_offboard]: Vehicle left armed/OFFBOARD state; continuing debug hold
[INFO] [1784440857.332558956] [minipc_mavros_offboard]: Debug hold after OFFBOARD/armed drop: connected=True, armed=False, guided=False, manual_input=False, mode=OFFBOARD
[INFO] [1784440857.364952124] [minipc_mavros_offboard]: Holding MAVROS setpoint
[INFO] [1784440857.366665423] [minipc_mavros_offboard]: Vehicle left armed/OFFBOARD state; continuing debug hold
[INFO] [1784440857.367891206] [minipc_mavros_offboard]: Debug hold after OFFBOARD/armed drop: connected=True, armed=False, guided=False, manual_input=False, mode=OFFBOARD
[INFO] [1784440857.400272940] [minipc_mavros_offboard]: Holding MAVROS setpoint
[INFO] [1784440857.401611033] [minipc_mavros_offboard]: Vehicle left armed/OFFBOARD state; continuing debug hold
[INFO] [1784440857.402086731] [minipc_mavros_offboard]: Debug hold after OFFBOARD/armed drop: connected=True, armed=False, guided=False, manual_input=False, mode=OFFBOARD
[INFO] [1784440857.432803586] [minipc_mavros_offboard]: Holding MAVROS setpoint
[INFO] [1784440857.434701923] [minipc_mavros_offboard]: Vehicle left armed/OFFBOARD state; continuing debug hold
[INFO] [1784440857.435229716] [minipc_mavros_offboard]: Debug hold after OFFBOARD/armed drop: connected=True, armed=False, guided=False, manual_input=False, mode=OFFBOARD
[INFO] [1784440857.464901734] [minipc_mavros_offboard]: Holding MAVROS setpoint
[INFO] [1784440857.465780506] [minipc_mavros_offboard]: Vehicle left armed/OFFBOARD state; continuing debug hold
[INFO] [1784440857.466195609] [minipc_mavros_offboard]: Debug hold after OFFBOARD/armed drop: connected=True, armed=False, guided=False, manual_input=False, mode=OFFBOARD
[INFO] [1784440857.498224813] [minipc_mavros_offboard]: Holding MAVROS setpoint
[INFO] [1784440857.499049709] [minipc_mavros_offboard]: Vehicle left armed/OFFBOARD state; continuing debug hold
[INFO] [1784440857.499642954] [minipc_mavros_offboard]: Debug hold after OFFBOARD/armed drop: connected=True, armed=False, guided=False, manual_input=False, mode=OFFBOARD
[INFO] [1784440857.531676010] [minipc_mavros_offboard]: Holding MAVROS setpoint
[INFO] [1784440857.532478986] [minipc_mavros_offboard]: Vehicle left armed/OFFBOARD state; continuing debug hold
[INFO] [1784440857.532676794] [minipc_mavros_offboard]: Debug hold after OFFBOARD/armed drop: connected=True, armed=False, guided=False, manual_input=False, mode=OFFBOARD
[INFO] [1784440857.564810421] [minipc_mavros_offboard]: Holding MAVROS setpoint
[WARN] [1784440859.002585079] [minipc_mavros_offboard]: Horizontal error warning: error=0.21 m >= warning=0.20 m
[ERROR] [1784440859.334468606] [minipc_mavros_offboard]: Horizontal drift guard triggered: error=0.30 m >= limit=0.30 m. Automatic landing on drift is disabled; continuing to publish setpoints.
[INFO] [1784440860.201731258] [minipc_mavros_offboard]: Target reached; starting hover timer before landing
[FATAL] [1784440862.798130183] [minipc_mavros_offboard]: Horizontal error emergency threshold exceeded: error=0.51 m >= emergency=0.50 m. Manual takeover recommended immediately.
[INFO] [1784440864.064929552] [minipc_mavros_offboard]: Vehicle left OFFBOARD while armed; requesting AUTO.LAND: connected=True, armed=True, guided=False, manual_input=True, mode=ALTCTL
[INFO] [1784440864.101836173] [minipc_mavros_offboard]: Landing
[INFO] [1784440864.105951633] [minipc_mavros_offboard]: Requested AUTO.LAND mode
[INFO] [1784440864.166549658] [minipc_mavros_offboard]: Waiting for landing completion before disarm
[INFO] [1784440870.765040183] [minipc_mavros_offboard]: Landing detected; waiting before disarm request
[INFO] [1784440872.564414862] [minipc_mavros_offboard]: Vehicle is already disarmed after AUTO.LAND
[INFO] [1784440872.599396297] [minipc_mavros_offboard]: MAVROS offboard control completed; stopping node
