[INFO] [launch]: All log files can be found below /home/robot/.ros/log/2026-08-10-22-11-45-870241-robot-10368
[INFO] [launch]: Default logging verbosity is set to INFO
[INFO] [fastlio_bridge_node-1]: process started with pid [10371]
[INFO] [frame_transform_node-2]: process started with pid [10373]
[INFO] [map_io_node-3]: process started with pid [10375]
[INFO] [mapping_manager_node-4]: process started with pid [10377]
[frame_transform_node-2] [INFO] [1786371105.937259724] [frame_transform_node]: frame_transform_node started
[frame_transform_node-2] [INFO] [1786371105.937409824] [frame_transform_node]:   Published static TF: map -> odom (identity)
[frame_transform_node-2] [INFO] [1786371105.937418680] [frame_transform_node]:   Published static TF: camera_init -> map (identity, RViz display only)
[mapping_manager_node-4] [INFO] [1786371105.941649120] [mapping_manager_node]: mapping_manager_node started
[mapping_manager_node-4] [INFO] [1786371105.941784997] [mapping_manager_node]:   auto_load_on_start: false
[mapping_manager_node-4] [INFO] [1786371105.941798760] [mapping_manager_node]:   auto_save_on_land: true
[fastlio_bridge_node-1] [INFO] [1786371105.941863341] [fastlio_bridge_node]: FAST-LIO2 里程计桥接已启动：订阅 /Odometry -> /race/odom, /race/pose
[map_io_node-3] [INFO] [1786371105.976220535] [map_io_node]: map_io_node started
[map_io_node-3] [INFO] [1786371105.976306456] [map_io_node]:   map_file: /home/robot/rong_ws/ws_offboard_control/maps/现场扫图/20260810/扫图_20260810_221122/现场地图.pcd
[map_io_node-3] [INFO] [1786371105.976312450] [map_io_node]:   publish_topic: /saved_map
[map_io_node-3] [INFO] [1786371105.976315485] [map_io_node]:   display_leaf_size: 0.10 m
[map_io_node-3] [INFO] [1786371105.976320829] [map_io_node]:   max_display_points: 3000000
[fastlio_bridge_node-1] [INFO] [1786371106.034509894] [fastlio_bridge_node]: 已桥接并转换里程计: ENU(0.01, -0.00, 0.01) -> NED(-0.01, -0.00, -0.01)
[fastlio_bridge_node-1] [INFO] [1786371108.012196181] [fastlio_bridge_node]: 已桥接并转换里程计: ENU(0.01, 0.00, 0.00) -> NED(-0.01, 0.00, -0.00)
[fastlio_bridge_node-1] [INFO] [1786371110.011540109] [fastlio_bridge_node]: 已桥接并转换里程计: ENU(0.02, 0.01, 0.01) -> NED(-0.02, 0.01, -0.01)
[fastlio_bridge_node-1] [INFO] [1786371112.012393748] [fastlio_bridge_node]: 已桥接并转换里程计: ENU(0.02, 0.01, 0.00) -> NED(-0.02, 0.01, -0.00)
[fastlio_bridge_node-1] [INFO] [1786371114.012759451] [fastlio_bridge_node]: 已桥接并转换里程计: ENU(0.02, 0.01, 0.01) -> NED(-0.02, 0.01, -0.01)
[fastlio_bridge_node-1] [INFO] [1786371116.012995479] [fastlio_bridge_node]: 已桥接并转换里程计: ENU(0.02, 0.01, 0.00) -> NED(-0.02, 0.01, -0.00)
[fastlio_bridge_node-1] [INFO] [1786371118.012871965] [fastlio_bridge_node]: 已桥接并转换里程计: ENU(0.02, 0.01, 0.00) -> NED(-0.02, 0.01, -0.00)
[fastlio_bridge_node-1] [INFO] [1786371120.011915133] [fastlio_bridge_node]: 已桥接并转换里程计: ENU(0.02, 0.01, 0.00) -> NED(-0.02, 0.01, -0.00)
[fastlio_bridge_node-1] [INFO] [1786371122.012362391] [fastlio_bridge_node]: 已桥接并转换里程计: ENU(0.03, 0.01, 0.01) -> NED(-0.03, 0.01, -0.01)
[fastlio_bridge_node-1] [INFO] [1786371124.012677367] [fastlio_bridge_node]: 已桥接并转换里程计: ENU(0.03, 0.01, -0.00) -> NED(-0.03, 0.01, 0.00)
[fastlio_bridge_node-1] [INFO] [1786371126.011853557] [fastlio_bridge_node]: 已桥接并转换里程计: ENU(0.02, 0.01, 0.01) -> NED(-0.02, 0.01, -0.01)
[fastlio_bridge_node-1] [INFO] [1786371128.012004898] [fastlio_bridge_node]: 已桥接并转换里程计: ENU(0.02, 0.01, 0.01) -> NED(-0.02, 0.01, -0.01)
[fastlio_bridge_node-1] [INFO] [1786371130.012419040] [fastlio_bridge_node]: 已桥接并转换里程计: ENU(0.03, 0.01, 0.01) -> NED(-0.03, 0.01, -0.01)
[fastlio_bridge_node-1] [INFO] [1786371132.012965796] [fastlio_bridge_node]: 已桥接并转换里程计: ENU(0.02, 0.02, 0.01) -> NED(-0.02, 0.02, -0.01)
[fastlio_bridge_node-1] [INFO] [1786371134.012392846] [fastlio_bridge_node]: 已桥接并转换里程计: ENU(0.02, 0.01, 0.01) -> NED(-0.02, 0.01, -0.01)
[mapping_manager_node-4] [INFO] [1786371135.945005787] [mapping_manager_node]: Mapping status: in_flight=false, map_loaded=false, map_saved=false
[fastlio_bridge_node-1] [INFO] [1786371136.014029596] [fastlio_bridge_node]: 已桥接并转换里程计: ENU(0.02, 0.02, 0.01) -> NED(-0.02, 0.02, -0.01)
[fastlio_bridge_node-1] [INFO] [1786371138.046168560] [fastlio_bridge_node]: 已桥接并转换里程计: ENU(0.02, 0.02, 0.01) -> NED(-0.02, 0.02, -0.01)
[fastlio_bridge_node-1] [INFO] [1786371140.012206775] [fastlio_bridge_node]: 已桥接并转换里程计: ENU(0.03, 0.01, 0.01) -> NED(-0.03, 0.01, -0.01)
[fastlio_bridge_node-1] [INFO] [1786371142.012393735] [fastlio_bridge_node]: 已桥接并转换里程计: ENU(0.02, 0.02, 0.01) -> NED(-0.02, 0.02, -0.01)
[fastlio_bridge_node-1] [INFO] [1786371144.013134023] [fastlio_bridge_node]: 已桥接并转换里程计: ENU(0.02, 0.02, 0.01) -> NED(-0.02, 0.02, -0.01)
[fastlio_bridge_node-1] [INFO] [1786371146.012346660] [fastlio_bridge_node]: 已桥接并转换里程计: ENU(0.02, 0.02, 0.01) -> NED(-0.02, 0.02, -0.01)
[fastlio_bridge_node-1] [INFO] [1786371148.014494898] [fastlio_bridge_node]: 已桥接并转换里程计: ENU(0.03, 0.02, 0.01) -> NED(-0.03, 0.02, -0.01)
[fastlio_bridge_node-1] [INFO] [1786371150.015627887] [fastlio_bridge_node]: 已桥接并转换里程计: ENU(0.03, 0.02, 0.00) -> NED(-0.03, 0.02, -0.00)
[fastlio_bridge_node-1] [INFO] [1786371152.012492172] [fastlio_bridge_node]: 已桥接并转换里程计: ENU(0.03, 0.01, 0.00) -> NED(-0.03, 0.01, -0.00)
[fastlio_bridge_node-1] [INFO] [1786371154.012205531] [fastlio_bridge_node]: 已桥接并转换里程计: ENU(0.03, 0.02, 0.01) -> NED(-0.03, 0.02, -0.01)
[fastlio_bridge_node-1] [INFO] [1786371156.012541551] [fastlio_bridge_node]: 已桥接并转换里程计: ENU(0.03, 0.02, 0.00) -> NED(-0.03, 0.02, -0.00)
[fastlio_bridge_node-1] [INFO] [1786371158.011479850] [fastlio_bridge_node]: 已桥接并转换里程计: ENU(0.03, 0.01, 0.00) -> NED(-0.03, 0.01, -0.00)
[fastlio_bridge_node-1] [INFO] [1786371160.012686757] [fastlio_bridge_node]: 已桥接并转换里程计: ENU(0.03, 0.02, 0.01) -> NED(-0.03, 0.02, -0.01)
[fastlio_bridge_node-1] [INFO] [1786371162.012407045] [fastlio_bridge_node]: 已桥接并转换里程计: ENU(0.03, 0.01, -0.00) -> NED(-0.03, 0.01, 0.00)
[fastlio_bridge_node-1] [INFO] [1786371164.013425654] [fastlio_bridge_node]: 已桥接并转换里程计: ENU(0.03, 0.02, 0.00) -> NED(-0.03, 0.02, -0.00)
[mapping_manager_node-4] [INFO] [1786371165.948204054] [mapping_manager_node]: Mapping status: in_flight=false, map_loaded=false, map_saved=false
[fastlio_bridge_node-1] [INFO] [1786371166.013839860] [fastlio_bridge_node]: 已桥接并转换里程计: ENU(0.03, 0.02, 0.01) -> NED(-0.03, 0.02, -0.01)
[fastlio_bridge_node-1] [INFO] [1786371168.016733868] [fastlio_bridge_node]: 已桥接并转换里程计: ENU(0.03, 0.02, 0.01) -> NED(-0.03, 0.02, -0.01)
[fastlio_bridge_node-1] [INFO] [1786371170.025407584] [fastlio_bridge_node]: 已桥接并转换里程计: ENU(0.03, 0.02, -0.00) -> NED(-0.03, 0.02, 0.00)
[fastlio_bridge_node-1] [INFO] [1786371170.186658990] [rclcpp]: signal_handler(SIGINT/SIGTERM)
[map_io_node-3] [INFO] [1786371170.186658593] [rclcpp]: signal_handler(SIGINT/SIGTERM)
[frame_transform_node-2] [INFO] [1786371170.187120767] [rclcpp]: signal_handler(SIGINT/SIGTERM)
[mapping_manager_node-4] [INFO] [1786371170.187943951] [rclcpp]: signal_handler(SIGINT/SIGTERM)
[INFO] [fastlio_bridge_node-1]: process has finished cleanly [pid 10371]
[INFO] [mapping_manager_node-4]: process has finished cleanly [pid 10377]
[INFO] [frame_transform_node-2]: process has finished cleanly [pid 10373]
[INFO] [map_io_node-3]: process has finished cleanly [pid 10375]
