[INFO] [launch]: All log files can be found below /home/robot/.ros/log/2026-07-21-18-26-39-511181-robot-7783
[INFO] [launch]: Default logging verbosity is set to INFO
[INFO] [mavros_node-1]: process started with pid [7784]
[INFO] [fastlio_odometry_guard-2]: process started with pid [7786]
[INFO] [fastlio_ev_health_monitor.py-3]: process started with pid [7788]
[INFO] [fastlio_mavros_vision_bridge-4]: process started with pid [7790]
[INFO] [static_transform_publisher-5]: process started with pid [7792]
[INFO] [static_transform_publisher-6]: process started with pid [7794]
[INFO] [static_transform_publisher-7]: process started with pid [7796]
[INFO] [static_transform_publisher-8]: process started with pid [7798]
[static_transform_publisher-7] [INFO] [1784629600.041772221] [camera_init_to_camera_init_ned]: Spinning until stopped - publishing transform
[static_transform_publisher-7] translation: ('0.000000', '0.000000', '0.000000')
[static_transform_publisher-7] rotation: ('1.000000', '0.000000', '0.000000', '0.000000')
[static_transform_publisher-7] from 'camera_init' to 'camera_init_ned'
[static_transform_publisher-5] [INFO] [1784629600.042610231] [odom_to_camera_init]: Spinning until stopped - publishing transform
[static_transform_publisher-5] translation: ('0.000000', '0.000000', '0.000000')
[static_transform_publisher-5] rotation: ('0.000000', '0.000000', '0.000000', '1.000000')
[static_transform_publisher-5] from 'odom' to 'camera_init'
[mavros_node-1] [INFO] [1784629600.044434024] [mavros.mavros_node]: Starting mavros_node container
[mavros_node-1] [INFO] [1784629600.045109091] [mavros.mavros_node]: FCU URL: serial:///dev/ttyUSB0:921600?ids=255,190
[mavros_node-1] [INFO] [1784629600.045130528] [mavros.mavros_node]: GCS URL: 
[mavros_node-1] [INFO] [1784629600.045139933] [mavros.mavros_node]: UAS Prefix: /uas1
[mavros_node-1] [INFO] [1784629600.045148613] [mavros.mavros_node]: Starting mavros router node
[fastlio_odometry_guard-2] [INFO] [1784629600.048507546] [fastlio_odometry_guard]: Guarding odometry /Odometry -> /Odometry/guarded (jump=0.30m, xy=0.20m, z=0.10m, speed=1.20m/s)
[fastlio_mavros_vision_bridge-4] [INFO] [1784629600.052876282] [fastlio_mavros_vision_bridge]: Bridging /Odometry/healthy -> /mavros/vision_pose/pose_cov + vision_speed for MAVROS vision input
[static_transform_publisher-6] [INFO] [1784629600.062048865] [base_link_to_body]: Spinning until stopped - publishing transform
[static_transform_publisher-6] translation: ('0.000000', '0.000000', '0.000000')
[static_transform_publisher-6] rotation: ('0.000000', '0.000000', '0.000000', '1.000000')
[static_transform_publisher-6] from 'base_link' to 'body'
[mavros_node-1] [INFO] [1784629600.064919757] [mavros.mavros_router]: Built-in SIMD instructions: SSE, SSE2
[mavros_node-1] [INFO] [1784629600.064956573] [mavros.mavros_router]: Built-in MAVLink package version: 2026.3.3
[mavros_node-1] [INFO] [1784629600.064967874] [mavros.mavros_router]: Known MAVLink dialects: common ardupilotmega ASLUAV AVSSUAS all csAirLink cubepilot development icarous loweheiser marsh matrixpilot paparazzi standard stemstudios storm32 uAvionix ualberta
[mavros_node-1] [INFO] [1784629600.064970762] [mavros.mavros_router]: MAVROS Router started
[mavros_node-1] [INFO] [1784629600.065039677] [mavros.mavros_node]: Starting mavros uas node
[static_transform_publisher-8] [INFO] [1784629600.067621711] [body_to_body_frd]: Spinning until stopped - publishing transform
[static_transform_publisher-8] translation: ('0.000000', '0.000000', '0.000000')
[static_transform_publisher-8] rotation: ('1.000000', '0.000000', '0.000000', '0.000000')
[static_transform_publisher-8] from 'body' to 'body_frd'
[mavros_node-1] [INFO] [1784629600.120118560] [mavros.mavros_router]: Requested to add endpoint: type: 0, url: serial:///dev/ttyUSB0:921600?ids=255,190
[mavros_node-1] [INFO] [1784629600.120392120] [mavros.mavros_router]: Endpoint link[1000] created
[mavros_node-1] [INFO] [1784629600.122715829] [mavros.mavros_router]: link[1000] opened successfully
[mavros_node-1] [INFO] [1784629600.122808862] [mavros.mavros_router]: Requested to add endpoint: type: 2, url: /uas1
[mavros_node-1] [INFO] [1784629600.122895629] [mavros.mavros_router]: Endpoint link[1001] created
[mavros_node-1] [INFO] [1784629600.124308273] [mavros.mavros_router]: link[1000] detected remote address 1.1
[mavros_node-1] [INFO] [1784629600.128025759] [mavros.mavros_router]: link[1001] opened successfully
[mavros_node-1] [INFO] [1784629600.129587319] [mavros.mavros]: UAS Executor started, threads: 16
[mavros_node-1] [INFO] [1784629600.145558358] [mavros.mavros]: Plugin actuator_control created
[mavros_node-1] [INFO] [1784629600.145618233] [mavros.mavros]: Plugin actuator_control initialized
[fastlio_ev_health_monitor.py-3] [INFO] [1784629600.151821469] [fastlio_ev_health_monitor]: EV health gate /Odometry -> /Odometry/healthy; compare /mavros/local_position/velocity_local in PX4 local NED; status=/ev_health/status, diagnostics=/ev_health/diagnostics
[mavros_node-1] [INFO] [1784629600.167137754] [mavros.mavros]: Plugin adsb created
[mavros_node-1] [INFO] [1784629600.167271599] [mavros.mavros]: Plugin adsb initialized
[mavros_node-1] [INFO] [1784629600.177513382] [mavros.mavros]: Plugin altitude created
[mavros_node-1] [INFO] [1784629600.177655489] [mavros.mavros]: Plugin altitude initialized
[mavros_node-1] [INFO] [1784629600.199398942] [mavros.mavros]: Plugin cam_imu_sync created
[mavros_node-1] [INFO] [1784629600.199512499] [mavros.mavros]: Plugin cam_imu_sync initialized
[mavros_node-1] [INFO] [1784629600.222120400] [mavros.mavros]: Plugin camera created
[mavros_node-1] [INFO] [1784629600.222208115] [mavros.mavros]: Plugin camera initialized
[fastlio_ev_health_monitor.py-3] [WARN] [1784629600.226254420] [fastlio_ev_health_monitor]: EV health state=SUSPECT: px4_velocity_unaligned
[mavros_node-1] [INFO] [1784629600.250334765] [mavros.mavros]: Plugin cellular_status created
[mavros_node-1] [INFO] [1784629600.250582318] [mavros.mavros]: Plugin cellular_status initialized
[mavros_node-1] [INFO] [1784629600.280845003] [mavros.mavros]: Plugin command created
[mavros_node-1] [INFO] [1784629600.280944910] [mavros.mavros]: Plugin command initialized
[mavros_node-1] [INFO] [1784629600.297202544] [mavros.mavros]: Plugin companion_process_status created
[mavros_node-1] [INFO] [1784629600.297297443] [mavros.mavros]: Plugin companion_process_status initialized
[mavros_node-1] [INFO] [1784629600.320232163] [mavros.mavros]: Plugin debug_value created
[mavros_node-1] [INFO] [1784629600.320356597] [mavros.mavros]: Plugin debug_value initialized
[mavros_node-1] [INFO] [1784629600.320366388] [mavros.mavros]: Plugin distance_sensor ignored
[mavros_node-1] [INFO] [1784629600.341308393] [mavros.mavros]: Plugin esc_status created
[mavros_node-1] [INFO] [1784629600.341578471] [mavros.mavros]: Plugin esc_status initialized
[mavros_node-1] [INFO] [1784629600.360171944] [mavros.mavros]: Plugin esc_telemetry created
[mavros_node-1] [INFO] [1784629600.360697835] [mavros.mavros]: Plugin esc_telemetry initialized
[mavros_node-1] [INFO] [1784629600.385648812] [mavros.mavros]: Plugin fake_gps created
[mavros_node-1] [INFO] [1784629600.385716725] [mavros.mavros]: Plugin fake_gps initialized
[mavros_node-1] [INFO] [1784629600.411170544] [mavros.mavros]: Plugin ftp created
[mavros_node-1] [INFO] [1784629600.411247802] [mavros.mavros]: Plugin ftp initialized
[mavros_node-1] [INFO] [1784629600.434624172] [mavros.mavros]: Plugin geofence created
[mavros_node-1] [INFO] [1784629600.434801312] [mavros.mavros]: Plugin geofence initialized
[mavros_node-1] [INFO] [1784629600.481794252] [mavros.mavros]: Plugin gimbal_control created
[mavros_node-1] [INFO] [1784629600.481950319] [mavros.mavros]: Plugin gimbal_control initialized
[mavros_node-1] [INFO] [1784629600.524942641] [mavros.mavros]: Plugin global_position created
[mavros_node-1] [INFO] [1784629600.525070021] [mavros.mavros]: Plugin global_position initialized
[fastlio_ev_health_monitor.py-3] [WARN] [1784629600.541299988] [fastlio_ev_health_monitor]: EV health state=FAULT: px4_velocity_timeout
[mavros_node-1] [INFO] [1784629600.544056181] [mavros.mavros]: Plugin gps_input created
[mavros_node-1] [INFO] [1784629600.544157573] [mavros.mavros]: Plugin gps_input initialized
[mavros_node-1] [INFO] [1784629600.569519771] [mavros.mavros]: Plugin gps_rtk created
[mavros_node-1] [INFO] [1784629600.569856350] [mavros.mavros]: Plugin gps_rtk initialized
[mavros_node-1] [INFO] [1784629600.621815823] [mavros.mavros]: Plugin gps_status created
[mavros_node-1] [INFO] [1784629600.621919573] [mavros.mavros]: Plugin gps_status initialized
[mavros_node-1] [INFO] [1784629600.652504447] [mavros.mavros]: Plugin guided_target created
[mavros_node-1] [INFO] [1784629600.652618584] [mavros.mavros]: Plugin guided_target initialized
[mavros_node-1] [INFO] [1784629600.691687874] [mavros.mavros]: Plugin hil created
[mavros_node-1] [INFO] [1784629600.691809360] [mavros.mavros]: Plugin hil initialized
[mavros_node-1] [INFO] [1784629600.735077859] [mavros.mavros]: Plugin home_position created
[mavros_node-1] [INFO] [1784629600.735144038] [mavros.mavros]: Plugin home_position initialized
[mavros_node-1] [INFO] [1784629600.771760039] [mavros.mavros]: Plugin imu created
[mavros_node-1] [INFO] [1784629600.771856950] [mavros.mavros]: Plugin imu initialized
[mavros_node-1] [INFO] [1784629600.810337540] [mavros.mavros]: Plugin landing_target created
[mavros_node-1] [INFO] [1784629600.810455219] [mavros.mavros]: Plugin landing_target initialized
[mavros_node-1] [INFO] [1784629600.849573170] [mavros.mavros]: Plugin local_position created
[mavros_node-1] [INFO] [1784629600.849806484] [mavros.mavros]: Plugin local_position initialized
[mavros_node-1] [INFO] [1784629600.927875138] [mavros.mavros]: Plugin log_transfer created
[mavros_node-1] [INFO] [1784629600.928009283] [mavros.mavros]: Plugin log_transfer initialized
[mavros_node-1] [INFO] [1784629600.976534691] [mavros.mavros]: Plugin mag_calibration_status created
[mavros_node-1] [INFO] [1784629600.976852279] [mavros.mavros]: Plugin mag_calibration_status initialized
[mavros_node-1] [INFO] [1784629601.026598150] [mavros.mavros]: Plugin manual_control created
[mavros_node-1] [INFO] [1784629601.026889901] [mavros.mavros]: Plugin manual_control initialized
[mavros_node-1] [INFO] [1784629601.080708225] [mavros.mavros]: Plugin mocap_pose_estimate created
[mavros_node-1] [INFO] [1784629601.080968106] [mavros.mavros]: Plugin mocap_pose_estimate initialized
[mavros_node-1] [INFO] [1784629601.134902508] [mavros.mavros]: Plugin mount_control created
[mavros_node-1] [INFO] [1784629601.135286952] [mavros.mavros]: Plugin mount_control initialized
[mavros_node-1] [INFO] [1784629601.179217141] [mavros.mavros]: Plugin nav_controller_output created
[mavros_node-1] [INFO] [1784629601.179381522] [mavros.mavros]: Plugin nav_controller_output initialized
[mavros_node-1] [INFO] [1784629601.240232461] [mavros.mavros]: Plugin obstacle_distance created
[mavros_node-1] [INFO] [1784629601.240580128] [mavros.mavros]: Plugin obstacle_distance initialized
[mavros_node-1] [INFO] [1784629601.280278609] [mavros.mavros]: Plugin obstacle_distance_3d created
[mavros_node-1] [INFO] [1784629601.280559849] [mavros.mavros]: Plugin obstacle_distance_3d initialized
[mavros_node-1] [INFO] [1784629601.341479377] [mavros.mavros]: Plugin odometry created
[mavros_node-1] [INFO] [1784629601.341614692] [mavros.mavros]: Plugin odometry initialized
[mavros_node-1] [INFO] [1784629601.379001732] [mavros.mavros]: Plugin onboard_computer_status created
[mavros_node-1] [INFO] [1784629601.379100655] [mavros.mavros]: Plugin onboard_computer_status initialized
[mavros_node-1] [INFO] [1784629601.435289013] [mavros.mavros]: Plugin open_drone_id created
[mavros_node-1] [INFO] [1784629601.435406477] [mavros.mavros]: Plugin open_drone_id initialized
[mavros_node-1] [INFO] [1784629601.507841732] [mavros.mavros]: Plugin optical_flow created
[mavros_node-1] [INFO] [1784629601.508267292] [mavros.mavros]: Plugin optical_flow initialized
[mavros_node-1] [INFO] [1784629601.570814276] [mavros.mavros]: Plugin param created
[mavros_node-1] [INFO] [1784629601.570927502] [mavros.mavros]: Plugin param initialized
[mavros_node-1] [INFO] [1784629601.617433200] [mavros.mavros]: Plugin play_tune created
[mavros_node-1] [INFO] [1784629601.619084291] [mavros.mavros]: Plugin play_tune initialized
[mavros_node-1] [INFO] [1784629601.666400314] [mavros.mavros]: Plugin px4flow created
[mavros_node-1] [INFO] [1784629601.666672549] [mavros.mavros]: Plugin px4flow initialized
[mavros_node-1] [INFO] [1784629601.736390024] [mavros.mavros]: Plugin rallypoint created
[mavros_node-1] [INFO] [1784629601.736601258] [mavros.mavros]: Plugin rallypoint initialized
[mavros_node-1] [INFO] [1784629601.736617503] [mavros.mavros]: Plugin rangefinder ignored
[mavros_node-1] [INFO] [1784629601.796591746] [mavros.mavros]: Plugin rc_io created
[mavros_node-1] [INFO] [1784629601.796799215] [mavros.mavros]: Plugin rc_io initialized
[mavros_node-1] [INFO] [1784629601.847499186] [mavros.mavros]: Plugin setpoint_accel created
[mavros_node-1] [INFO] [1784629601.847706893] [mavros.mavros]: Plugin setpoint_accel initialized
[mavros_node-1] [INFO] [1784629601.914376247] [mavros.mavros]: Plugin setpoint_attitude created
[mavros_node-1] [INFO] [1784629601.914540472] [mavros.mavros]: Plugin setpoint_attitude initialized
[mavros_node-1] [INFO] [1784629601.963096230] [mavros.mavros]: Plugin setpoint_position created
[mavros_node-1] [INFO] [1784629601.963251240] [mavros.mavros]: Plugin setpoint_position initialized
[mavros_node-1] [INFO] [1784629601.997010682] [mavros.mavros]: Plugin setpoint_raw created
[mavros_node-1] [INFO] [1784629601.997139094] [mavros.mavros]: Plugin setpoint_raw initialized
[mavros_node-1] [INFO] [1784629602.129198048] [mavros.mavros]: Plugin setpoint_trajectory created
[mavros_node-1] [INFO] [1784629602.129362068] [mavros.mavros]: Plugin setpoint_trajectory initialized
[mavros_node-1] [INFO] [1784629602.180474270] [mavros.mavros]: Plugin setpoint_velocity created
[mavros_node-1] [INFO] [1784629602.180687815] [mavros.mavros]: Plugin setpoint_velocity initialized
[mavros_node-1] [INFO] [1784629602.250709706] [mavros.mavros]: Plugin sim_state created
[mavros_node-1] [INFO] [1784629602.250983296] [mavros.mavros]: Plugin sim_state initialized
[mavros_node-1] [INFO] [1784629602.354591826] [mavros.mavros]: Plugin sys_status created
[mavros_node-1] [INFO] [1784629602.354742463] [mavros.mavros]: Plugin sys_status initialized
[mavros_node-1] [INFO] [1784629602.409827544] [mavros.time]: TM: Timesync mode: MAVLINK
[mavros_node-1] [INFO] [1784629602.427484957] [mavros.mavros]: Plugin sys_time created
[mavros_node-1] [INFO] [1784629602.427722022] [mavros.mavros]: Plugin sys_time initialized
[mavros_node-1] [INFO] [1784629602.493748287] [mavros.mavros]: Plugin tdr_radio created
[mavros_node-1] [INFO] [1784629602.493870738] [mavros.mavros]: Plugin tdr_radio initialized
[mavros_node-1] [INFO] [1784629602.576131895] [mavros.mavros]: Plugin terrain created
[mavros_node-1] [INFO] [1784629602.576354413] [mavros.mavros]: Plugin terrain initialized
[mavros_node-1] [INFO] [1784629602.662310824] [mavros.mavros]: Plugin trajectory created
[mavros_node-1] [INFO] [1784629602.662516898] [mavros.mavros]: Plugin trajectory initialized
[mavros_node-1] [INFO] [1784629602.744581728] [mavros.mavros]: Plugin tunnel created
[mavros_node-1] [INFO] [1784629602.744850574] [mavros.mavros]: Plugin tunnel initialized
[mavros_node-1] [INFO] [1784629602.833985961] [mavros.mavros]: Plugin vfr_hud created
[mavros_node-1] [INFO] [1784629602.834144052] [mavros.mavros]: Plugin vfr_hud initialized
[mavros_node-1] [INFO] [1784629602.834165267] [mavros.mavros]: Plugin vibration ignored
[mavros_node-1] [INFO] [1784629602.911542398] [mavros.mavros]: Plugin vision_pose created
[mavros_node-1] [INFO] [1784629602.911731281] [mavros.mavros]: Plugin vision_pose initialized
[mavros_node-1] [INFO] [1784629602.992274441] [mavros.mavros]: Plugin vision_speed created
[mavros_node-1] [INFO] [1784629602.992404613] [mavros.mavros]: Plugin vision_speed initialized
[mavros_node-1] [INFO] [1784629603.076850787] [mavros.mavros]: Plugin waypoint created
[mavros_node-1] [INFO] [1784629603.077345289] [mavros.mavros]: Plugin waypoint initialized
[mavros_node-1] [INFO] [1784629603.077397207] [mavros.mavros]: Plugin wheel_odometry ignored
[mavros_node-1] [INFO] [1784629603.156264982] [mavros.mavros]: Plugin wind_estimation created
[mavros_node-1] [INFO] [1784629603.156579972] [mavros.mavros]: Plugin wind_estimation initialized
[mavros_node-1] [INFO] [1784629603.168521811] [mavros.mavros]: Built-in SIMD instructions: SSE, SSE2
[mavros_node-1] [INFO] [1784629603.168602725] [mavros.mavros]: Built-in MAVLink package version: 2026.3.3
[mavros_node-1] [INFO] [1784629603.168615488] [mavros.mavros]: Known MAVLink dialects: common ardupilotmega ASLUAV AVSSUAS all csAirLink cubepilot development icarous loweheiser marsh matrixpilot paparazzi standard stemstudios storm32 uAvionix ualberta
[mavros_node-1] [INFO] [1784629603.168626905] [mavros.mavros]: MAVROS UAS via /uas1 started. MY ID 255.190, TARGET ID 1.1
[mavros_node-1] [INFO] [1784629603.175613344] [mavros.imu]: IMU: High resolution IMU detected!
[mavros_node-1] [INFO] [1784629603.175743933] [mavros.imu]: IMU: Attitude quaternion IMU detected!
[mavros_node-1] [INFO] [1784629603.178500542] [mavros.rc]: RC_CHANNELS message detected!
[mavros_node-1] [INFO] [1784629603.242828527] [mavros.mavros_router]: link[1001] detected remote address 255.190
[mavros_node-1] [WARN] [1784629603.371817228] [mavros.cmd]: CMD: Unexpected command 520, result 3
[mavros_node-1] [INFO] [1784629603.542950501] [mavros.mavros]: CON: Got HEARTBEAT, connected. FCU: PX4 Autopilot
[mavros_node-1] [INFO] [1784629603.543353411] [mavros.mission]: WP: detected enable_partial_push: 0
[mavros_node-1] [INFO] [1784629603.552746354] [mavros.imu]: IMU: High resolution IMU detected!
[mavros_node-1] [INFO] [1784629603.555054901] [mavros.imu]: IMU: Attitude quaternion IMU detected!
[mavros_node-1] [INFO] [1784629603.578330993] [mavros.rc]: RC_CHANNELS message detected!
[fastlio_ev_health_monitor.py-3] [INFO] [1784629605.326445401] [fastlio_ev_health_monitor]: EV health state=HEALTHY: ok
[mavros_node-1] [WARN] [1784629605.553755435] [mavros.sys]: VER: broadcast request timeout, retries left 4
[mavros_node-1] [WARN] [1784629605.704804646] [mavros.sys]: FCU: UNK(8): EVENT 11047904 with args -0-0-0-18-1-0-0-0-0-129-46-1-128-131-191-1-128-0-0-0-0-0-0-0-0-0-0-0-0-0-0-0-0-0-0-0-0-0-0-0-
[mavros_node-1] [ERROR] [1784629605.705069031] [mavros.sys]: FCU: EVENT 9697819 with args -126-209-126-0-17-0-0-0-0-0-0-0-0-0-0-0-0-0-0-0-0-0-0-0-0-0-0-0-0-0-0-0-0-0-0-0-0-0-0-0-
[mavros_node-1] [ERROR] [1784629605.705385848] [mavros.sys]: FCU: EVENT 13679014 with args -0-64-0-0-20-0-0-0-0-0-0-0-0-0-0-0-0-0-0-0-0-0-0-0-0-0-0-0-0-0-0-0-0-0-0-0-0-0-0-0-
[mavros_node-1] [ERROR] [1784629605.705795759] [mavros.sys]: FCU: EVENT 13835193 with args -124-0-126-0-17-0-0-0-0-0-0-0-0-0-0-0-0-0-0-0-0-0-0-0-0-0-0-0-0-0-0-0-0-0-0-0-0-0-0-0-
[mavros_node-1] [ERROR] [1784629605.706082807] [mavros.sys]: FCU: EVENT 10011251 with args -56-0-0-0-24-0-0-0-0-0-0-0-0-0-0-0-0-0-0-0-0-0-0-0-0-0-0-0-0-0-0-0-0-0-0-0-0-0-0-0-
[mavros_node-1] [INFO] [1784629605.706167319] [mavros.sys]: FCU: EVENT 377561 with args -8-0-0-0-20-0-0-0-0-0-0-0-0-0-0-0-0-0-0-0-0-0-0-0-0-0-0-0-0-0-0-0-0-0-0-0-0-0-0-0-
[mavros_node-1] [INFO] [1784629605.706414109] [mavros.sys]: FCU: EVENT 79408 with args -32-0-0-0-20-0-0-0-0-0-0-0-0-0-0-0-0-0-0-0-0-0-0-0-0-0-0-0-0-0-0-0-0-0-0-0-0-0-0-0-
[mavros_node-1] [INFO] [1784629605.706749953] [mavros.sys]: FCU: EVENT 6801787 with args -255-255-255-255-12-0-0-0-0-0-0-0-0-0-0-0-0-0-0-0-0-0-0-0-0-0-0-0-0-0-0-0-0-0-0-0-0-0-0-0-
[mavros_node-1] [WARN] [1784629605.709622575] [mavros.sys]: FCU: UNK(8): EVENT 1914663 with args -0-130-0-2-48-0-0-0-0-0-0-0-0-0-0-0-0-0-0-0-0-0-0-0-0-0-0-0-0-0-0-0-0-0-0-0-0-0-0-0-
[mavros_node-1] [WARN] [1784629606.554221267] [mavros.sys]: VER: broadcast request timeout, retries left 3
[mavros_node-1] [ERROR] [1784629607.564776385] [mavros.sys]: VER: command plugin service call failed!
[mavros_node-1] [WARN] [1784629607.564931169] [mavros.sys]: VER: unicast request timeout, retries left 2
[mavros_node-1] [WARN] [1784629607.777813401] [mavros.sys]: FCU: UNK(8): EVENT 11047904 with args -0-0-0-18-1-0-0-0-0-131-191-1-128-131-191-1-128-0-0-0-0-0-0-0-0-0-0-0-0-0-0-0-0-0-0-0-0-0-0-0-
[mavros_node-1] [ERROR] [1784629607.778202761] [mavros.sys]: FCU: EVENT 13679014 with args -0-64-0-0-20-0-0-0-0-0-0-0-0-0-0-0-0-0-0-0-0-0-0-0-0-0-0-0-0-0-0-0-0-0-0-0-0-0-0-0-
[mavros_node-1] [ERROR] [1784629607.778502221] [mavros.sys]: FCU: EVENT 13835193 with args -124-0-126-0-17-0-0-0-0-0-0-0-0-0-0-0-0-0-0-0-0-0-0-0-0-0-0-0-0-0-0-0-0-0-0-0-0-0-0-0-
[mavros_node-1] [ERROR] [1784629607.778818431] [mavros.sys]: FCU: EVENT 10011251 with args -56-0-0-0-24-0-0-0-0-0-0-0-0-0-0-0-0-0-0-0-0-0-0-0-0-0-0-0-0-0-0-0-0-0-0-0-0-0-0-0-
[mavros_node-1] [INFO] [1784629607.779182062] [mavros.sys]: FCU: EVENT 377561 with args -8-0-0-0-20-0-0-0-0-0-0-0-0-0-0-0-0-0-0-0-0-0-0-0-0-0-0-0-0-0-0-0-0-0-0-0-0-0-0-0-
[mavros_node-1] [INFO] [1784629607.779505156] [mavros.sys]: FCU: EVENT 79408 with args -32-0-0-0-20-0-0-0-0-0-0-0-0-0-0-0-0-0-0-0-0-0-0-0-0-0-0-0-0-0-0-0-0-0-0-0-0-0-0-0-
[mavros_node-1] [INFO] [1784629607.779857484] [mavros.sys]: FCU: EVENT 6801787 with args -255-255-255-255-12-0-0-0-0-0-0-0-0-0-0-0-0-0-0-0-0-0-0-0-0-0-0-0-0-0-0-0-0-0-0-0-0-0-0-0-
[mavros_node-1] [WARN] [1784629607.781439764] [mavros.sys]: FCU: UNK(8): EVENT 1914663 with args -0-130-0-2-48-0-0-0-0-0-0-0-0-0-0-0-0-0-0-0-0-0-0-0-0-0-0-0-0-0-0-0-0-0-0-0-0-0-0-0-
[mavros_node-1] [ERROR] [1784629608.575646039] [mavros.sys]: VER: command plugin service call failed!
[mavros_node-1] [WARN] [1784629608.575729432] [mavros.sys]: VER: unicast request timeout, retries left 1
[mavros_node-1] [ERROR] [1784629609.568001931] [mavros.sys]: VER: command plugin service call failed!
[mavros_node-1] [WARN] [1784629609.568100399] [mavros.sys]: VER: unicast request timeout, retries left 0
[mavros_node-1] [WARN] [1784629609.831998594] [mavros.sys]: FCU: UNK(8): EVENT 11047904 with args -0-0-0-16-1-0-0-0-0-199-191-127-128-199-191-127-128-0-0-0-0-0-0-0-0-0-0-0-0-0-0-0-0-0-0-0-0-0-0-0-
[mavros_node-1] [ERROR] [1784629609.832126853] [mavros.sys]: FCU: EVENT 11464574 with args -0-64-0-0-20-0-0-0-0-0-0-0-0-0-0-0-0-0-0-0-0-0-0-0-0-0-0-0-0-0-0-0-0-0-0-0-0-0-0-0-
[mavros_node-1] [ERROR] [1784629609.832373829] [mavros.sys]: FCU: EVENT 10011251 with args -56-0-0-0-24-0-0-0-0-0-0-0-0-0-0-0-0-0-0-0-0-0-0-0-0-0-0-0-0-0-0-0-0-0-0-0-0-0-0-0-
[mavros_node-1] [INFO] [1784629609.832718420] [mavros.sys]: FCU: EVENT 377561 with args -8-0-0-0-20-0-0-0-0-0-0-0-0-0-0-0-0-0-0-0-0-0-0-0-0-0-0-0-0-0-0-0-0-0-0-0-0-0-0-0-
[mavros_node-1] [INFO] [1784629609.833070385] [mavros.sys]: FCU: EVENT 79408 with args -32-0-0-0-20-0-0-0-0-0-0-0-0-0-0-0-0-0-0-0-0-0-0-0-0-0-0-0-0-0-0-0-0-0-0-0-0-0-0-0-
[mavros_node-1] [INFO] [1784629609.833404363] [mavros.sys]: FCU: EVENT 6801787 with args -255-255-255-255-12-0-0-0-0-0-0-0-0-0-0-0-0-0-0-0-0-0-0-0-0-0-0-0-0-0-0-0-0-0-0-0-0-0-0-0-
[mavros_node-1] [WARN] [1784629609.833752971] [mavros.sys]: FCU: UNK(8): EVENT 1914663 with args -0-130-0-2-48-0-0-0-0-0-0-0-0-0-0-0-0-0-0-0-0-0-0-0-0-0-0-0-0-0-0-0-0-0-0-0-0-0-0-0-
[mavros_node-1] [ERROR] [1784629610.562988117] [mavros.sys]: VER: command plugin service call failed!
[mavros_node-1] [WARN] [1784629610.563084367] [mavros.sys]: VER: your FCU don't support AUTOPILOT_VERSION, switched to default capabilities
[mavros_node-1] [WARN] [1784629612.966313839] [mavros.sys]: FCU: UNK(8): EVENT 11047904 with args -0-0-0-0-1-0-0-0-0-199-255-127-128-199-255-127-128-0-0-0-0-0-0-0-0-0-0-0-0-0-0-0-0-0-0-0-0-0-0-0-
[mavros_node-1] [ERROR] [1784629612.966616148] [mavros.sys]: FCU: EVENT 10011251 with args -56-0-0-0-24-0-0-0-0-0-0-0-0-0-0-0-0-0-0-0-0-0-0-0-0-0-0-0-0-0-0-0-0-0-0-0-0-0-0-0-
[mavros_node-1] [INFO] [1784629612.967022304] [mavros.sys]: FCU: EVENT 377561 with args -8-0-0-0-20-0-0-0-0-0-0-0-0-0-0-0-0-0-0-0-0-0-0-0-0-0-0-0-0-0-0-0-0-0-0-0-0-0-0-0-
[mavros_node-1] [INFO] [1784629612.967408169] [mavros.sys]: FCU: EVENT 79408 with args -32-0-0-0-20-0-0-0-0-0-0-0-0-0-0-0-0-0-0-0-0-0-0-0-0-0-0-0-0-0-0-0-0-0-0-0-0-0-0-0-
[mavros_node-1] [INFO] [1784629612.967676700] [mavros.sys]: FCU: EVENT 6801787 with args -255-255-255-255-12-0-0-0-0-0-0-0-0-0-0-0-0-0-0-0-0-0-0-0-0-0-0-0-0-0-0-0-0-0-0-0-0-0-0-0-
[mavros_node-1] [WARN] [1784629612.967801673] [mavros.sys]: FCU: UNK(8): EVENT 1914663 with args -0-130-0-2-48-0-0-0-0-0-0-0-0-0-0-0-0-0-0-0-0-0-0-0-0-0-0-0-0-0-0-0-0-0-0-0-0-0-0-0-
[mavros_node-1] [INFO] [1784629613.547226937] [mavros.home_position]: HP: requesting home position
[mavros_node-1] [INFO] [1784629618.548404912] [mavros.mission]: WP: mission received
[mavros_node-1] [INFO] [1784629623.551037136] [mavros.rallypoint]: RP: mission received
[mavros_node-1] [INFO] [1784629628.553672193] [mavros.geofence]: GF: mission received
[mavros_node-1] [INFO] [1784629639.604809289] [mavros.sys]: FCU: EVENT 9489139 with args -4-0-0-0-0-0-0-0-0-0-0-0-0-0-0-0-0-0-0-0-0-0-0-0-0-0-0-0-0-0-0-0-0-0-0-0-0-0-0-0-
[mavros_node-1] [INFO] [1784629639.666075555] [mavros.sys]: FCU: EVENT 4535132 with args -2-0-102-0-0-0-0-0-0-0-0-0-0-0-0-0-0-0-0-0-0-0-0-0-0-0-0-0-0-0-0-0-0-0-0-0-0-0-0-0-
[mavros_node-1] [WARN] [1784629639.784910209] [mavros.sys]: FCU: UNK(8): EVENT 11047904 with args -0-0-0-0-1-0-0-0-0-199-255-127-128-199-255-127-128-0-0-0-0-0-0-0-0-0-0-0-0-0-0-0-0-0-0-0-0-0-0-0-
[mavros_node-1] [ERROR] [1784629639.785236652] [mavros.sys]: FCU: EVENT 10011251 with args -56-0-0-0-24-0-0-0-0-0-0-0-0-0-0-0-0-0-0-0-0-0-0-0-0-0-0-0-0-0-0-0-0-0-0-0-0-0-0-0-
[mavros_node-1] [INFO] [1784629639.785577962] [mavros.sys]: FCU: EVENT 377561 with args -8-0-0-0-20-0-0-0-0-0-0-0-0-0-0-0-0-0-0-0-0-0-0-0-0-0-0-0-0-0-0-0-0-0-0-0-0-0-0-0-
[mavros_node-1] [INFO] [1784629639.785948373] [mavros.sys]: FCU: EVENT 79408 with args -32-0-0-0-20-0-0-0-0-0-0-0-0-0-0-0-0-0-0-0-0-0-0-0-0-0-0-0-0-0-0-0-0-0-0-0-0-0-0-0-
[mavros_node-1] [INFO] [1784629639.786057254] [mavros.sys]: FCU: EVENT 6801787 with args -255-255-255-255-12-0-0-0-0-0-0-0-0-0-0-0-0-0-0-0-0-0-0-0-0-0-0-0-0-0-0-0-0-0-0-0-0-0-0-0-
[mavros_node-1] [WARN] [1784629639.786246674] [mavros.sys]: FCU: UNK(8): EVENT 1914663 with args -0-130-4-2-48-0-0-0-0-0-0-0-0-0-0-0-0-0-0-0-0-0-0-0-0-0-0-0-0-0-0-0-0-0-0-0-0-0-0-0-
[mavros_node-1] [INFO] [1784629640.826474785] [mavros.sys]: FCU: EVENT 4277609 with args -0-0-0-0-0-0-0-0-0-0-0-0-0-0-0-0-0-0-0-0-0-0-0-0-0-0-0-0-0-0-0-0-0-0-0-0-0-0-0-0-
[mavros_node-1] [WARN] [1784629642.504321051] [mavros.cmd]: CMD: Unexpected command 176, result 0
[mavros_node-1] [WARN] [1784629643.600959698] [mavros.sys]: FCU: UNK(8): EVENT 11047904 with args -0-0-0-16-1-0-0-0-0-199-191-127-128-199-191-127-128-0-0-0-0-0-0-0-0-0-0-0-0-0-0-0-0-0-0-0-0-0-0-0-
[mavros_node-1] [ERROR] [1784629643.601404518] [mavros.sys]: FCU: EVENT 11464574 with args -0-64-0-0-20-0-0-0-0-0-0-0-0-0-0-0-0-0-0-0-0-0-0-0-0-0-0-0-0-0-0-0-0-0-0-0-0-0-0-0-
[mavros_node-1] [ERROR] [1784629643.603168107] [mavros.sys]: FCU: EVENT 10011251 with args -56-0-0-0-24-0-0-0-0-0-0-0-0-0-0-0-0-0-0-0-0-0-0-0-0-0-0-0-0-0-0-0-0-0-0-0-0-0-0-0-
[mavros_node-1] [INFO] [1784629643.603385502] [mavros.sys]: FCU: EVENT 377561 with args -8-0-0-0-20-0-0-0-0-0-0-0-0-0-0-0-0-0-0-0-0-0-0-0-0-0-0-0-0-0-0-0-0-0-0-0-0-0-0-0-
[mavros_node-1] [INFO] [1784629643.603567975] [mavros.sys]: FCU: EVENT 79408 with args -32-0-0-0-20-0-0-0-0-0-0-0-0-0-0-0-0-0-0-0-0-0-0-0-0-0-0-0-0-0-0-0-0-0-0-0-0-0-0-0-
[mavros_node-1] [INFO] [1784629643.603728662] [mavros.sys]: FCU: EVENT 6801787 with args -255-255-255-255-12-0-0-0-0-0-0-0-0-0-0-0-0-0-0-0-0-0-0-0-0-0-0-0-0-0-0-0-0-0-0-0-0-0-0-0-
[mavros_node-1] [WARN] [1784629643.604814113] [mavros.sys]: FCU: UNK(8): EVENT 1914663 with args -0-130-4-2-48-0-0-0-0-0-0-0-0-0-0-0-0-0-0-0-0-0-0-0-0-0-0-0-0-0-0-0-0-0-0-0-0-0-0-0-
[mavros_node-1] [INFO] [1784629644.265838563] [mavros.sys]: FCU: EVENT 9844908 with args -0-0-0-0-0-0-0-0-0-0-0-0-0-0-0-0-0-0-0-0-0-0-0-0-0-0-0-0-0-0-0-0-0-0-0-0-0-0-0-0-
[mavros_node-1] [INFO] [1784629646.268079133] [mavros.sys]: FCU: EVENT 16017271 with args -6-0-0-0-0-0-0-0-0-0-0-0-0-0-0-0-0-0-0-0-0-0-0-0-0-0-0-0-0-0-0-0-0-0-0-0-0-0-0-0-
[mavros_node-1] [INFO] [1784629648.512144764] [mavros.sys]: FCU: EVENT 11290563 with args -0-0-0-0-0-0-0-0-0-0-0-0-0-0-0-0-0-0-0-0-0-0-0-0-0-0-0-0-0-0-0-0-0-0-0-0-0-0-0-0-
[mavros_node-1] [WARN] [1784629648.544449645] [mavros.sys]: FCU: UNK(8): EVENT 11047904 with args -0-128-0-16-1-0-0-0-0-0-0-0-0-199-191-127-128-0-0-0-0-0-0-0-0-0-0-0-0-0-0-0-0-0-0-0-0-0-0-0-
[mavros_node-1] [ERROR] [1784629648.544611201] [mavros.sys]: FCU: EVENT 9077977 with args -255-255-255-255-7-0-0-0-0-0-0-0-0-0-0-0-0-0-0-0-0-0-0-0-0-0-0-0-0-0-0-0-0-0-0-0-0-0-0-0-
[mavros_node-1] [ERROR] [1784629648.544839925] [mavros.sys]: FCU: EVENT 11464574 with args -0-64-0-0-20-0-0-0-0-0-0-0-0-0-0-0-0-0-0-0-0-0-0-0-0-0-0-0-0-0-0-0-0-0-0-0-0-0-0-0-
[mavros_node-1] [ERROR] [1784629648.545236627] [mavros.sys]: FCU: EVENT 10011251 with args -56-0-0-0-24-0-0-0-0-0-0-0-0-0-0-0-0-0-0-0-0-0-0-0-0-0-0-0-0-0-0-0-0-0-0-0-0-0-0-0-
[mavros_node-1] [INFO] [1784629648.545558601] [mavros.sys]: FCU: EVENT 377561 with args -8-0-0-0-20-0-0-0-0-0-0-0-0-0-0-0-0-0-0-0-0-0-0-0-0-0-0-0-0-0-0-0-0-0-0-0-0-0-0-0-
[mavros_node-1] [INFO] [1784629648.545710786] [mavros.sys]: FCU: EVENT 79408 with args -32-0-0-0-20-0-0-0-0-0-0-0-0-0-0-0-0-0-0-0-0-0-0-0-0-0-0-0-0-0-0-0-0-0-0-0-0-0-0-0-
[mavros_node-1] [ERROR] [1784629648.545891166] [mavros.sys]: FCU: EVENT 12754954 with args -255-255-255-255-20-0-0-0-0-0-0-0-0-0-0-0-0-0-0-0-0-0-0-0-0-0-0-0-0-0-0-0-0-0-0-0-0-0-0-0-
[mavros_node-1] [INFO] [1784629648.546299137] [mavros.sys]: FCU: EVENT 6801787 with args -255-255-255-255-12-0-0-0-0-0-0-0-0-0-0-0-0-0-0-0-0-0-0-0-0-0-0-0-0-0-0-0-0-0-0-0-0-0-0-0-
[mavros_node-1] [WARN] [1784629648.548595940] [mavros.sys]: FCU: UNK(8): EVENT 1914663 with args -0-130-4-2-48-0-0-0-0-0-0-0-0-0-0-0-0-0-0-0-0-0-0-0-0-0-0-0-0-0-0-0-0-0-0-0-0-0-0-0-
[mavros_node-1] [WARN] [1784629650.573438487] [mavros.sys]: FCU: UNK(8): EVENT 11047904 with args -0-128-0-16-1-0-0-0-0-0-0-0-0-199-191-127-128-0-0-0-0-0-0-0-0-0-0-0-0-0-0-0-0-0-0-0-0-0-0-0-
[mavros_node-1] [ERROR] [1784629650.573728893] [mavros.sys]: FCU: EVENT 9077977 with args -255-255-255-255-7-0-0-0-0-0-0-0-0-0-0-0-0-0-0-0-0-0-0-0-0-0-0-0-0-0-0-0-0-0-0-0-0-0-0-0-
[mavros_node-1] [ERROR] [1784629650.573939453] [mavros.sys]: FCU: EVENT 11464574 with args -0-64-0-0-20-0-0-0-0-0-0-0-0-0-0-0-0-0-0-0-0-0-0-0-0-0-0-0-0-0-0-0-0-0-0-0-0-0-0-0-
[mavros_node-1] [ERROR] [1784629650.574401392] [mavros.sys]: FCU: EVENT 10011251 with args -56-0-0-0-24-0-0-0-0-0-0-0-0-0-0-0-0-0-0-0-0-0-0-0-0-0-0-0-0-0-0-0-0-0-0-0-0-0-0-0-
[mavros_node-1] [INFO] [1784629650.574708920] [mavros.sys]: FCU: EVENT 377561 with args -8-0-0-0-20-0-0-0-0-0-0-0-0-0-0-0-0-0-0-0-0-0-0-0-0-0-0-0-0-0-0-0-0-0-0-0-0-0-0-0-
[mavros_node-1] [INFO] [1784629650.575309957] [mavros.sys]: FCU: EVENT 79408 with args -32-0-0-0-20-0-0-0-0-0-0-0-0-0-0-0-0-0-0-0-0-0-0-0-0-0-0-0-0-0-0-0-0-0-0-0-0-0-0-0-
[mavros_node-1] [ERROR] [1784629650.575491672] [mavros.sys]: FCU: EVENT 12754954 with args -255-255-255-255-20-0-0-0-0-0-0-0-0-0-0-0-0-0-0-0-0-0-0-0-0-0-0-0-0-0-0-0-0-0-0-0-0-0-0-0-
[mavros_node-1] [INFO] [1784629650.575700357] [mavros.sys]: FCU: EVENT 6801787 with args -255-255-255-255-12-0-0-0-0-0-0-0-0-0-0-0-0-0-0-0-0-0-0-0-0-0-0-0-0-0-0-0-0-0-0-0-0-0-0-0-
[mavros_node-1] [WARN] [1784629650.577849917] [mavros.sys]: FCU: UNK(8): EVENT 1914663 with args -0-130-0-2-48-0-0-0-0-0-0-0-0-0-0-0-0-0-0-0-0-0-0-0-0-0-0-0-0-0-0-0-0-0-0-0-0-0-0-0-
