Flight run directory: /home/robot/ws_offboard_control/flight_records/20260721/flight_20260721_182633
Parameter snapshot: /home/robot/ws_offboard_control/flight_records/20260721/flight_20260721_182633/snapshot
Recording rosbag to: /home/robot/ws_offboard_control/flight_records/20260721/flight_20260721_182633/rosbag
Record full registered point cloud: false
Press Ctrl+C in this terminal to stop recording.
stdin is not a terminal device. Keyboard handling disabled.[INFO] [1784629612.897698658] [rosbag2_recorder]: Press SPACE for pausing/resuming
[INFO] [1784629612.899859781] [rosbag2_storage]: Opened database '/home/robot/ws_offboard_control/flight_records/20260721/flight_20260721_182633/rosbag/rosbag_0.db3' for READ_WRITE.
[INFO] [1784629612.902552503] [rosbag2_recorder]: Listening for topics...
[INFO] [1784629612.902583056] [rosbag2_recorder]: Event publisher thread: Starting
[INFO] [1784629612.907736049] [rosbag2_recorder]: Subscribed to topic '/mavros/vision_speed/speed_twist_cov'
[INFO] [1784629612.910734934] [rosbag2_recorder]: Subscribed to topic '/path'
[INFO] [1784629612.915280514] [rosbag2_recorder]: Subscribed to topic '/mavros/vision_pose/pose_cov'
[INFO] [1784629612.918476174] [rosbag2_recorder]: Subscribed to topic '/Odometry/guarded'
[INFO] [1784629612.919855623] [rosbag2_recorder]: Subscribed to topic '/Odometry'
[INFO] [1784629612.919983101] [rosbag2_recorder]: Recording...
[INFO] [1784629612.924024200] [rosbag2_recorder]: Subscribed to topic '/mavros/local_position/pose'
[INFO] [1784629612.926037370] [rosbag2_recorder]: Subscribed to topic '/mavros/local_position/odom'
[INFO] [1784629612.927876569] [rosbag2_recorder]: Subscribed to topic '/mavros/local_position/velocity_local'
[INFO] [1784629613.035851553] [rosbag2_recorder]: Subscribed to topic '/mavros/setpoint_raw/target_local'
[INFO] [1784629613.037554788] [rosbag2_recorder]: Subscribed to topic '/mavros/state'
[INFO] [1784629613.980951956] [rosbag2_recorder]: Subscribed to topic '/ev_health/velocity_ned'
[INFO] [1784629613.982943460] [rosbag2_recorder]: Subscribed to topic '/ev_health/diagnostics'
[INFO] [1784629613.984190146] [rosbag2_recorder]: Subscribed to topic '/mavros/setpoint_raw/local'
[INFO] [1784629613.985649496] [rosbag2_recorder]: Subscribed to topic '/route_tracker/lookahead_target'
[INFO] [1784629613.987871546] [rosbag2_recorder]: Subscribed to topic '/ev_health/status'
[INFO] [1784629613.989789619] [rosbag2_recorder]: Subscribed to topic '/ev_health/fault'
[INFO] [1784629613.991194305] [rosbag2_recorder]: Subscribed to topic '/Odometry/healthy'
[INFO] [1784629613.992703668] [rosbag2_recorder]: Subscribed to topic '/minipc_mavros_offboard/mpc_setpoint_debug'
[INFO] [1784629613.993758277] [rosbag2_recorder]: Subscribed to topic '/route_tracker/reference_path_3d'
