[INFO] [1784629605.404071910] [minipc_mavros_offboard]: Started minipc_mavros_offboard with arm_only=False, takeoff_height_m=0.8, hover_seconds=10.0, offboard_stabilize_seconds=20.0, use_rc_offboard=True, hold_after_arm_reject=True, ignore_z_in_arm_only=True, debug_hold_after_mode_drop=True, recent_pose_samples=30, require_vision_pose=True, vision_freshness_s=1.0, require_ev_health=True, ev_health_topic=/ev_health/status, ev_health_required_s=7.5, ev_health_freshness_s=1.0, lift_only_seconds=0.0, z_ramp_seconds=4.0, target_xyz=(0.0, 0.0, -0.5), xy_move_unlock_height_m=0.5, yaw_deg=0.0, auto_land=False, land_on_offboard_loss=True, offboard_land=True, offboard_land_speed_mps=0.07, offboard_land_auto_handoff_height_m=0.1, auto_disarm_after_land=True, disarm_after_land_delay_s=2.0, land_wait_timeout_s=45.0, land_mode_retry_s=1.0, land_mode_confirm_timeout_s=2.0, landed_ground_tolerance_m=0.06, target_reached_tolerance_m=0.15, landed_hold_seconds=0.0, drift_guard_enabled=True, drift_warning_m=0.2, drift_land_m=0.3, drift_emergency_m=0.5, drift_land_trigger_duration_s=0.3, drift_emergency_trigger_duration_s=0.1, takeoff_transient_guard_enabled=True, takeoff_transient_window_s=3.0, takeoff_transient_trigger_duration_s=0.2, takeoff_transient_limits=(displacement=0.3, speed=0.5, roll=10.0, pitch=10.0), legacy_max_horizontal_drift_m=0.5, mavros_state_freshness_s=1.5, control_mode=ramp, enable_route_tracking=False, route_path_topic=/nav2_stage1/path, route_fixed_flight_height_m=1.0, route_start_tolerance_m=0.4, route_goal_tolerance_m=0.2, route_lookahead_m=0.4, route_max_vxy_mps=0.25, route_max_vz_mps=0.15, route_setpoint_rate_hz=30.0, route_path_timeout_s=2.0, route_fail_action=hold, route_final_hold_seconds=3.0
[INFO] [1784629605.418120280] [minipc_mavros_offboard]: EV health is HEALTHY; continuous pre-arm timer restarted
[INFO] [1784629605.419189792] [minipc_mavros_offboard]: Waiting for MAVROS connection
[INFO] [1784629606.585558581] [minipc_mavros_offboard]: Waiting for MAVROS local odometry before arming
[WARN] [1784629606.586168358] [minipc_mavros_offboard]: Waiting for continuous healthy EV before prestream: EV healthy duration 1.2s / required 7.5s
[WARN] [1784629607.619966806] [minipc_mavros_offboard]: Waiting for continuous healthy EV before prestream: EV healthy duration 2.2s / required 7.5s
[WARN] [1784629608.620610909] [minipc_mavros_offboard]: Waiting for continuous healthy EV before prestream: EV healthy duration 3.2s / required 7.5s
[WARN] [1784629609.652128531] [minipc_mavros_offboard]: Waiting for continuous healthy EV before prestream: EV healthy duration 4.2s / required 7.5s
[WARN] [1784629610.652244637] [minipc_mavros_offboard]: Waiting for continuous healthy EV before prestream: EV healthy duration 5.2s / required 7.5s
[WARN] [1784629611.653536233] [minipc_mavros_offboard]: Waiting for continuous healthy EV before prestream: EV healthy duration 6.2s / required 7.5s
[WARN] [1784629612.685768522] [minipc_mavros_offboard]: Waiting for continuous healthy EV before prestream: EV healthy duration 7.3s / required 7.5s
[INFO] [1784629612.919218259] [minipc_mavros_offboard]: Averaged MAVROS local odometry for prestream x=-0.03, y=-0.03, z=-0.06
[INFO] [1784629612.919579940] [minipc_mavros_offboard]: Provisional prestream target in MAVROS local ENU x=-0.03, y=-0.03, z_start=-0.06, z_final=0.44
[INFO] [1784629612.952070909] [minipc_mavros_offboard]: Streaming pre-arm MAVROS setpoints
[INFO] [1784629616.288038762] [minipc_mavros_offboard]: Streaming setpoints and waiting for RC to switch OFFBOARD
[INFO] [1784629619.552448773] [minipc_mavros_offboard]: Locked takeoff reference at first OFFBOARD activation: current_enu=(-0.029, -0.032, -0.063), target_enu=(-0.029, -0.032, 0.437)
[INFO] [1784629619.552971454] [minipc_mavros_offboard]: OFFBOARD reported by MAVROS state
[INFO] [1784629639.587934702] [minipc_mavros_offboard]: Arming vehicle
[INFO] [1784629639.593461298] [minipc_mavros_offboard]: Requested arming
[INFO] [1784629639.619497287] [minipc_mavros_offboard]: Locked hold yaw to current MAVROS local yaw -0.2 deg
[INFO] [1784629639.652706551] [minipc_mavros_offboard]: Holding MAVROS setpoint
[INFO] [1784629639.653731194] [minipc_mavros_offboard]: Vehicle left armed/OFFBOARD state; continuing debug hold
[INFO] [1784629639.654238889] [minipc_mavros_offboard]: Debug hold after OFFBOARD/armed drop: connected=True, armed=False, guided=False, manual_input=False, mode=OFFBOARD
[INFO] [1784629639.687548707] [minipc_mavros_offboard]: Holding MAVROS setpoint
[INFO] [1784629639.689138006] [minipc_mavros_offboard]: Vehicle left armed/OFFBOARD state; continuing debug hold
[INFO] [1784629639.689589217] [minipc_mavros_offboard]: Debug hold after OFFBOARD/armed drop: connected=True, armed=False, guided=False, manual_input=False, mode=OFFBOARD
[INFO] [1784629639.719883855] [minipc_mavros_offboard]: Holding MAVROS setpoint
[INFO] [1784629639.721440752] [minipc_mavros_offboard]: Vehicle left armed/OFFBOARD state; continuing debug hold
[INFO] [1784629639.721762430] [minipc_mavros_offboard]: Debug hold after OFFBOARD/armed drop: connected=True, armed=False, guided=False, manual_input=False, mode=OFFBOARD
[INFO] [1784629639.753021052] [minipc_mavros_offboard]: Holding MAVROS setpoint
[INFO] [1784629639.754208528] [minipc_mavros_offboard]: Vehicle left armed/OFFBOARD state; continuing debug hold
[INFO] [1784629639.754673759] [minipc_mavros_offboard]: Debug hold after OFFBOARD/armed drop: connected=True, armed=False, guided=False, manual_input=False, mode=OFFBOARD
[INFO] [1784629639.785734457] [minipc_mavros_offboard]: Holding MAVROS setpoint
[INFO] [1784629639.787043645] [minipc_mavros_offboard]: Vehicle left armed/OFFBOARD state; continuing debug hold
[INFO] [1784629639.789122709] [minipc_mavros_offboard]: Debug hold after OFFBOARD/armed drop: connected=True, armed=False, guided=False, manual_input=False, mode=OFFBOARD
[INFO] [1784629639.818298110] [minipc_mavros_offboard]: Holding MAVROS setpoint
[INFO] [1784629639.818799285] [minipc_mavros_offboard]: Vehicle left armed/OFFBOARD state; continuing debug hold
[INFO] [1784629639.818987414] [minipc_mavros_offboard]: Debug hold after OFFBOARD/armed drop: connected=True, armed=False, guided=False, manual_input=False, mode=OFFBOARD
[INFO] [1784629639.852340264] [minipc_mavros_offboard]: Holding MAVROS setpoint
[INFO] [1784629639.854951452] [minipc_mavros_offboard]: Vehicle left armed/OFFBOARD state; continuing debug hold
[INFO] [1784629639.855691185] [minipc_mavros_offboard]: Debug hold after OFFBOARD/armed drop: connected=True, armed=False, guided=False, manual_input=False, mode=OFFBOARD
[INFO] [1784629639.885962202] [minipc_mavros_offboard]: Holding MAVROS setpoint
[INFO] [1784629639.888245215] [minipc_mavros_offboard]: Vehicle left armed/OFFBOARD state; continuing debug hold
[INFO] [1784629639.888926567] [minipc_mavros_offboard]: Debug hold after OFFBOARD/armed drop: connected=True, armed=False, guided=False, manual_input=False, mode=OFFBOARD
[INFO] [1784629639.920634306] [minipc_mavros_offboard]: Holding MAVROS setpoint
[INFO] [1784629639.922846057] [minipc_mavros_offboard]: Vehicle left armed/OFFBOARD state; continuing debug hold
[INFO] [1784629639.923468644] [minipc_mavros_offboard]: Debug hold after OFFBOARD/armed drop: connected=True, armed=False, guided=False, manual_input=False, mode=OFFBOARD
[INFO] [1784629639.952204330] [minipc_mavros_offboard]: Holding MAVROS setpoint
[INFO] [1784629639.953271558] [minipc_mavros_offboard]: Vehicle left armed/OFFBOARD state; continuing debug hold
[INFO] [1784629639.953669861] [minipc_mavros_offboard]: Debug hold after OFFBOARD/armed drop: connected=True, armed=False, guided=False, manual_input=False, mode=OFFBOARD
[INFO] [1784629639.986920873] [minipc_mavros_offboard]: Holding MAVROS setpoint
[INFO] [1784629639.989027242] [minipc_mavros_offboard]: Vehicle left armed/OFFBOARD state; continuing debug hold
[INFO] [1784629639.989466603] [minipc_mavros_offboard]: Debug hold after OFFBOARD/armed drop: connected=True, armed=False, guided=False, manual_input=False, mode=OFFBOARD
[INFO] [1784629640.019858110] [minipc_mavros_offboard]: Holding MAVROS setpoint
[INFO] [1784629640.022054795] [minipc_mavros_offboard]: Vehicle left armed/OFFBOARD state; continuing debug hold
[INFO] [1784629640.022965414] [minipc_mavros_offboard]: Debug hold after OFFBOARD/armed drop: connected=True, armed=False, guided=False, manual_input=False, mode=OFFBOARD
[INFO] [1784629640.052933412] [minipc_mavros_offboard]: Holding MAVROS setpoint
[INFO] [1784629640.054501959] [minipc_mavros_offboard]: Vehicle left armed/OFFBOARD state; continuing debug hold
[INFO] [1784629640.055062365] [minipc_mavros_offboard]: Debug hold after OFFBOARD/armed drop: connected=True, armed=False, guided=False, manual_input=False, mode=OFFBOARD
[INFO] [1784629640.087519015] [minipc_mavros_offboard]: Holding MAVROS setpoint
[INFO] [1784629640.088816827] [minipc_mavros_offboard]: Vehicle left armed/OFFBOARD state; continuing debug hold
[INFO] [1784629640.089060998] [minipc_mavros_offboard]: Debug hold after OFFBOARD/armed drop: connected=True, armed=False, guided=False, manual_input=False, mode=OFFBOARD
[INFO] [1784629640.118678514] [minipc_mavros_offboard]: Holding MAVROS setpoint
[INFO] [1784629640.119598630] [minipc_mavros_offboard]: Vehicle left armed/OFFBOARD state; continuing debug hold
[INFO] [1784629640.119866135] [minipc_mavros_offboard]: Debug hold after OFFBOARD/armed drop: connected=True, armed=False, guided=False, manual_input=False, mode=OFFBOARD
[INFO] [1784629640.153358514] [minipc_mavros_offboard]: Holding MAVROS setpoint
[INFO] [1784629640.154431022] [minipc_mavros_offboard]: Vehicle left armed/OFFBOARD state; continuing debug hold
[INFO] [1784629640.154961446] [minipc_mavros_offboard]: Debug hold after OFFBOARD/armed drop: connected=True, armed=False, guided=False, manual_input=False, mode=OFFBOARD
[INFO] [1784629640.187460276] [minipc_mavros_offboard]: Holding MAVROS setpoint
[INFO] [1784629640.188655752] [minipc_mavros_offboard]: Vehicle left armed/OFFBOARD state; continuing debug hold
[INFO] [1784629640.189138597] [minipc_mavros_offboard]: Debug hold after OFFBOARD/armed drop: connected=True, armed=False, guided=False, manual_input=False, mode=OFFBOARD
[INFO] [1784629640.219621639] [minipc_mavros_offboard]: Holding MAVROS setpoint
[INFO] [1784629640.222614935] [minipc_mavros_offboard]: Vehicle left armed/OFFBOARD state; continuing debug hold
[INFO] [1784629640.223164193] [minipc_mavros_offboard]: Debug hold after OFFBOARD/armed drop: connected=True, armed=False, guided=False, manual_input=False, mode=OFFBOARD
[INFO] [1784629640.254776802] [minipc_mavros_offboard]: Holding MAVROS setpoint
[INFO] [1784629640.256175997] [minipc_mavros_offboard]: Vehicle left armed/OFFBOARD state; continuing debug hold
[INFO] [1784629640.256696176] [minipc_mavros_offboard]: Debug hold after OFFBOARD/armed drop: connected=True, armed=False, guided=False, manual_input=False, mode=OFFBOARD
[INFO] [1784629640.285733604] [minipc_mavros_offboard]: Holding MAVROS setpoint
[INFO] [1784629640.286751268] [minipc_mavros_offboard]: Vehicle left armed/OFFBOARD state; continuing debug hold
[INFO] [1784629640.286970226] [minipc_mavros_offboard]: Debug hold after OFFBOARD/armed drop: connected=True, armed=False, guided=False, manual_input=False, mode=OFFBOARD
[INFO] [1784629640.318756859] [minipc_mavros_offboard]: Holding MAVROS setpoint
[INFO] [1784629640.319838226] [minipc_mavros_offboard]: Vehicle left armed/OFFBOARD state; continuing debug hold
[INFO] [1784629640.320504828] [minipc_mavros_offboard]: Debug hold after OFFBOARD/armed drop: connected=True, armed=False, guided=False, manual_input=False, mode=OFFBOARD
[INFO] [1784629640.351794231] [minipc_mavros_offboard]: Holding MAVROS setpoint
[INFO] [1784629640.352306486] [minipc_mavros_offboard]: Vehicle left armed/OFFBOARD state; continuing debug hold
[INFO] [1784629640.352490382] [minipc_mavros_offboard]: Debug hold after OFFBOARD/armed drop: connected=True, armed=False, guided=False, manual_input=False, mode=OFFBOARD
[INFO] [1784629640.385914153] [minipc_mavros_offboard]: Holding MAVROS setpoint
[INFO] [1784629640.387250306] [minipc_mavros_offboard]: Vehicle left armed/OFFBOARD state; continuing debug hold
[INFO] [1784629640.387928400] [minipc_mavros_offboard]: Debug hold after OFFBOARD/armed drop: connected=True, armed=False, guided=False, manual_input=False, mode=OFFBOARD
[INFO] [1784629640.421915965] [minipc_mavros_offboard]: Holding MAVROS setpoint
[INFO] [1784629640.423623929] [minipc_mavros_offboard]: Vehicle left armed/OFFBOARD state; continuing debug hold
[INFO] [1784629640.424064712] [minipc_mavros_offboard]: Debug hold after OFFBOARD/armed drop: connected=True, armed=False, guided=False, manual_input=False, mode=OFFBOARD
[INFO] [1784629640.453114486] [minipc_mavros_offboard]: Holding MAVROS setpoint
[INFO] [1784629640.454850401] [minipc_mavros_offboard]: Vehicle left armed/OFFBOARD state; continuing debug hold
[INFO] [1784629640.455834883] [minipc_mavros_offboard]: Debug hold after OFFBOARD/armed drop: connected=True, armed=False, guided=False, manual_input=False, mode=OFFBOARD
[INFO] [1784629640.488082242] [minipc_mavros_offboard]: Holding MAVROS setpoint
[INFO] [1784629640.491167644] [minipc_mavros_offboard]: Vehicle left armed/OFFBOARD state; continuing debug hold
[INFO] [1784629640.492046680] [minipc_mavros_offboard]: Debug hold after OFFBOARD/armed drop: connected=True, armed=False, guided=False, manual_input=False, mode=OFFBOARD
[INFO] [1784629640.520623354] [minipc_mavros_offboard]: Holding MAVROS setpoint
[INFO] [1784629640.525293463] [minipc_mavros_offboard]: Vehicle left armed/OFFBOARD state; continuing debug hold
[INFO] [1784629640.526563556] [minipc_mavros_offboard]: Debug hold after OFFBOARD/armed drop: connected=True, armed=False, guided=False, manual_input=False, mode=OFFBOARD
[INFO] [1784629640.551904124] [minipc_mavros_offboard]: Holding MAVROS setpoint
[INFO] [1784629640.552496979] [minipc_mavros_offboard]: Vehicle left armed/OFFBOARD state; continuing debug hold
[INFO] [1784629640.552672762] [minipc_mavros_offboard]: Debug hold after OFFBOARD/armed drop: connected=True, armed=False, guided=False, manual_input=False, mode=OFFBOARD
[INFO] [1784629640.587512749] [minipc_mavros_offboard]: Holding MAVROS setpoint
[WARN] [1784629641.921571991] [minipc_mavros_offboard]: Horizontal error warning: error=0.21 m >= warning=0.20 m
[ERROR] [1784629642.454818307] [minipc_mavros_offboard]: takeoff transient displacement_m sustained: value=0.33 >= limit=0.30 for 0.20s
[ERROR] [1784629642.457825395] [minipc_mavros_offboard]: Safety landing latched; normal takeoff/hold/route flow is disabled. AUTO.LAND will be retried: takeoff transient displacement_m sustained: value=0.33 >= limit=0.30 for 0.20s
[INFO] [1784629642.485713662] [minipc_mavros_offboard]: Requesting AUTO.LAND while maintaining a bounded safety descent
[INFO] [1784629642.490638780] [minipc_mavros_offboard]: Requested AUTO.LAND mode
[INFO] [1784629642.557739693] [minipc_mavros_offboard]: Waiting for MAVROS to confirm AUTO.LAND; maintaining safe handoff setpoints
[INFO] [1784629642.591785063] [minipc_mavros_offboard]: AUTO.LAND confirmed by MAVROS state
[INFO] [1784629642.623583815] [minipc_mavros_offboard]: Waiting for landing completion before disarm
[INFO] [1784629644.386026803] [minipc_mavros_offboard]: Landing detected; waiting before disarm request
[INFO] [1784629646.419289126] [minipc_mavros_offboard]: Disarming after landing
[INFO] [1784629646.420731492] [minipc_mavros_offboard]: Requested disarm after landing
[INFO] [1784629646.484931319] [minipc_mavros_offboard]: Waiting for disarm confirmation
[INFO] [1784629646.584998422] [minipc_mavros_offboard]: Vehicle disarmed; motors should be stopped
[INFO] [1784629646.620174348] [minipc_mavros_offboard]: MAVROS offboard control completed; stopping node
