[MAVROS and EV chain] starting
[MAVROS and EV chain] command: ros2 launch px4_ros_com fastlio_mavros_autofix.launch.py fcu_url:=serial:///dev/ttyUSB0:921600\?ids=255\,190 start_mavros_vision_bridge:=true start_odom_guard:=true start_ev_health_monitor:=true start_tf:=true vision_world_yaw_alignment_rad:=0.0 body_to_sensor_x_m:=0.0 body_to_sensor_y_m:=0.0 body_to_sensor_z_m:=0.08 body_to_fastlio_yaw_rad:=0.0
[MAVROS and EV chain] pid=26673 pgid=26673 log=/home/robot/rong_ws/ws_offboard_control/flight_records/20260811/flight_20260811_174204/logs/px4_mavros.log
[INFO] [launch]: All log files can be found below /home/robot/.ros/log/2026-08-11-17-42-24-018975-robot-26673
[INFO] [launch]: Default logging verbosity is set to INFO
[INFO] [mavros_node-1]: process started with pid [26720]
[INFO] [fastlio_odometry_guard-2]: process started with pid [26722]
[INFO] [fastlio_ev_health_monitor.py-3]: process started with pid [26724]
[INFO] [fix_mavros_odometry_frames.py-4]: process started with pid [26726]
[INFO] [fastlio_mavros_vision_bridge-5]: process started with pid [26728]
[INFO] [static_transform_publisher-6]: process started with pid [26730]
[INFO] [static_transform_publisher-7]: process started with pid [26732]
[INFO] [static_transform_publisher-8]: process started with pid [26734]
[INFO] [static_transform_publisher-9]: process started with pid [26736]
[static_transform_publisher-6] [INFO] [1786441344.518539248] [odom_to_camera_init]: Spinning until stopped - publishing transform
[static_transform_publisher-6] translation: ('0.000000', '0.000000', '0.000000')
[static_transform_publisher-6] rotation: ('0.000000', '0.000000', '0.000000', '1.000000')
[static_transform_publisher-6] from 'odom' to 'camera_init'
[static_transform_publisher-7] [INFO] [1786441344.531511573] [base_link_to_body]: Spinning until stopped - publishing transform
[static_transform_publisher-7] translation: ('0.000000', '0.000000', '0.080000')
[static_transform_publisher-7] rotation: ('0.000000', '0.000000', '-0.000000', '1.000000')
[static_transform_publisher-7] from 'base_link' to 'body'
[static_transform_publisher-9] [INFO] [1786441344.555080521] [body_to_body_frd]: Spinning until stopped - publishing transform
[static_transform_publisher-9] translation: ('0.000000', '0.000000', '0.000000')
[static_transform_publisher-9] rotation: ('1.000000', '0.000000', '0.000000', '0.000000')
[static_transform_publisher-9] from 'body' to 'body_frd'
[fastlio_odometry_guard-2] [INFO] [1786441344.628928985] [fastlio_odometry_guard]: Guarding odometry /Odometry -> /Odometry/guarded (jump=0.30m, xy=0.20m, z=0.10m, speed=1.20m/s, unknown angular variance>=100000)
[fastlio_mavros_vision_bridge-5] [INFO] [1786441344.658426286] [fastlio_mavros_vision_bridge]: Bridging /Odometry/healthy -> /mavros/vision_pose/pose_cov + vision_speed for MAVROS vision input; body->FAST-LIO origin in body FLU=(0.0000, 0.0000, 0.0800) m, R_FASTLIO_body yaw=0.000000 rad, world yaw alignment=0.000000 rad
[static_transform_publisher-8] [INFO] [1786441344.667348934] [camera_init_to_camera_init_ned]: Spinning until stopped - publishing transform
[static_transform_publisher-8] translation: ('0.000000', '0.000000', '0.000000')
[static_transform_publisher-8] rotation: ('0.707107', '0.707107', '0.000000', '0.000000')
[static_transform_publisher-8] from 'camera_init' to 'camera_init_ned'
[mavros_node-1] [INFO] [1786441344.672061472] [mavros.mavros_node]: Starting mavros_node container
[mavros_node-1] [INFO] [1786441344.672986260] [mavros.mavros_node]: FCU URL: serial:///dev/ttyUSB0:921600?ids=255,190
[mavros_node-1] [INFO] [1786441344.673005086] [mavros.mavros_node]: GCS URL: 
[mavros_node-1] [INFO] [1786441344.673011727] [mavros.mavros_node]: UAS Prefix: /uas1
[mavros_node-1] [INFO] [1786441344.673021410] [mavros.mavros_node]: Starting mavros router node
[mavros_node-1] [INFO] [1786441344.741901651] [mavros.mavros_router]: Built-in SIMD instructions: SSE, SSE2
[mavros_node-1] [INFO] [1786441344.741978407] [mavros.mavros_router]: Built-in MAVLink package version: 2026.3.3
[mavros_node-1] [INFO] [1786441344.742000399] [mavros.mavros_router]: Known MAVLink dialects: common ardupilotmega ASLUAV AVSSUAS all csAirLink cubepilot development icarous loweheiser marsh matrixpilot paparazzi standard stemstudios storm32 uAvionix ualberta
[mavros_node-1] [INFO] [1786441344.742012075] [mavros.mavros_router]: MAVROS Router started
[mavros_node-1] [INFO] [1786441344.742227656] [mavros.mavros_node]: Starting mavros uas node
[fix_mavros_odometry_frames.py-4] [INFO] [1786441344.747869247] [fix_mavros_odometry_frames]: Waiting for /mavros/odometry parameter service...
[mavros_node-1] [INFO] [1786441344.876569248] [mavros.mavros_router]: Requested to add endpoint: type: 0, url: serial:///dev/ttyUSB0:921600?ids=255,190
[mavros_node-1] [INFO] [1786441344.879115212] [mavros.mavros_router]: Endpoint link[1000] created
[mavros_node-1] [INFO] [1786441344.883034127] [mavros.mavros]: UAS Executor started, threads: 16
[mavros_node-1] [INFO] [1786441344.883761979] [mavros.mavros]: Plugin actuator_control ignored
[mavros_node-1] [INFO] [1786441344.885239037] [mavros.mavros]: Plugin adsb ignored
[mavros_node-1] [INFO] [1786441344.885257237] [mavros.mavros]: Plugin altitude ignored
[mavros_node-1] [INFO] [1786441344.885263907] [mavros.mavros]: Plugin cam_imu_sync ignored
[mavros_node-1] [INFO] [1786441344.885269943] [mavros.mavros]: Plugin camera ignored
[mavros_node-1] [INFO] [1786441344.885276690] [mavros.mavros]: Plugin cellular_status ignored
[mavros_node-1] [INFO] [1786441344.883974410] [mavros.mavros_router]: link[1000] opened successfully
[mavros_node-1] [INFO] [1786441344.888374015] [mavros.mavros_router]: Requested to add endpoint: type: 2, url: /uas1
[mavros_node-1] [INFO] [1786441344.888490166] [mavros.mavros_router]: Endpoint link[1001] created
[mavros_node-1] [INFO] [1786441344.888803573] [mavros.mavros_router]: link[1000] detected remote address 1.1
[mavros_node-1] [INFO] [1786441344.911843079] [mavros.mavros_router]: link[1001] opened successfully
[mavros_node-1] [INFO] [1786441345.176812761] [mavros.mavros]: Plugin command created
[mavros_node-1] [INFO] [1786441345.176878487] [mavros.mavros]: Plugin command initialized
[mavros_node-1] [INFO] [1786441345.176885297] [mavros.mavros]: Plugin companion_process_status ignored
[mavros_node-1] [INFO] [1786441345.176888486] [mavros.mavros]: Plugin debug_value ignored
[mavros_node-1] [INFO] [1786441345.176891402] [mavros.mavros]: Plugin distance_sensor ignored
[mavros_node-1] [INFO] [1786441345.176894323] [mavros.mavros]: Plugin esc_status ignored
[mavros_node-1] [INFO] [1786441345.176902401] [mavros.mavros]: Plugin esc_telemetry ignored
[mavros_node-1] [INFO] [1786441345.176906917] [mavros.mavros]: Plugin fake_gps ignored
[mavros_node-1] [INFO] [1786441345.176911524] [mavros.mavros]: Plugin ftp ignored
[mavros_node-1] [INFO] [1786441345.176915601] [mavros.mavros]: Plugin geofence ignored
[mavros_node-1] [INFO] [1786441345.176920552] [mavros.mavros]: Plugin gimbal_control ignored
[mavros_node-1] [INFO] [1786441345.176925207] [mavros.mavros]: Plugin global_position ignored
[mavros_node-1] [INFO] [1786441345.176929815] [mavros.mavros]: Plugin gps_input ignored
[mavros_node-1] [INFO] [1786441345.176934555] [mavros.mavros]: Plugin gps_rtk ignored
[mavros_node-1] [INFO] [1786441345.176939683] [mavros.mavros]: Plugin gps_status ignored
[mavros_node-1] [INFO] [1786441345.176944447] [mavros.mavros]: Plugin guided_target ignored
[mavros_node-1] [INFO] [1786441345.176949245] [mavros.mavros]: Plugin hil ignored
[mavros_node-1] [INFO] [1786441345.176953230] [mavros.mavros]: Plugin home_position ignored
[mavros_node-1] [INFO] [1786441345.231464598] [mavros.mavros]: Plugin imu created
[mavros_node-1] [INFO] [1786441345.231532622] [mavros.mavros]: Plugin imu initialized
[mavros_node-1] [INFO] [1786441345.231540886] [mavros.mavros]: Plugin landing_target ignored
[fastlio_ev_health_monitor.py-3] [INFO] [1786441345.231614640] [fastlio_ev_health_monitor]: EV health gate /Odometry -> /Odometry/healthy; compare /mavros/local_position/velocity_local in PX4 local NED; status=/ev_health/status, diagnostics=/ev_health/diagnostics
[mavros_node-1] [INFO] [1786441345.250729239] [mavros.mavros]: Plugin local_position created
[mavros_node-1] [INFO] [1786441345.250803537] [mavros.mavros]: Plugin local_position initialized
[mavros_node-1] [INFO] [1786441345.250815362] [mavros.mavros]: Plugin log_transfer ignored
[mavros_node-1] [INFO] [1786441345.250820205] [mavros.mavros]: Plugin mag_calibration_status ignored
[mavros_node-1] [INFO] [1786441345.250824227] [mavros.mavros]: Plugin manual_control ignored
[mavros_node-1] [INFO] [1786441345.250864103] [mavros.mavros]: Plugin mocap_pose_estimate ignored
[mavros_node-1] [INFO] [1786441345.250868964] [mavros.mavros]: Plugin mount_control ignored
[mavros_node-1] [INFO] [1786441345.250873410] [mavros.mavros]: Plugin nav_controller_output ignored
[mavros_node-1] [INFO] [1786441345.250877366] [mavros.mavros]: Plugin obstacle_distance ignored
[mavros_node-1] [INFO] [1786441345.250881741] [mavros.mavros]: Plugin obstacle_distance_3d ignored
[mavros_node-1] [INFO] [1786441345.278883183] [mavros.mavros]: Plugin odometry created
[mavros_node-1] [INFO] [1786441345.278944704] [mavros.mavros]: Plugin odometry initialized
[mavros_node-1] [INFO] [1786441345.278954141] [mavros.mavros]: Plugin onboard_computer_status ignored
[mavros_node-1] [INFO] [1786441345.278958542] [mavros.mavros]: Plugin open_drone_id ignored
[mavros_node-1] [INFO] [1786441345.278961363] [mavros.mavros]: Plugin optical_flow ignored
[mavros_node-1] [INFO] [1786441345.278964026] [mavros.mavros]: Plugin param ignored
[mavros_node-1] [INFO] [1786441345.278966771] [mavros.mavros]: Plugin play_tune ignored
[mavros_node-1] [INFO] [1786441345.278969377] [mavros.mavros]: Plugin px4flow ignored
[mavros_node-1] [INFO] [1786441345.278972091] [mavros.mavros]: Plugin rallypoint ignored
[mavros_node-1] [INFO] [1786441345.278974709] [mavros.mavros]: Plugin rangefinder ignored
[mavros_node-1] [INFO] [1786441345.278977557] [mavros.mavros]: Plugin rc_io ignored
[mavros_node-1] [INFO] [1786441345.278980155] [mavros.mavros]: Plugin setpoint_accel ignored
[mavros_node-1] [INFO] [1786441345.278982815] [mavros.mavros]: Plugin setpoint_attitude ignored
[mavros_node-1] [INFO] [1786441345.278985678] [mavros.mavros]: Plugin setpoint_position ignored
[mavros_node-1] [INFO] [1786441345.295055310] [mavros.mavros]: Plugin setpoint_raw created
[mavros_node-1] [INFO] [1786441345.295136705] [mavros.mavros]: Plugin setpoint_raw initialized
[mavros_node-1] [INFO] [1786441345.295147459] [mavros.mavros]: Plugin setpoint_trajectory ignored
[mavros_node-1] [INFO] [1786441345.295151852] [mavros.mavros]: Plugin setpoint_velocity ignored
[mavros_node-1] [INFO] [1786441345.295156317] [mavros.mavros]: Plugin sim_state ignored
[fastlio_ev_health_monitor.py-3] [WARN] [1786441345.305820022] [fastlio_ev_health_monitor]: EV health state=SUSPECT: waiting_for_ev
[mavros_node-1] [INFO] [1786441345.315408028] [mavros.mavros]: Plugin sys_status created
[mavros_node-1] [INFO] [1786441345.315491176] [mavros.mavros]: Plugin sys_status initialized
[mavros_node-1] [INFO] [1786441345.330399548] [mavros.time]: TM: Timesync mode: MAVLINK
[mavros_node-1] [INFO] [1786441345.333640923] [mavros.mavros]: Plugin sys_time created
[mavros_node-1] [INFO] [1786441345.333690792] [mavros.mavros]: Plugin sys_time initialized
[mavros_node-1] [INFO] [1786441345.333697158] [mavros.mavros]: Plugin tdr_radio ignored
[mavros_node-1] [INFO] [1786441345.333700057] [mavros.mavros]: Plugin terrain ignored
[mavros_node-1] [INFO] [1786441345.333702915] [mavros.mavros]: Plugin trajectory ignored
[mavros_node-1] [INFO] [1786441345.333705724] [mavros.mavros]: Plugin tunnel ignored
[mavros_node-1] [INFO] [1786441345.333708478] [mavros.mavros]: Plugin vfr_hud ignored
[mavros_node-1] [INFO] [1786441345.333711219] [mavros.mavros]: Plugin vibration ignored
[mavros_node-1] [INFO] [1786441345.350712338] [mavros.mavros]: Plugin vision_pose created
[mavros_node-1] [INFO] [1786441345.350782008] [mavros.mavros]: Plugin vision_pose initialized
[mavros_node-1] [INFO] [1786441345.366366721] [mavros.mavros]: Plugin vision_speed created
[mavros_node-1] [INFO] [1786441345.366598327] [mavros.mavros]: Plugin vision_speed initialized
[mavros_node-1] [INFO] [1786441345.366625896] [mavros.mavros]: Plugin waypoint ignored
[mavros_node-1] [INFO] [1786441345.366639433] [mavros.mavros]: Plugin wheel_odometry ignored
[mavros_node-1] [INFO] [1786441345.366651606] [mavros.mavros]: Plugin wind_estimation ignored
[mavros_node-1] [INFO] [1786441345.371849229] [mavros.mavros]: Built-in SIMD instructions: SSE, SSE2
[mavros_node-1] [INFO] [1786441345.371887518] [mavros.mavros]: Built-in MAVLink package version: 2026.3.3
[mavros_node-1] [INFO] [1786441345.371893889] [mavros.mavros]: Known MAVLink dialects: common ardupilotmega ASLUAV AVSSUAS all csAirLink cubepilot development icarous loweheiser marsh matrixpilot paparazzi standard stemstudios storm32 uAvionix ualberta
[mavros_node-1] [INFO] [1786441345.371897115] [mavros.mavros]: MAVROS UAS via /uas1 started. MY ID 255.190, TARGET ID 1.1
[mavros_node-1] [INFO] [1786441345.378313485] [mavros.imu]: IMU: Attitude quaternion IMU detected!
[mavros_node-1] [INFO] [1786441345.386828137] [mavros.imu]: IMU: High resolution IMU detected!
[mavros_node-1] [INFO] [1786441345.409236276] [mavros.mavros]: CON: Got HEARTBEAT, connected. FCU: PX4 Autopilot
[mavros_node-1] [INFO] [1786441345.409539120] [mavros.mavros_router]: link[1001] detected remote address 255.190
[mavros_node-1] [INFO] [1786441345.419115415] [mavros.imu]: IMU: Attitude quaternion IMU detected!
[mavros_node-1] [INFO] [1786441345.427451225] [mavros.imu]: IMU: High resolution IMU detected!
[fix_mavros_odometry_frames.py-4] [INFO] [1786441345.501964812] [fix_mavros_odometry_frames]: Setting MAVROS odometry target frames to odom/base_link.
[fix_mavros_odometry_frames.py-4] [INFO] [1786441345.506674953] [fix_mavros_odometry_frames]: MAVROS odometry frame targets updated successfully.
[INFO] [fix_mavros_odometry_frames.py-4]: process has finished cleanly [pid 26726]
[mavros_node-1] [WARN] [1786441346.297509799] [mavros.sys]: FCU: UNK(8): EVENT 11047904 with args -0-128-0-18-1-0-0-0-0-0-0-0-0-131-191-1-128-0-0-0-0-0-0-0-0-0-0-0-0-0-0-0-0-0-0-0-0-0-0-0-
[mavros_node-1] [ERROR] [1786441346.297858726] [mavros.sys]: FCU: EVENT 9077977 with args -255-255-255-255-7-0-0-0-0-0-0-0-0-0-0-0-0-0-0-0-0-0-0-0-0-0-0-0-0-0-0-0-0-0-0-0-0-0-0-0-
[mavros_node-1] [ERROR] [1786441346.298226625] [mavros.sys]: FCU: EVENT 11464574 with args -0-64-0-0-20-0-0-0-0-0-0-0-0-0-0-0-0-0-0-0-0-0-0-0-0-0-0-0-0-0-0-0-0-0-0-0-0-0-0-0-
[mavros_node-1] [ERROR] [1786441346.298516432] [mavros.sys]: FCU: EVENT 13835193 with args -124-0-126-0-17-0-0-0-0-0-0-0-0-0-0-0-0-0-0-0-0-0-0-0-0-0-0-0-0-0-0-0-0-0-0-0-0-0-0-0-
[mavros_node-1] [ERROR] [1786441346.298907153] [mavros.sys]: FCU: EVENT 10011251 with args -56-0-0-0-24-0-0-0-0-0-0-0-0-0-0-0-0-0-0-0-0-0-0-0-0-0-0-0-0-0-0-0-0-0-0-0-0-0-0-0-
[mavros_node-1] [INFO] [1786441346.299226652] [mavros.sys]: FCU: EVENT 377561 with args -8-0-0-0-20-0-0-0-0-0-0-0-0-0-0-0-0-0-0-0-0-0-0-0-0-0-0-0-0-0-0-0-0-0-0-0-0-0-0-0-
[mavros_node-1] [INFO] [1786441346.299601788] [mavros.sys]: FCU: EVENT 79408 with args -32-0-0-0-20-0-0-0-0-0-0-0-0-0-0-0-0-0-0-0-0-0-0-0-0-0-0-0-0-0-0-0-0-0-0-0-0-0-0-0-
[mavros_node-1] [ERROR] [1786441346.299988556] [mavros.sys]: FCU: EVENT 12754954 with args -255-255-255-255-20-0-0-0-0-0-0-0-0-0-0-0-0-0-0-0-0-0-0-0-0-0-0-0-0-0-0-0-0-0-0-0-0-0-0-0-
[mavros_node-1] [WARN] [1786441346.302001401] [mavros.sys]: FCU: UNK(8): EVENT 1914663 with args -0-130-16-2-48-0-0-0-0-0-0-0-0-0-0-0-0-0-0-0-0-0-0-0-0-0-0-0-0-0-0-0-0-0-0-0-0-0-0-0-
[mavros_node-1] [WARN] [1786441346.418499531] [mavros.cmd]: CMD: Unexpected command 520, result 3
[mavros_node-1] [WARN] [1786441347.441716137] [mavros.sys]: VER: broadcast request timeout, retries left 4
[fastlio_ev_health_monitor.py-3] [INFO] [1786441347.675182624] [fastlio_ev_health_monitor]: EV health state=HEALTHY: ok
[mavros_node-1] [WARN] [1786441348.377509127] [mavros.sys]: FCU: UNK(8): EVENT 11047904 with args -0-128-0-16-1-0-0-0-0-0-0-0-0-199-191-127-128-0-0-0-0-0-0-0-0-0-0-0-0-0-0-0-0-0-0-0-0-0-0-0-
[mavros_node-1] [ERROR] [1786441348.377888117] [mavros.sys]: FCU: EVENT 9077977 with args -255-255-255-255-7-0-0-0-0-0-0-0-0-0-0-0-0-0-0-0-0-0-0-0-0-0-0-0-0-0-0-0-0-0-0-0-0-0-0-0-
[mavros_node-1] [ERROR] [1786441348.378147654] [mavros.sys]: FCU: EVENT 11464574 with args -0-64-0-0-20-0-0-0-0-0-0-0-0-0-0-0-0-0-0-0-0-0-0-0-0-0-0-0-0-0-0-0-0-0-0-0-0-0-0-0-
[mavros_node-1] [ERROR] [1786441348.378265496] [mavros.sys]: FCU: EVENT 10011251 with args -56-0-0-0-24-0-0-0-0-0-0-0-0-0-0-0-0-0-0-0-0-0-0-0-0-0-0-0-0-0-0-0-0-0-0-0-0-0-0-0-
[mavros_node-1] [INFO] [1786441348.378479192] [mavros.sys]: FCU: EVENT 377561 with args -8-0-0-0-20-0-0-0-0-0-0-0-0-0-0-0-0-0-0-0-0-0-0-0-0-0-0-0-0-0-0-0-0-0-0-0-0-0-0-0-
[mavros_node-1] [INFO] [1786441348.378936579] [mavros.sys]: FCU: EVENT 79408 with args -32-0-0-0-20-0-0-0-0-0-0-0-0-0-0-0-0-0-0-0-0-0-0-0-0-0-0-0-0-0-0-0-0-0-0-0-0-0-0-0-
[mavros_node-1] [ERROR] [1786441348.379188740] [mavros.sys]: FCU: EVENT 12754954 with args -255-255-255-255-20-0-0-0-0-0-0-0-0-0-0-0-0-0-0-0-0-0-0-0-0-0-0-0-0-0-0-0-0-0-0-0-0-0-0-0-
[mavros_node-1] [WARN] [1786441348.381504836] [mavros.sys]: FCU: UNK(8): EVENT 1914663 with args -0-130-16-2-48-0-0-0-0-0-0-0-0-0-0-0-0-0-0-0-0-0-0-0-0-0-0-0-0-0-0-0-0-0-0-0-0-0-0-0-
[mavros_node-1] [WARN] [1786441348.421371483] [mavros.sys]: VER: broadcast request timeout, retries left 3
[mavros_node-1] [ERROR] [1786441349.432334374] [mavros.sys]: VER: command plugin service call failed!
[mavros_node-1] [WARN] [1786441349.432693710] [mavros.sys]: VER: unicast request timeout, retries left 2
[mavros_node-1] [ERROR] [1786441350.422498140] [mavros.sys]: VER: command plugin service call failed!
[mavros_node-1] [WARN] [1786441350.422746723] [mavros.sys]: VER: unicast request timeout, retries left 1
[mavros_node-1] [ERROR] [1786441351.428816786] [mavros.sys]: VER: command plugin service call failed!
[mavros_node-1] [WARN] [1786441351.428899578] [mavros.sys]: VER: unicast request timeout, retries left 0
[fastlio_ev_health_monitor.py-3] [WARN] [1786441351.857557948] [fastlio_ev_health_monitor]: EV health state=SUSPECT: stale_input age=0.299s
[mavros_node-1] [ERROR] [1786441352.420054672] [mavros.sys]: VER: command plugin service call failed!
[mavros_node-1] [WARN] [1786441352.420130533] [mavros.sys]: VER: your FCU don't support AUTOPILOT_VERSION, switched to default capabilities
[fastlio_ev_health_monitor.py-3] [INFO] [1786441353.870658817] [fastlio_ev_health_monitor]: EV health state=HEALTHY: ok
[mavros_node-1] [WARN] [1786441361.432165525] [mavros.sys]: FCU: UNK(8): EVENT 11047904 with args -0-128-0-16-1-0-0-0-0-0-0-0-0-199-255-127-128-0-0-0-0-0-0-0-0-0-0-0-0-0-0-0-0-0-0-0-0-0-0-0-
[mavros_node-1] [ERROR] [1786441361.432535047] [mavros.sys]: FCU: EVENT 9077977 with args -255-255-255-255-7-0-0-0-0-0-0-0-0-0-0-0-0-0-0-0-0-0-0-0-0-0-0-0-0-0-0-0-0-0-0-0-0-0-0-0-
[mavros_node-1] [ERROR] [1786441361.432824296] [mavros.sys]: FCU: EVENT 10011251 with args -56-0-0-0-24-0-0-0-0-0-0-0-0-0-0-0-0-0-0-0-0-0-0-0-0-0-0-0-0-0-0-0-0-0-0-0-0-0-0-0-
[mavros_node-1] [INFO] [1786441361.433033604] [mavros.sys]: FCU: EVENT 377561 with args -8-0-0-0-20-0-0-0-0-0-0-0-0-0-0-0-0-0-0-0-0-0-0-0-0-0-0-0-0-0-0-0-0-0-0-0-0-0-0-0-
[mavros_node-1] [INFO] [1786441361.433464580] [mavros.sys]: FCU: EVENT 79408 with args -32-0-0-0-20-0-0-0-0-0-0-0-0-0-0-0-0-0-0-0-0-0-0-0-0-0-0-0-0-0-0-0-0-0-0-0-0-0-0-0-
[mavros_node-1] [ERROR] [1786441361.433618381] [mavros.sys]: FCU: EVENT 12754954 with args -255-255-255-255-20-0-0-0-0-0-0-0-0-0-0-0-0-0-0-0-0-0-0-0-0-0-0-0-0-0-0-0-0-0-0-0-0-0-0-0-
[mavros_node-1] [WARN] [1786441361.434187741] [mavros.sys]: FCU: UNK(8): EVENT 1914663 with args -0-130-16-2-48-0-0-0-0-0-0-0-0-0-0-0-0-0-0-0-0-0-0-0-0-0-0-0-0-0-0-0-0-0-0-0-0-0-0-0-
[fastlio_ev_health_monitor.py-3] [WARN] [1786441369.069372163] [fastlio_ev_health_monitor]: EV health state=SUSPECT: px4_velocity_unaligned
[mavros_node-1] [WARN] [1786441370.219139365] [mavros.sys]: FCU: UNK(8): EVENT 11047904 with args -0-128-0-16-1-0-0-0-0-0-0-0-0-199-191-127-128-0-0-0-0-0-0-0-0-0-0-0-0-0-0-0-0-0-0-0-0-0-0-0-
[mavros_node-1] [ERROR] [1786441370.219403428] [mavros.sys]: FCU: EVENT 9077977 with args -255-255-255-255-7-0-0-0-0-0-0-0-0-0-0-0-0-0-0-0-0-0-0-0-0-0-0-0-0-0-0-0-0-0-0-0-0-0-0-0-
[mavros_node-1] [ERROR] [1786441370.219782808] [mavros.sys]: FCU: EVENT 11464574 with args -0-64-0-0-20-0-0-0-0-0-0-0-0-0-0-0-0-0-0-0-0-0-0-0-0-0-0-0-0-0-0-0-0-0-0-0-0-0-0-0-
[mavros_node-1] [ERROR] [1786441370.219923638] [mavros.sys]: FCU: EVENT 10011251 with args -56-0-0-0-24-0-0-0-0-0-0-0-0-0-0-0-0-0-0-0-0-0-0-0-0-0-0-0-0-0-0-0-0-0-0-0-0-0-0-0-
[mavros_node-1] [INFO] [1786441370.220162397] [mavros.sys]: FCU: EVENT 377561 with args -8-0-0-0-20-0-0-0-0-0-0-0-0-0-0-0-0-0-0-0-0-0-0-0-0-0-0-0-0-0-0-0-0-0-0-0-0-0-0-0-
[mavros_node-1] [INFO] [1786441370.220514135] [mavros.sys]: FCU: EVENT 79408 with args -32-0-0-0-20-0-0-0-0-0-0-0-0-0-0-0-0-0-0-0-0-0-0-0-0-0-0-0-0-0-0-0-0-0-0-0-0-0-0-0-
[mavros_node-1] [ERROR] [1786441370.220883258] [mavros.sys]: FCU: EVENT 12754954 with args -255-255-255-255-20-0-0-0-0-0-0-0-0-0-0-0-0-0-0-0-0-0-0-0-0-0-0-0-0-0-0-0-0-0-0-0-0-0-0-0-
[mavros_node-1] [WARN] [1786441370.223202296] [mavros.sys]: FCU: UNK(8): EVENT 1914663 with args -0-130-16-2-48-0-0-0-0-0-0-0-0-0-0-0-0-0-0-0-0-0-0-0-0-0-0-0-0-0-0-0-0-0-0-0-0-0-0-0-
[fastlio_ev_health_monitor.py-3] [INFO] [1786441371.269912044] [fastlio_ev_health_monitor]: EV health state=HEALTHY: ok
[mavros_node-1] [WARN] [1786441378.776398827] [mavros.sys]: FCU: UNK(8): EVENT 11047904 with args -0-128-0-16-1-0-0-0-0-0-0-0-0-199-255-127-128-0-0-0-0-0-0-0-0-0-0-0-0-0-0-0-0-0-0-0-0-0-0-0-
[mavros_node-1] [ERROR] [1786441378.776742287] [mavros.sys]: FCU: EVENT 9077977 with args -255-255-255-255-7-0-0-0-0-0-0-0-0-0-0-0-0-0-0-0-0-0-0-0-0-0-0-0-0-0-0-0-0-0-0-0-0-0-0-0-
[mavros_node-1] [ERROR] [1786441378.777110342] [mavros.sys]: FCU: EVENT 10011251 with args -56-0-0-0-24-0-0-0-0-0-0-0-0-0-0-0-0-0-0-0-0-0-0-0-0-0-0-0-0-0-0-0-0-0-0-0-0-0-0-0-
[mavros_node-1] [INFO] [1786441378.777454597] [mavros.sys]: FCU: EVENT 377561 with args -8-0-0-0-20-0-0-0-0-0-0-0-0-0-0-0-0-0-0-0-0-0-0-0-0-0-0-0-0-0-0-0-0-0-0-0-0-0-0-0-
[mavros_node-1] [INFO] [1786441378.777860617] [mavros.sys]: FCU: EVENT 79408 with args -32-0-0-0-20-0-0-0-0-0-0-0-0-0-0-0-0-0-0-0-0-0-0-0-0-0-0-0-0-0-0-0-0-0-0-0-0-0-0-0-
[mavros_node-1] [ERROR] [1786441378.778313201] [mavros.sys]: FCU: EVENT 12754954 with args -255-255-255-255-20-0-0-0-0-0-0-0-0-0-0-0-0-0-0-0-0-0-0-0-0-0-0-0-0-0-0-0-0-0-0-0-0-0-0-0-
[mavros_node-1] [WARN] [1786441378.780432192] [mavros.sys]: FCU: UNK(8): EVENT 1914663 with args -0-130-16-2-48-0-0-0-0-0-0-0-0-0-0-0-0-0-0-0-0-0-0-0-0-0-0-0-0-0-0-0-0-0-0-0-0-0-0-0-
[mavros_node-1] [INFO] [1786441389.865426757] [mavros.sys]: FCU: EVENT 16682655 with args -0-0-0-0-0-0-0-0-0-0-0-0-0-0-0-0-0-0-0-0-0-0-0-0-0-0-0-0-0-0-0-0-0-0-0-0-0-0-0-0-
[mavros_node-1] [WARN] [1786441389.948843315] [mavros.sys]: FCU: UNK(8): EVENT 11047904 with args -0-0-0-0-1-0-0-0-0-199-255-127-128-199-255-127-128-0-0-0-0-0-0-0-0-0-0-0-0-0-0-0-0-0-0-0-0-0-0-0-
[mavros_node-1] [ERROR] [1786441389.949246411] [mavros.sys]: FCU: EVENT 10011251 with args -56-0-0-0-24-0-0-0-0-0-0-0-0-0-0-0-0-0-0-0-0-0-0-0-0-0-0-0-0-0-0-0-0-0-0-0-0-0-0-0-
[mavros_node-1] [INFO] [1786441389.949545242] [mavros.sys]: FCU: EVENT 377561 with args -8-0-0-0-20-0-0-0-0-0-0-0-0-0-0-0-0-0-0-0-0-0-0-0-0-0-0-0-0-0-0-0-0-0-0-0-0-0-0-0-
[mavros_node-1] [INFO] [1786441389.949893320] [mavros.sys]: FCU: EVENT 79408 with args -32-0-0-0-20-0-0-0-0-0-0-0-0-0-0-0-0-0-0-0-0-0-0-0-0-0-0-0-0-0-0-0-0-0-0-0-0-0-0-0-
[mavros_node-1] [WARN] [1786441389.951216258] [mavros.sys]: FCU: UNK(8): EVENT 1914663 with args -0-130-16-2-48-0-0-0-0-0-0-0-0-0-0-0-0-0-0-0-0-0-0-0-0-0-0-0-0-0-0-0-0-0-0-0-0-0-0-0-
[mavros_node-1] [INFO] [1786441390.319735540] [mavros.sys]: FCU: EVENT 11290563 with args -0-0-0-0-0-0-0-0-0-0-0-0-0-0-0-0-0-0-0-0-0-0-0-0-0-0-0-0-0-0-0-0-0-0-0-0-0-0-0-0-
[mavros_node-1] [INFO] [1786441391.661950280] [mavros.sys]: FCU: EVENT 16682655 with args -0-0-0-0-0-0-0-0-0-0-0-0-0-0-0-0-0-0-0-0-0-0-0-0-0-0-0-0-0-0-0-0-0-0-0-0-0-0-0-0-
[mavros_node-1] [WARN] [1786441391.948458882] [mavros.sys]: FCU: UNK(8): EVENT 11047904 with args -0-0-0-0-1-0-0-0-0-199-255-127-128-199-255-127-128-0-0-0-0-0-0-0-0-0-0-0-0-0-0-0-0-0-0-0-0-0-0-0-
[mavros_node-1] [ERROR] [1786441391.948803002] [mavros.sys]: FCU: EVENT 10011251 with args -56-0-0-0-24-0-0-0-0-0-0-0-0-0-0-0-0-0-0-0-0-0-0-0-0-0-0-0-0-0-0-0-0-0-0-0-0-0-0-0-
[mavros_node-1] [INFO] [1786441391.949129056] [mavros.sys]: FCU: EVENT 377561 with args -8-0-0-0-20-0-0-0-0-0-0-0-0-0-0-0-0-0-0-0-0-0-0-0-0-0-0-0-0-0-0-0-0-0-0-0-0-0-0-0-
[mavros_node-1] [INFO] [1786441391.949521310] [mavros.sys]: FCU: EVENT 79408 with args -32-0-0-0-20-0-0-0-0-0-0-0-0-0-0-0-0-0-0-0-0-0-0-0-0-0-0-0-0-0-0-0-0-0-0-0-0-0-0-0-
[mavros_node-1] [WARN] [1786441391.950290796] [mavros.sys]: FCU: UNK(8): EVENT 1914663 with args -0-130-16-2-48-0-0-0-0-0-0-0-0-0-0-0-0-0-0-0-0-0-0-0-0-0-0-0-0-0-0-0-0-0-0-0-0-0-0-0-
[mavros_node-1] [INFO] [1786441445.370440755] [mavros.sys]: FCU: EVENT 9489139 with args -2-0-0-0-0-0-0-0-0-0-0-0-0-0-0-0-0-0-0-0-0-0-0-0-0-0-0-0-0-0-0-0-0-0-0-0-0-0-0-0-
[mavros_node-1] [INFO] [1786441445.478903123] [mavros.sys]: FCU: EVENT 1203183 with args -234-7-8-11-9-43-21-0-0-0-0-0-0-0-0-0-0-0-0-0-0-0-0-0-0-0-0-0-0-0-0-0-0-0-0-0-0-0-0-0-
[mavros_node-1] [WARN] [1786441445.684406880] [mavros.sys]: FCU: UNK(8): EVENT 11047904 with args -0-0-0-0-1-0-0-0-0-199-255-127-128-199-255-127-128-0-0-0-0-0-0-0-0-0-0-0-0-0-0-0-0-0-0-0-0-0-0-0-
[mavros_node-1] [ERROR] [1786441445.684631768] [mavros.sys]: FCU: EVENT 10011251 with args -56-0-0-0-24-0-0-0-0-0-0-0-0-0-0-0-0-0-0-0-0-0-0-0-0-0-0-0-0-0-0-0-0-0-0-0-0-0-0-0-
[mavros_node-1] [INFO] [1786441445.684986503] [mavros.sys]: FCU: EVENT 377561 with args -8-0-0-0-20-0-0-0-0-0-0-0-0-0-0-0-0-0-0-0-0-0-0-0-0-0-0-0-0-0-0-0-0-0-0-0-0-0-0-0-
[mavros_node-1] [INFO] [1786441445.685439466] [mavros.sys]: FCU: EVENT 79408 with args -32-0-0-0-20-0-0-0-0-0-0-0-0-0-0-0-0-0-0-0-0-0-0-0-0-0-0-0-0-0-0-0-0-0-0-0-0-0-0-0-
[mavros_node-1] [WARN] [1786441445.687747262] [mavros.sys]: FCU: UNK(8): EVENT 1914663 with args -0-130-20-2-48-0-0-0-0-0-0-0-0-0-0-0-0-0-0-0-0-0-0-0-0-0-0-0-0-0-0-0-0-0-0-0-0-0-0-0-
[mavros_node-1] [INFO] [1786441448.880578946] [mavros.sys]: FCU: EVENT 4277609 with args -0-0-0-0-0-0-0-0-0-0-0-0-0-0-0-0-0-0-0-0-0-0-0-0-0-0-0-0-0-0-0-0-0-0-0-0-0-0-0-0-
[fastlio_ev_health_monitor.py-3] [WARN] [1786441450.592870745] [fastlio_ev_health_monitor]: EV health state=SUSPECT: internal_velocity_mismatch difference=0.510m/s
[fastlio_ev_health_monitor.py-3] [INFO] [1786441452.794700635] [fastlio_ev_health_monitor]: EV health state=HEALTHY: ok
[mavros_node-1] [WARN] [1786441457.417832234] [uas]: PX4: Unknown sub-mode 3.2
[mavros_node-1] [WARN] [1786441458.418893998] [uas]: PX4: Unknown sub-mode 3.2
[mavros_node-1] [WARN] [1786441459.419054065] [uas]: PX4: Unknown sub-mode 3.2
[mavros_node-1] [WARN] [1786441460.418997477] [uas]: PX4: Unknown sub-mode 3.2
[mavros_node-1] [WARN] [1786441461.418811240] [uas]: PX4: Unknown sub-mode 3.2
[mavros_node-1] [WARN] [1786441462.419129874] [uas]: PX4: Unknown sub-mode 3.2
[mavros_node-1] [WARN] [1786441463.419136248] [uas]: PX4: Unknown sub-mode 3.2
[mavros_node-1] [WARN] [1786441464.420097525] [uas]: PX4: Unknown sub-mode 3.2
[mavros_node-1] [WARN] [1786441465.419624746] [uas]: PX4: Unknown sub-mode 3.2
[mavros_node-1] [WARN] [1786441466.419014416] [uas]: PX4: Unknown sub-mode 3.2
[mavros_node-1] [WARN] [1786441467.419175276] [uas]: PX4: Unknown sub-mode 3.2
[mavros_node-1] [WARN] [1786441468.419242380] [uas]: PX4: Unknown sub-mode 3.2
[mavros_node-1] [WARN] [1786441469.420202691] [uas]: PX4: Unknown sub-mode 3.2
[mavros_node-1] [ERROR] [1786441470.287224746] [mavros.sys]: FCU: EVENT 11290563 with args -0-0-0-0-0-0-0-0-0-0-0-0-0-0-0-0-0-0-0-0-0-0-0-0-0-0-0-0-0-0-0-0-0-0-0-0-0-0-0-0-
[mavros_node-1] [WARN] [1786441470.295824382] [mavros.sys]: FCU: UNK(8): EVENT 11047904 with args -0-0-0-16-1-0-0-0-0-0-0-0-0-199-255-127-128-0-0-0-0-0-0-0-0-0-0-0-0-0-0-0-0-0-0-0-0-0-0-0-
[mavros_node-1] [ERROR] [1786441470.296561775] [mavros.sys]: FCU: EVENT 10011251 with args -56-0-0-0-24-0-0-0-0-0-0-0-0-0-0-0-0-0-0-0-0-0-0-0-0-0-0-0-0-0-0-0-0-0-0-0-0-0-0-0-
[mavros_node-1] [INFO] [1786441470.297261794] [mavros.sys]: FCU: EVENT 377561 with args -8-0-0-0-20-0-0-0-0-0-0-0-0-0-0-0-0-0-0-0-0-0-0-0-0-0-0-0-0-0-0-0-0-0-0-0-0-0-0-0-
[mavros_node-1] [INFO] [1786441470.298130731] [mavros.sys]: FCU: EVENT 79408 with args -32-0-0-0-20-0-0-0-0-0-0-0-0-0-0-0-0-0-0-0-0-0-0-0-0-0-0-0-0-0-0-0-0-0-0-0-0-0-0-0-
[mavros_node-1] [ERROR] [1786441470.298810005] [mavros.sys]: FCU: EVENT 12754954 with args -255-255-255-255-20-0-0-0-0-0-0-0-0-0-0-0-0-0-0-0-0-0-0-0-0-0-0-0-0-0-0-0-0-0-0-0-0-0-0-0-
[mavros_node-1] [WARN] [1786441470.299439418] [mavros.sys]: FCU: UNK(8): EVENT 1914663 with args -0-130-20-2-48-0-0-0-0-0-0-0-0-0-0-0-0-0-0-0-0-0-0-0-0-0-0-0-0-0-0-0-0-0-0-0-0-0-0-0-
[mavros_node-1] [WARN] [1786441470.418760684] [uas]: PX4: Unknown sub-mode 3.2
[mavros_node-1] [WARN] [1786441471.418154840] [uas]: PX4: Unknown sub-mode 3.2
[mavros_node-1] [WARN] [1786441472.419647648] [uas]: PX4: Unknown sub-mode 3.2
[mavros_node-1] [WARN] [1786441473.420606173] [uas]: PX4: Unknown sub-mode 3.2
[mavros_node-1] [INFO] [1786441473.827137326] [mavros.sys]: FCU: EVENT 9844908 with args -0-0-0-0-0-0-0-0-0-0-0-0-0-0-0-0-0-0-0-0-0-0-0-0-0-0-0-0-0-0-0-0-0-0-0-0-0-0-0-0-
[mavros_node-1] [WARN] [1786441474.419097801] [uas]: PX4: Unknown sub-mode 3.2
[mavros_node-1] [INFO] [1786441475.296463873] [mavros.sys]: FCU: EVENT 16017271 with args -8-0-0-0-0-0-0-0-0-0-0-0-0-0-0-0-0-0-0-0-0-0-0-0-0-0-0-0-0-0-0-0-0-0-0-0-0-0-0-0-
[mavros_node-1] [WARN] [1786441475.296797923] [mavros.sys]: FCU: UNK(8): EVENT 11047904 with args -0-128-0-16-1-0-0-0-0-0-0-0-0-199-255-127-128-0-0-0-0-0-0-0-0-0-0-0-0-0-0-0-0-0-0-0-0-0-0-0-
[mavros_node-1] [ERROR] [1786441475.296973547] [mavros.sys]: FCU: EVENT 9077977 with args -255-255-255-255-7-0-0-0-0-0-0-0-0-0-0-0-0-0-0-0-0-0-0-0-0-0-0-0-0-0-0-0-0-0-0-0-0-0-0-0-
[mavros_node-1] [ERROR] [1786441475.297338839] [mavros.sys]: FCU: EVENT 10011251 with args -56-0-0-0-24-0-0-0-0-0-0-0-0-0-0-0-0-0-0-0-0-0-0-0-0-0-0-0-0-0-0-0-0-0-0-0-0-0-0-0-
[mavros_node-1] [INFO] [1786441475.297475677] [mavros.sys]: FCU: EVENT 377561 with args -8-0-0-0-20-0-0-0-0-0-0-0-0-0-0-0-0-0-0-0-0-0-0-0-0-0-0-0-0-0-0-0-0-0-0-0-0-0-0-0-
[mavros_node-1] [INFO] [1786441475.297610282] [mavros.sys]: FCU: EVENT 79408 with args -32-0-0-0-20-0-0-0-0-0-0-0-0-0-0-0-0-0-0-0-0-0-0-0-0-0-0-0-0-0-0-0-0-0-0-0-0-0-0-0-
[mavros_node-1] [ERROR] [1786441475.297750569] [mavros.sys]: FCU: EVENT 12754954 with args -255-255-255-255-20-0-0-0-0-0-0-0-0-0-0-0-0-0-0-0-0-0-0-0-0-0-0-0-0-0-0-0-0-0-0-0-0-0-0-0-
[mavros_node-1] [WARN] [1786441475.298419944] [mavros.sys]: FCU: UNK(8): EVENT 1914663 with args -0-130-20-2-48-0-0-0-0-0-0-0-0-0-0-0-0-0-0-0-0-0-0-0-0-0-0-0-0-0-0-0-0-0-0-0-0-0-0-0-
[mavros_node-1] [WARN] [1786441475.419443567] [uas]: PX4: Unknown sub-mode 3.2
[mavros_node-1] [WARN] [1786441476.418598673] [uas]: PX4: Unknown sub-mode 3.2
[mavros_node-1] [WARN] [1786441477.419589643] [uas]: PX4: Unknown sub-mode 3.2
[mavros_node-1] [WARN] [1786441478.419052621] [uas]: PX4: Unknown sub-mode 3.2
[mavros_node-1] [WARN] [1786441478.731323218] [mavros.sys]: FCU: UNK(8): EVENT 11047904 with args -0-128-0-16-1-0-0-0-0-0-0-0-0-199-255-127-128-0-0-0-0-0-0-0-0-0-0-0-0-0-0-0-0-0-0-0-0-0-0-0-
[mavros_node-1] [ERROR] [1786441478.731667923] [mavros.sys]: FCU: EVENT 9077977 with args -255-255-255-255-7-0-0-0-0-0-0-0-0-0-0-0-0-0-0-0-0-0-0-0-0-0-0-0-0-0-0-0-0-0-0-0-0-0-0-0-
[mavros_node-1] [ERROR] [1786441478.732001119] [mavros.sys]: FCU: EVENT 10011251 with args -56-0-0-0-24-0-0-0-0-0-0-0-0-0-0-0-0-0-0-0-0-0-0-0-0-0-0-0-0-0-0-0-0-0-0-0-0-0-0-0-
[mavros_node-1] [INFO] [1786441478.732351670] [mavros.sys]: FCU: EVENT 377561 with args -8-0-0-0-20-0-0-0-0-0-0-0-0-0-0-0-0-0-0-0-0-0-0-0-0-0-0-0-0-0-0-0-0-0-0-0-0-0-0-0-
[mavros_node-1] [INFO] [1786441478.732478918] [mavros.sys]: FCU: EVENT 79408 with args -32-0-0-0-20-0-0-0-0-0-0-0-0-0-0-0-0-0-0-0-0-0-0-0-0-0-0-0-0-0-0-0-0-0-0-0-0-0-0-0-
[mavros_node-1] [ERROR] [1786441478.732723631] [mavros.sys]: FCU: EVENT 12754954 with args -255-255-255-255-20-0-0-0-0-0-0-0-0-0-0-0-0-0-0-0-0-0-0-0-0-0-0-0-0-0-0-0-0-0-0-0-0-0-0-0-
[mavros_node-1] [WARN] [1786441478.735010963] [mavros.sys]: FCU: UNK(8): EVENT 1914663 with args -0-130-16-2-48-0-0-0-0-0-0-0-0-0-0-0-0-0-0-0-0-0-0-0-0-0-0-0-0-0-0-0-0-0-0-0-0-0-0-0-
[mavros_node-1] [WARN] [1786441479.418313582] [uas]: PX4: Unknown sub-mode 3.2
