[debug rosbag] starting
[debug rosbag] command: env FLIGHT_TIMESTAMP=20260811_174204 FLIGHT_RUN_DIR=/home/robot/rong_ws/ws_offboard_control/flight_records/20260811/flight_20260811_174204 /home/robot/rong_ws/ws_offboard_control/tools/rosbag/开始录包.sh
[debug rosbag] pid=28139 pgid=28139 log=/home/robot/rong_ws/ws_offboard_control/flight_records/20260811/flight_20260811_174204/logs/rosbag_debug.log
本场次目录：/home/robot/rong_ws/ws_offboard_control/flight_records/20260811/flight_20260811_174204
参数快照目录：/home/robot/rong_ws/ws_offboard_control/flight_records/20260811/flight_20260811_174204/snapshot
录包输出目录：/home/robot/rong_ws/ws_offboard_control/flight_records/20260811/flight_20260811_174204/rosbag
是否录制完整配准点云：false
在本终端按 Ctrl+C 停止录包。
stdin is not a terminal device. Keyboard handling disabled.[INFO] [1786441363.078659343] [rosbag2_recorder]: Press SPACE for pausing/resuming
[INFO] [1786441363.082430297] [rosbag2_storage]: Opened database '/home/robot/rong_ws/ws_offboard_control/flight_records/20260811/flight_20260811_174204/rosbag/rosbag_0.db3' for READ_WRITE.
[INFO] [1786441363.087188988] [rosbag2_recorder]: Listening for topics...
[INFO] [1786441363.087216988] [rosbag2_recorder]: Event publisher thread: Starting
[INFO] [1786441363.092041598] [rosbag2_recorder]: Subscribed to topic '/race/super_planner/raw_path'
[INFO] [1786441363.093441177] [rosbag2_recorder]: Subscribed to topic '/race/pose'
[INFO] [1786441363.094340673] [rosbag2_recorder]: Subscribed to topic '/race/planner/status'
[INFO] [1786441363.095350478] [rosbag2_recorder]: Subscribed to topic '/race/global_planner/status'
[INFO] [1786441363.096848334] [rosbag2_recorder]: Subscribed to topic '/race/odom'
[INFO] [1786441363.097716149] [rosbag2_recorder]: Subscribed to topic '/race/global_path'
[INFO] [1786441363.098439448] [rosbag2_recorder]: Subscribed to topic '/race/ego/odom'
[INFO] [1786441363.099256982] [rosbag2_recorder]: Subscribed to topic '/race/ego/local_path_reference'
[INFO] [1786441363.099890184] [rosbag2_recorder]: Subscribed to topic '/race/ego/local_goal'
[INFO] [1786441363.100310132] [rosbag2_recorder]: Subscribed to topic '/race/control/status'
[INFO] [1786441363.101804533] [rosbag2_recorder]: Subscribed to topic '/mavros/setpoint_raw/local'
[INFO] [1786441363.101886031] [rosbag2_recorder]: Recording...
[INFO] [1786441363.204119306] [rosbag2_recorder]: Subscribed to topic '/Odometry/guarded'
[INFO] [1786441363.917124361] [rosbag2_recorder]: Subscribed to topic '/path'
[INFO] [1786441363.918519155] [rosbag2_recorder]: Subscribed to topic '/ev_health/velocity_ned'
[INFO] [1786441363.920025005] [rosbag2_recorder]: Subscribed to topic '/ev_health/diagnostics'
[INFO] [1786441363.921353280] [rosbag2_recorder]: Subscribed to topic '/ev_health/status'
[INFO] [1786441363.923113807] [rosbag2_recorder]: Subscribed to topic '/ev_health/fault'
[INFO] [1786441363.925242414] [rosbag2_recorder]: Subscribed to topic '/Odometry/healthy'
[INFO] [1786441363.926480163] [rosbag2_recorder]: Subscribed to topic '/Odometry'
[INFO] [1786441364.335914552] [rosbag2_recorder]: Subscribed to topic '/race/ego/command_local_goal_seq'
[INFO] [1786441364.336959886] [rosbag2_recorder]: Subscribed to topic '/race/ego/status'
[INFO] [1786441364.337908594] [rosbag2_recorder]: Subscribed to topic '/race/ego/trajectory_setpoint'
[INFO] [1786441364.338760249] [rosbag2_recorder]: Subscribed to topic '/race/ego/validated_bspline'
[INFO] [1786441364.441183072] [rosbag2_recorder]: Subscribed to topic '/race/ego/position_command'
[INFO] [1786441364.546075458] [rosbag2_recorder]: Subscribed to topic '/race/ego/bspline'
[INFO] [1786441366.289999105] [rosbag2_recorder]: Subscribed to topic '/mavros/vision_speed/speed_twist_cov'
[INFO] [1786441366.291333977] [rosbag2_recorder]: Subscribed to topic '/mavros/vision_pose/pose_cov'
[INFO] [1786441367.121958319] [rosbag2_recorder]: Subscribed to topic '/mavros/local_position/velocity_body'
[INFO] [1786441367.124606484] [rosbag2_recorder]: Subscribed to topic '/mavros/local_position/pose'
[INFO] [1786441367.126984820] [rosbag2_recorder]: Subscribed to topic '/mavros/estimator_status'
[INFO] [1786441367.129284273] [rosbag2_recorder]: Subscribed to topic '/mavros/state'
[INFO] [1786441367.132512555] [rosbag2_recorder]: Subscribed to topic '/mavros/local_position/odom'
[INFO] [1786441367.133809836] [rosbag2_recorder]: Subscribed to topic '/mavros/local_position/velocity_local'
[INFO] [1786441367.135236159] [rosbag2_recorder]: Subscribed to topic '/mavros/setpoint_raw/target_local'
