[debug rosbag] starting
[debug rosbag] command: env FLIGHT_TIMESTAMP=20260811_191742 FLIGHT_RUN_DIR=/home/robot/rong_ws/ws_offboard_control/flight_records/20260811/flight_20260811_191742 /home/robot/rong_ws/ws_offboard_control/tools/rosbag/开始录包.sh
[debug rosbag] pid=15677 pgid=15677 log=/home/robot/rong_ws/ws_offboard_control/flight_records/20260811/flight_20260811_191742/logs/rosbag_debug.log
本场次目录：/home/robot/rong_ws/ws_offboard_control/flight_records/20260811/flight_20260811_191742
参数快照目录：/home/robot/rong_ws/ws_offboard_control/flight_records/20260811/flight_20260811_191742/snapshot
录包输出目录：/home/robot/rong_ws/ws_offboard_control/flight_records/20260811/flight_20260811_191742/rosbag
是否录制完整配准点云：false
在本终端按 Ctrl+C 停止录包。
stdin is not a terminal device. Keyboard handling disabled.[INFO] [1786447094.572081157] [rosbag2_recorder]: Press SPACE for pausing/resuming
[INFO] [1786447094.572951637] [rosbag2_storage]: Opened database '/home/robot/rong_ws/ws_offboard_control/flight_records/20260811/flight_20260811_191742/rosbag/rosbag_0.db3' for READ_WRITE.
[INFO] [1786447094.573371868] [rosbag2_recorder]: Listening for topics...
[INFO] [1786447094.573387610] [rosbag2_recorder]: Event publisher thread: Starting
[INFO] [1786447094.573453853] [rosbag2_recorder]: Recording...
[INFO] [1786447094.676121545] [rosbag2_recorder]: Subscribed to topic '/race/ego/bspline'
[INFO] [1786447094.777834063] [rosbag2_recorder]: Subscribed to topic '/Odometry'
[INFO] [1786447094.779257639] [rosbag2_recorder]: Subscribed to topic '/path'
[INFO] [1786447094.883014001] [rosbag2_recorder]: Subscribed to topic '/mavros/local_position/pose'
[INFO] [1786447094.883942503] [rosbag2_recorder]: Subscribed to topic '/Odometry/guarded'
[INFO] [1786447094.885809559] [rosbag2_recorder]: Subscribed to topic '/mavros/estimator_status'
[INFO] [1786447094.886431275] [rosbag2_recorder]: Subscribed to topic '/mavros/local_position/odom'
[INFO] [1786447094.887021846] [rosbag2_recorder]: Subscribed to topic '/mavros/local_position/velocity_local'
[INFO] [1786447094.887662864] [rosbag2_recorder]: Subscribed to topic '/mavros/setpoint_raw/target_local'
[INFO] [1786447094.888479264] [rosbag2_recorder]: Subscribed to topic '/mavros/local_position/velocity_body'
[INFO] [1786447094.889579325] [rosbag2_recorder]: Subscribed to topic '/mavros/state'
[INFO] [1786447094.890677564] [rosbag2_recorder]: Subscribed to topic '/mavros/vision_speed/speed_twist_cov'
[INFO] [1786447094.891733707] [rosbag2_recorder]: Subscribed to topic '/mavros/vision_pose/pose_cov'
[INFO] [1786447095.308901426] [rosbag2_recorder]: Subscribed to topic '/ev_health/velocity_ned'
[INFO] [1786447095.310854203] [rosbag2_recorder]: Subscribed to topic '/ev_health/diagnostics'
[INFO] [1786447095.312640865] [rosbag2_recorder]: Subscribed to topic '/ev_health/status'
[INFO] [1786447095.313801371] [rosbag2_recorder]: Subscribed to topic '/ev_health/fault'
[INFO] [1786447095.314610283] [rosbag2_recorder]: Subscribed to topic '/Odometry/healthy'
[INFO] [1786447096.947907483] [rosbag2_recorder]: Subscribed to topic '/race/ego/odom'
[INFO] [1786447097.053072288] [rosbag2_recorder]: Subscribed to topic '/race/ego/status'
[INFO] [1786447097.054024206] [rosbag2_recorder]: Subscribed to topic '/race/ego/trajectory_setpoint'
[INFO] [1786447097.055154853] [rosbag2_recorder]: Subscribed to topic '/race/ego/validated_bspline'
[INFO] [1786447097.056652807] [rosbag2_recorder]: Subscribed to topic '/race/ego/position_command'
[INFO] [1786447097.057686251] [rosbag2_recorder]: Subscribed to topic '/race/odom'
[INFO] [1786447097.058874227] [rosbag2_recorder]: Subscribed to topic '/race/pose'
[INFO] [1786447097.061039903] [rosbag2_recorder]: Subscribed to topic '/race/ego/command_local_goal_seq'
[INFO] [1786447097.475560711] [rosbag2_recorder]: Subscribed to topic '/race/global_path'
[INFO] [1786447097.477861746] [rosbag2_recorder]: Subscribed to topic '/race/global_planner/status'
[INFO] [1786447097.480683846] [rosbag2_recorder]: Subscribed to topic '/race/ego/local_path_reference'
[INFO] [1786447097.482486378] [rosbag2_recorder]: Subscribed to topic '/race/ego/local_goal'
[INFO] [1786447097.483834964] [rosbag2_recorder]: Subscribed to topic '/race/super_planner/raw_path'
[INFO] [1786447097.485267611] [rosbag2_recorder]: Subscribed to topic '/race/planner/status'
[INFO] [1786447097.588656117] [rosbag2_recorder]: Subscribed to topic '/race/control/status'
[INFO] [1786447097.589591159] [rosbag2_recorder]: Subscribed to topic '/mavros/setpoint_raw/local'
[INFO] [1786447156.235355286] [rosbag2_cpp]: Writing remaining messages from cache to the bag. It may take a while
[INFO] [1786447156.239099816] [rosbag2_recorder]: Event publisher thread: Exiting
[INFO] [1786447156.239288073] [rosbag2_recorder]: Recording stopped
[debug rosbag] 已退出，状态码 143
