[INFO] [launch]: All log files can be found below /home/robot/.ros/log/2026-08-10-22-10-43-220915-robot-9687
[INFO] [launch]: Default logging verbosity is set to INFO
[INFO] [fastlio_bridge_node-1]: process started with pid [9690]
[INFO] [frame_transform_node-2]: process started with pid [9692]
[INFO] [map_io_node-3]: process started with pid [9694]
[INFO] [mapping_manager_node-4]: process started with pid [9696]
[mapping_manager_node-4] [INFO] [1786371043.277464585] [mapping_manager_node]: mapping_manager_node started
[mapping_manager_node-4] [INFO] [1786371043.277568869] [mapping_manager_node]:   auto_load_on_start: false
[mapping_manager_node-4] [INFO] [1786371043.277575685] [mapping_manager_node]:   auto_save_on_land: true
[frame_transform_node-2] [INFO] [1786371043.278920606] [frame_transform_node]: frame_transform_node started
[frame_transform_node-2] [INFO] [1786371043.278982171] [frame_transform_node]:   Published static TF: map -> odom (identity)
[frame_transform_node-2] [INFO] [1786371043.278986448] [frame_transform_node]:   Published static TF: camera_init -> map (identity, RViz display only)
[fastlio_bridge_node-1] [INFO] [1786371043.283159597] [fastlio_bridge_node]: FAST-LIO2 里程计桥接已启动：订阅 /Odometry -> /race/odom, /race/pose
[map_io_node-3] [INFO] [1786371043.315948149] [map_io_node]: map_io_node started
[map_io_node-3] [INFO] [1786371043.316051977] [map_io_node]:   map_file: /home/robot/rong_ws/ws_offboard_control/maps/现场扫图/20260810/扫图_20260810_221019/现场地图.pcd
[map_io_node-3] [INFO] [1786371043.316059595] [map_io_node]:   publish_topic: /saved_map
[map_io_node-3] [INFO] [1786371043.316062767] [map_io_node]:   display_leaf_size: 0.10 m
[map_io_node-3] [INFO] [1786371043.316068529] [map_io_node]:   max_display_points: 3000000
[fastlio_bridge_node-1] [INFO] [1786371044.065778329] [fastlio_bridge_node]: 已桥接并转换里程计: ENU(0.01, 0.01, -0.00) -> NED(-0.01, 0.01, 0.00)
[fastlio_bridge_node-1] [INFO] [1786371046.065643607] [fastlio_bridge_node]: 已桥接并转换里程计: ENU(0.01, 0.02, -0.00) -> NED(-0.01, 0.02, 0.00)
[fastlio_bridge_node-1] [INFO] [1786371048.068025074] [fastlio_bridge_node]: 已桥接并转换里程计: ENU(0.01, 0.02, -0.00) -> NED(-0.01, 0.02, 0.00)
[fastlio_bridge_node-1] [INFO] [1786371050.065940541] [fastlio_bridge_node]: 已桥接并转换里程计: ENU(0.02, 0.02, -0.01) -> NED(-0.02, 0.02, 0.01)
[fastlio_bridge_node-1] [INFO] [1786371052.055529630] [fastlio_bridge_node]: 已桥接并转换里程计: ENU(0.01, 0.02, -0.00) -> NED(-0.01, 0.02, 0.00)
[fastlio_bridge_node-1] [INFO] [1786371054.056029190] [fastlio_bridge_node]: 已桥接并转换里程计: ENU(0.02, 0.02, -0.00) -> NED(-0.02, 0.02, 0.00)
[fastlio_bridge_node-1] [INFO] [1786371056.055513777] [fastlio_bridge_node]: 已桥接并转换里程计: ENU(0.01, 0.02, 0.00) -> NED(-0.01, 0.02, -0.00)
[fastlio_bridge_node-1] [INFO] [1786371058.055234046] [fastlio_bridge_node]: 已桥接并转换里程计: ENU(0.02, 0.02, -0.00) -> NED(-0.02, 0.02, 0.00)
[fastlio_bridge_node-1] [INFO] [1786371060.057468162] [fastlio_bridge_node]: 已桥接并转换里程计: ENU(0.02, 0.02, -0.00) -> NED(-0.02, 0.02, 0.00)
[fastlio_bridge_node-1] [INFO] [1786371062.057468865] [fastlio_bridge_node]: 已桥接并转换里程计: ENU(0.02, 0.02, -0.01) -> NED(-0.02, 0.02, 0.01)
[fastlio_bridge_node-1] [INFO] [1786371064.055382964] [fastlio_bridge_node]: 已桥接并转换里程计: ENU(0.02, 0.02, -0.01) -> NED(-0.02, 0.02, 0.01)
[fastlio_bridge_node-1] [INFO] [1786371066.055663853] [fastlio_bridge_node]: 已桥接并转换里程计: ENU(0.02, 0.02, -0.01) -> NED(-0.02, 0.02, 0.01)
[fastlio_bridge_node-1] [INFO] [1786371068.056989415] [fastlio_bridge_node]: 已桥接并转换里程计: ENU(0.03, 0.02, -0.01) -> NED(-0.03, 0.02, 0.01)
[fastlio_bridge_node-1] [INFO] [1786371070.056791097] [fastlio_bridge_node]: 已桥接并转换里程计: ENU(0.02, 0.03, -0.01) -> NED(-0.02, 0.03, 0.01)
[fastlio_bridge_node-1] [INFO] [1786371070.652660336] [rclcpp]: signal_handler(SIGINT/SIGTERM)
[mapping_manager_node-4] [INFO] [1786371070.652652385] [rclcpp]: signal_handler(SIGINT/SIGTERM)
[frame_transform_node-2] [INFO] [1786371070.652664337] [rclcpp]: signal_handler(SIGINT/SIGTERM)
[map_io_node-3] [INFO] [1786371070.652722439] [rclcpp]: signal_handler(SIGINT/SIGTERM)
[INFO] [frame_transform_node-2]: process has finished cleanly [pid 9692]
[INFO] [fastlio_bridge_node-1]: process has finished cleanly [pid 9690]
[INFO] [mapping_manager_node-4]: process has finished cleanly [pid 9696]
[INFO] [map_io_node-3]: process has finished cleanly [pid 9694]
