[INFO] [launch]: All log files can be found below /home/robot/.ros/log/2026-08-09-15-58-23-435927-robot-62809
[INFO] [launch]: Default logging verbosity is set to INFO
[INFO] [mavros_node-1]: process started with pid [62829]
[INFO] [fastlio_odometry_guard-2]: process started with pid [62831]
[INFO] [fastlio_ev_health_monitor.py-3]: process started with pid [62833]
[INFO] [fix_mavros_odometry_frames.py-4]: process started with pid [62835]
[INFO] [fastlio_mavros_vision_bridge-5]: process started with pid [62837]
[INFO] [static_transform_publisher-6]: process started with pid [62839]
[INFO] [static_transform_publisher-7]: process started with pid [62841]
[INFO] [static_transform_publisher-8]: process started with pid [62843]
[INFO] [static_transform_publisher-9]: process started with pid [62845]
[fastlio_mavros_vision_bridge-5] [INFO] [1786262303.624676477] [fastlio_mavros_vision_bridge]: Bridging /Odometry/healthy -> /mavros/vision_pose/pose_cov + vision_speed for MAVROS vision input; body->FAST-LIO origin in body FLU=(0.0000, 0.0000, 0.0800) m, R_FASTLIO_body yaw=0.000000 rad, world yaw alignment=0.000000 rad
[mavros_node-1] [INFO] [1786262303.951200263] [mavros.mavros_node]: Starting mavros_node container
[mavros_node-1] [INFO] [1786262303.951349046] [mavros.mavros_node]: FCU URL: serial:///dev/ttyUSB0:921600?ids=255,190
[mavros_node-1] [INFO] [1786262303.951364531] [mavros.mavros_node]: GCS URL: 
[mavros_node-1] [INFO] [1786262303.951373278] [mavros.mavros_node]: UAS Prefix: /uas1
[mavros_node-1] [INFO] [1786262303.951381812] [mavros.mavros_node]: Starting mavros router node
[static_transform_publisher-6] [INFO] [1786262303.993334220] [odom_to_camera_init]: Spinning until stopped - publishing transform
[static_transform_publisher-6] translation: ('0.000000', '0.000000', '0.000000')
[static_transform_publisher-6] rotation: ('0.000000', '0.000000', '0.000000', '1.000000')
[static_transform_publisher-6] from 'odom' to 'camera_init'
[static_transform_publisher-7] [INFO] [1786262304.007897493] [base_link_to_body]: Spinning until stopped - publishing transform
[static_transform_publisher-7] translation: ('0.000000', '0.000000', '0.080000')
[static_transform_publisher-7] rotation: ('0.000000', '0.000000', '-0.000000', '1.000000')
[static_transform_publisher-7] from 'base_link' to 'body'
[fastlio_odometry_guard-2] [INFO] [1786262304.016324869] [fastlio_odometry_guard]: Guarding odometry /Odometry -> /Odometry/guarded (jump=0.30m, xy=0.20m, z=0.10m, speed=1.20m/s, unknown angular variance>=100000)
[static_transform_publisher-9] [INFO] [1786262304.027920452] [body_to_body_frd]: Spinning until stopped - publishing transform
[static_transform_publisher-9] translation: ('0.000000', '0.000000', '0.000000')
[static_transform_publisher-9] rotation: ('1.000000', '0.000000', '0.000000', '0.000000')
[static_transform_publisher-9] from 'body' to 'body_frd'
[static_transform_publisher-8] [INFO] [1786262304.053618161] [camera_init_to_camera_init_ned]: Spinning until stopped - publishing transform
[static_transform_publisher-8] translation: ('0.000000', '0.000000', '0.000000')
[static_transform_publisher-8] rotation: ('0.707107', '0.707107', '0.000000', '0.000000')
[static_transform_publisher-8] from 'camera_init' to 'camera_init_ned'
[mavros_node-1] [INFO] [1786262304.061513177] [mavros.mavros_router]: Built-in SIMD instructions: SSE, SSE2
[mavros_node-1] [INFO] [1786262304.064933472] [mavros.mavros_router]: Built-in MAVLink package version: 2026.3.3
[mavros_node-1] [INFO] [1786262304.065585279] [mavros.mavros_router]: Known MAVLink dialects: common ardupilotmega ASLUAV AVSSUAS all csAirLink cubepilot development icarous loweheiser marsh matrixpilot paparazzi standard stemstudios storm32 uAvionix ualberta
[mavros_node-1] [INFO] [1786262304.065613097] [mavros.mavros_router]: MAVROS Router started
[mavros_node-1] [INFO] [1786262304.068779114] [mavros.mavros_node]: Starting mavros uas node
[fix_mavros_odometry_frames.py-4] [INFO] [1786262304.128149382] [fix_mavros_odometry_frames]: Waiting for /mavros/odometry parameter service...
[fastlio_ev_health_monitor.py-3] [INFO] [1786262304.152694714] [fastlio_ev_health_monitor]: EV health gate /Odometry -> /Odometry/healthy; compare /mavros/local_position/velocity_local in PX4 local NED; status=/ev_health/status, diagnostics=/ev_health/diagnostics
[mavros_node-1] [INFO] [1786262304.158710715] [mavros.mavros_router]: Requested to add endpoint: type: 0, url: serial:///dev/ttyUSB0:921600?ids=255,190
[mavros_node-1] [INFO] [1786262304.158779121] [mavros.mavros_router]: Endpoint link[1000] created
[mavros_node-1] [INFO] [1786262304.159412303] [mavros.mavros_router]: link[1000] opened successfully
[mavros_node-1] [INFO] [1786262304.159433796] [mavros.mavros_router]: Requested to add endpoint: type: 2, url: /uas1
[mavros_node-1] [INFO] [1786262304.159449001] [mavros.mavros_router]: Endpoint link[1001] created
[mavros_node-1] [INFO] [1786262304.162593526] [mavros.mavros_router]: link[1001] opened successfully
[mavros_node-1] [INFO] [1786262304.168771194] [mavros.mavros]: UAS Executor started, threads: 16
[mavros_node-1] [INFO] [1786262304.180525356] [mavros.mavros_router]: link[1000] detected remote address 1.1
[mavros_node-1] [INFO] [1786262304.194390888] [mavros.mavros]: Plugin actuator_control created
[mavros_node-1] [INFO] [1786262304.194470970] [mavros.mavros]: Plugin actuator_control initialized
[mavros_node-1] [INFO] [1786262304.216320263] [mavros.mavros]: Plugin adsb created
[mavros_node-1] [INFO] [1786262304.216387790] [mavros.mavros]: Plugin adsb initialized
[mavros_node-1] [INFO] [1786262304.226977165] [mavros.mavros]: Plugin altitude created
[mavros_node-1] [INFO] [1786262304.227023081] [mavros.mavros]: Plugin altitude initialized
[mavros_node-1] [INFO] [1786262304.238203773] [mavros.mavros]: Plugin cam_imu_sync created
[mavros_node-1] [INFO] [1786262304.238263593] [mavros.mavros]: Plugin cam_imu_sync initialized
[fastlio_ev_health_monitor.py-3] [WARN] [1786262304.238978722] [fastlio_ev_health_monitor]: EV health state=SUSPECT: waiting_for_ev
[mavros_node-1] [INFO] [1786262304.255281637] [mavros.mavros]: Plugin camera created
[mavros_node-1] [INFO] [1786262304.255357380] [mavros.mavros]: Plugin camera initialized
[mavros_node-1] [INFO] [1786262304.270402574] [mavros.mavros]: Plugin cellular_status created
[mavros_node-1] [INFO] [1786262304.270450976] [mavros.mavros]: Plugin cellular_status initialized
[mavros_node-1] [INFO] [1786262304.293462037] [mavros.mavros]: Plugin command created
[mavros_node-1] [INFO] [1786262304.293574482] [mavros.mavros]: Plugin command initialized
[mavros_node-1] [INFO] [1786262304.306613086] [mavros.mavros]: Plugin companion_process_status created
[mavros_node-1] [INFO] [1786262304.306685534] [mavros.mavros]: Plugin companion_process_status initialized
[mavros_node-1] [INFO] [1786262304.325610507] [mavros.mavros]: Plugin debug_value created
[mavros_node-1] [INFO] [1786262304.325692021] [mavros.mavros]: Plugin debug_value initialized
[mavros_node-1] [INFO] [1786262304.325701037] [mavros.mavros]: Plugin distance_sensor ignored
[mavros_node-1] [INFO] [1786262304.336956704] [mavros.mavros]: Plugin esc_status created
[mavros_node-1] [INFO] [1786262304.337042920] [mavros.mavros]: Plugin esc_status initialized
[mavros_node-1] [INFO] [1786262304.353202646] [mavros.mavros]: Plugin esc_telemetry created
[mavros_node-1] [INFO] [1786262304.353312048] [mavros.mavros]: Plugin esc_telemetry initialized
[mavros_node-1] [INFO] [1786262304.368803315] [mavros.mavros]: Plugin fake_gps created
[mavros_node-1] [INFO] [1786262304.368847225] [mavros.mavros]: Plugin fake_gps initialized
[mavros_node-1] [INFO] [1786262304.394657038] [mavros.mavros]: Plugin ftp created
[mavros_node-1] [INFO] [1786262304.394739182] [mavros.mavros]: Plugin ftp initialized
[mavros_node-1] [INFO] [1786262304.410578139] [mavros.mavros]: Plugin geofence created
[mavros_node-1] [INFO] [1786262304.410650796] [mavros.mavros]: Plugin geofence initialized
[mavros_node-1] [INFO] [1786262304.444856652] [mavros.mavros]: Plugin gimbal_control created
[mavros_node-1] [INFO] [1786262304.444925485] [mavros.mavros]: Plugin gimbal_control initialized
[mavros_node-1] [INFO] [1786262304.469975508] [mavros.mavros]: Plugin global_position created
[mavros_node-1] [INFO] [1786262304.470057858] [mavros.mavros]: Plugin global_position initialized
[mavros_node-1] [INFO] [1786262304.483501303] [mavros.mavros]: Plugin gps_input created
[mavros_node-1] [INFO] [1786262304.483563959] [mavros.mavros]: Plugin gps_input initialized
[mavros_node-1] [INFO] [1786262304.496885657] [mavros.mavros]: Plugin gps_rtk created
[mavros_node-1] [INFO] [1786262304.496964981] [mavros.mavros]: Plugin gps_rtk initialized
[mavros_node-1] [INFO] [1786262304.515033169] [mavros.mavros]: Plugin gps_status created
[mavros_node-1] [INFO] [1786262304.515085299] [mavros.mavros]: Plugin gps_status initialized
[mavros_node-1] [INFO] [1786262304.528874336] [mavros.mavros]: Plugin guided_target created
[mavros_node-1] [INFO] [1786262304.528963755] [mavros.mavros]: Plugin guided_target initialized
[fastlio_ev_health_monitor.py-3] [WARN] [1786262304.539691882] [fastlio_ev_health_monitor]: EV health state=FAULT: waiting_for_ev
[mavros_node-1] [INFO] [1786262304.546895809] [mavros.mavros]: Plugin hil created
[mavros_node-1] [INFO] [1786262304.546958143] [mavros.mavros]: Plugin hil initialized
[mavros_node-1] [INFO] [1786262304.571742429] [mavros.mavros]: Plugin home_position created
[mavros_node-1] [INFO] [1786262304.571816925] [mavros.mavros]: Plugin home_position initialized
[mavros_node-1] [INFO] [1786262304.604519010] [mavros.mavros]: Plugin imu created
[mavros_node-1] [INFO] [1786262304.604621638] [mavros.mavros]: Plugin imu initialized
[mavros_node-1] [INFO] [1786262304.630766725] [mavros.mavros]: Plugin landing_target created
[mavros_node-1] [INFO] [1786262304.630858269] [mavros.mavros]: Plugin landing_target initialized
[mavros_node-1] [INFO] [1786262304.665116410] [mavros.mavros]: Plugin local_position created
[mavros_node-1] [INFO] [1786262304.665256123] [mavros.mavros]: Plugin local_position initialized
[mavros_node-1] [INFO] [1786262304.709878132] [mavros.mavros]: Plugin log_transfer created
[mavros_node-1] [INFO] [1786262304.709979139] [mavros.mavros]: Plugin log_transfer initialized
[mavros_node-1] [INFO] [1786262304.746329508] [mavros.mavros]: Plugin mag_calibration_status created
[mavros_node-1] [INFO] [1786262304.746449285] [mavros.mavros]: Plugin mag_calibration_status initialized
[mavros_node-1] [INFO] [1786262304.774871033] [mavros.mavros]: Plugin manual_control created
[mavros_node-1] [INFO] [1786262304.775002789] [mavros.mavros]: Plugin manual_control initialized
[mavros_node-1] [INFO] [1786262304.798940672] [mavros.mavros]: Plugin mocap_pose_estimate created
[mavros_node-1] [INFO] [1786262304.799010790] [mavros.mavros]: Plugin mocap_pose_estimate initialized
[mavros_node-1] [INFO] [1786262304.827660438] [mavros.mavros]: Plugin mount_control created
[mavros_node-1] [INFO] [1786262304.827769033] [mavros.mavros]: Plugin mount_control initialized
[mavros_node-1] [INFO] [1786262304.850573156] [mavros.mavros]: Plugin nav_controller_output created
[mavros_node-1] [INFO] [1786262304.850674251] [mavros.mavros]: Plugin nav_controller_output initialized
[mavros_node-1] [INFO] [1786262304.871061893] [mavros.mavros]: Plugin obstacle_distance created
[mavros_node-1] [INFO] [1786262304.871135115] [mavros.mavros]: Plugin obstacle_distance initialized
[mavros_node-1] [INFO] [1786262304.898151286] [mavros.mavros]: Plugin obstacle_distance_3d created
[mavros_node-1] [INFO] [1786262304.898207254] [mavros.mavros]: Plugin obstacle_distance_3d initialized
[mavros_node-1] [INFO] [1786262304.926347118] [mavros.mavros]: Plugin odometry created
[mavros_node-1] [INFO] [1786262304.926470407] [mavros.mavros]: Plugin odometry initialized
[mavros_node-1] [INFO] [1786262304.950800302] [mavros.mavros]: Plugin onboard_computer_status created
[mavros_node-1] [INFO] [1786262304.950934350] [mavros.mavros]: Plugin onboard_computer_status initialized
[mavros_node-1] [INFO] [1786262304.985820310] [mavros.mavros]: Plugin open_drone_id created
[mavros_node-1] [INFO] [1786262304.985988394] [mavros.mavros]: Plugin open_drone_id initialized
[mavros_node-1] [INFO] [1786262305.015772476] [mavros.mavros]: Plugin optical_flow created
[mavros_node-1] [INFO] [1786262305.015966605] [mavros.mavros]: Plugin optical_flow initialized
[mavros_node-1] [INFO] [1786262305.048211433] [mavros.mavros]: Plugin param created
[mavros_node-1] [INFO] [1786262305.048311270] [mavros.mavros]: Plugin param initialized
[mavros_node-1] [INFO] [1786262305.080738911] [mavros.mavros]: Plugin play_tune created
[mavros_node-1] [INFO] [1786262305.080812658] [mavros.mavros]: Plugin play_tune initialized
[mavros_node-1] [INFO] [1786262305.115375791] [mavros.mavros]: Plugin px4flow created
[mavros_node-1] [INFO] [1786262305.115509030] [mavros.mavros]: Plugin px4flow initialized
[fix_mavros_odometry_frames.py-4] [INFO] [1786262305.131825867] [fix_mavros_odometry_frames]: Setting MAVROS odometry target frames to odom/base_link.
[fix_mavros_odometry_frames.py-4] [INFO] [1786262305.140155755] [fix_mavros_odometry_frames]: MAVROS odometry frame targets updated successfully.
[mavros_node-1] [INFO] [1786262305.185629496] [mavros.mavros]: Plugin rallypoint created
[mavros_node-1] [INFO] [1786262305.185809906] [mavros.mavros]: Plugin rallypoint initialized
[mavros_node-1] [INFO] [1786262305.185845554] [mavros.mavros]: Plugin rangefinder ignored
[mavros_node-1] [INFO] [1786262305.232750415] [mavros.mavros]: Plugin rc_io created
[mavros_node-1] [INFO] [1786262305.232959775] [mavros.mavros]: Plugin rc_io initialized
[mavros_node-1] [INFO] [1786262305.263873976] [mavros.mavros]: Plugin setpoint_accel created
[mavros_node-1] [INFO] [1786262305.263974824] [mavros.mavros]: Plugin setpoint_accel initialized
[mavros_node-1] [INFO] [1786262305.302297570] [mavros.mavros]: Plugin setpoint_attitude created
[mavros_node-1] [INFO] [1786262305.302390726] [mavros.mavros]: Plugin setpoint_attitude initialized
[INFO] [fix_mavros_odometry_frames.py-4]: process has finished cleanly [pid 62835]
[mavros_node-1] [INFO] [1786262305.346779691] [mavros.mavros]: Plugin setpoint_position created
[mavros_node-1] [INFO] [1786262305.346885792] [mavros.mavros]: Plugin setpoint_position initialized
[mavros_node-1] [INFO] [1786262305.394325179] [mavros.mavros]: Plugin setpoint_raw created
[mavros_node-1] [INFO] [1786262305.394401382] [mavros.mavros]: Plugin setpoint_raw initialized
[mavros_node-1] [INFO] [1786262305.435373672] [mavros.mavros]: Plugin setpoint_trajectory created
[mavros_node-1] [INFO] [1786262305.435548896] [mavros.mavros]: Plugin setpoint_trajectory initialized
[mavros_node-1] [INFO] [1786262305.470501513] [mavros.mavros]: Plugin setpoint_velocity created
[mavros_node-1] [INFO] [1786262305.470603960] [mavros.mavros]: Plugin setpoint_velocity initialized
[mavros_node-1] [INFO] [1786262305.508583969] [mavros.mavros]: Plugin sim_state created
[mavros_node-1] [INFO] [1786262305.508693951] [mavros.mavros]: Plugin sim_state initialized
[mavros_node-1] [INFO] [1786262305.563191496] [mavros.mavros]: Plugin sys_status created
[mavros_node-1] [INFO] [1786262305.563319155] [mavros.mavros]: Plugin sys_status initialized
[mavros_node-1] [INFO] [1786262305.604959311] [mavros.time]: TM: Timesync mode: MAVLINK
[mavros_node-1] [INFO] [1786262305.613755591] [mavros.mavros]: Plugin sys_time created
[mavros_node-1] [INFO] [1786262305.613843891] [mavros.mavros]: Plugin sys_time initialized
[mavros_node-1] [INFO] [1786262305.656911731] [mavros.mavros]: Plugin tdr_radio created
[mavros_node-1] [INFO] [1786262305.657016344] [mavros.mavros]: Plugin tdr_radio initialized
[mavros_node-1] [INFO] [1786262305.692446817] [mavros.mavros]: Plugin terrain created
[mavros_node-1] [INFO] [1786262305.692540911] [mavros.mavros]: Plugin terrain initialized
[mavros_node-1] [INFO] [1786262305.725789768] [mavros.mavros]: Plugin trajectory created
[mavros_node-1] [INFO] [1786262305.725924314] [mavros.mavros]: Plugin trajectory initialized
[mavros_node-1] [INFO] [1786262305.749364345] [mavros.mavros]: Plugin tunnel created
[mavros_node-1] [INFO] [1786262305.749452769] [mavros.mavros]: Plugin tunnel initialized
[mavros_node-1] [INFO] [1786262305.781124258] [mavros.mavros]: Plugin vfr_hud created
[mavros_node-1] [INFO] [1786262305.781214745] [mavros.mavros]: Plugin vfr_hud initialized
[mavros_node-1] [INFO] [1786262305.781232987] [mavros.mavros]: Plugin vibration ignored
[mavros_node-1] [INFO] [1786262305.816590123] [mavros.mavros]: Plugin vision_pose created
[mavros_node-1] [INFO] [1786262305.816674302] [mavros.mavros]: Plugin vision_pose initialized
[mavros_node-1] [INFO] [1786262305.853982991] [mavros.mavros]: Plugin vision_speed created
[mavros_node-1] [INFO] [1786262305.854048484] [mavros.mavros]: Plugin vision_speed initialized
[mavros_node-1] [INFO] [1786262305.889303531] [mavros.mavros]: Plugin waypoint created
[mavros_node-1] [INFO] [1786262305.889445946] [mavros.mavros]: Plugin waypoint initialized
[mavros_node-1] [INFO] [1786262305.889459101] [mavros.mavros]: Plugin wheel_odometry ignored
[mavros_node-1] [INFO] [1786262305.921527977] [mavros.mavros]: Plugin wind_estimation created
[mavros_node-1] [INFO] [1786262305.921626801] [mavros.mavros]: Plugin wind_estimation initialized
[mavros_node-1] [INFO] [1786262305.924531583] [mavros.mavros]: Built-in SIMD instructions: SSE, SSE2
[mavros_node-1] [INFO] [1786262305.924585587] [mavros.mavros]: Built-in MAVLink package version: 2026.3.3
[mavros_node-1] [INFO] [1786262305.924590621] [mavros.mavros]: Known MAVLink dialects: common ardupilotmega ASLUAV AVSSUAS all csAirLink cubepilot development icarous loweheiser marsh matrixpilot paparazzi standard stemstudios storm32 uAvionix ualberta
[mavros_node-1] [INFO] [1786262305.924594575] [mavros.mavros]: MAVROS UAS via /uas1 started. MY ID 255.190, TARGET ID 1.1
[mavros_node-1] [INFO] [1786262305.939705734] [mavros.imu]: IMU: Attitude quaternion IMU detected!
[mavros_node-1] [INFO] [1786262305.940974978] [mavros.imu]: IMU: High resolution IMU detected!
[mavros_node-1] [INFO] [1786262305.943408264] [mavros.rc]: RC_CHANNELS message detected!
[mavros_node-1] [INFO] [1786262306.020276102] [mavros.mavros_router]: link[1001] detected remote address 255.190
[mavros_node-1] [INFO] [1786262306.120289046] [mavros.mavros]: CON: Got HEARTBEAT, connected. FCU: PX4 Autopilot
[mavros_node-1] [INFO] [1786262306.120468526] [mavros.mission]: WP: detected enable_partial_push: 0
[mavros_node-1] [INFO] [1786262306.121311561] [mavros.imu]: IMU: High resolution IMU detected!
[mavros_node-1] [INFO] [1786262306.140033069] [mavros.imu]: IMU: Attitude quaternion IMU detected!
[mavros_node-1] [INFO] [1786262306.142773337] [mavros.rc]: RC_CHANNELS message detected!
[mavros_node-1] [WARN] [1786262307.132484395] [mavros.cmd]: CMD: Unexpected command 520, result 3
[mavros_node-1] [WARN] [1786262308.132119028] [mavros.sys]: VER: broadcast request timeout, retries left 4
[mavros_node-1] [WARN] [1786262309.127484120] [mavros.sys]: VER: broadcast request timeout, retries left 3
[mavros_node-1] [ERROR] [1786262310.136541870] [mavros.sys]: VER: command plugin service call failed!
[mavros_node-1] [WARN] [1786262310.136635063] [mavros.sys]: VER: unicast request timeout, retries left 2
[mavros_node-1] [ERROR] [1786262311.153659001] [mavros.sys]: VER: command plugin service call failed!
[mavros_node-1] [WARN] [1786262311.153736989] [mavros.sys]: VER: unicast request timeout, retries left 1
[mavros_node-1] [ERROR] [1786262312.147459020] [mavros.sys]: VER: command plugin service call failed!
[mavros_node-1] [WARN] [1786262312.147549563] [mavros.sys]: VER: unicast request timeout, retries left 0
[mavros_node-1] [ERROR] [1786262313.147170471] [mavros.sys]: VER: command plugin service call failed!
[mavros_node-1] [WARN] [1786262313.147286549] [mavros.sys]: VER: your FCU don't support AUTOPILOT_VERSION, switched to default capabilities
[mavros_node-1] [INFO] [1786262316.121760452] [mavros.home_position]: HP: requesting home position
[mavros_node-1] [INFO] [1786262321.127482679] [mavros.mission]: WP: mission received
[mavros_node-1] [INFO] [1786262326.126957761] [mavros.rallypoint]: RP: mission received
[mavros_node-1] [WARN] [1786262332.123243696] [mavros.geofence]: GF: timeout, retries left 2
[mavros_node-1] [WARN] [1786262333.124772286] [mavros.geofence]: GF: timeout, retries left 1
[mavros_node-1] [WARN] [1786262334.126854249] [mavros.geofence]: GF: timeout, retries left 0
[mavros_node-1] [INFO] [1786262334.808214919] [mavros.geofence]: GF: Using MISSION_ITEM_INT
[mavros_node-1] [INFO] [1786262334.808251502] [mavros.rallypoint]: RP: Using MISSION_ITEM_INT
[mavros_node-1] [INFO] [1786262334.808257381] [mavros.mission]: WP: Using MISSION_ITEM_INT
[mavros_node-1] [INFO] [1786262334.808264788] [mavros.sys]: VER: 1.1: Capabilities         0x000000000000e8ff
[mavros_node-1] [INFO] [1786262334.808272128] [mavros.sys]: VER: 1.1: Flight software:     01110040 (96afb473ae000000)
[mavros_node-1] [INFO] [1786262334.808275895] [mavros.sys]: VER: 1.1: Middleware software: 01110040 (96afb473ae000000)
[mavros_node-1] [INFO] [1786262334.808278674] [mavros.sys]: VER: 1.1: OS software:         0b0000ff (2d9c0387dd6c629f)
[mavros_node-1] [INFO] [1786262334.808281242] [mavros.sys]: VER: 1.1: Board hardware:      00000036
[mavros_node-1] [INFO] [1786262334.808283943] [mavros.sys]: VER: 1.1: VID/PID:             1b8c:0036
[mavros_node-1] [INFO] [1786262334.808287578] [mavros.sys]: VER: 1.1: UID:                 3333510936323932
[mavros_node-1] [ERROR] [1786262335.128331584] [mavros.geofence]: GF: timed out.
[mavros_node-1] [WARN] [1786262335.913106334] [mavros.sys]: FCU: UNK(8): EVENT 1914663 with args -0-130-0-2-48-0-0-0-0-0-0-0-0-0-0-0-0-0-0-0-0-0-0-0-0-0-0-0-0-0-0-0-0-0-0-0-0-0-0-0-
[mavros_node-1] [WARN] [1786262337.219194611] [mavros.cmd]: CMD: Unexpected command 512, result 0
[mavros_node-1] [WARN] [1786262337.913642894] [mavros.sys]: FCU: UNK(8): EVENT 11047904 with args -0-128-0-18-1-0-0-0-0-0-0-0-0-131-191-1-128-0-0-0-0-0-0-0-0-0-0-0-0-0-0-0-0-0-0-0-0-0-0-0-
[mavros_node-1] [ERROR] [1786262337.913988461] [mavros.sys]: FCU: EVENT 13426421 with args -124-0-126-0-17-0-0-0-0-0-0-0-0-0-0-0-0-0-0-0-0-0-0-0-0-0-0-0-0-0-0-0-0-0-0-0-0-0-0-0-
[mavros_node-1] [ERROR] [1786262337.914370661] [mavros.sys]: FCU: EVENT 9077977 with args -255-255-255-255-7-0-0-0-0-0-0-0-0-0-0-0-0-0-0-0-0-0-0-0-0-0-0-0-0-0-0-0-0-0-0-0-0-0-0-0-
[mavros_node-1] [ERROR] [1786262337.914712805] [mavros.sys]: FCU: EVENT 13679014 with args -0-64-0-0-20-0-0-0-0-0-0-0-0-0-0-0-0-0-0-0-0-0-0-0-0-0-0-0-0-0-0-0-0-0-0-0-0-0-0-0-
[mavros_node-1] [ERROR] [1786262337.915036297] [mavros.sys]: FCU: EVENT 13835193 with args -124-0-126-0-17-0-0-0-0-0-0-0-0-0-0-0-0-0-0-0-0-0-0-0-0-0-0-0-0-0-0-0-0-0-0-0-0-0-0-0-
[mavros_node-1] [ERROR] [1786262337.915147419] [mavros.sys]: FCU: EVENT 10011251 with args -56-0-0-0-24-0-0-0-0-0-0-0-0-0-0-0-0-0-0-0-0-0-0-0-0-0-0-0-0-0-0-0-0-0-0-0-0-0-0-0-
[mavros_node-1] [INFO] [1786262337.915366732] [mavros.sys]: FCU: EVENT 377561 with args -8-0-0-0-20-0-0-0-0-0-0-0-0-0-0-0-0-0-0-0-0-0-0-0-0-0-0-0-0-0-0-0-0-0-0-0-0-0-0-0-
[mavros_node-1] [INFO] [1786262337.915741097] [mavros.sys]: FCU: EVENT 79408 with args -32-0-0-0-20-0-0-0-0-0-0-0-0-0-0-0-0-0-0-0-0-0-0-0-0-0-0-0-0-0-0-0-0-0-0-0-0-0-0-0-
[mavros_node-1] [WARN] [1786262337.918025254] [mavros.sys]: FCU: UNK(8): EVENT 1914663 with args -0-130-16-2-48-0-0-0-0-0-0-0-0-0-0-0-0-0-0-0-0-0-0-0-0-0-0-0-0-0-0-0-0-0-0-0-0-0-0-0-
[mavros_node-1] [WARN] [1786262338.745306329] [mavros.sys]: FCU: UNK(8): EVENT 11047904 with args -0-128-0-18-1-0-0-0-0-0-0-0-0-131-191-1-128-0-0-0-0-0-0-0-0-0-0-0-0-0-0-0-0-0-0-0-0-0-0-0-
[mavros_node-1] [ERROR] [1786262338.745594690] [mavros.sys]: FCU: EVENT 13426421 with args -124-0-126-0-17-0-0-0-0-0-0-0-0-0-0-0-0-0-0-0-0-0-0-0-0-0-0-0-0-0-0-0-0-0-0-0-0-0-0-0-
[mavros_node-1] [ERROR] [1786262338.745935803] [mavros.sys]: FCU: EVENT 9077977 with args -255-255-255-255-7-0-0-0-0-0-0-0-0-0-0-0-0-0-0-0-0-0-0-0-0-0-0-0-0-0-0-0-0-0-0-0-0-0-0-0-
[mavros_node-1] [ERROR] [1786262338.746281630] [mavros.sys]: FCU: EVENT 13679014 with args -0-64-0-0-20-0-0-0-0-0-0-0-0-0-0-0-0-0-0-0-0-0-0-0-0-0-0-0-0-0-0-0-0-0-0-0-0-0-0-0-
[mavros_node-1] [ERROR] [1786262338.746633765] [mavros.sys]: FCU: EVENT 13835193 with args -124-0-126-0-17-0-0-0-0-0-0-0-0-0-0-0-0-0-0-0-0-0-0-0-0-0-0-0-0-0-0-0-0-0-0-0-0-0-0-0-
[mavros_node-1] [ERROR] [1786262338.746978850] [mavros.sys]: FCU: EVENT 10011251 with args -56-0-0-0-24-0-0-0-0-0-0-0-0-0-0-0-0-0-0-0-0-0-0-0-0-0-0-0-0-0-0-0-0-0-0-0-0-0-0-0-
[mavros_node-1] [INFO] [1786262338.747299897] [mavros.sys]: FCU: EVENT 377561 with args -8-0-0-0-20-0-0-0-0-0-0-0-0-0-0-0-0-0-0-0-0-0-0-0-0-0-0-0-0-0-0-0-0-0-0-0-0-0-0-0-
[mavros_node-1] [INFO] [1786262338.747759887] [mavros.sys]: FCU: EVENT 79408 with args -32-0-0-0-20-0-0-0-0-0-0-0-0-0-0-0-0-0-0-0-0-0-0-0-0-0-0-0-0-0-0-0-0-0-0-0-0-0-0-0-
[mavros_node-1] [WARN] [1786262338.748426709] [mavros.sys]: FCU: UNK(8): EVENT 1914663 with args -0-130-16-2-48-0-0-0-0-0-0-0-0-0-0-0-0-0-0-0-0-0-0-0-0-0-0-0-0-0-0-0-0-0-0-0-0-0-0-0-
[mavros_node-1] [WARN] [1786262350.158253849] [mavros.cmd]: CMD: Unexpected command 512, result 2
[mavros_node-1] [WARN] [1786262361.600558782] [mavros.cmd]: CMD: Unexpected command 512, result 2
[fastlio_odometry_guard-2] [WARN] [1786262370.892728805] [fastlio_odometry_guard]: Rejected FAST-LIO odometry: computed speed 1.62252 m/s; resynced guard baseline (accepted=668 rejected=1)
[fastlio_odometry_guard-2] [WARN] [1786262372.172722316] [fastlio_odometry_guard]: Rejected FAST-LIO odometry: position jump 0.319982 m; resynced guard baseline (accepted=679 rejected=3)
[fastlio_odometry_guard-2] [WARN] [1786262373.565273726] [fastlio_odometry_guard]: Rejected FAST-LIO odometry: xy jump 0.248895 m; resynced guard baseline (accepted=685 rejected=6)
[fastlio_odometry_guard-2] [WARN] [1786262375.471519100] [fastlio_odometry_guard]: Rejected FAST-LIO odometry: position jump 0.340147 m; resynced guard baseline (accepted=706 rejected=9)
[fastlio_odometry_guard-2] [WARN] [1786262376.682630778] [fastlio_odometry_guard]: Rejected FAST-LIO odometry: z jump -0.228944 m; resynced guard baseline (accepted=710 rejected=13)
[fastlio_odometry_guard-2] [WARN] [1786262378.092166807] [fastlio_odometry_guard]: Rejected FAST-LIO odometry: computed speed 1.42415 m/s; resynced guard baseline (accepted=718 rejected=23)
[mavros_node-1] [WARN] [1786262380.650927218] [mavros.cmd]: CMD: Unexpected command 512, result 2
