[debug rosbag] starting
[debug rosbag] command: env FLIGHT_TIMESTAMP=20260812_171552 FLIGHT_RUN_DIR=/home/robot/rong_ws/ws_offboard_control/flight_records/20260812/flight_20260812_171552 /home/robot/rong_ws/ws_offboard_control/tools/rosbag/开始录包.sh
[debug rosbag] pid=17542 pgid=17542 log=/home/robot/rong_ws/ws_offboard_control/flight_records/20260812/flight_20260812_171552/logs/rosbag_debug.log
本场次目录：/home/robot/rong_ws/ws_offboard_control/flight_records/20260812/flight_20260812_171552
参数快照目录：/home/robot/rong_ws/ws_offboard_control/flight_records/20260812/flight_20260812_171552/snapshot
录包输出目录：/home/robot/rong_ws/ws_offboard_control/flight_records/20260812/flight_20260812_171552/rosbag
是否录制完整配准点云：false
在本终端按 Ctrl+C 停止录包。
stdin is not a terminal device. Keyboard handling disabled.[INFO] [1786526220.075869847] [rosbag2_recorder]: Press SPACE for pausing/resuming
[INFO] [1786526220.083356502] [rosbag2_storage]: Opened database '/home/robot/rong_ws/ws_offboard_control/flight_records/20260812/flight_20260812_171552/rosbag/rosbag_0.db3' for READ_WRITE.
[INFO] [1786526220.087804013] [rosbag2_recorder]: Listening for topics...
[INFO] [1786526220.087817726] [rosbag2_recorder]: Event publisher thread: Starting
[INFO] [1786526220.093651373] [rosbag2_recorder]: Subscribed to topic '/path'
[INFO] [1786526220.099838605] [rosbag2_recorder]: Subscribed to topic '/Odometry'
[INFO] [1786526220.101301096] [rosbag2_recorder]: Recording...
[INFO] [1786526220.212734674] [rosbag2_recorder]: Subscribed to topic '/mavros/local_position/velocity_body'
[INFO] [1786526220.225066057] [rosbag2_recorder]: Subscribed to topic '/mavros/setpoint_raw/target_local'
[INFO] [1786526220.233059583] [rosbag2_recorder]: Subscribed to topic '/mavros/estimator_status'
[INFO] [1786526220.241747697] [rosbag2_recorder]: Subscribed to topic '/ev_health/status'
[INFO] [1786526220.246627354] [rosbag2_recorder]: Subscribed to topic '/goal_pose'
[INFO] [1786526220.252422443] [rosbag2_recorder]: Subscribed to topic '/ev_health/velocity_ned'
[INFO] [1786526220.260484521] [rosbag2_recorder]: Subscribed to topic '/ev_health/diagnostics'
[INFO] [1786526220.264726433] [rosbag2_recorder]: Subscribed to topic '/mavros/local_position/velocity_local'
[INFO] [1786526220.267549388] [rosbag2_recorder]: Subscribed to topic '/race/super_planner/raw_path'
[INFO] [1786526220.272529717] [rosbag2_recorder]: Subscribed to topic '/race/global_planner/status'
[INFO] [1786526220.275426423] [rosbag2_recorder]: Subscribed to topic '/race/pose'
[INFO] [1786526220.278937101] [rosbag2_recorder]: Subscribed to topic '/mavros/vision_speed/speed_twist_cov'
[INFO] [1786526220.283171804] [rosbag2_recorder]: Subscribed to topic '/mavros/vision_pose/pose_cov'
[INFO] [1786526220.289436318] [rosbag2_recorder]: Subscribed to topic '/mavros/state'
[INFO] [1786526220.295011261] [rosbag2_recorder]: Subscribed to topic '/race/odom'
[INFO] [1786526220.302147072] [rosbag2_recorder]: Subscribed to topic '/race/navigation_setpoint'
[INFO] [1786526220.305766199] [rosbag2_recorder]: Subscribed to topic '/mavros/local_position/pose'
[INFO] [1786526220.308403375] [rosbag2_recorder]: Subscribed to topic '/race/planner/status'
[INFO] [1786526220.310406283] [rosbag2_recorder]: Subscribed to topic '/Odometry/healthy'
[INFO] [1786526220.314519147] [rosbag2_recorder]: Subscribed to topic '/ev_health/fault'
[INFO] [1786526220.319669113] [rosbag2_recorder]: Subscribed to topic '/mavros/local_position/odom'
[INFO] [1786526220.429500414] [rosbag2_recorder]: Subscribed to topic '/mavros/setpoint_raw/local'
[INFO] [1786526220.433601623] [rosbag2_recorder]: Subscribed to topic '/race/control/status'
[INFO] [1786526221.079580227] [rosbag2_recorder]: Subscribed to topic '/Odometry/guarded'
[INFO] [1786526328.518647375] [rosbag2_cpp]: Writing remaining messages from cache to the bag. It may take a while
[INFO] [1786526328.524539115] [rosbag2_recorder]: Event publisher thread: Exiting
[INFO] [1786526328.524748797] [rosbag2_recorder]: Recording stopped
[debug rosbag] 已退出，状态码 143
