[INFO] [launch]: All log files can be found below /home/robot/.ros/log/2026-07-19-15-56-01-064616-robot-9351
[INFO] [launch]: Default logging verbosity is set to INFO
[INFO] [mavros_node-1]: process started with pid [9352]
[INFO] [fastlio_odometry_guard-2]: process started with pid [9354]
[INFO] [fastlio_mavros_vision_bridge-3]: process started with pid [9356]
[INFO] [static_transform_publisher-4]: process started with pid [9358]
[INFO] [static_transform_publisher-5]: process started with pid [9360]
[INFO] [static_transform_publisher-6]: process started with pid [9362]
[INFO] [static_transform_publisher-7]: process started with pid [9364]
[static_transform_publisher-4] [INFO] [1784447761.673156221] [odom_to_camera_init]: Spinning until stopped - publishing transform
[static_transform_publisher-4] translation: ('0.000000', '0.000000', '0.000000')
[static_transform_publisher-4] rotation: ('0.000000', '0.000000', '0.000000', '1.000000')
[static_transform_publisher-4] from 'odom' to 'camera_init'
[mavros_node-1] [INFO] [1784447761.679727914] [mavros.mavros_node]: Starting mavros_node container
[mavros_node-1] [INFO] [1784447761.679947635] [mavros.mavros_node]: FCU URL: serial:///dev/ttyUSB0:921600?ids=255,190
[mavros_node-1] [INFO] [1784447761.679968545] [mavros.mavros_node]: GCS URL: 
[mavros_node-1] [INFO] [1784447761.679979305] [mavros.mavros_node]: UAS Prefix: /uas1
[mavros_node-1] [INFO] [1784447761.679988031] [mavros.mavros_node]: Starting mavros router node
[static_transform_publisher-6] [INFO] [1784447761.681671048] [camera_init_to_camera_init_ned]: Spinning until stopped - publishing transform
[static_transform_publisher-6] translation: ('0.000000', '0.000000', '0.000000')
[static_transform_publisher-6] rotation: ('1.000000', '0.000000', '0.000000', '0.000000')
[static_transform_publisher-6] from 'camera_init' to 'camera_init_ned'
[static_transform_publisher-7] [INFO] [1784447761.682047024] [body_to_body_frd]: Spinning until stopped - publishing transform
[static_transform_publisher-7] translation: ('0.000000', '0.000000', '0.000000')
[static_transform_publisher-7] rotation: ('1.000000', '0.000000', '0.000000', '0.000000')
[static_transform_publisher-7] from 'body' to 'body_frd'
[fastlio_mavros_vision_bridge-3] [INFO] [1784447761.685926525] [fastlio_mavros_vision_bridge]: Bridging /Odometry/guarded -> /mavros/vision_pose/pose_cov for MAVROS vision input
[static_transform_publisher-5] [INFO] [1784447761.691592421] [base_link_to_body]: Spinning until stopped - publishing transform
[static_transform_publisher-5] translation: ('0.000000', '0.000000', '0.000000')
[static_transform_publisher-5] rotation: ('0.000000', '0.000000', '0.000000', '1.000000')
[static_transform_publisher-5] from 'base_link' to 'body'
[fastlio_odometry_guard-2] [INFO] [1784447761.692619341] [fastlio_odometry_guard]: Guarding odometry /Odometry -> /Odometry/guarded (jump=0.30m, xy=0.20m, z=0.10m, speed=1.20m/s)
[mavros_node-1] [INFO] [1784447761.710329293] [mavros.mavros_router]: Built-in SIMD instructions: SSE, SSE2
[mavros_node-1] [INFO] [1784447761.710591126] [mavros.mavros_router]: Built-in MAVLink package version: 2026.3.3
[mavros_node-1] [INFO] [1784447761.710653110] [mavros.mavros_router]: Known MAVLink dialects: common ardupilotmega ASLUAV AVSSUAS all csAirLink cubepilot development icarous loweheiser marsh matrixpilot paparazzi standard stemstudios storm32 uAvionix ualberta
[mavros_node-1] [INFO] [1784447761.710666409] [mavros.mavros_router]: MAVROS Router started
[mavros_node-1] [INFO] [1784447761.711155540] [mavros.mavros_node]: Starting mavros uas node
[mavros_node-1] [INFO] [1784447761.827030042] [mavros.mavros_router]: Requested to add endpoint: type: 0, url: serial:///dev/ttyUSB0:921600?ids=255,190
[mavros_node-1] [INFO] [1784447761.827540192] [mavros.mavros_router]: Endpoint link[1000] created
[mavros_node-1] [INFO] [1784447761.830020721] [mavros.mavros_router]: link[1000] opened successfully
[mavros_node-1] [INFO] [1784447761.830115581] [mavros.mavros_router]: Requested to add endpoint: type: 2, url: /uas1
[mavros_node-1] [INFO] [1784447761.830176342] [mavros.mavros_router]: Endpoint link[1001] created
[mavros_node-1] [INFO] [1784447761.832725760] [mavros.mavros_router]: link[1000] detected remote address 1.1
[mavros_node-1] [INFO] [1784447761.835890410] [mavros.mavros_router]: link[1001] opened successfully
[mavros_node-1] [INFO] [1784447761.836487493] [mavros.mavros]: UAS Executor started, threads: 16
[mavros_node-1] [INFO] [1784447761.882257272] [mavros.mavros]: Plugin actuator_control created
[mavros_node-1] [INFO] [1784447761.882616650] [mavros.mavros]: Plugin actuator_control initialized
[mavros_node-1] [INFO] [1784447761.928871448] [mavros.mavros]: Plugin adsb created
[mavros_node-1] [INFO] [1784447761.928962168] [mavros.mavros]: Plugin adsb initialized
[mavros_node-1] [INFO] [1784447761.963552093] [mavros.mavros]: Plugin altitude created
[mavros_node-1] [INFO] [1784447761.963665580] [mavros.mavros]: Plugin altitude initialized
[mavros_node-1] [INFO] [1784447761.974552780] [mavros.mavros]: Plugin cam_imu_sync created
[mavros_node-1] [INFO] [1784447761.974624916] [mavros.mavros]: Plugin cam_imu_sync initialized
[mavros_node-1] [INFO] [1784447761.986025570] [mavros.mavros]: Plugin camera created
[mavros_node-1] [INFO] [1784447761.986124985] [mavros.mavros]: Plugin camera initialized
[mavros_node-1] [INFO] [1784447761.998822756] [mavros.mavros]: Plugin cellular_status created
[mavros_node-1] [INFO] [1784447761.998930757] [mavros.mavros]: Plugin cellular_status initialized
[mavros_node-1] [INFO] [1784447762.048636300] [mavros.mavros]: Plugin command created
[mavros_node-1] [INFO] [1784447762.048835418] [mavros.mavros]: Plugin command initialized
[mavros_node-1] [INFO] [1784447762.080746152] [mavros.mavros]: Plugin companion_process_status created
[mavros_node-1] [INFO] [1784447762.080815765] [mavros.mavros]: Plugin companion_process_status initialized
[mavros_node-1] [INFO] [1784447762.121860400] [mavros.mavros]: Plugin debug_value created
[mavros_node-1] [INFO] [1784447762.122630485] [mavros.mavros]: Plugin debug_value initialized
[mavros_node-1] [INFO] [1784447762.122759991] [mavros.mavros]: Plugin distance_sensor ignored
[mavros_node-1] [INFO] [1784447762.169874843] [mavros.mavros]: Plugin esc_status created
[mavros_node-1] [INFO] [1784447762.170167284] [mavros.mavros]: Plugin esc_status initialized
[mavros_node-1] [INFO] [1784447762.218863073] [mavros.mavros]: Plugin esc_telemetry created
[mavros_node-1] [INFO] [1784447762.219147645] [mavros.mavros]: Plugin esc_telemetry initialized
[mavros_node-1] [INFO] [1784447762.254528464] [mavros.mavros]: Plugin fake_gps created
[mavros_node-1] [INFO] [1784447762.254681561] [mavros.mavros]: Plugin fake_gps initialized
[mavros_node-1] [INFO] [1784447762.339297102] [mavros.mavros]: Plugin ftp created
[mavros_node-1] [INFO] [1784447762.339476400] [mavros.mavros]: Plugin ftp initialized
[mavros_node-1] [INFO] [1784447762.382741329] [mavros.mavros]: Plugin geofence created
[mavros_node-1] [INFO] [1784447762.382922766] [mavros.mavros]: Plugin geofence initialized
[mavros_node-1] [INFO] [1784447762.474972729] [mavros.mavros]: Plugin gimbal_control created
[mavros_node-1] [INFO] [1784447762.475292203] [mavros.mavros]: Plugin gimbal_control initialized
[mavros_node-1] [INFO] [1784447762.586004402] [mavros.mavros]: Plugin global_position created
[mavros_node-1] [INFO] [1784447762.586301012] [mavros.mavros]: Plugin global_position initialized
[mavros_node-1] [INFO] [1784447762.643445737] [mavros.mavros]: Plugin gps_input created
[mavros_node-1] [INFO] [1784447762.643931053] [mavros.mavros]: Plugin gps_input initialized
[mavros_node-1] [INFO] [1784447762.697063414] [mavros.mavros]: Plugin gps_rtk created
[mavros_node-1] [INFO] [1784447762.697258095] [mavros.mavros]: Plugin gps_rtk initialized
[mavros_node-1] [INFO] [1784447762.756008992] [mavros.mavros]: Plugin gps_status created
[mavros_node-1] [INFO] [1784447762.756452601] [mavros.mavros]: Plugin gps_status initialized
[mavros_node-1] [INFO] [1784447762.814206916] [mavros.mavros]: Plugin guided_target created
[mavros_node-1] [INFO] [1784447762.814583614] [mavros.mavros]: Plugin guided_target initialized
[mavros_node-1] [INFO] [1784447762.899976517] [mavros.mavros]: Plugin hil created
[mavros_node-1] [INFO] [1784447762.900453823] [mavros.mavros]: Plugin hil initialized
[mavros_node-1] [INFO] [1784447762.987974556] [mavros.mavros]: Plugin home_position created
[mavros_node-1] [INFO] [1784447762.988313032] [mavros.mavros]: Plugin home_position initialized
[mavros_node-1] [INFO] [1784447763.061869193] [mavros.mavros]: Plugin imu created
[mavros_node-1] [INFO] [1784447763.062493703] [mavros.mavros]: Plugin imu initialized
[mavros_node-1] [INFO] [1784447763.147939812] [mavros.mavros]: Plugin landing_target created
[mavros_node-1] [INFO] [1784447763.148321438] [mavros.mavros]: Plugin landing_target initialized
[mavros_node-1] [INFO] [1784447763.263609984] [mavros.mavros]: Plugin local_position created
[mavros_node-1] [INFO] [1784447763.264123756] [mavros.mavros]: Plugin local_position initialized
[mavros_node-1] [INFO] [1784447763.376563626] [mavros.mavros]: Plugin log_transfer created
[mavros_node-1] [INFO] [1784447763.376821650] [mavros.mavros]: Plugin log_transfer initialized
[mavros_node-1] [INFO] [1784447763.447511172] [mavros.mavros]: Plugin mag_calibration_status created
[mavros_node-1] [INFO] [1784447763.447917242] [mavros.mavros]: Plugin mag_calibration_status initialized
[mavros_node-1] [INFO] [1784447763.518372089] [mavros.mavros]: Plugin manual_control created
[mavros_node-1] [INFO] [1784447763.518530652] [mavros.mavros]: Plugin manual_control initialized
[mavros_node-1] [INFO] [1784447763.589106409] [mavros.mavros]: Plugin mocap_pose_estimate created
[mavros_node-1] [INFO] [1784447763.589215424] [mavros.mavros]: Plugin mocap_pose_estimate initialized
[mavros_node-1] [INFO] [1784447763.658987071] [mavros.mavros]: Plugin mount_control created
[mavros_node-1] [INFO] [1784447763.659567220] [mavros.mavros]: Plugin mount_control initialized
[mavros_node-1] [INFO] [1784447763.719173398] [mavros.mavros]: Plugin nav_controller_output created
[mavros_node-1] [INFO] [1784447763.719372637] [mavros.mavros]: Plugin nav_controller_output initialized
[mavros_node-1] [INFO] [1784447763.813275374] [mavros.mavros]: Plugin obstacle_distance created
[mavros_node-1] [INFO] [1784447763.813710177] [mavros.mavros]: Plugin obstacle_distance initialized
[mavros_node-1] [INFO] [1784447764.034782151] [mavros.mavros]: Plugin obstacle_distance_3d created
[mavros_node-1] [INFO] [1784447764.034917531] [mavros.mavros]: Plugin obstacle_distance_3d initialized
[mavros_node-1] [INFO] [1784447764.150917129] [mavros.mavros]: Plugin odometry created
[mavros_node-1] [INFO] [1784447764.151224558] [mavros.mavros]: Plugin odometry initialized
[mavros_node-1] [INFO] [1784447764.250554509] [mavros.mavros]: Plugin onboard_computer_status created
[mavros_node-1] [INFO] [1784447764.251206742] [mavros.mavros]: Plugin onboard_computer_status initialized
[mavros_node-1] [INFO] [1784447764.382783227] [mavros.mavros]: Plugin open_drone_id created
[mavros_node-1] [INFO] [1784447764.383255965] [mavros.mavros]: Plugin open_drone_id initialized
[mavros_node-1] [INFO] [1784447764.506971522] [mavros.mavros]: Plugin optical_flow created
[mavros_node-1] [INFO] [1784447764.507254178] [mavros.mavros]: Plugin optical_flow initialized
[mavros_node-1] [INFO] [1784447764.591943907] [mavros.mavros]: Plugin param created
[mavros_node-1] [INFO] [1784447764.592110239] [mavros.mavros]: Plugin param initialized
[mavros_node-1] [INFO] [1784447764.663311667] [mavros.mavros]: Plugin play_tune created
[mavros_node-1] [INFO] [1784447764.663468034] [mavros.mavros]: Plugin play_tune initialized
[mavros_node-1] [INFO] [1784447764.795379102] [mavros.mavros]: Plugin px4flow created
[mavros_node-1] [INFO] [1784447764.795660446] [mavros.mavros]: Plugin px4flow initialized
[mavros_node-1] [INFO] [1784447764.952424960] [mavros.mavros]: Plugin rallypoint created
[mavros_node-1] [INFO] [1784447764.952927497] [mavros.mavros]: Plugin rallypoint initialized
[mavros_node-1] [INFO] [1784447764.952969244] [mavros.mavros]: Plugin rangefinder ignored
[mavros_node-1] [INFO] [1784447765.092307769] [mavros.mavros]: Plugin rc_io created
[mavros_node-1] [INFO] [1784447765.092666730] [mavros.mavros]: Plugin rc_io initialized
[mavros_node-1] [INFO] [1784447765.234428392] [mavros.mavros]: Plugin setpoint_accel created
[mavros_node-1] [INFO] [1784447765.234976983] [mavros.mavros]: Plugin setpoint_accel initialized
[mavros_node-1] [INFO] [1784447765.371871758] [mavros.mavros]: Plugin setpoint_attitude created
[mavros_node-1] [INFO] [1784447765.372009541] [mavros.mavros]: Plugin setpoint_attitude initialized
[mavros_node-1] [INFO] [1784447765.520847684] [mavros.mavros]: Plugin setpoint_position created
[mavros_node-1] [INFO] [1784447765.521088684] [mavros.mavros]: Plugin setpoint_position initialized
[mavros_node-1] [INFO] [1784447765.693313036] [mavros.mavros]: Plugin setpoint_raw created
[mavros_node-1] [INFO] [1784447765.693553439] [mavros.mavros]: Plugin setpoint_raw initialized
[mavros_node-1] [INFO] [1784447765.810504022] [mavros.mavros]: Plugin setpoint_trajectory created
[mavros_node-1] [INFO] [1784447765.810906689] [mavros.mavros]: Plugin setpoint_trajectory initialized
[mavros_node-1] [INFO] [1784447765.924624820] [mavros.mavros]: Plugin setpoint_velocity created
[mavros_node-1] [INFO] [1784447765.925104325] [mavros.mavros]: Plugin setpoint_velocity initialized
[mavros_node-1] [INFO] [1784447766.075953206] [mavros.mavros]: Plugin sim_state created
[mavros_node-1] [INFO] [1784447766.076193137] [mavros.mavros]: Plugin sim_state initialized
[mavros_node-1] [INFO] [1784447766.343177282] [mavros.mavros]: Plugin sys_status created
[mavros_node-1] [INFO] [1784447766.343388322] [mavros.mavros]: Plugin sys_status initialized
[mavros_node-1] [INFO] [1784447766.499300907] [mavros.time]: TM: Timesync mode: MAVLINK
[mavros_node-1] [INFO] [1784447766.521536546] [mavros.mavros]: Plugin sys_time created
[mavros_node-1] [INFO] [1784447766.522049402] [mavros.mavros]: Plugin sys_time initialized
[mavros_node-1] [INFO] [1784447766.657564285] [mavros.mavros]: Plugin tdr_radio created
[mavros_node-1] [INFO] [1784447766.657656179] [mavros.mavros]: Plugin tdr_radio initialized
[mavros_node-1] [INFO] [1784447766.757575971] [mavros.mavros]: Plugin terrain created
[mavros_node-1] [INFO] [1784447766.758036839] [mavros.mavros]: Plugin terrain initialized
[mavros_node-1] [INFO] [1784447766.915315420] [mavros.mavros]: Plugin trajectory created
[mavros_node-1] [INFO] [1784447766.915846177] [mavros.mavros]: Plugin trajectory initialized
[mavros_node-1] [INFO] [1784447767.078191767] [mavros.mavros]: Plugin tunnel created
[mavros_node-1] [INFO] [1784447767.078451009] [mavros.mavros]: Plugin tunnel initialized
[mavros_node-1] [INFO] [1784447767.249515006] [mavros.mavros]: Plugin vfr_hud created
[mavros_node-1] [INFO] [1784447767.249795164] [mavros.mavros]: Plugin vfr_hud initialized
[mavros_node-1] [INFO] [1784447767.249838573] [mavros.mavros]: Plugin vibration ignored
[mavros_node-1] [INFO] [1784447767.430852421] [mavros.mavros]: Plugin vision_pose created
[mavros_node-1] [INFO] [1784447767.430975064] [mavros.mavros]: Plugin vision_pose initialized
[mavros_node-1] [INFO] [1784447767.573762981] [mavros.mavros]: Plugin vision_speed created
[mavros_node-1] [INFO] [1784447767.573947320] [mavros.mavros]: Plugin vision_speed initialized
[mavros_node-1] [INFO] [1784447767.730251971] [mavros.mavros]: Plugin waypoint created
[mavros_node-1] [INFO] [1784447767.730444919] [mavros.mavros]: Plugin waypoint initialized
[mavros_node-1] [INFO] [1784447767.730456374] [mavros.mavros]: Plugin wheel_odometry ignored
[mavros_node-1] [INFO] [1784447767.837887352] [mavros.mavros]: Plugin wind_estimation created
[mavros_node-1] [INFO] [1784447767.838448228] [mavros.mavros]: Plugin wind_estimation initialized
[mavros_node-1] [INFO] [1784447767.867768176] [mavros.mavros]: Built-in SIMD instructions: SSE, SSE2
[mavros_node-1] [INFO] [1784447767.868070762] [mavros.mavros]: Built-in MAVLink package version: 2026.3.3
[mavros_node-1] [INFO] [1784447767.868090840] [mavros.mavros]: Known MAVLink dialects: common ardupilotmega ASLUAV AVSSUAS all csAirLink cubepilot development icarous loweheiser marsh matrixpilot paparazzi standard stemstudios storm32 uAvionix ualberta
[mavros_node-1] [INFO] [1784447767.868104638] [mavros.mavros]: MAVROS UAS via /uas1 started. MY ID 255.190, TARGET ID 1.1
[mavros_node-1] [INFO] [1784447767.874380850] [mavros.imu]: IMU: High resolution IMU detected!
[mavros_node-1] [INFO] [1784447767.881963925] [mavros.imu]: IMU: Attitude quaternion IMU detected!
[mavros_node-1] [INFO] [1784447767.882908128] [mavros.rc]: RC_CHANNELS message detected!
[mavros_node-1] [INFO] [1784447767.900585174] [mavros.mavros_router]: link[1001] detected remote address 255.190
[mavros_node-1] [INFO] [1784447768.001833886] [mavros.mavros]: CON: Got HEARTBEAT, connected. FCU: PX4 Autopilot
[mavros_node-1] [INFO] [1784447768.002664255] [mavros.mission]: WP: detected enable_partial_push: 0
[mavros_node-1] [INFO] [1784447768.014662551] [mavros.imu]: IMU: High resolution IMU detected!
[mavros_node-1] [INFO] [1784447768.017657134] [mavros.imu]: IMU: Attitude quaternion IMU detected!
[mavros_node-1] [INFO] [1784447768.034674420] [mavros.rc]: RC_CHANNELS message detected!
[mavros_node-1] [WARN] [1784447768.293718934] [mavros.sys]: FCU: UNK(8): EVENT 11047904 with args -0-0-0-18-1-0-0-0-0-129-46-1-128-131-191-1-128-0-0-0-0-0-0-0-0-0-0-0-0-0-0-0-0-0-0-0-0-0-0-0-
[mavros_node-1] [ERROR] [1784447768.294055842] [mavros.sys]: FCU: EVENT 9697819 with args -126-209-126-0-17-0-0-0-0-0-0-0-0-0-0-0-0-0-0-0-0-0-0-0-0-0-0-0-0-0-0-0-0-0-0-0-0-0-0-0-
[mavros_node-1] [ERROR] [1784447768.294352080] [mavros.sys]: FCU: EVENT 13679014 with args -0-64-0-0-20-0-0-0-0-0-0-0-0-0-0-0-0-0-0-0-0-0-0-0-0-0-0-0-0-0-0-0-0-0-0-0-0-0-0-0-
[mavros_node-1] [ERROR] [1784447768.294540764] [mavros.sys]: FCU: EVENT 13835193 with args -124-0-126-0-17-0-0-0-0-0-0-0-0-0-0-0-0-0-0-0-0-0-0-0-0-0-0-0-0-0-0-0-0-0-0-0-0-0-0-0-
[mavros_node-1] [ERROR] [1784447768.294922888] [mavros.sys]: FCU: EVENT 10011251 with args -56-0-0-0-24-0-0-0-0-0-0-0-0-0-0-0-0-0-0-0-0-0-0-0-0-0-0-0-0-0-0-0-0-0-0-0-0-0-0-0-
[mavros_node-1] [INFO] [1784447768.295098581] [mavros.sys]: FCU: EVENT 377561 with args -8-0-0-0-20-0-0-0-0-0-0-0-0-0-0-0-0-0-0-0-0-0-0-0-0-0-0-0-0-0-0-0-0-0-0-0-0-0-0-0-
[mavros_node-1] [INFO] [1784447768.295360177] [mavros.sys]: FCU: EVENT 79408 with args -32-0-0-0-20-0-0-0-0-0-0-0-0-0-0-0-0-0-0-0-0-0-0-0-0-0-0-0-0-0-0-0-0-0-0-0-0-0-0-0-
[mavros_node-1] [WARN] [1784447768.295975157] [mavros.sys]: FCU: UNK(8): EVENT 1914663 with args -0-130-16-2-48-0-0-0-0-0-0-0-0-0-0-0-0-0-0-0-0-0-0-0-0-0-0-0-0-0-0-0-0-0-0-0-0-0-0-0-
[mavros_node-1] [WARN] [1784447769.055023690] [mavros.cmd]: CMD: Unexpected command 520, result 3
[mavros_node-1] [WARN] [1784447770.050972203] [mavros.sys]: VER: broadcast request timeout, retries left 4
[mavros_node-1] [WARN] [1784447770.304373995] [mavros.sys]: FCU: UNK(8): EVENT 11047904 with args -0-0-0-18-1-0-0-0-0-131-191-1-128-131-191-1-128-0-0-0-0-0-0-0-0-0-0-0-0-0-0-0-0-0-0-0-0-0-0-0-
[mavros_node-1] [ERROR] [1784447770.304817363] [mavros.sys]: FCU: EVENT 13679014 with args -0-64-0-0-20-0-0-0-0-0-0-0-0-0-0-0-0-0-0-0-0-0-0-0-0-0-0-0-0-0-0-0-0-0-0-0-0-0-0-0-
[mavros_node-1] [ERROR] [1784447770.305095541] [mavros.sys]: FCU: EVENT 13835193 with args -124-0-126-0-17-0-0-0-0-0-0-0-0-0-0-0-0-0-0-0-0-0-0-0-0-0-0-0-0-0-0-0-0-0-0-0-0-0-0-0-
[mavros_node-1] [ERROR] [1784447770.305247417] [mavros.sys]: FCU: EVENT 10011251 with args -56-0-0-0-24-0-0-0-0-0-0-0-0-0-0-0-0-0-0-0-0-0-0-0-0-0-0-0-0-0-0-0-0-0-0-0-0-0-0-0-
[mavros_node-1] [INFO] [1784447770.305426649] [mavros.sys]: FCU: EVENT 377561 with args -8-0-0-0-20-0-0-0-0-0-0-0-0-0-0-0-0-0-0-0-0-0-0-0-0-0-0-0-0-0-0-0-0-0-0-0-0-0-0-0-
[mavros_node-1] [INFO] [1784447770.305550921] [mavros.sys]: FCU: EVENT 79408 with args -32-0-0-0-20-0-0-0-0-0-0-0-0-0-0-0-0-0-0-0-0-0-0-0-0-0-0-0-0-0-0-0-0-0-0-0-0-0-0-0-
[mavros_node-1] [WARN] [1784447770.306077650] [mavros.sys]: FCU: UNK(8): EVENT 1914663 with args -0-130-16-2-48-0-0-0-0-0-0-0-0-0-0-0-0-0-0-0-0-0-0-0-0-0-0-0-0-0-0-0-0-0-0-0-0-0-0-0-
[mavros_node-1] [WARN] [1784447771.016180493] [mavros.sys]: VER: broadcast request timeout, retries left 3
[mavros_node-1] [ERROR] [1784447772.063084075] [mavros.sys]: VER: command plugin service call failed!
[mavros_node-1] [WARN] [1784447772.063912416] [mavros.sys]: VER: unicast request timeout, retries left 2
[mavros_node-1] [WARN] [1784447772.365159977] [mavros.sys]: FCU: UNK(8): EVENT 11047904 with args -0-0-0-0-1-0-0-0-0-199-255-127-128-199-255-127-128-0-0-0-0-0-0-0-0-0-0-0-0-0-0-0-0-0-0-0-0-0-0-0-
[mavros_node-1] [ERROR] [1784447772.365695917] [mavros.sys]: FCU: EVENT 10011251 with args -56-0-0-0-24-0-0-0-0-0-0-0-0-0-0-0-0-0-0-0-0-0-0-0-0-0-0-0-0-0-0-0-0-0-0-0-0-0-0-0-
[mavros_node-1] [INFO] [1784447772.366196031] [mavros.sys]: FCU: EVENT 377561 with args -8-0-0-0-20-0-0-0-0-0-0-0-0-0-0-0-0-0-0-0-0-0-0-0-0-0-0-0-0-0-0-0-0-0-0-0-0-0-0-0-
[mavros_node-1] [INFO] [1784447772.366457250] [mavros.sys]: FCU: EVENT 79408 with args -32-0-0-0-20-0-0-0-0-0-0-0-0-0-0-0-0-0-0-0-0-0-0-0-0-0-0-0-0-0-0-0-0-0-0-0-0-0-0-0-
[mavros_node-1] [WARN] [1784447772.368433775] [mavros.sys]: FCU: UNK(8): EVENT 1914663 with args -0-130-16-2-48-0-0-0-0-0-0-0-0-0-0-0-0-0-0-0-0-0-0-0-0-0-0-0-0-0-0-0-0-0-0-0-0-0-0-0-
[mavros_node-1] [ERROR] [1784447773.055048113] [mavros.sys]: VER: command plugin service call failed!
[mavros_node-1] [WARN] [1784447773.055315055] [mavros.sys]: VER: unicast request timeout, retries left 1
[mavros_node-1] [ERROR] [1784447774.052501438] [mavros.sys]: VER: command plugin service call failed!
[mavros_node-1] [WARN] [1784447774.052599182] [mavros.sys]: VER: unicast request timeout, retries left 0
[mavros_node-1] [ERROR] [1784447775.034049917] [mavros.sys]: VER: command plugin service call failed!
[mavros_node-1] [WARN] [1784447775.034239900] [mavros.sys]: VER: your FCU don't support AUTOPILOT_VERSION, switched to default capabilities
[mavros_node-1] [INFO] [1784447778.003010829] [mavros.home_position]: HP: requesting home position
[mavros_node-1] [INFO] [1784447783.436880536] [mavros.mission]: WP: mission received
[mavros_node-1] [INFO] [1784447783.450559248] [mavros.mission]: WP: seems GCS requesting mission
[mavros_node-1] [INFO] [1784447783.450721938] [mavros.mission]: WP: scheduling pull after GCS is done
[mavros_node-1] [INFO] [1784447788.010747636] [mavros.rallypoint]: RP: mission received
[mavros_node-1] [INFO] [1784447788.458293531] [mavros.mission]: WP: mission received
[mavros_node-1] [INFO] [1784447793.010118302] [mavros.geofence]: GF: mission received
[mavros_node-1] [WARN] [1784447804.044400590] [mavros.sys]: FCU: UNK(8): EVENT 11047904 with args -0-0-0-18-1-0-0-0-0-199-191-5-128-199-191-5-128-0-0-0-0-0-0-0-0-0-0-0-0-0-0-0-0-0-0-0-0-0-0-0-
[mavros_node-1] [ERROR] [1784447804.044967500] [mavros.sys]: FCU: EVENT 13679014 with args -0-64-0-0-20-0-0-0-0-0-0-0-0-0-0-0-0-0-0-0-0-0-0-0-0-0-0-0-0-0-0-0-0-0-0-0-0-0-0-0-
[mavros_node-1] [ERROR] [1784447804.045222864] [mavros.sys]: FCU: EVENT 13835193 with args -56-0-122-0-17-0-0-0-0-0-0-0-0-0-0-0-0-0-0-0-0-0-0-0-0-0-0-0-0-0-0-0-0-0-0-0-0-0-0-0-
[mavros_node-1] [ERROR] [1784447804.045472130] [mavros.sys]: FCU: EVENT 10011251 with args -56-0-0-0-24-0-0-0-0-0-0-0-0-0-0-0-0-0-0-0-0-0-0-0-0-0-0-0-0-0-0-0-0-0-0-0-0-0-0-0-
[mavros_node-1] [INFO] [1784447804.045720145] [mavros.sys]: FCU: EVENT 377561 with args -8-0-0-0-20-0-0-0-0-0-0-0-0-0-0-0-0-0-0-0-0-0-0-0-0-0-0-0-0-0-0-0-0-0-0-0-0-0-0-0-
[mavros_node-1] [INFO] [1784447804.046055167] [mavros.sys]: FCU: EVENT 79408 with args -32-0-0-0-20-0-0-0-0-0-0-0-0-0-0-0-0-0-0-0-0-0-0-0-0-0-0-0-0-0-0-0-0-0-0-0-0-0-0-0-
[mavros_node-1] [WARN] [1784447804.046212673] [mavros.sys]: FCU: UNK(8): EVENT 1914663 with args -0-130-16-2-48-0-0-0-0-0-0-0-0-0-0-0-0-0-0-0-0-0-0-0-0-0-0-0-0-0-0-0-0-0-0-0-0-0-0-0-
[mavros_node-1] [WARN] [1784447806.120431073] [mavros.sys]: FCU: UNK(8): EVENT 11047904 with args -0-0-0-0-1-0-0-0-0-199-255-127-128-199-255-127-128-0-0-0-0-0-0-0-0-0-0-0-0-0-0-0-0-0-0-0-0-0-0-0-
[mavros_node-1] [ERROR] [1784447806.121218300] [mavros.sys]: FCU: EVENT 10011251 with args -56-0-0-0-24-0-0-0-0-0-0-0-0-0-0-0-0-0-0-0-0-0-0-0-0-0-0-0-0-0-0-0-0-0-0-0-0-0-0-0-
[mavros_node-1] [INFO] [1784447806.121736159] [mavros.sys]: FCU: EVENT 377561 with args -8-0-0-0-20-0-0-0-0-0-0-0-0-0-0-0-0-0-0-0-0-0-0-0-0-0-0-0-0-0-0-0-0-0-0-0-0-0-0-0-
[mavros_node-1] [INFO] [1784447806.122030529] [mavros.sys]: FCU: EVENT 79408 with args -32-0-0-0-20-0-0-0-0-0-0-0-0-0-0-0-0-0-0-0-0-0-0-0-0-0-0-0-0-0-0-0-0-0-0-0-0-0-0-0-
[mavros_node-1] [WARN] [1784447806.123487333] [mavros.sys]: FCU: UNK(8): EVENT 1914663 with args -0-130-16-2-48-0-0-0-0-0-0-0-0-0-0-0-0-0-0-0-0-0-0-0-0-0-0-0-0-0-0-0-0-0-0-0-0-0-0-0-
[mavros_node-1] [WARN] [1784447808.147766688] [mavros.sys]: FCU: UNK(8): EVENT 11047904 with args -0-0-0-18-1-0-0-0-0-131-191-1-128-131-191-1-128-0-0-0-0-0-0-0-0-0-0-0-0-0-0-0-0-0-0-0-0-0-0-0-
[mavros_node-1] [ERROR] [1784447808.148078689] [mavros.sys]: FCU: EVENT 13679014 with args -0-64-0-0-20-0-0-0-0-0-0-0-0-0-0-0-0-0-0-0-0-0-0-0-0-0-0-0-0-0-0-0-0-0-0-0-0-0-0-0-
[mavros_node-1] [ERROR] [1784447808.148396316] [mavros.sys]: FCU: EVENT 13835193 with args -124-0-126-0-17-0-0-0-0-0-0-0-0-0-0-0-0-0-0-0-0-0-0-0-0-0-0-0-0-0-0-0-0-0-0-0-0-0-0-0-
[mavros_node-1] [ERROR] [1784447808.148720378] [mavros.sys]: FCU: EVENT 10011251 with args -56-0-0-0-24-0-0-0-0-0-0-0-0-0-0-0-0-0-0-0-0-0-0-0-0-0-0-0-0-0-0-0-0-0-0-0-0-0-0-0-
[mavros_node-1] [INFO] [1784447808.149003743] [mavros.sys]: FCU: EVENT 377561 with args -8-0-0-0-20-0-0-0-0-0-0-0-0-0-0-0-0-0-0-0-0-0-0-0-0-0-0-0-0-0-0-0-0-0-0-0-0-0-0-0-
[mavros_node-1] [INFO] [1784447808.149147198] [mavros.sys]: FCU: EVENT 79408 with args -32-0-0-0-20-0-0-0-0-0-0-0-0-0-0-0-0-0-0-0-0-0-0-0-0-0-0-0-0-0-0-0-0-0-0-0-0-0-0-0-
[mavros_node-1] [WARN] [1784447808.154867244] [mavros.sys]: FCU: UNK(8): EVENT 1914663 with args -0-130-16-2-48-0-0-0-0-0-0-0-0-0-0-0-0-0-0-0-0-0-0-0-0-0-0-0-0-0-0-0-0-0-0-0-0-0-0-0-
[mavros_node-1] [ERROR] [1784447815.117732325] [mavros.sys]: FCU: EVENT 133277 with args -0-0-0-0-0-0-0-0-0-0-0-0-0-0-0-0-0-0-0-0-0-0-0-0-0-0-0-0-0-0-0-0-0-0-0-0-0-0-0-0-
