[INFO] [launch]: All log files can be found below /home/robot/.ros/log/2026-08-11-14-13-08-813983-robot-16089
[INFO] [launch]: Default logging verbosity is set to INFO
[INFO] [fastlio_bridge_node-1]: process started with pid [16092]
[INFO] [frame_transform_node-2]: process started with pid [16094]
[INFO] [map_io_node-3]: process started with pid [16096]
[INFO] [mapping_manager_node-4]: process started with pid [16098]
[frame_transform_node-2] [INFO] [1786428788.880471271] [frame_transform_node]: frame_transform_node started
[frame_transform_node-2] [INFO] [1786428788.880547298] [frame_transform_node]:   Published static TF: map -> odom (identity)
[frame_transform_node-2] [INFO] [1786428788.880553221] [frame_transform_node]:   Published static TF: camera_init -> map (identity, RViz display only)
[mapping_manager_node-4] [INFO] [1786428788.882130886] [mapping_manager_node]: mapping_manager_node started
[mapping_manager_node-4] [INFO] [1786428788.882204967] [mapping_manager_node]:   auto_load_on_start: false
[mapping_manager_node-4] [INFO] [1786428788.882209835] [mapping_manager_node]:   auto_save_on_land: true
[fastlio_bridge_node-1] [INFO] [1786428788.883124302] [fastlio_bridge_node]: FAST-LIO2 里程计桥接已启动：订阅 /Odometry -> /race/odom, /race/pose
[map_io_node-3] [INFO] [1786428788.892834722] [map_io_node]: map_io_node started
[map_io_node-3] [INFO] [1786428788.892975763] [map_io_node]:   map_file: /home/robot/rong_ws/ws_offboard_control/maps/现场扫图/20260811/扫图_20260811_141244/现场地图.pcd
[map_io_node-3] [INFO] [1786428788.892988615] [map_io_node]:   publish_topic: /saved_map
[map_io_node-3] [INFO] [1786428788.892997320] [map_io_node]:   display_leaf_size: 0.10 m
[map_io_node-3] [INFO] [1786428788.893009693] [map_io_node]:   max_display_points: 3000000
[fastlio_bridge_node-1] [INFO] [1786428790.014661786] [fastlio_bridge_node]: 已桥接并转换里程计: ENU(-0.15, 0.16, -0.23) -> NED(0.15, 0.16, 0.23)
[fastlio_bridge_node-1] [INFO] [1786428792.014842416] [fastlio_bridge_node]: 已桥接并转换里程计: ENU(-0.22, 0.19, -0.19) -> NED(0.22, 0.19, 0.19)
[fastlio_bridge_node-1] [INFO] [1786428794.014723477] [fastlio_bridge_node]: 已桥接并转换里程计: ENU(-0.25, 0.13, -0.23) -> NED(0.25, 0.13, 0.23)
[fastlio_bridge_node-1] [INFO] [1786428796.018155949] [fastlio_bridge_node]: 已桥接并转换里程计: ENU(-0.25, 0.09, -0.24) -> NED(0.25, 0.09, 0.24)
[fastlio_bridge_node-1] [INFO] [1786428798.014194821] [fastlio_bridge_node]: 已桥接并转换里程计: ENU(-0.06, -0.07, -0.25) -> NED(0.06, -0.07, 0.25)
[fastlio_bridge_node-1] [INFO] [1786428800.014598718] [fastlio_bridge_node]: 已桥接并转换里程计: ENU(0.07, -0.15, -0.18) -> NED(-0.07, -0.15, 0.18)
[fastlio_bridge_node-1] [INFO] [1786428802.014739734] [fastlio_bridge_node]: 已桥接并转换里程计: ENU(0.09, -0.17, -0.20) -> NED(-0.09, -0.17, 0.20)
[fastlio_bridge_node-1] [INFO] [1786428804.014887439] [fastlio_bridge_node]: 已桥接并转换里程计: ENU(0.17, -0.32, -0.24) -> NED(-0.17, -0.32, 0.24)
[fastlio_bridge_node-1] [INFO] [1786428806.015327129] [fastlio_bridge_node]: 已桥接并转换里程计: ENU(0.34, -0.42, -0.25) -> NED(-0.34, -0.42, 0.25)
[fastlio_bridge_node-1] [INFO] [1786428808.014247362] [fastlio_bridge_node]: 已桥接并转换里程计: ENU(0.32, -0.35, -0.23) -> NED(-0.32, -0.35, 0.23)
[fastlio_bridge_node-1] [INFO] [1786428810.014245674] [fastlio_bridge_node]: 已桥接并转换里程计: ENU(0.80, -0.70, 0.03) -> NED(-0.80, -0.70, -0.03)
[fastlio_bridge_node-1] [INFO] [1786428812.014160872] [fastlio_bridge_node]: 已桥接并转换里程计: ENU(1.54, -1.22, 0.05) -> NED(-1.54, -1.22, -0.05)
[fastlio_bridge_node-1] [INFO] [1786428814.013849277] [fastlio_bridge_node]: 已桥接并转换里程计: ENU(2.00, -0.88, -0.05) -> NED(-2.00, -0.88, 0.05)
[fastlio_bridge_node-1] [INFO] [1786428816.015224140] [fastlio_bridge_node]: 已桥接并转换里程计: ENU(2.39, -0.15, -0.35) -> NED(-2.39, -0.15, 0.35)
[fastlio_bridge_node-1] [INFO] [1786428818.013950573] [fastlio_bridge_node]: 已桥接并转换里程计: ENU(2.41, -0.28, -0.33) -> NED(-2.41, -0.28, 0.33)
[mapping_manager_node-4] [INFO] [1786428818.884234975] [mapping_manager_node]: Mapping status: in_flight=false, map_loaded=false, map_saved=false
[fastlio_bridge_node-1] [INFO] [1786428820.014253842] [fastlio_bridge_node]: 已桥接并转换里程计: ENU(2.35, -0.34, -0.33) -> NED(-2.35, -0.34, 0.33)
[fastlio_bridge_node-1] [INFO] [1786428822.014901323] [fastlio_bridge_node]: 已桥接并转换里程计: ENU(2.40, -0.15, -0.40) -> NED(-2.40, -0.15, 0.40)
[fastlio_bridge_node-1] [INFO] [1786428824.014102516] [fastlio_bridge_node]: 已桥接并转换里程计: ENU(2.41, -0.17, -0.41) -> NED(-2.41, -0.17, 0.41)
[fastlio_bridge_node-1] [INFO] [1786428826.014449467] [fastlio_bridge_node]: 已桥接并转换里程计: ENU(2.41, -0.17, -0.41) -> NED(-2.41, -0.17, 0.41)
[fastlio_bridge_node-1] [INFO] [1786428828.013985149] [fastlio_bridge_node]: 已桥接并转换里程计: ENU(2.32, 0.06, -0.38) -> NED(-2.32, 0.06, 0.38)
[fastlio_bridge_node-1] [INFO] [1786428830.014552979] [fastlio_bridge_node]: 已桥接并转换里程计: ENU(2.32, 0.77, -0.42) -> NED(-2.32, 0.77, 0.42)
[fastlio_bridge_node-1] [INFO] [1786428832.015185503] [fastlio_bridge_node]: 已桥接并转换里程计: ENU(2.35, 0.85, -0.44) -> NED(-2.35, 0.85, 0.44)
[fastlio_bridge_node-1] [INFO] [1786428834.014885608] [fastlio_bridge_node]: 已桥接并转换里程计: ENU(2.19, 0.77, -0.51) -> NED(-2.19, 0.77, 0.51)
[fastlio_bridge_node-1] [INFO] [1786428836.015772451] [fastlio_bridge_node]: 已桥接并转换里程计: ENU(1.83, 0.82, -0.83) -> NED(-1.83, 0.82, 0.83)
[fastlio_bridge_node-1] [INFO] [1786428838.014722348] [fastlio_bridge_node]: 已桥接并转换里程计: ENU(2.07, 0.79, -0.71) -> NED(-2.07, 0.79, 0.71)
[fastlio_bridge_node-1] [INFO] [1786428840.015056199] [fastlio_bridge_node]: 已桥接并转换里程计: ENU(2.13, 0.76, -0.63) -> NED(-2.13, 0.76, 0.63)
[fastlio_bridge_node-1] [INFO] [1786428842.013875237] [fastlio_bridge_node]: 已桥接并转换里程计: ENU(2.12, 0.76, -0.65) -> NED(-2.12, 0.76, 0.65)
[fastlio_bridge_node-1] [INFO] [1786428844.015490165] [fastlio_bridge_node]: 已桥接并转换里程计: ENU(2.06, 0.52, -0.62) -> NED(-2.06, 0.52, 0.62)
[map_io_node-3] [INFO] [1786428845.774201847] [map_io_node]: Map saved to /home/robot/rong_ws/ws_offboard_control/maps/现场扫图/20260811/扫图_20260811_141244/现场地图.pcd (49962 points)
[mapping_manager_node-4] [INFO] [1786428845.941834411] [rclcpp]: signal_handler(SIGINT/SIGTERM)
[fastlio_bridge_node-1] [INFO] [1786428845.941857407] [rclcpp]: signal_handler(SIGINT/SIGTERM)
[frame_transform_node-2] [INFO] [1786428845.941880087] [rclcpp]: signal_handler(SIGINT/SIGTERM)
[map_io_node-3] [INFO] [1786428845.941883279] [rclcpp]: signal_handler(SIGINT/SIGTERM)
[INFO] [mapping_manager_node-4]: process has finished cleanly [pid 16098]
[INFO] [frame_transform_node-2]: process has finished cleanly [pid 16094]
[INFO] [fastlio_bridge_node-1]: process has finished cleanly [pid 16092]
[INFO] [map_io_node-3]: process has finished cleanly [pid 16096]
