[debug rosbag] starting
[debug rosbag] command: env FLIGHT_TIMESTAMP=20260816_042242 FLIGHT_RUN_DIR=/home/robot/rong_ws/ws_offboard_control/flight_records/20260816/flight_20260816_042242 /home/robot/rong_ws/ws_offboard_control/tools/rosbag/开始录包.sh
[debug rosbag] pid=6986 pgid=6986 log=/home/robot/rong_ws/ws_offboard_control/flight_records/20260816/flight_20260816_042242/logs/rosbag_debug.log
本场次目录：/home/robot/rong_ws/ws_offboard_control/flight_records/20260816/flight_20260816_042242
参数快照目录：/home/robot/rong_ws/ws_offboard_control/flight_records/20260816/flight_20260816_042242/snapshot
录包输出目录：/home/robot/rong_ws/ws_offboard_control/flight_records/20260816/flight_20260816_042242/rosbag
是否录制完整配准点云：false
是否录制 EGO 障碍诊断：false
是否录制 PX4 DDS /fmu/out 镜像：false
在本终端按 Ctrl+C 停止录包。
[ULog] 检查 PX4 SDLOG_PROFILE 是否包含视觉与避障位（bit 7）...
[ULog] PASS: SDLOG_PROFILE=129，vehicle_visual_odometry 将以约 33 Hz 写入 ULog。
stdin is not a terminal device. Keyboard handling disabled.[INFO] [1786825414.713303082] [rosbag2_recorder]: Press SPACE for pausing/resuming
[INFO] [1786825414.720516131] [rosbag2_storage]: Opened database '/home/robot/rong_ws/ws_offboard_control/flight_records/20260816/flight_20260816_042242/rosbag/rosbag_0.db3' for READ_WRITE.
[INFO] [1786825414.729356104] [rosbag2_recorder]: Listening for topics...
[INFO] [1786825414.731368493] [rosbag2_recorder]: Event publisher thread: Starting
[INFO] [1786825415.081302595] [rosbag2_recorder]: Subscribed to topic '/race/super_planner/raw_path'
[INFO] [1786825415.097672524] [rosbag2_recorder]: Subscribed to topic '/race/planner/status'
[INFO] [1786825415.105364349] [rosbag2_recorder]: Subscribed to topic '/race/global_planner/status'
[INFO] [1786825415.113384098] [rosbag2_recorder]: Subscribed to topic '/race/global_path'
[INFO] [1786825415.120247295] [rosbag2_recorder]: Subscribed to topic '/race/ego/validated_bspline'
[INFO] [1786825415.129316602] [rosbag2_recorder]: Subscribed to topic '/race/ego/trajectory_setpoint'
[INFO] [1786825415.135336938] [rosbag2_recorder]: Subscribed to topic '/race/ego/status'
[INFO] [1786825415.141454636] [rosbag2_recorder]: Subscribed to topic '/race/ego/predicted_path'
[INFO] [1786825415.146574548] [rosbag2_recorder]: Subscribed to topic '/race/ego/local_path_reference'
[INFO] [1786825415.152385952] [rosbag2_recorder]: Subscribed to topic '/race/ego/local_goal'
[INFO] [1786825415.154432246] [rosbag2_recorder]: Subscribed to topic '/race/ego/command_local_goal_seq'
[INFO] [1786825415.154615167] [rosbag2_recorder]: Recording...
[INFO] [1786825415.162546510] [rosbag2_recorder]: Subscribed to topic '/race/ego/odom'
[INFO] [1786825415.169279744] [rosbag2_recorder]: Subscribed to topic '/frlio/high_rate_odom/anchor_age'
[INFO] [1786825415.173753649] [rosbag2_recorder]: Subscribed to topic '/path'
[INFO] [1786825415.176632222] [rosbag2_recorder]: Subscribed to topic '/livox/lidar'
[INFO] [1786825415.182695288] [rosbag2_recorder]: Subscribed to topic '/race/control/status'
[INFO] [1786825415.189951982] [rosbag2_recorder]: Subscribed to topic '/livox/imu'
[INFO] [1786825415.195757860] [rosbag2_recorder]: Subscribed to topic '/Odometry'
[INFO] [1786825415.200500379] [rosbag2_recorder]: Subscribed to topic '/Odometry/guarded'
[INFO] [1786825415.210689639] [rosbag2_recorder]: Subscribed to topic '/tf_static'
[INFO] [1786825415.215210603] [rosbag2_recorder]: Subscribed to topic '/mavros/setpoint_raw/local'
[INFO] [1786825415.219183184] [rosbag2_recorder]: Subscribed to topic '/race/odom'
[INFO] [1786825415.223810861] [rosbag2_recorder]: Subscribed to topic '/ev_health/diagnostics'
[INFO] [1786825415.226828402] [rosbag2_recorder]: Subscribed to topic '/tf'
[INFO] [1786825415.228499501] [rosbag2_recorder]: Subscribed to topic '/ev_health/flight_ready'
[INFO] [1786825415.235129747] [rosbag2_recorder]: Subscribed to topic '/race/flight_altitude_reference'
[INFO] [1786825415.237944495] [rosbag2_recorder]: Subscribed to topic '/fastlio_global/relocalized_pose'
[INFO] [1786825415.239519511] [rosbag2_recorder]: Subscribed to topic '/goal_pose'
[INFO] [1786825415.242164035] [rosbag2_recorder]: Subscribed to topic '/mavros/odometry/out'
[INFO] [1786825415.244831183] [rosbag2_recorder]: Subscribed to topic '/frlio/high_rate_odom/status'
[INFO] [1786825415.247003288] [rosbag2_recorder]: Subscribed to topic '/ev_health/velocity_ned'
[INFO] [1786825415.249102630] [rosbag2_recorder]: Subscribed to topic '/race/pose'
[INFO] [1786825415.251523503] [rosbag2_recorder]: Subscribed to topic '/race/ego/bspline'
[INFO] [1786825415.254169222] [rosbag2_recorder]: Subscribed to topic '/ev_health/status'
[INFO] [1786825415.258535270] [rosbag2_recorder]: Subscribed to topic '/frlio/high_rate_odom/accel_spike_rejections'
[INFO] [1786825415.262927603] [rosbag2_recorder]: Subscribed to topic '/Odometry/healthy'
[INFO] [1786825415.265611068] [rosbag2_recorder]: Subscribed to topic '/ev_health/fault'
[INFO] [1786825415.701697381] [rosbag2_recorder]: Subscribed to topic '/planning/odom'
[INFO] [1786825415.813595114] [rosbag2_recorder]: Subscribed to topic '/race/ego/position_command'
[INFO] [1786825416.030007349] [rosbag2_recorder]: Subscribed to topic '/mavros/state'
[INFO] [1786825416.038387357] [rosbag2_recorder]: Subscribed to topic '/mavros/local_position/velocity_body'
[INFO] [1786825416.041962947] [rosbag2_recorder]: Subscribed to topic '/mavros/local_position/pose'
[INFO] [1786825416.044908302] [rosbag2_recorder]: Subscribed to topic '/mavros/local_position/velocity_local'
[INFO] [1786825416.046838049] [rosbag2_recorder]: Subscribed to topic '/mavros/setpoint_raw/target_local'
[INFO] [1786825416.049507416] [rosbag2_recorder]: Subscribed to topic '/mavros/local_position/odom'
[INFO] [1786825416.054674201] [rosbag2_recorder]: Subscribed to topic '/mavros/estimator_status'
[INFO] [1786825523.577889301] [rosbag2_cpp]: Writing remaining messages from cache to the bag. It may take a while
[INFO] [1786825523.604535229] [rosbag2_recorder]: Event publisher thread: Exiting
[INFO] [1786825523.604746527] [rosbag2_recorder]: Recording stopped
[debug rosbag] 已退出，状态码 143
