[INFO] 启动前环境清理...
[清理] 环境干净：所选类别下没有遗留进程。
MID360 杆臂校验通过（机体 FLU，控制中心 -> FAST-LIO 原点）：x=0.0 m y=0.0 m z=0.08 m；R_FASTLIO_body yaw=0.0 rad
[INFO] Running canonical preflight check...
Checking offboard autostart prerequisites...
MID360 杆臂校验通过（机体 FLU，控制中心 -> FAST-LIO 原点）：x=0.0 m y=0.0 m z=0.08 m；R_FASTLIO_body yaw=0.0 rad
STRUCTURAL_EV_ENTRY_CONTRACT=PASS
LAUNCH_AST_PARSE_RESULT=PASS
SELECTED_VISION_NODE_IDENTITY=package=px4_ros_com,executable=fastlio_mavros_odometry_bridge,name=fastlio_mavros_odometry_bridge
VISION_CONDITION_BINDING_RESULT=PASS
VISION_INPUT_BINDING_RESULT=PASS:/Odometry/healthy
VISION_RESTAMP_RESULT=PASS:false
VISION_LEVER_ARM_BINDING_RESULT=PASS:body_FLU_control_center_to_FAST_LIO
VISION_WORLD_YAW_BINDING_RESULT=PASS:one_alignment_for_position_and_attitude
PHYSICAL_BODY_TF_RESULT=PASS:base_link_to_FAST_LIO_body
LAUNCH_DEFAULTS_RESULT=PASS:start_mavros_odometry_bridge=true
SINGLE_EV_WRITER_RESULT=PASS:single_ev_node_in_source
STACK_COMMAND_TOKEN_BINDING_RESULT=PASS
Autostart prerequisites look ready.
[INFO] Flight run directory: /home/robot/rong_ws/ws_offboard_control/flight_records/20260816/flight_20260816_042242
[INFO] Navigation=true; planner requested=astar_ego, effective=astar_ego, ego_enabled=true, mission=false, output=true, manual_handover=false, rviz=true
[INFO] Recognition=false, rosbag=true, readiness_timeout=90s
[INFO] LIO backend=fr_lio; MID-360 to LIO minimum startup delay=4s
[WARN] FR-LIO high-rate output remains diagnostic only and is not authorized to replace the PX4 EV path.
[INFO] Component windows=false (one GNOME Terminal window per component)
[INFO] Map: /home/robot/rong_ws/ws_offboard_control/maps/main/GlobalMap_去顶端_z2.5m.pcd (auto_load=true)
[INFO] Global relocalization=true keyframes=/home/robot/rong_ws/ws_offboard_control/maps/main
[INFO] MID360 body-to-sensor FLU: x=0.0 m, y=0.0 m, z=0.08 m, yaw=0.0 rad
[WARN] Horizontal-drift and takeoff-transient guards are absent. Keep manual RC takeover available.
[INFO] Starting navigation stack (prewarm) in its own terminal window; log=/home/robot/rong_ws/ws_offboard_control/flight_records/20260816/flight_20260816_042242/logs/navigation.log
正在等待 message：/race/control/status（超时 90s）
已就绪：收到来自 /race/control/status 的真实消息
正在等待 topic：/saved_map（超时 90s）
Ready: topic /saved_map has a publisher
正在等待 node：/rviz2（超时 90s）
Ready: node /rviz2 exists
[INFO] Starting MID-360 driver in its own terminal window; log=/home/robot/rong_ws/ws_offboard_control/flight_records/20260816/flight_20260816_042242/logs/mid360_driver.log
[INFO] Waiting 4s after MID-360 startup before fr_lio...
正在等待 message：/livox/imu（超时 90s）
已就绪：收到来自 /livox/imu 的真实消息
正在等待 message：/livox/lidar（超时 90s）
已就绪：收到来自 /livox/lidar 的真实消息
[INFO] Starting FR-LIO in its own terminal window; log=/home/robot/rong_ws/ws_offboard_control/flight_records/20260816/flight_20260816_042242/logs/fastlio.log
正在等待 message：/Odometry（超时 90s）
已就绪：收到来自 /Odometry 的真实消息
正在等待 message：/cloud_registered_body（超时 90s）
已就绪：收到来自 /cloud_registered_body 的真实消息
[INFO] Starting relocalization frame bridge in its own terminal window; log=/home/robot/rong_ws/ws_offboard_control/flight_records/20260816/flight_20260816_042242/logs/relocalization_bridge.log
[INFO] Starting FAST-LIO global relocalization in its own terminal window; log=/home/robot/rong_ws/ws_offboard_control/flight_records/20260816/flight_20260816_042242/logs/relocalization_backend.log
[INFO] Service ready: /fastlio_global_backend/load_map
[INFO] Service ready: /fastlio_global_backend/relocalize
[INFO] Loading relocalization keyframes from /home/robot/rong_ws/ws_offboard_control/maps/main
requester: making request: fastlio_global_slam.srv.LoadMap_Request(directory='/home/robot/rong_ws/ws_offboard_control/maps/main')

response:
fastlio_global_slam.srv.LoadMap_Response(success=True, message='Loaded 79 keyframes from /home/robot/rong_ws/ws_offboard_control/maps/main')
[INFO] Waiting 3s for a fresh synchronized scan
正在等待 message：/cloud_registered（超时 90s）
已就绪：收到来自 /cloud_registered 的真实消息
[INFO] Relocalization attempt 1/8; keep the aircraft/vehicle still and in view of the mapped area
waiting for service to become available...
requester: making request: fastlio_global_slam.srv.Relocalize_Request(use_latest_scan=True)

response:
fastlio_global_slam.srv.Relocalize_Response(success=True, message='Relocalization succeeded. candidate=18 similarity=0.975 sector_shift=2 coarse_yaw_deg=12.000 refined_yaw_deg=10.920 fitness=0.0616', estimated_pose=geometry_msgs.msg.Pose(position=geometry_msgs.msg.Point(x=0.2084826002035797, y=-0.016282277129511136, z=0.020158999149923362), orientation=geometry_msgs.msg.Quaternion(x=0.003910545921837981, y=0.007023259152008667, z=0.10775447183551337, w=0.9941451180228044)))
正在等待 message：/planning/odom（超时 90s）
已就绪：收到来自 /planning/odom 的真实消息
[INFO] Starting MAVROS 与 EV 定位链 in its own terminal window; log=/home/robot/rong_ws/ws_offboard_control/flight_records/20260816/flight_20260816_042242/logs/px4_mavros.log
正在等待 mavros_connected：/mavros/state（超时 90s）
已就绪：MAVROS 已连接
正在等待 message：/mavros/local_position/odom（超时 90s）
已就绪：收到来自 /mavros/local_position/odom 的真实消息
正在等待 message：/mavros/local_position/velocity_local（超时 90s）
已就绪：收到来自 /mavros/local_position/velocity_local 的真实消息
正在等待 flight_ready：/ev_health/flight_ready（超时 90s）
Ready: /ev_health/flight_ready=true
正在等待 message：/Odometry/healthy（超时 90s）
已就绪：收到来自 /Odometry/healthy 的真实消息
正在等待 message：/mavros/odometry/out（超时 90s）
已就绪：收到来自 /mavros/odometry/out 的真实消息
[INFO] 等待定位控制链锁定 map 到 PX4 local 的坐标变换。
[INFO] Starting debug rosbag in its own terminal window; log=/home/robot/rong_ws/ws_offboard_control/flight_records/20260816/flight_20260816_042242/logs/rosbag_debug.log
正在等待 node：/rosbag2_recorder（超时 90s）
Ready: node /rosbag2_recorder exists
正在等待 message：/race/odom（超时 90s）
已就绪：收到来自 /race/odom 的真实消息
正在等待 message：/race/ego/cloud（超时 90s）
已就绪：收到来自 /race/ego/cloud 的真实消息
[INFO] PASS: complete chain is ready: MID-360 -> fr_lio -> relocalization(true) -> MAVROS/EV -> rosbag(true) -> navigation.
[INFO] Component logs: /home/robot/rong_ws/ws_offboard_control/flight_records/20260816/flight_20260816_042242/logs
[INFO] This terminal now monitors the stack. Press Ctrl+C to stop all components from this run.
[WARN] Received TERM; shutting down the complete stack.
[WARN] Stopping components started by this run...
