[INFO] [launch]: All log files can be found below /home/robot/.ros/log/2026-08-10-22-14-47-135148-robot-12186
[INFO] [launch]: Default logging verbosity is set to INFO
[INFO] [fastlio_bridge_node-1]: process started with pid [12189]
[INFO] [frame_transform_node-2]: process started with pid [12191]
[INFO] [map_io_node-3]: process started with pid [12193]
[INFO] [mapping_manager_node-4]: process started with pid [12195]
[mapping_manager_node-4] [INFO] [1786371287.197381212] [mapping_manager_node]: mapping_manager_node started
[mapping_manager_node-4] [INFO] [1786371287.197544094] [mapping_manager_node]:   auto_load_on_start: false
[mapping_manager_node-4] [INFO] [1786371287.197557800] [mapping_manager_node]:   auto_save_on_land: true
[frame_transform_node-2] [INFO] [1786371287.203671173] [frame_transform_node]: frame_transform_node started
[frame_transform_node-2] [INFO] [1786371287.203757451] [frame_transform_node]:   Published static TF: map -> odom (identity)
[frame_transform_node-2] [INFO] [1786371287.203764224] [frame_transform_node]:   Published static TF: camera_init -> map (identity, RViz display only)
[fastlio_bridge_node-1] [INFO] [1786371287.211691655] [fastlio_bridge_node]: FAST-LIO2 里程计桥接已启动：订阅 /Odometry -> /race/odom, /race/pose
[map_io_node-3] [INFO] [1786371287.223323675] [map_io_node]: map_io_node started
[map_io_node-3] [INFO] [1786371287.223466207] [map_io_node]:   map_file: /home/robot/rong_ws/ws_offboard_control/maps/现场扫图/20260810/扫图_20260810_221432/现场地图.pcd
[map_io_node-3] [INFO] [1786371287.223482320] [map_io_node]:   publish_topic: /saved_map
[map_io_node-3] [INFO] [1786371287.223491064] [map_io_node]:   display_leaf_size: 0.10 m
[map_io_node-3] [INFO] [1786371287.223503844] [map_io_node]:   max_display_points: 3000000
[fastlio_bridge_node-1] [INFO] [1786371288.062846433] [fastlio_bridge_node]: 已桥接并转换里程计: ENU(0.01, 0.02, 0.01) -> NED(-0.01, 0.02, -0.01)
[fastlio_bridge_node-1] [INFO] [1786371290.062628443] [fastlio_bridge_node]: 已桥接并转换里程计: ENU(0.02, 0.02, 0.01) -> NED(-0.02, 0.02, -0.01)
[fastlio_bridge_node-1] [INFO] [1786371292.062125295] [fastlio_bridge_node]: 已桥接并转换里程计: ENU(0.01, 0.02, 0.01) -> NED(-0.01, 0.02, -0.01)
[fastlio_bridge_node-1] [INFO] [1786371294.062085970] [fastlio_bridge_node]: 已桥接并转换里程计: ENU(0.01, 0.02, 0.01) -> NED(-0.01, 0.02, -0.01)
[fastlio_bridge_node-1] [INFO] [1786371296.064411382] [fastlio_bridge_node]: 已桥接并转换里程计: ENU(0.01, 0.02, 0.01) -> NED(-0.01, 0.02, -0.01)
[fastlio_bridge_node-1] [INFO] [1786371298.061097587] [fastlio_bridge_node]: 已桥接并转换里程计: ENU(0.01, 0.02, 0.01) -> NED(-0.01, 0.02, -0.01)
[fastlio_bridge_node-1] [INFO] [1786371300.062318877] [fastlio_bridge_node]: 已桥接并转换里程计: ENU(0.01, 0.02, 0.01) -> NED(-0.01, 0.02, -0.01)
[fastlio_bridge_node-1] [INFO] [1786371302.062064016] [fastlio_bridge_node]: 已桥接并转换里程计: ENU(0.01, 0.02, 0.01) -> NED(-0.01, 0.02, -0.01)
[fastlio_bridge_node-1] [INFO] [1786371304.062174742] [fastlio_bridge_node]: 已桥接并转换里程计: ENU(0.01, 0.02, 0.01) -> NED(-0.01, 0.02, -0.01)
[fastlio_bridge_node-1] [INFO] [1786371306.062344419] [fastlio_bridge_node]: 已桥接并转换里程计: ENU(0.01, 0.02, 0.01) -> NED(-0.01, 0.02, -0.01)
[fastlio_bridge_node-1] [INFO] [1786371308.063558032] [fastlio_bridge_node]: 已桥接并转换里程计: ENU(0.01, 0.02, 0.01) -> NED(-0.01, 0.02, -0.01)
[fastlio_bridge_node-1] [INFO] [1786371310.063115601] [fastlio_bridge_node]: 已桥接并转换里程计: ENU(0.01, 0.02, 0.02) -> NED(-0.01, 0.02, -0.02)
[fastlio_bridge_node-1] [INFO] [1786371312.063654282] [fastlio_bridge_node]: 已桥接并转换里程计: ENU(0.01, 0.02, 0.01) -> NED(-0.01, 0.02, -0.01)
[fastlio_bridge_node-1] [INFO] [1786371314.063237537] [fastlio_bridge_node]: 已桥接并转换里程计: ENU(0.01, 0.02, 0.01) -> NED(-0.01, 0.02, -0.01)
[fastlio_bridge_node-1] [INFO] [1786371316.062116063] [fastlio_bridge_node]: 已桥接并转换里程计: ENU(0.01, 0.03, 0.01) -> NED(-0.01, 0.03, -0.01)
[mapping_manager_node-4] [INFO] [1786371317.194728455] [mapping_manager_node]: Mapping status: in_flight=false, map_loaded=false, map_saved=false
[fastlio_bridge_node-1] [INFO] [1786371318.062563075] [fastlio_bridge_node]: 已桥接并转换里程计: ENU(0.01, 0.03, 0.02) -> NED(-0.01, 0.03, -0.02)
[fastlio_bridge_node-1] [INFO] [1786371320.062367235] [fastlio_bridge_node]: 已桥接并转换里程计: ENU(0.01, 0.02, 0.01) -> NED(-0.01, 0.02, -0.01)
[fastlio_bridge_node-1] [INFO] [1786371322.062281717] [fastlio_bridge_node]: 已桥接并转换里程计: ENU(0.01, 0.02, 0.02) -> NED(-0.01, 0.02, -0.02)
[fastlio_bridge_node-1] [INFO] [1786371324.063012561] [fastlio_bridge_node]: 已桥接并转换里程计: ENU(0.01, 0.03, 0.01) -> NED(-0.01, 0.03, -0.01)
[fastlio_bridge_node-1] [INFO] [1786371326.063073374] [fastlio_bridge_node]: 已桥接并转换里程计: ENU(0.01, 0.03, 0.02) -> NED(-0.01, 0.03, -0.02)
[fastlio_bridge_node-1] [INFO] [1786371328.062373784] [fastlio_bridge_node]: 已桥接并转换里程计: ENU(0.01, 0.02, 0.01) -> NED(-0.01, 0.02, -0.01)
[fastlio_bridge_node-1] [INFO] [1786371330.062503293] [fastlio_bridge_node]: 已桥接并转换里程计: ENU(0.01, 0.03, 0.02) -> NED(-0.01, 0.03, -0.02)
[fastlio_bridge_node-1] [INFO] [1786371332.081574464] [fastlio_bridge_node]: 已桥接并转换里程计: ENU(0.00, 0.03, 0.03) -> NED(-0.00, 0.03, -0.03)
[fastlio_bridge_node-1] [INFO] [1786371334.063711893] [fastlio_bridge_node]: 已桥接并转换里程计: ENU(-0.25, -0.05, 0.06) -> NED(0.25, -0.05, -0.06)
[fastlio_bridge_node-1] [INFO] [1786371336.066107661] [fastlio_bridge_node]: 已桥接并转换里程计: ENU(-0.18, -0.74, 0.10) -> NED(0.18, -0.74, -0.10)
[fastlio_bridge_node-1] [INFO] [1786371338.065180037] [fastlio_bridge_node]: 已桥接并转换里程计: ENU(-0.61, -0.96, 0.29) -> NED(0.61, -0.96, -0.29)
[fastlio_bridge_node-1] [INFO] [1786371340.073574963] [fastlio_bridge_node]: 已桥接并转换里程计: ENU(-0.69, -0.97, 0.23) -> NED(0.69, -0.97, -0.23)
[fastlio_bridge_node-1] [INFO] [1786371342.066178288] [fastlio_bridge_node]: 已桥接并转换里程计: ENU(-0.39, -1.22, 0.21) -> NED(0.39, -1.22, -0.21)
[fastlio_bridge_node-1] [INFO] [1786371344.064757758] [fastlio_bridge_node]: 已桥接并转换里程计: ENU(-0.31, -1.99, 0.25) -> NED(0.31, -1.99, -0.25)
[fastlio_bridge_node-1] [INFO] [1786371346.065580601] [fastlio_bridge_node]: 已桥接并转换里程计: ENU(-0.58, -2.64, 0.30) -> NED(0.58, -2.64, -0.30)
[mapping_manager_node-4] [INFO] [1786371347.193458594] [mapping_manager_node]: Mapping status: in_flight=false, map_loaded=false, map_saved=false
[fastlio_bridge_node-1] [INFO] [1786371348.066420248] [fastlio_bridge_node]: 已桥接并转换里程计: ENU(-0.13, -2.96, 0.16) -> NED(0.13, -2.96, -0.16)
[fastlio_bridge_node-1] [INFO] [1786371350.065164048] [fastlio_bridge_node]: 已桥接并转换里程计: ENU(0.12, -3.05, 0.25) -> NED(-0.12, -3.05, -0.25)
[fastlio_bridge_node-1] [INFO] [1786371352.065331350] [fastlio_bridge_node]: 已桥接并转换里程计: ENU(0.66, -3.17, 0.26) -> NED(-0.66, -3.17, -0.26)
[fastlio_bridge_node-1] [INFO] [1786371354.064957987] [fastlio_bridge_node]: 已桥接并转换里程计: ENU(1.38, -3.53, 0.23) -> NED(-1.38, -3.53, -0.23)
[fastlio_bridge_node-1] [INFO] [1786371356.065401585] [fastlio_bridge_node]: 已桥接并转换里程计: ENU(2.12, -3.78, 0.16) -> NED(-2.12, -3.78, -0.16)
[fastlio_bridge_node-1] [INFO] [1786371358.065568529] [fastlio_bridge_node]: 已桥接并转换里程计: ENU(2.59, -4.04, 0.28) -> NED(-2.59, -4.04, -0.28)
[fastlio_bridge_node-1] [INFO] [1786371360.064067495] [fastlio_bridge_node]: 已桥接并转换里程计: ENU(2.81, -4.24, 0.28) -> NED(-2.81, -4.24, -0.28)
[fastlio_bridge_node-1] [INFO] [1786371362.064777532] [fastlio_bridge_node]: 已桥接并转换里程计: ENU(2.86, -4.23, 0.27) -> NED(-2.86, -4.23, -0.27)
[fastlio_bridge_node-1] [INFO] [1786371364.063466650] [fastlio_bridge_node]: 已桥接并转换里程计: ENU(2.64, -4.20, -0.41) -> NED(-2.64, -4.20, 0.41)
[fastlio_bridge_node-1] [INFO] [1786371366.062080336] [fastlio_bridge_node]: 已桥接并转换里程计: ENU(2.64, -4.24, -0.17) -> NED(-2.64, -4.24, 0.17)
[fastlio_bridge_node-1] [INFO] [1786371368.062641249] [fastlio_bridge_node]: 已桥接并转换里程计: ENU(2.63, -4.23, -0.19) -> NED(-2.63, -4.23, 0.19)
[fastlio_bridge_node-1] [INFO] [1786371370.063702736] [fastlio_bridge_node]: 已桥接并转换里程计: ENU(2.63, -4.23, -0.18) -> NED(-2.63, -4.23, 0.18)
[fastlio_bridge_node-1] [INFO] [1786371372.063047912] [fastlio_bridge_node]: 已桥接并转换里程计: ENU(2.63, -4.24, -0.17) -> NED(-2.63, -4.24, 0.17)
[fastlio_bridge_node-1] [INFO] [1786371374.062401844] [fastlio_bridge_node]: 已桥接并转换里程计: ENU(2.63, -4.24, -0.18) -> NED(-2.63, -4.24, 0.18)
[fastlio_bridge_node-1] [INFO] [1786371376.062008116] [fastlio_bridge_node]: 已桥接并转换里程计: ENU(2.63, -4.24, -0.18) -> NED(-2.63, -4.24, 0.18)
[mapping_manager_node-4] [INFO] [1786371377.192444032] [mapping_manager_node]: Mapping status: in_flight=false, map_loaded=false, map_saved=false
[fastlio_bridge_node-1] [INFO] [1786371378.062884275] [fastlio_bridge_node]: 已桥接并转换里程计: ENU(2.63, -4.23, -0.18) -> NED(-2.63, -4.23, 0.18)
[fastlio_bridge_node-1] [INFO] [1786371380.062265445] [fastlio_bridge_node]: 已桥接并转换里程计: ENU(2.63, -4.23, -0.18) -> NED(-2.63, -4.23, 0.18)
[fastlio_bridge_node-1] [INFO] [1786371382.061717516] [fastlio_bridge_node]: 已桥接并转换里程计: ENU(2.64, -4.24, -0.17) -> NED(-2.64, -4.24, 0.17)
[map_io_node-3] [INFO] [1786371382.606314723] [map_io_node]: Map saved to /home/robot/rong_ws/ws_offboard_control/maps/现场扫图/20260810/扫图_20260810_221432/现场地图.pcd (83024 points)
[map_io_node-3] [INFO] [1786371382.753033623] [rclcpp]: signal_handler(SIGINT/SIGTERM)
[frame_transform_node-2] [INFO] [1786371382.753039658] [rclcpp]: signal_handler(SIGINT/SIGTERM)
[fastlio_bridge_node-1] [INFO] [1786371382.753048358] [rclcpp]: signal_handler(SIGINT/SIGTERM)
[mapping_manager_node-4] [INFO] [1786371382.753114934] [rclcpp]: signal_handler(SIGINT/SIGTERM)
[INFO] [frame_transform_node-2]: process has finished cleanly [pid 12191]
[INFO] [fastlio_bridge_node-1]: process has finished cleanly [pid 12189]
[INFO] [mapping_manager_node-4]: process has finished cleanly [pid 12195]
[INFO] [map_io_node-3]: process has finished cleanly [pid 12193]
