[INFO] [launch]: All log files can be found below /home/robot/.ros/log/2026-08-10-22-13-19-061931-robot-11635
[INFO] [launch]: Default logging verbosity is set to INFO
[INFO] [fastlio_bridge_node-1]: process started with pid [11638]
[INFO] [frame_transform_node-2]: process started with pid [11640]
[INFO] [map_io_node-3]: process started with pid [11642]
[INFO] [mapping_manager_node-4]: process started with pid [11644]
[frame_transform_node-2] [INFO] [1786371199.130611488] [frame_transform_node]: frame_transform_node started
[frame_transform_node-2] [INFO] [1786371199.130692612] [frame_transform_node]:   Published static TF: map -> odom (identity)
[frame_transform_node-2] [INFO] [1786371199.130698935] [frame_transform_node]:   Published static TF: camera_init -> map (identity, RViz display only)
[fastlio_bridge_node-1] [INFO] [1786371199.132739814] [fastlio_bridge_node]: FAST-LIO2 里程计桥接已启动：订阅 /Odometry -> /race/odom, /race/pose
[mapping_manager_node-4] [INFO] [1786371199.136704187] [mapping_manager_node]: mapping_manager_node started
[mapping_manager_node-4] [INFO] [1786371199.136832350] [mapping_manager_node]:   auto_load_on_start: false
[mapping_manager_node-4] [INFO] [1786371199.136844551] [mapping_manager_node]:   auto_save_on_land: true
[map_io_node-3] [INFO] [1786371199.144681594] [map_io_node]: map_io_node started
[map_io_node-3] [INFO] [1786371199.144838175] [map_io_node]:   map_file: /home/robot/rong_ws/ws_offboard_control/maps/现场扫图/20260810/扫图_20260810_221304/现场地图.pcd
[map_io_node-3] [INFO] [1786371199.144854135] [map_io_node]:   publish_topic: /saved_map
[map_io_node-3] [INFO] [1786371199.144863686] [map_io_node]:   display_leaf_size: 0.10 m
[map_io_node-3] [INFO] [1786371199.144876582] [map_io_node]:   max_display_points: 3000000
[fastlio_bridge_node-1] [INFO] [1786371200.076294958] [fastlio_bridge_node]: 已桥接并转换里程计: ENU(0.01, 0.02, 0.00) -> NED(-0.01, 0.02, -0.00)
[fastlio_bridge_node-1] [INFO] [1786371202.075136056] [fastlio_bridge_node]: 已桥接并转换里程计: ENU(0.01, 0.02, 0.01) -> NED(-0.01, 0.02, -0.01)
[fastlio_bridge_node-1] [INFO] [1786371204.076088752] [fastlio_bridge_node]: 已桥接并转换里程计: ENU(0.02, 0.02, 0.00) -> NED(-0.02, 0.02, -0.00)
[fastlio_bridge_node-1] [INFO] [1786371206.076374347] [fastlio_bridge_node]: 已桥接并转换里程计: ENU(0.02, 0.02, 0.00) -> NED(-0.02, 0.02, -0.00)
[fastlio_bridge_node-1] [INFO] [1786371208.075597238] [fastlio_bridge_node]: 已桥接并转换里程计: ENU(0.02, 0.03, 0.01) -> NED(-0.02, 0.03, -0.01)
[fastlio_bridge_node-1] [INFO] [1786371210.076044387] [fastlio_bridge_node]: 已桥接并转换里程计: ENU(0.02, 0.03, 0.09) -> NED(-0.02, 0.03, -0.09)
[fastlio_bridge_node-1] [INFO] [1786371212.091067026] [fastlio_bridge_node]: 已桥接并转换里程计: ENU(0.03, 0.03, 0.01) -> NED(-0.03, 0.03, -0.01)
[fastlio_bridge_node-1] [INFO] [1786371214.086474745] [fastlio_bridge_node]: 已桥接并转换里程计: ENU(-0.09, 0.15, 1.44) -> NED(0.09, 0.15, -1.44)
[fastlio_bridge_node-1] [INFO] [1786371216.098815474] [fastlio_bridge_node]: 已桥接并转换里程计: ENU(-0.23, -0.18, 1.14) -> NED(0.23, -0.18, -1.14)
[fastlio_bridge_node-1] [INFO] [1786371218.085358127] [fastlio_bridge_node]: 已桥接并转换里程计: ENU(0.54, -0.65, 1.15) -> NED(-0.54, -0.65, -1.15)
[fastlio_bridge_node-1] [INFO] [1786371220.084292342] [fastlio_bridge_node]: 已桥接并转换里程计: ENU(-0.03, -0.68, 0.83) -> NED(0.03, -0.68, -0.83)
[fastlio_bridge_node-1] [INFO] [1786371222.087284461] [fastlio_bridge_node]: 已桥接并转换里程计: ENU(-0.38, -0.58, 1.01) -> NED(0.38, -0.58, -1.01)
[fastlio_bridge_node-1] [INFO] [1786371224.079428860] [fastlio_bridge_node]: 已桥接并转换里程计: ENU(-0.29, -1.55, 1.06) -> NED(0.29, -1.55, -1.06)
[fastlio_bridge_node-1] [INFO] [1786371226.082158330] [fastlio_bridge_node]: 已桥接并转换里程计: ENU(0.09, -2.56, 1.35) -> NED(-0.09, -2.56, -1.35)
[fastlio_bridge_node-1] [INFO] [1786371228.080636806] [fastlio_bridge_node]: 已桥接并转换里程计: ENU(1.41, -2.84, 1.11) -> NED(-1.41, -2.84, -1.11)
[mapping_manager_node-4] [INFO] [1786371229.136873917] [mapping_manager_node]: Mapping status: in_flight=false, map_loaded=false, map_saved=false
[fastlio_bridge_node-1] [INFO] [1786371230.079969445] [fastlio_bridge_node]: 已桥接并转换里程计: ENU(2.65, -3.25, 0.10) -> NED(-2.65, -3.25, -0.10)
[fastlio_bridge_node-1] [INFO] [1786371232.080413661] [fastlio_bridge_node]: 已桥接并转换里程计: ENU(2.64, -3.20, 0.10) -> NED(-2.64, -3.20, -0.10)
[fastlio_bridge_node-1] [INFO] [1786371234.077764510] [fastlio_bridge_node]: 已桥接并转换里程计: ENU(2.64, -3.19, 0.08) -> NED(-2.64, -3.19, -0.08)
[fastlio_bridge_node-1] [INFO] [1786371236.076620335] [fastlio_bridge_node]: 已桥接并转换里程计: ENU(2.64, -3.20, 0.10) -> NED(-2.64, -3.20, -0.10)
[fastlio_bridge_node-1] [INFO] [1786371238.077925801] [fastlio_bridge_node]: 已桥接并转换里程计: ENU(2.62, -3.19, 0.10) -> NED(-2.62, -3.19, -0.10)
[fastlio_bridge_node-1] [INFO] [1786371240.077394197] [fastlio_bridge_node]: 已桥接并转换里程计: ENU(2.64, -3.20, 0.11) -> NED(-2.64, -3.20, -0.11)
[fastlio_bridge_node-1] [INFO] [1786371242.077468450] [fastlio_bridge_node]: 已桥接并转换里程计: ENU(2.62, -3.19, 0.10) -> NED(-2.62, -3.19, -0.10)
[fastlio_bridge_node-1] [INFO] [1786371244.076408862] [fastlio_bridge_node]: 已桥接并转换里程计: ENU(2.63, -3.19, 0.10) -> NED(-2.63, -3.19, -0.10)
[fastlio_bridge_node-1] [INFO] [1786371246.076811521] [fastlio_bridge_node]: 已桥接并转换里程计: ENU(2.63, -3.19, 0.11) -> NED(-2.63, -3.19, -0.11)
[fastlio_bridge_node-1] [INFO] [1786371248.077606324] [fastlio_bridge_node]: 已桥接并转换里程计: ENU(2.63, -3.19, 0.10) -> NED(-2.63, -3.19, -0.10)
[fastlio_bridge_node-1] [INFO] [1786371250.079125452] [fastlio_bridge_node]: 已桥接并转换里程计: ENU(2.62, -3.18, 0.10) -> NED(-2.62, -3.18, -0.10)
[fastlio_bridge_node-1] [INFO] [1786371252.076863098] [fastlio_bridge_node]: 已桥接并转换里程计: ENU(2.63, -3.18, 0.11) -> NED(-2.63, -3.18, -0.11)
[fastlio_bridge_node-1] [INFO] [1786371254.075445148] [fastlio_bridge_node]: 已桥接并转换里程计: ENU(2.62, -3.18, 0.10) -> NED(-2.62, -3.18, -0.10)
[fastlio_bridge_node-1] [INFO] [1786371256.075560768] [fastlio_bridge_node]: 已桥接并转换里程计: ENU(2.62, -3.19, 0.11) -> NED(-2.62, -3.19, -0.11)
[fastlio_bridge_node-1] [INFO] [1786371258.078648652] [fastlio_bridge_node]: 已桥接并转换里程计: ENU(2.61, -3.18, 0.11) -> NED(-2.61, -3.18, -0.11)
[mapping_manager_node-4] [INFO] [1786371259.121481112] [mapping_manager_node]: Mapping status: in_flight=false, map_loaded=false, map_saved=false
[map_io_node-3] [INFO] [1786371259.747915279] [map_io_node]: Map saved to /home/robot/rong_ws/ws_offboard_control/maps/现场扫图/20260810/扫图_20260810_221304/现场地图.pcd (53381 points)
[fastlio_bridge_node-1] [INFO] [1786371260.017274499] [rclcpp]: signal_handler(SIGINT/SIGTERM)
[frame_transform_node-2] [INFO] [1786371260.017329611] [rclcpp]: signal_handler(SIGINT/SIGTERM)
[map_io_node-3] [INFO] [1786371260.017308824] [rclcpp]: signal_handler(SIGINT/SIGTERM)
[mapping_manager_node-4] [INFO] [1786371260.017409369] [rclcpp]: signal_handler(SIGINT/SIGTERM)
[INFO] [fastlio_bridge_node-1]: process has finished cleanly [pid 11638]
[INFO] [mapping_manager_node-4]: process has finished cleanly [pid 11644]
[INFO] [frame_transform_node-2]: process has finished cleanly [pid 11640]
[INFO] [map_io_node-3]: process has finished cleanly [pid 11642]
