[debug rosbag] starting
[debug rosbag] command: env FLIGHT_TIMESTAMP=20260812_064556 FLIGHT_RUN_DIR=/home/robot/rong_ws/ws_offboard_control/flight_records/20260812/flight_20260812_064556 /home/robot/rong_ws/ws_offboard_control/tools/rosbag/开始录包.sh
[debug rosbag] pid=63957 pgid=63957 log=/home/robot/rong_ws/ws_offboard_control/flight_records/20260812/flight_20260812_064556/logs/rosbag_debug.log
本场次目录：/home/robot/rong_ws/ws_offboard_control/flight_records/20260812/flight_20260812_064556
参数快照目录：/home/robot/rong_ws/ws_offboard_control/flight_records/20260812/flight_20260812_064556/snapshot
录包输出目录：/home/robot/rong_ws/ws_offboard_control/flight_records/20260812/flight_20260812_064556/rosbag
是否录制完整配准点云：false
在本终端按 Ctrl+C 停止录包。
stdin is not a terminal device. Keyboard handling disabled.[INFO] [1786488410.153257358] [rosbag2_recorder]: Press SPACE for pausing/resuming
[INFO] [1786488410.161955442] [rosbag2_storage]: Opened database '/home/robot/rong_ws/ws_offboard_control/flight_records/20260812/flight_20260812_064556/rosbag/rosbag_0.db3' for READ_WRITE.
[INFO] [1786488410.169766476] [rosbag2_recorder]: Listening for topics...
[INFO] [1786488410.169775152] [rosbag2_recorder]: Event publisher thread: Starting
[INFO] [1786488410.178019367] [rosbag2_recorder]: Subscribed to topic '/race/pose'
[INFO] [1786488410.182019842] [rosbag2_recorder]: Subscribed to topic '/race/planner/status'
[INFO] [1786488410.186017898] [rosbag2_recorder]: Subscribed to topic '/race/navigation_setpoint'
[INFO] [1786488410.187911270] [rosbag2_recorder]: Subscribed to topic '/race/global_planner/status'
[INFO] [1786488410.190634993] [rosbag2_recorder]: Subscribed to topic '/path'
[INFO] [1786488410.194135498] [rosbag2_recorder]: Subscribed to topic '/race/control/status'
[INFO] [1786488410.199786692] [rosbag2_recorder]: Subscribed to topic '/mavros/setpoint_raw/local'
[INFO] [1786488410.203421188] [rosbag2_recorder]: Subscribed to topic '/goal_pose'
[INFO] [1786488410.206020365] [rosbag2_recorder]: Subscribed to topic '/race/odom'
[INFO] [1786488410.207980005] [rosbag2_recorder]: Subscribed to topic '/Odometry/guarded'
[INFO] [1786488410.210019694] [rosbag2_recorder]: Subscribed to topic '/Odometry'
[INFO] [1786488410.210281032] [rosbag2_recorder]: Recording...
[INFO] [1786488410.216164982] [rosbag2_recorder]: Subscribed to topic '/race/super_planner/raw_path'
[INFO] [1786488411.346028001] [rosbag2_recorder]: Subscribed to topic '/mavros/vision_pose/pose_cov'
[INFO] [1786488411.352367651] [rosbag2_recorder]: Subscribed to topic '/mavros/vision_speed/speed_twist_cov'
[INFO] [1786488411.360201682] [rosbag2_recorder]: Subscribed to topic '/mavros/state'
[INFO] [1786488411.368839033] [rosbag2_recorder]: Subscribed to topic '/mavros/local_position/velocity_body'
[INFO] [1786488411.374067621] [rosbag2_recorder]: Subscribed to topic '/mavros/setpoint_raw/target_local'
[INFO] [1786488411.376873150] [rosbag2_recorder]: Subscribed to topic '/mavros/local_position/velocity_local'
[INFO] [1786488411.386741083] [rosbag2_recorder]: Subscribed to topic '/mavros/local_position/odom'
[INFO] [1786488411.391678899] [rosbag2_recorder]: Subscribed to topic '/mavros/estimator_status'
[INFO] [1786488411.395450473] [rosbag2_recorder]: Subscribed to topic '/mavros/local_position/pose'
[INFO] [1786488412.240811002] [rosbag2_recorder]: Subscribed to topic '/ev_health/velocity_ned'
[INFO] [1786488412.252891820] [rosbag2_recorder]: Subscribed to topic '/ev_health/diagnostics'
[INFO] [1786488412.259708330] [rosbag2_recorder]: Subscribed to topic '/ev_health/status'
[INFO] [1786488412.263768042] [rosbag2_recorder]: Subscribed to topic '/ev_health/fault'
[INFO] [1786488412.267224991] [rosbag2_recorder]: Subscribed to topic '/Odometry/healthy'
[INFO] [1786489954.035685968] [rosbag2_cpp]: Writing remaining messages from cache to the bag. It may take a while
[INFO] [1786489954.055425709] [rosbag2_recorder]: Event publisher thread: Exiting
[INFO] [1786489954.055616062] [rosbag2_recorder]: Recording stopped
[debug rosbag] 已退出，状态码 143
