[MAVROS and EV chain] starting
[MAVROS and EV chain] command: ros2 launch px4_ros_com fastlio_mavros_autofix.launch.py fcu_url:=serial:///dev/ttyUSB0:921600\?ids=255\,190 start_mavros_vision_bridge:=true start_odom_guard:=true start_ev_health_monitor:=true start_tf:=true world_yaw_alignment_rad:=0.0 fastlio_odom_topic:=/planning/odom body_to_sensor_x_m:=0.0 body_to_sensor_y_m:=0.0 body_to_sensor_z_m:=0.08 body_to_fastlio_yaw_rad:=0.0
[MAVROS and EV chain] pid=6366 pgid=6366 log=/home/robot/rong_ws/ws_offboard_control/flight_records/20260813/flight_20260813_001751/logs/px4_mavros.log
[INFO] [launch]: All log files can be found below /home/robot/.ros/log/2026-08-13-00-18-30-666830-robot-6366
[INFO] [launch]: Default logging verbosity is set to INFO
[INFO] [mavros_node-1]: process started with pid [6439]
[INFO] [fastlio_odometry_guard-2]: process started with pid [6441]
[INFO] [fastlio_ev_health_monitor.py-3]: process started with pid [6443]
[INFO] [fix_mavros_odometry_frames.py-4]: process started with pid [6445]
[INFO] [fastlio_mavros_vision_bridge-5]: process started with pid [6447]
[INFO] [static_transform_publisher-6]: process started with pid [6449]
[INFO] [static_transform_publisher-7]: process started with pid [6451]
[INFO] [static_transform_publisher-8]: process started with pid [6453]
[fastlio_odometry_guard-2] [INFO] [1786551510.995810536] [fastlio_odometry_guard]: Guarding odometry /planning/odom -> /Odometry/guarded (jump=0.30m, xy=0.20m, z=0.10m, speed=1.20m/s, unknown angular variance>=100000)
[mavros_node-1] [INFO] [1786551511.081970546] [mavros.mavros_node]: Starting mavros_node container
[mavros_node-1] [INFO] [1786551511.082154610] [mavros.mavros_node]: FCU URL: serial:///dev/ttyUSB0:921600?ids=255,190
[mavros_node-1] [INFO] [1786551511.082169056] [mavros.mavros_node]: GCS URL: 
[mavros_node-1] [INFO] [1786551511.082178737] [mavros.mavros_node]: UAS Prefix: /uas1
[mavros_node-1] [INFO] [1786551511.082190931] [mavros.mavros_node]: Starting mavros router node
[static_transform_publisher-6] [INFO] [1786551511.091181911] [base_link_to_body]: Spinning until stopped - publishing transform
[static_transform_publisher-6] translation: ('0.000000', '0.000000', '0.080000')
[static_transform_publisher-6] rotation: ('0.000000', '0.000000', '-0.000000', '1.000000')
[static_transform_publisher-6] from 'base_link' to 'body'
[static_transform_publisher-8] [INFO] [1786551511.097772873] [body_to_body_frd]: Spinning until stopped - publishing transform
[static_transform_publisher-8] translation: ('0.000000', '0.000000', '0.000000')
[static_transform_publisher-8] rotation: ('1.000000', '0.000000', '0.000000', '0.000000')
[static_transform_publisher-8] from 'body' to 'body_frd'
[fastlio_mavros_vision_bridge-5] [INFO] [1786551511.119820434] [fastlio_mavros_vision_bridge]: Bridging /Odometry/healthy -> /mavros/vision_pose/pose_cov + vision_speed for MAVROS vision input; body->FAST-LIO origin in body FLU=(0.0000, 0.0000, 0.0800) m, R_FASTLIO_body yaw=0.000000 rad, world yaw alignment=0.000000 rad
[static_transform_publisher-7] [INFO] [1786551511.151184950] [camera_init_to_camera_init_ned]: Spinning until stopped - publishing transform
[static_transform_publisher-7] translation: ('0.000000', '0.000000', '0.000000')
[static_transform_publisher-7] rotation: ('0.707107', '0.707107', '0.000000', '0.000000')
[static_transform_publisher-7] from 'camera_init' to 'camera_init_ned'
[mavros_node-1] [INFO] [1786551511.225315649] [mavros.mavros_router]: Built-in SIMD instructions: SSE, SSE2
[mavros_node-1] [INFO] [1786551511.227410623] [mavros.mavros_router]: Built-in MAVLink package version: 2026.3.3
[mavros_node-1] [INFO] [1786551511.227449844] [mavros.mavros_router]: Known MAVLink dialects: common ardupilotmega ASLUAV AVSSUAS all csAirLink cubepilot development icarous loweheiser marsh matrixpilot paparazzi standard stemstudios storm32 uAvionix ualberta
[mavros_node-1] [INFO] [1786551511.227457617] [mavros.mavros_router]: MAVROS Router started
[mavros_node-1] [INFO] [1786551511.227802890] [mavros.mavros_node]: Starting mavros uas node
[fix_mavros_odometry_frames.py-4] [INFO] [1786551511.331717423] [fix_mavros_odometry_frames]: Waiting for /mavros/odometry parameter service...
[mavros_node-1] [INFO] [1786551511.471181748] [mavros.mavros_router]: Requested to add endpoint: type: 0, url: serial:///dev/ttyUSB0:921600?ids=255,190
[mavros_node-1] [INFO] [1786551511.471261246] [mavros.mavros_router]: Endpoint link[1000] created
[mavros_node-1] [INFO] [1786551511.472259482] [mavros.mavros_router]: link[1000] opened successfully
[mavros_node-1] [INFO] [1786551511.472346048] [mavros.mavros_router]: Requested to add endpoint: type: 2, url: /uas1
[mavros_node-1] [INFO] [1786551511.472394359] [mavros.mavros_router]: Endpoint link[1001] created
[mavros_node-1] [INFO] [1786551511.473797012] [mavros.mavros_router]: link[1000] detected remote address 232.185
[mavros_node-1] [INFO] [1786551511.478706864] [mavros.mavros_router]: link[1001] opened successfully
[mavros_node-1] [INFO] [1786551511.478906328] [mavros.mavros_router]: link[1000] detected remote address 1.1
[mavros_node-1] [INFO] [1786551511.481461694] [mavros.mavros]: UAS Executor started, threads: 16
[mavros_node-1] [INFO] [1786551511.481517005] [mavros.mavros]: Plugin actuator_control ignored
[mavros_node-1] [INFO] [1786551511.481660136] [mavros.mavros]: Plugin adsb ignored
[mavros_node-1] [INFO] [1786551511.481667507] [mavros.mavros]: Plugin altitude ignored
[mavros_node-1] [INFO] [1786551511.481671924] [mavros.mavros]: Plugin cam_imu_sync ignored
[mavros_node-1] [INFO] [1786551511.481676422] [mavros.mavros]: Plugin camera ignored
[mavros_node-1] [INFO] [1786551511.481680048] [mavros.mavros]: Plugin cellular_status ignored
[mavros_node-1] [INFO] [1786551511.564441557] [mavros.mavros]: Plugin command created
[mavros_node-1] [INFO] [1786551511.564568213] [mavros.mavros]: Plugin command initialized
[mavros_node-1] [INFO] [1786551511.564590250] [mavros.mavros]: Plugin companion_process_status ignored
[mavros_node-1] [INFO] [1786551511.564603180] [mavros.mavros]: Plugin debug_value ignored
[mavros_node-1] [INFO] [1786551511.564615617] [mavros.mavros]: Plugin distance_sensor ignored
[mavros_node-1] [INFO] [1786551511.564625555] [mavros.mavros]: Plugin esc_status ignored
[mavros_node-1] [INFO] [1786551511.564635553] [mavros.mavros]: Plugin esc_telemetry ignored
[mavros_node-1] [INFO] [1786551511.564645252] [mavros.mavros]: Plugin fake_gps ignored
[mavros_node-1] [INFO] [1786551511.564655598] [mavros.mavros]: Plugin ftp ignored
[mavros_node-1] [INFO] [1786551511.564665799] [mavros.mavros]: Plugin geofence ignored
[mavros_node-1] [INFO] [1786551511.564676394] [mavros.mavros]: Plugin gimbal_control ignored
[mavros_node-1] [INFO] [1786551511.564687801] [mavros.mavros]: Plugin global_position ignored
[mavros_node-1] [INFO] [1786551511.564697398] [mavros.mavros]: Plugin gps_input ignored
[mavros_node-1] [INFO] [1786551511.564707427] [mavros.mavros]: Plugin gps_rtk ignored
[mavros_node-1] [INFO] [1786551511.564718190] [mavros.mavros]: Plugin gps_status ignored
[mavros_node-1] [INFO] [1786551511.564728327] [mavros.mavros]: Plugin guided_target ignored
[mavros_node-1] [INFO] [1786551511.564737800] [mavros.mavros]: Plugin hil ignored
[mavros_node-1] [INFO] [1786551511.564748195] [mavros.mavros]: Plugin home_position ignored
[mavros_node-1] [INFO] [1786551511.594872097] [mavros.mavros]: Plugin imu created
[mavros_node-1] [INFO] [1786551511.595000321] [mavros.mavros]: Plugin imu initialized
[mavros_node-1] [INFO] [1786551511.595015295] [mavros.mavros]: Plugin landing_target ignored
[mavros_node-1] [INFO] [1786551511.636709685] [mavros.mavros]: Plugin local_position created
[mavros_node-1] [INFO] [1786551511.636858064] [mavros.mavros]: Plugin local_position initialized
[mavros_node-1] [INFO] [1786551511.636887808] [mavros.mavros]: Plugin log_transfer ignored
[mavros_node-1] [INFO] [1786551511.636900201] [mavros.mavros]: Plugin mag_calibration_status ignored
[mavros_node-1] [INFO] [1786551511.636991461] [mavros.mavros]: Plugin manual_control ignored
[mavros_node-1] [INFO] [1786551511.637005881] [mavros.mavros]: Plugin mocap_pose_estimate ignored
[mavros_node-1] [INFO] [1786551511.637017216] [mavros.mavros]: Plugin mount_control ignored
[mavros_node-1] [INFO] [1786551511.637027355] [mavros.mavros]: Plugin nav_controller_output ignored
[mavros_node-1] [INFO] [1786551511.637039468] [mavros.mavros]: Plugin obstacle_distance ignored
[mavros_node-1] [INFO] [1786551511.637049140] [mavros.mavros]: Plugin obstacle_distance_3d ignored
[mavros_node-1] [INFO] [1786551511.706934449] [mavros.mavros]: Plugin odometry created
[mavros_node-1] [INFO] [1786551511.707051142] [mavros.mavros]: Plugin odometry initialized
[mavros_node-1] [INFO] [1786551511.707071446] [mavros.mavros]: Plugin onboard_computer_status ignored
[mavros_node-1] [INFO] [1786551511.707084164] [mavros.mavros]: Plugin open_drone_id ignored
[mavros_node-1] [INFO] [1786551511.707094771] [mavros.mavros]: Plugin optical_flow ignored
[mavros_node-1] [INFO] [1786551511.707105523] [mavros.mavros]: Plugin param ignored
[mavros_node-1] [INFO] [1786551511.707116242] [mavros.mavros]: Plugin play_tune ignored
[mavros_node-1] [INFO] [1786551511.707126069] [mavros.mavros]: Plugin px4flow ignored
[mavros_node-1] [INFO] [1786551511.707135525] [mavros.mavros]: Plugin rallypoint ignored
[mavros_node-1] [INFO] [1786551511.707145790] [mavros.mavros]: Plugin rangefinder ignored
[mavros_node-1] [INFO] [1786551511.707156288] [mavros.mavros]: Plugin rc_io ignored
[mavros_node-1] [INFO] [1786551511.707166509] [mavros.mavros]: Plugin setpoint_accel ignored
[mavros_node-1] [INFO] [1786551511.707176912] [mavros.mavros]: Plugin setpoint_attitude ignored
[mavros_node-1] [INFO] [1786551511.707187517] [mavros.mavros]: Plugin setpoint_position ignored
[mavros_node-1] [INFO] [1786551511.764031451] [mavros.mavros]: Plugin setpoint_raw created
[mavros_node-1] [INFO] [1786551511.764246579] [mavros.mavros]: Plugin setpoint_raw initialized
[mavros_node-1] [INFO] [1786551511.764280727] [mavros.mavros]: Plugin setpoint_trajectory ignored
[mavros_node-1] [INFO] [1786551511.764339883] [mavros.mavros]: Plugin setpoint_velocity ignored
[mavros_node-1] [INFO] [1786551511.764347601] [mavros.mavros]: Plugin sim_state ignored
[mavros_node-1] [INFO] [1786551511.820040796] [mavros.mavros]: Plugin sys_status created
[mavros_node-1] [INFO] [1786551511.820577115] [mavros.mavros]: Plugin sys_status initialized
[fix_mavros_odometry_frames.py-4] [INFO] [1786551511.833770074] [fix_mavros_odometry_frames]: Setting MAVROS odometry target frames to odom/base_link.
[fix_mavros_odometry_frames.py-4] [INFO] [1786551511.838292335] [fix_mavros_odometry_frames]: MAVROS odometry frame targets updated successfully.
[mavros_node-1] [INFO] [1786551511.853222042] [mavros.time]: TM: Timesync mode: MAVLINK
[fastlio_ev_health_monitor.py-3] [INFO] [1786551511.853480393] [fastlio_ev_health_monitor]: EV health gate /planning/odom -> /Odometry/healthy; compare /mavros/local_position/velocity_local in PX4 local NED; status=/ev_health/status, diagnostics=/ev_health/diagnostics
[mavros_node-1] [INFO] [1786551511.862469762] [mavros.mavros]: Plugin sys_time created
[mavros_node-1] [INFO] [1786551511.862620323] [mavros.mavros]: Plugin sys_time initialized
[mavros_node-1] [INFO] [1786551511.862648695] [mavros.mavros]: Plugin tdr_radio ignored
[mavros_node-1] [INFO] [1786551511.862663618] [mavros.mavros]: Plugin terrain ignored
[mavros_node-1] [INFO] [1786551511.862676310] [mavros.mavros]: Plugin trajectory ignored
[mavros_node-1] [INFO] [1786551511.862688291] [mavros.mavros]: Plugin tunnel ignored
[mavros_node-1] [INFO] [1786551511.862701043] [mavros.mavros]: Plugin vfr_hud ignored
[mavros_node-1] [INFO] [1786551511.862713137] [mavros.mavros]: Plugin vibration ignored
[mavros_node-1] [INFO] [1786551511.893473816] [mavros.mavros]: Plugin vision_pose created
[mavros_node-1] [INFO] [1786551511.893548915] [mavros.mavros]: Plugin vision_pose initialized
[fastlio_ev_health_monitor.py-3] [WARN] [1786551511.920743860] [fastlio_ev_health_monitor]: EV health state=SUSPECT: waiting_for_ev
[mavros_node-1] [INFO] [1786551511.926512329] [mavros.mavros]: Plugin vision_speed created
[mavros_node-1] [INFO] [1786551511.926639319] [mavros.mavros]: Plugin vision_speed initialized
[mavros_node-1] [INFO] [1786551511.926654140] [mavros.mavros]: Plugin waypoint ignored
[mavros_node-1] [INFO] [1786551511.926659031] [mavros.mavros]: Plugin wheel_odometry ignored
[mavros_node-1] [INFO] [1786551511.926663485] [mavros.mavros]: Plugin wind_estimation ignored
[mavros_node-1] [INFO] [1786551511.931547893] [mavros.mavros]: Built-in SIMD instructions: SSE, SSE2
[mavros_node-1] [INFO] [1786551511.931653087] [mavros.mavros]: Built-in MAVLink package version: 2026.3.3
[mavros_node-1] [INFO] [1786551511.931663149] [mavros.mavros]: Known MAVLink dialects: common ardupilotmega ASLUAV AVSSUAS all csAirLink cubepilot development icarous loweheiser marsh matrixpilot paparazzi standard stemstudios storm32 uAvionix ualberta
[mavros_node-1] [INFO] [1786551511.931671248] [mavros.mavros]: MAVROS UAS via /uas1 started. MY ID 255.190, TARGET ID 1.1
[mavros_node-1] [INFO] [1786551511.933563745] [mavros.imu]: IMU: Attitude quaternion IMU detected!
[mavros_node-1] [INFO] [1786551511.944245053] [mavros.imu]: IMU: High resolution IMU detected!
[mavros_node-1] [INFO] [1786551511.970273303] [mavros.mavros_router]: link[1001] detected remote address 255.190
[INFO] [fix_mavros_odometry_frames.py-4]: process has finished cleanly [pid 6445]
[fastlio_ev_health_monitor.py-3] [WARN] [1786551512.318040582] [fastlio_ev_health_monitor]: EV health state=FAULT: waiting_for_ev
[mavros_node-1] [INFO] [1786551512.568415097] [mavros.mavros]: CON: Got HEARTBEAT, connected. FCU: PX4 Autopilot
[mavros_node-1] [INFO] [1786551512.572142927] [mavros.imu]: IMU: Attitude quaternion IMU detected!
[mavros_node-1] [INFO] [1786551512.585048588] [mavros.imu]: IMU: High resolution IMU detected!
[mavros_node-1] [WARN] [1786551513.583848955] [mavros.cmd]: CMD: Unexpected command 520, result 3
[mavros_node-1] [WARN] [1786551514.578038612] [mavros.sys]: VER: broadcast request timeout, retries left 4
[mavros_node-1] [WARN] [1786551515.580658622] [mavros.sys]: VER: broadcast request timeout, retries left 3
[fastlio_ev_health_monitor.py-3] [INFO] [1786551515.651023218] [fastlio_ev_health_monitor]: EV health state=HEALTHY: ok
[mavros_node-1] [WARN] [1786551516.015586135] [mavros.sys]: FCU: UNK(8): EVENT 11047904 with args -0-128-0-18-1-0-0-0-0-0-0-0-0-131-191-1-128-0-0-0-0-0-0-0-0-0-0-0-0-0-0-0-0-0-0-0-0-0-0-0-
[mavros_node-1] [ERROR] [1786551516.015767226] [mavros.sys]: FCU: EVENT 16642797 with args -124-0-126-0-17-0-0-0-0-0-0-0-0-0-0-0-0-0-0-0-0-0-0-0-0-0-0-0-0-0-0-0-0-0-0-0-0-0-0-0-
[mavros_node-1] [ERROR] [1786551516.017091213] [mavros.sys]: FCU: EVENT 9077977 with args -255-255-255-255-7-0-0-0-0-0-0-0-0-0-0-0-0-0-0-0-0-0-0-0-0-0-0-0-0-0-0-0-0-0-0-0-0-0-0-0-
[mavros_node-1] [ERROR] [1786551516.018673133] [mavros.sys]: FCU: EVENT 11464574 with args -0-64-0-0-20-0-0-0-0-0-0-0-0-0-0-0-0-0-0-0-0-0-0-0-0-0-0-0-0-0-0-0-0-0-0-0-0-0-0-0-
[mavros_node-1] [ERROR] [1786551516.018906350] [mavros.sys]: FCU: EVENT 13835193 with args -124-0-126-0-17-0-0-0-0-0-0-0-0-0-0-0-0-0-0-0-0-0-0-0-0-0-0-0-0-0-0-0-0-0-0-0-0-0-0-0-
[mavros_node-1] [ERROR] [1786551516.018963430] [mavros.sys]: FCU: EVENT 10011251 with args -56-0-0-0-24-0-0-0-0-0-0-0-0-0-0-0-0-0-0-0-0-0-0-0-0-0-0-0-0-0-0-0-0-0-0-0-0-0-0-0-
[mavros_node-1] [INFO] [1786551516.019012798] [mavros.sys]: FCU: EVENT 377561 with args -8-0-0-0-20-0-0-0-0-0-0-0-0-0-0-0-0-0-0-0-0-0-0-0-0-0-0-0-0-0-0-0-0-0-0-0-0-0-0-0-
[mavros_node-1] [INFO] [1786551516.019059664] [mavros.sys]: FCU: EVENT 79408 with args -32-0-0-0-20-0-0-0-0-0-0-0-0-0-0-0-0-0-0-0-0-0-0-0-0-0-0-0-0-0-0-0-0-0-0-0-0-0-0-0-
[mavros_node-1] [INFO] [1786551516.019103460] [mavros.sys]: FCU: EVENT 6801787 with args -255-255-255-255-12-0-0-0-0-0-0-0-0-0-0-0-0-0-0-0-0-0-0-0-0-0-0-0-0-0-0-0-0-0-0-0-0-0-0-0-
[mavros_node-1] [WARN] [1786551516.019151157] [mavros.sys]: FCU: UNK(8): EVENT 1914663 with args -0-130-0-2-48-0-0-0-0-0-0-0-0-0-0-0-0-0-0-0-0-0-0-0-0-0-0-0-0-0-0-0-0-0-0-0-0-0-0-0-
[mavros_node-1] [ERROR] [1786551516.582246660] [mavros.sys]: VER: command plugin service call failed!
[mavros_node-1] [WARN] [1786551516.582301793] [mavros.sys]: VER: unicast request timeout, retries left 2
[mavros_node-1] [ERROR] [1786551517.614210080] [mavros.sys]: VER: command plugin service call failed!
[mavros_node-1] [WARN] [1786551517.614361671] [mavros.sys]: VER: unicast request timeout, retries left 1
[mavros_node-1] [WARN] [1786551518.063395049] [mavros.sys]: FCU: UNK(8): EVENT 11047904 with args -0-128-0-16-1-0-0-0-0-0-0-0-0-199-191-127-128-0-0-0-0-0-0-0-0-0-0-0-0-0-0-0-0-0-0-0-0-0-0-0-
[mavros_node-1] [ERROR] [1786551518.063639260] [mavros.sys]: FCU: EVENT 9077977 with args -255-255-255-255-7-0-0-0-0-0-0-0-0-0-0-0-0-0-0-0-0-0-0-0-0-0-0-0-0-0-0-0-0-0-0-0-0-0-0-0-
[mavros_node-1] [ERROR] [1786551518.063955265] [mavros.sys]: FCU: EVENT 11464574 with args -0-64-0-0-20-0-0-0-0-0-0-0-0-0-0-0-0-0-0-0-0-0-0-0-0-0-0-0-0-0-0-0-0-0-0-0-0-0-0-0-
[mavros_node-1] [ERROR] [1786551518.064547426] [mavros.sys]: FCU: EVENT 10011251 with args -56-0-0-0-24-0-0-0-0-0-0-0-0-0-0-0-0-0-0-0-0-0-0-0-0-0-0-0-0-0-0-0-0-0-0-0-0-0-0-0-
[mavros_node-1] [INFO] [1786551518.064838683] [mavros.sys]: FCU: EVENT 377561 with args -8-0-0-0-20-0-0-0-0-0-0-0-0-0-0-0-0-0-0-0-0-0-0-0-0-0-0-0-0-0-0-0-0-0-0-0-0-0-0-0-
[mavros_node-1] [INFO] [1786551518.064978228] [mavros.sys]: FCU: EVENT 79408 with args -32-0-0-0-20-0-0-0-0-0-0-0-0-0-0-0-0-0-0-0-0-0-0-0-0-0-0-0-0-0-0-0-0-0-0-0-0-0-0-0-
[mavros_node-1] [INFO] [1786551518.065131975] [mavros.sys]: FCU: EVENT 6801787 with args -255-255-255-255-12-0-0-0-0-0-0-0-0-0-0-0-0-0-0-0-0-0-0-0-0-0-0-0-0-0-0-0-0-0-0-0-0-0-0-0-
[mavros_node-1] [WARN] [1786551518.067958679] [mavros.sys]: FCU: UNK(8): EVENT 1914663 with args -0-130-0-2-48-0-0-0-0-0-0-0-0-0-0-0-0-0-0-0-0-0-0-0-0-0-0-0-0-0-0-0-0-0-0-0-0-0-0-0-
[mavros_node-1] [ERROR] [1786551518.590343200] [mavros.sys]: VER: command plugin service call failed!
[mavros_node-1] [WARN] [1786551518.590418388] [mavros.sys]: VER: unicast request timeout, retries left 0
[mavros_node-1] [ERROR] [1786551519.594357537] [mavros.sys]: VER: command plugin service call failed!
[mavros_node-1] [WARN] [1786551519.594451287] [mavros.sys]: VER: your FCU don't support AUTOPILOT_VERSION, switched to default capabilities
[mavros_node-1] [WARN] [1786551523.199616968] [mavros.sys]: FCU: UNK(8): EVENT 11047904 with args -0-128-0-0-1-0-0-0-0-0-0-0-0-199-255-127-128-0-0-0-0-0-0-0-0-0-0-0-0-0-0-0-0-0-0-0-0-0-0-0-
[mavros_node-1] [ERROR] [1786551523.199874086] [mavros.sys]: FCU: EVENT 9077977 with args -255-255-255-255-7-0-0-0-0-0-0-0-0-0-0-0-0-0-0-0-0-0-0-0-0-0-0-0-0-0-0-0-0-0-0-0-0-0-0-0-
[mavros_node-1] [ERROR] [1786551523.200212450] [mavros.sys]: FCU: EVENT 10011251 with args -56-0-0-0-24-0-0-0-0-0-0-0-0-0-0-0-0-0-0-0-0-0-0-0-0-0-0-0-0-0-0-0-0-0-0-0-0-0-0-0-
[mavros_node-1] [INFO] [1786551523.200655046] [mavros.sys]: FCU: EVENT 377561 with args -8-0-0-0-20-0-0-0-0-0-0-0-0-0-0-0-0-0-0-0-0-0-0-0-0-0-0-0-0-0-0-0-0-0-0-0-0-0-0-0-
[mavros_node-1] [INFO] [1786551523.201049664] [mavros.sys]: FCU: EVENT 79408 with args -32-0-0-0-20-0-0-0-0-0-0-0-0-0-0-0-0-0-0-0-0-0-0-0-0-0-0-0-0-0-0-0-0-0-0-0-0-0-0-0-
[mavros_node-1] [INFO] [1786551523.201215047] [mavros.sys]: FCU: EVENT 6801787 with args -255-255-255-255-12-0-0-0-0-0-0-0-0-0-0-0-0-0-0-0-0-0-0-0-0-0-0-0-0-0-0-0-0-0-0-0-0-0-0-0-
[mavros_node-1] [WARN] [1786551523.202427112] [mavros.sys]: FCU: UNK(8): EVENT 1914663 with args -0-130-0-2-48-0-0-0-0-0-0-0-0-0-0-0-0-0-0-0-0-0-0-0-0-0-0-0-0-0-0-0-0-0-0-0-0-0-0-0-
[mavros_node-1] [WARN] [1786551560.346928848] [mavros.sys]: FCU: UNK(8): EVENT 11047904 with args -0-0-0-0-1-0-0-0-0-199-255-127-128-199-255-127-128-0-0-0-0-0-0-0-0-0-0-0-0-0-0-0-0-0-0-0-0-0-0-0-
[mavros_node-1] [ERROR] [1786551560.347298415] [mavros.sys]: FCU: EVENT 10011251 with args -56-0-0-0-24-0-0-0-0-0-0-0-0-0-0-0-0-0-0-0-0-0-0-0-0-0-0-0-0-0-0-0-0-0-0-0-0-0-0-0-
[mavros_node-1] [INFO] [1786551560.347617080] [mavros.sys]: FCU: EVENT 377561 with args -8-0-0-0-20-0-0-0-0-0-0-0-0-0-0-0-0-0-0-0-0-0-0-0-0-0-0-0-0-0-0-0-0-0-0-0-0-0-0-0-
[mavros_node-1] [INFO] [1786551560.347882341] [mavros.sys]: FCU: EVENT 79408 with args -32-0-0-0-20-0-0-0-0-0-0-0-0-0-0-0-0-0-0-0-0-0-0-0-0-0-0-0-0-0-0-0-0-0-0-0-0-0-0-0-
[mavros_node-1] [INFO] [1786551560.348023514] [mavros.sys]: FCU: EVENT 6801787 with args -255-255-255-255-12-0-0-0-0-0-0-0-0-0-0-0-0-0-0-0-0-0-0-0-0-0-0-0-0-0-0-0-0-0-0-0-0-0-0-0-
[mavros_node-1] [WARN] [1786551560.348368454] [mavros.sys]: FCU: UNK(8): EVENT 1914663 with args -0-130-0-2-48-0-0-0-0-0-0-0-0-0-0-0-0-0-0-0-0-0-0-0-0-0-0-0-0-0-0-0-0-0-0-0-0-0-0-0-
[mavros_node-1] [INFO] [1786551560.735475610] [mavros.sys]: FCU: EVENT 9489139 with args -2-0-0-0-0-0-0-0-0-0-0-0-0-0-0-0-0-0-0-0-0-0-0-0-0-0-0-0-0-0-0-0-0-0-0-0-0-0-0-0-
[mavros_node-1] [INFO] [1786551560.788720243] [mavros.sys]: FCU: EVENT 4535132 with args -4-0-100-0-0-0-0-0-0-0-0-0-0-0-0-0-0-0-0-0-0-0-0-0-0-0-0-0-0-0-0-0-0-0-0-0-0-0-0-0-
[mavros_node-1] [WARN] [1786551562.401051147] [mavros.sys]: FCU: UNK(8): EVENT 11047904 with args -0-0-0-0-1-0-0-0-0-199-255-127-128-199-255-127-128-0-0-0-0-0-0-0-0-0-0-0-0-0-0-0-0-0-0-0-0-0-0-0-
[mavros_node-1] [ERROR] [1786551562.401265071] [mavros.sys]: FCU: EVENT 10011251 with args -56-0-0-0-24-0-0-0-0-0-0-0-0-0-0-0-0-0-0-0-0-0-0-0-0-0-0-0-0-0-0-0-0-0-0-0-0-0-0-0-
[mavros_node-1] [INFO] [1786551562.401636923] [mavros.sys]: FCU: EVENT 377561 with args -8-0-0-0-20-0-0-0-0-0-0-0-0-0-0-0-0-0-0-0-0-0-0-0-0-0-0-0-0-0-0-0-0-0-0-0-0-0-0-0-
[mavros_node-1] [INFO] [1786551562.401736008] [mavros.sys]: FCU: EVENT 79408 with args -32-0-0-0-20-0-0-0-0-0-0-0-0-0-0-0-0-0-0-0-0-0-0-0-0-0-0-0-0-0-0-0-0-0-0-0-0-0-0-0-
[mavros_node-1] [INFO] [1786551562.401959181] [mavros.sys]: FCU: EVENT 6801787 with args -255-255-255-255-12-0-0-0-0-0-0-0-0-0-0-0-0-0-0-0-0-0-0-0-0-0-0-0-0-0-0-0-0-0-0-0-0-0-0-0-
[mavros_node-1] [WARN] [1786551562.404446865] [mavros.sys]: FCU: UNK(8): EVENT 1914663 with args -0-130-4-2-48-0-0-0-0-0-0-0-0-0-0-0-0-0-0-0-0-0-0-0-0-0-0-0-0-0-0-0-0-0-0-0-0-0-0-0-
[mavros_node-1] [INFO] [1786551562.567076584] [mavros.sys]: FCU: EVENT 4277609 with args -0-0-0-0-0-0-0-0-0-0-0-0-0-0-0-0-0-0-0-0-0-0-0-0-0-0-0-0-0-0-0-0-0-0-0-0-0-0-0-0-
[mavros_node-1] [WARN] [1786551568.597495325] [uas]: PX4: Unknown sub-mode 3.2
[mavros_node-1] [WARN] [1786551569.597213792] [uas]: PX4: Unknown sub-mode 3.2
[mavros_node-1] [WARN] [1786551570.597165702] [uas]: PX4: Unknown sub-mode 3.2
[mavros_node-1] [WARN] [1786551571.597793254] [uas]: PX4: Unknown sub-mode 3.2
[mavros_node-1] [WARN] [1786551572.597107611] [uas]: PX4: Unknown sub-mode 3.2
[mavros_node-1] [WARN] [1786551573.595549485] [uas]: PX4: Unknown sub-mode 3.2
[mavros_node-1] [WARN] [1786551574.597871671] [uas]: PX4: Unknown sub-mode 3.2
[mavros_node-1] [WARN] [1786551575.596678695] [uas]: PX4: Unknown sub-mode 3.2
[mavros_node-1] [WARN] [1786551576.597245362] [uas]: PX4: Unknown sub-mode 3.2
[mavros_node-1] [WARN] [1786551577.599061122] [uas]: PX4: Unknown sub-mode 3.2
[mavros_node-1] [WARN] [1786551578.597374972] [uas]: PX4: Unknown sub-mode 3.2
[mavros_node-1] [WARN] [1786551579.596908081] [uas]: PX4: Unknown sub-mode 3.2
[mavros_node-1] [WARN] [1786551580.598463009] [uas]: PX4: Unknown sub-mode 3.2
[mavros_node-1] [WARN] [1786551581.596637954] [uas]: PX4: Unknown sub-mode 3.2
[mavros_node-1] [WARN] [1786551582.596547945] [uas]: PX4: Unknown sub-mode 3.2
[mavros_node-1] [WARN] [1786551583.597132667] [uas]: PX4: Unknown sub-mode 3.2
[mavros_node-1] [WARN] [1786551584.598040200] [uas]: PX4: Unknown sub-mode 3.2
[mavros_node-1] [WARN] [1786551585.598143366] [uas]: PX4: Unknown sub-mode 3.2
[mavros_node-1] [WARN] [1786551586.599358663] [uas]: PX4: Unknown sub-mode 3.2
[mavros_node-1] [WARN] [1786551587.599245689] [uas]: PX4: Unknown sub-mode 3.2
[mavros_node-1] [WARN] [1786551588.597787198] [uas]: PX4: Unknown sub-mode 3.2
[mavros_node-1] [WARN] [1786551589.598824959] [uas]: PX4: Unknown sub-mode 3.2
[mavros_node-1] [WARN] [1786551590.598788188] [uas]: PX4: Unknown sub-mode 3.2
[mavros_node-1] [WARN] [1786551591.601864222] [uas]: PX4: Unknown sub-mode 3.2
[mavros_node-1] [WARN] [1786551592.599294348] [uas]: PX4: Unknown sub-mode 3.2
[mavros_node-1] [WARN] [1786551593.599181064] [uas]: PX4: Unknown sub-mode 3.2
[mavros_node-1] [WARN] [1786551594.598261672] [uas]: PX4: Unknown sub-mode 3.2
[mavros_node-1] [WARN] [1786551595.598475812] [uas]: PX4: Unknown sub-mode 3.2
[fastlio_ev_health_monitor.py-3] [WARN] [1786551616.661823979] [fastlio_ev_health_monitor]: EV health state=SUSPECT: px4_velocity_unaligned
[fastlio_ev_health_monitor.py-3] [INFO] [1786551618.962568754] [fastlio_ev_health_monitor]: EV health state=HEALTHY: ok
[fastlio_ev_health_monitor.py-3] [WARN] [1786551630.813907892] [fastlio_ev_health_monitor]: EV health state=SUSPECT: stale_input age=0.273s
[mavros_node-1] [INFO] [1786551631.260905259] [mavros.mavros_router]: link[1000] removed stale remote address 232.0
[mavros_node-1] [INFO] [1786551631.261042559] [mavros.mavros_router]: link[1000] removed stale remote address 232.185
[fastlio_ev_health_monitor.py-3] [INFO] [1786551632.867775000] [fastlio_ev_health_monitor]: EV health state=HEALTHY: ok
[fastlio_ev_health_monitor.py-3] [WARN] [1786551676.651792873] [fastlio_ev_health_monitor]: EV health state=SUSPECT: stale_input age=0.311s
[fastlio_ev_health_monitor.py-3] [INFO] [1786551678.672476631] [fastlio_ev_health_monitor]: EV health state=HEALTHY: ok
[fastlio_ev_health_monitor.py-3] [WARN] [1786551700.657187880] [fastlio_ev_health_monitor]: EV health state=SUSPECT: px4_velocity_unaligned
[mavros_node-1] [WARN] [1786551701.605832040] [uas]: PX4: Unknown sub-mode 3.2
[mavros_node-1] [WARN] [1786551702.604321611] [uas]: PX4: Unknown sub-mode 3.2
[fastlio_ev_health_monitor.py-3] [INFO] [1786551702.966876925] [fastlio_ev_health_monitor]: EV health state=HEALTHY: ok
[mavros_node-1] [WARN] [1786551703.603084972] [uas]: PX4: Unknown sub-mode 3.2
[mavros_node-1] [ERROR] [1786551703.757380921] [mavros.sys]: FCU: EVENT 11290563 with args -0-0-0-0-0-0-0-0-0-0-0-0-0-0-0-0-0-0-0-0-0-0-0-0-0-0-0-0-0-0-0-0-0-0-0-0-0-0-0-0-
[mavros_node-1] [WARN] [1786551703.844925807] [mavros.sys]: FCU: UNK(8): EVENT 11047904 with args -0-0-0-16-1-0-0-0-0-0-0-0-0-199-255-127-128-0-0-0-0-0-0-0-0-0-0-0-0-0-0-0-0-0-0-0-0-0-0-0-
[mavros_node-1] [ERROR] [1786551703.845287334] [mavros.sys]: FCU: EVENT 10011251 with args -56-0-0-0-24-0-0-0-0-0-0-0-0-0-0-0-0-0-0-0-0-0-0-0-0-0-0-0-0-0-0-0-0-0-0-0-0-0-0-0-
[mavros_node-1] [INFO] [1786551703.845598950] [mavros.sys]: FCU: EVENT 377561 with args -8-0-0-0-20-0-0-0-0-0-0-0-0-0-0-0-0-0-0-0-0-0-0-0-0-0-0-0-0-0-0-0-0-0-0-0-0-0-0-0-
[mavros_node-1] [INFO] [1786551703.845842630] [mavros.sys]: FCU: EVENT 79408 with args -32-0-0-0-20-0-0-0-0-0-0-0-0-0-0-0-0-0-0-0-0-0-0-0-0-0-0-0-0-0-0-0-0-0-0-0-0-0-0-0-
[mavros_node-1] [ERROR] [1786551703.846061079] [mavros.sys]: FCU: EVENT 12754954 with args -255-255-255-255-20-0-0-0-0-0-0-0-0-0-0-0-0-0-0-0-0-0-0-0-0-0-0-0-0-0-0-0-0-0-0-0-0-0-0-0-
[mavros_node-1] [INFO] [1786551703.846302671] [mavros.sys]: FCU: EVENT 6801787 with args -255-255-255-255-12-0-0-0-0-0-0-0-0-0-0-0-0-0-0-0-0-0-0-0-0-0-0-0-0-0-0-0-0-0-0-0-0-0-0-0-
[mavros_node-1] [WARN] [1786551703.846683738] [mavros.sys]: FCU: UNK(8): EVENT 1914663 with args -0-130-4-2-48-0-0-0-0-0-0-0-0-0-0-0-0-0-0-0-0-0-0-0-0-0-0-0-0-0-0-0-0-0-0-0-0-0-0-0-
[mavros_node-1] [WARN] [1786551704.602824357] [uas]: PX4: Unknown sub-mode 3.2
[mavros_node-1] [WARN] [1786551705.603108949] [uas]: PX4: Unknown sub-mode 3.2
[mavros_node-1] [WARN] [1786551706.601630902] [uas]: PX4: Unknown sub-mode 3.2
[mavros_node-1] [WARN] [1786551707.599398900] [uas]: PX4: Unknown sub-mode 3.2
[mavros_node-1] [WARN] [1786551708.599303224] [uas]: PX4: Unknown sub-mode 3.2
[mavros_node-1] [INFO] [1786551708.770371915] [mavros.sys]: FCU: EVENT 16017271 with args -8-0-0-0-0-0-0-0-0-0-0-0-0-0-0-0-0-0-0-0-0-0-0-0-0-0-0-0-0-0-0-0-0-0-0-0-0-0-0-0-
[mavros_node-1] [WARN] [1786551708.770875652] [mavros.sys]: FCU: UNK(8): EVENT 11047904 with args -0-128-0-16-1-0-0-0-0-0-0-0-0-199-255-127-128-0-0-0-0-0-0-0-0-0-0-0-0-0-0-0-0-0-0-0-0-0-0-0-
[mavros_node-1] [ERROR] [1786551708.771171324] [mavros.sys]: FCU: EVENT 9077977 with args -255-255-255-255-7-0-0-0-0-0-0-0-0-0-0-0-0-0-0-0-0-0-0-0-0-0-0-0-0-0-0-0-0-0-0-0-0-0-0-0-
[mavros_node-1] [ERROR] [1786551708.771366368] [mavros.sys]: FCU: EVENT 10011251 with args -56-0-0-0-24-0-0-0-0-0-0-0-0-0-0-0-0-0-0-0-0-0-0-0-0-0-0-0-0-0-0-0-0-0-0-0-0-0-0-0-
[mavros_node-1] [INFO] [1786551708.771525645] [mavros.sys]: FCU: EVENT 377561 with args -8-0-0-0-20-0-0-0-0-0-0-0-0-0-0-0-0-0-0-0-0-0-0-0-0-0-0-0-0-0-0-0-0-0-0-0-0-0-0-0-
[mavros_node-1] [INFO] [1786551708.771861140] [mavros.sys]: FCU: EVENT 79408 with args -32-0-0-0-20-0-0-0-0-0-0-0-0-0-0-0-0-0-0-0-0-0-0-0-0-0-0-0-0-0-0-0-0-0-0-0-0-0-0-0-
[mavros_node-1] [ERROR] [1786551708.772202836] [mavros.sys]: FCU: EVENT 12754954 with args -255-255-255-255-20-0-0-0-0-0-0-0-0-0-0-0-0-0-0-0-0-0-0-0-0-0-0-0-0-0-0-0-0-0-0-0-0-0-0-0-
[mavros_node-1] [INFO] [1786551708.772534392] [mavros.sys]: FCU: EVENT 6801787 with args -255-255-255-255-12-0-0-0-0-0-0-0-0-0-0-0-0-0-0-0-0-0-0-0-0-0-0-0-0-0-0-0-0-0-0-0-0-0-0-0-
[mavros_node-1] [WARN] [1786551708.773290878] [mavros.sys]: FCU: UNK(8): EVENT 1914663 with args -0-130-4-2-48-0-0-0-0-0-0-0-0-0-0-0-0-0-0-0-0-0-0-0-0-0-0-0-0-0-0-0-0-0-0-0-0-0-0-0-
[mavros_node-1] [WARN] [1786551709.598382005] [uas]: PX4: Unknown sub-mode 3.2
[mavros_node-1] [WARN] [1786551710.597535115] [uas]: PX4: Unknown sub-mode 3.2
[MAVROS and EV chain] 正在停止进程组 6366
[MAVROS and EV chain] 已退出，状态码 143
