[debug rosbag] starting
[debug rosbag] command: env FLIGHT_TIMESTAMP=20260813_001751 FLIGHT_RUN_DIR=/home/robot/rong_ws/ws_offboard_control/flight_records/20260813/flight_20260813_001751 /home/robot/rong_ws/ws_offboard_control/tools/rosbag/开始录包.sh
[debug rosbag] pid=7473 pgid=7473 log=/home/robot/rong_ws/ws_offboard_control/flight_records/20260813/flight_20260813_001751/logs/rosbag_debug.log
本场次目录：/home/robot/rong_ws/ws_offboard_control/flight_records/20260813/flight_20260813_001751
参数快照目录：/home/robot/rong_ws/ws_offboard_control/flight_records/20260813/flight_20260813_001751/snapshot
录包输出目录：/home/robot/rong_ws/ws_offboard_control/flight_records/20260813/flight_20260813_001751/rosbag
是否录制完整配准点云：false
是否录制 EGO 障碍诊断：true
在本终端按 Ctrl+C 停止录包。
stdin is not a terminal device. Keyboard handling disabled.[INFO] [1786551529.304073521] [rosbag2_recorder]: Press SPACE for pausing/resuming
[INFO] [1786551529.312181749] [rosbag2_storage]: Opened database '/home/robot/rong_ws/ws_offboard_control/flight_records/20260813/flight_20260813_001751/rosbag/rosbag_0.db3' for READ_WRITE.
[INFO] [1786551529.317739589] [rosbag2_recorder]: Listening for topics...
[INFO] [1786551529.317762373] [rosbag2_recorder]: Event publisher thread: Starting
[INFO] [1786551529.326426781] [rosbag2_recorder]: Subscribed to topic '/race/ego/trajectory_setpoint'
[INFO] [1786551529.329533562] [rosbag2_recorder]: Subscribed to topic '/race/ego/predicted_path'
[INFO] [1786551529.331741891] [rosbag2_recorder]: Subscribed to topic '/tf_static'
[INFO] [1786551529.334536538] [rosbag2_recorder]: Subscribed to topic '/race/ego/position_command'
[INFO] [1786551529.337246745] [rosbag2_recorder]: Subscribed to topic '/race/ego/occupancy_inflate'
[INFO] [1786551529.343981579] [rosbag2_recorder]: Subscribed to topic '/race/ego/status'
[INFO] [1786551529.345849371] [rosbag2_recorder]: Subscribed to topic '/race/ego/occupancy'
[INFO] [1786551529.347058774] [rosbag2_recorder]: Subscribed to topic '/race/ego/command_local_goal_seq'
[INFO] [1786551529.349195017] [rosbag2_recorder]: Subscribed to topic '/race/ego/bspline'
[INFO] [1786551529.351372173] [rosbag2_recorder]: Subscribed to topic '/race/ego/validated_bspline'
[INFO] [1786551529.356695264] [rosbag2_recorder]: Subscribed to topic '/race/control/status'
[INFO] [1786551529.359211422] [rosbag2_recorder]: Subscribed to topic '/mavros/setpoint_raw/local'
[INFO] [1786551529.361095538] [rosbag2_recorder]: Recording...
[INFO] [1786551529.364771888] [rosbag2_recorder]: Subscribed to topic '/path'
[INFO] [1786551529.368714297] [rosbag2_recorder]: Subscribed to topic '/ev_health/velocity_ned'
[INFO] [1786551529.378072336] [rosbag2_recorder]: Subscribed to topic '/ev_health/diagnostics'
[INFO] [1786551529.381065012] [rosbag2_recorder]: Subscribed to topic '/tf'
[INFO] [1786551529.385031607] [rosbag2_recorder]: Subscribed to topic '/ev_health/status'
[INFO] [1786551529.387485152] [rosbag2_recorder]: Subscribed to topic '/ev_health/fault'
[INFO] [1786551529.389052278] [rosbag2_recorder]: Subscribed to topic '/Odometry/healthy'
[INFO] [1786551529.393792757] [rosbag2_recorder]: Subscribed to topic '/Odometry'
[INFO] [1786551529.500851671] [rosbag2_recorder]: Subscribed to topic '/race/global_planner/status'
[INFO] [1786551529.503610791] [rosbag2_recorder]: Subscribed to topic '/race/ego/local_path_reference'
[INFO] [1786551529.505886708] [rosbag2_recorder]: Subscribed to topic '/race/ego/local_goal'
[INFO] [1786551529.507663596] [rosbag2_recorder]: Subscribed to topic '/mavros/vision_pose/pose_cov'
[INFO] [1786551529.509302235] [rosbag2_recorder]: Subscribed to topic '/race/global_path'
[INFO] [1786551529.510991924] [rosbag2_recorder]: Subscribed to topic '/Odometry/guarded'
[INFO] [1786551529.512603938] [rosbag2_recorder]: Subscribed to topic '/race/super_planner/raw_path'
[INFO] [1786551529.514984579] [rosbag2_recorder]: Subscribed to topic '/race/planner/status'
[INFO] [1786551529.519579717] [rosbag2_recorder]: Subscribed to topic '/goal_pose'
[INFO] [1786551529.521704617] [rosbag2_recorder]: Subscribed to topic '/planning/odom'
[INFO] [1786551529.524495591] [rosbag2_recorder]: Subscribed to topic '/mavros/vision_speed/speed_twist_cov'
[INFO] [1786551529.628660817] [rosbag2_recorder]: Subscribed to topic '/fastlio_global/relocalized_pose'
[INFO] [1786551530.041575023] [rosbag2_recorder]: Subscribed to topic '/race/ego/odom'
[INFO] [1786551530.043107537] [rosbag2_recorder]: Subscribed to topic '/race/ego/cloud'
[INFO] [1786551530.045870156] [rosbag2_recorder]: Subscribed to topic '/race/pose'
[INFO] [1786551530.048988380] [rosbag2_recorder]: Subscribed to topic '/race/odom'
[INFO] [1786551530.369703087] [rosbag2_recorder]: Subscribed to topic '/mavros/local_position/velocity_body'
[INFO] [1786551530.373245999] [rosbag2_recorder]: Subscribed to topic '/mavros/state'
[INFO] [1786551530.375202378] [rosbag2_recorder]: Subscribed to topic '/mavros/local_position/pose'
[INFO] [1786551530.377223335] [rosbag2_recorder]: Subscribed to topic '/mavros/local_position/velocity_local'
[INFO] [1786551530.378549382] [rosbag2_recorder]: Subscribed to topic '/mavros/local_position/odom'
[INFO] [1786551530.380008313] [rosbag2_recorder]: Subscribed to topic '/mavros/setpoint_raw/target_local'
[INFO] [1786551530.381992741] [rosbag2_recorder]: Subscribed to topic '/mavros/estimator_status'
[INFO] [1786551711.225391659] [rosbag2_cpp]: Writing remaining messages from cache to the bag. It may take a while
[INFO] [1786551711.233798842] [rosbag2_recorder]: Event publisher thread: Exiting
[INFO] [1786551711.234244114] [rosbag2_recorder]: Recording stopped
[debug rosbag] 已退出，状态码 143
