[INFO] [launch]: All log files can be found below /home/robot/.ros/log/2026-08-10-22-06-07-698257-robot-7287
[INFO] [launch]: Default logging verbosity is set to INFO
[INFO] [fastlio_bridge_node-1]: process started with pid [7292]
[INFO] [frame_transform_node-2]: process started with pid [7294]
[INFO] [map_io_node-3]: process started with pid [7296]
[INFO] [mapping_manager_node-4]: process started with pid [7298]
[frame_transform_node-2] [INFO] [1786370767.762095586] [frame_transform_node]: frame_transform_node started
[frame_transform_node-2] [INFO] [1786370767.762164408] [frame_transform_node]:   Published static TF: map -> odom (identity)
[frame_transform_node-2] [INFO] [1786370767.762169586] [frame_transform_node]:   Published static TF: camera_init -> map (identity, RViz display only)
[mapping_manager_node-4] [INFO] [1786370767.763539464] [mapping_manager_node]: mapping_manager_node started
[mapping_manager_node-4] [INFO] [1786370767.763650421] [mapping_manager_node]:   auto_load_on_start: false
[mapping_manager_node-4] [INFO] [1786370767.763662669] [mapping_manager_node]:   auto_save_on_land: true
[fastlio_bridge_node-1] [INFO] [1786370767.766040825] [fastlio_bridge_node]: FAST-LIO2 里程计桥接已启动：订阅 /Odometry -> /race/odom, /race/pose
[map_io_node-3] [INFO] [1786370767.781081268] [map_io_node]: map_io_node started
[map_io_node-3] [INFO] [1786370767.781171459] [map_io_node]:   map_file: /home/robot/rong_ws/ws_offboard_control/maps/现场扫图/20260810/扫图_20260810_220543/现场地图.pcd
[map_io_node-3] [INFO] [1786370767.781176246] [map_io_node]:   publish_topic: /saved_map
[map_io_node-3] [INFO] [1786370767.781179107] [map_io_node]:   display_leaf_size: 0.10 m
[map_io_node-3] [INFO] [1786370767.781184765] [map_io_node]:   max_display_points: 3000000
[fastlio_bridge_node-1] [INFO] [1786370768.097681268] [fastlio_bridge_node]: 已桥接并转换里程计: ENU(0.02, 0.01, 0.00) -> NED(-0.02, 0.01, -0.00)
[fastlio_bridge_node-1] [INFO] [1786370770.098538535] [fastlio_bridge_node]: 已桥接并转换里程计: ENU(0.02, 0.01, 0.00) -> NED(-0.02, 0.01, -0.00)
[fastlio_bridge_node-1] [INFO] [1786370772.098015190] [fastlio_bridge_node]: 已桥接并转换里程计: ENU(0.02, 0.01, 0.00) -> NED(-0.02, 0.01, -0.00)
[fastlio_bridge_node-1] [INFO] [1786370776.098479898] [fastlio_bridge_node]: 已桥接并转换里程计: ENU(0.02, 0.01, -0.00) -> NED(-0.02, 0.01, 0.00)
[fastlio_bridge_node-1] [INFO] [1786370778.098625492] [fastlio_bridge_node]: 已桥接并转换里程计: ENU(0.03, 0.01, -0.00) -> NED(-0.03, 0.01, 0.00)
[fastlio_bridge_node-1] [INFO] [1786370780.099985567] [fastlio_bridge_node]: 已桥接并转换里程计: ENU(0.03, 0.02, 0.00) -> NED(-0.03, 0.02, -0.00)
[fastlio_bridge_node-1] [INFO] [1786370782.097600993] [fastlio_bridge_node]: 已桥接并转换里程计: ENU(0.03, 0.01, -0.00) -> NED(-0.03, 0.01, 0.00)
[fastlio_bridge_node-1] [INFO] [1786370784.097896226] [fastlio_bridge_node]: 已桥接并转换里程计: ENU(0.03, 0.02, -0.00) -> NED(-0.03, 0.02, 0.00)
[fastlio_bridge_node-1] [INFO] [1786370786.098162064] [fastlio_bridge_node]: 已桥接并转换里程计: ENU(0.04, 0.01, -0.00) -> NED(-0.04, 0.01, 0.00)
[fastlio_bridge_node-1] [INFO] [1786370788.098540628] [fastlio_bridge_node]: 已桥接并转换里程计: ENU(0.04, 0.02, 0.00) -> NED(-0.04, 0.02, -0.00)
[fastlio_bridge_node-1] [INFO] [1786370790.097784602] [fastlio_bridge_node]: 已桥接并转换里程计: ENU(0.03, 0.02, -0.00) -> NED(-0.03, 0.02, 0.00)
[fastlio_bridge_node-1] [INFO] [1786370792.097212381] [fastlio_bridge_node]: 已桥接并转换里程计: ENU(0.04, 0.02, -0.00) -> NED(-0.04, 0.02, 0.00)
[fastlio_bridge_node-1] [INFO] [1786370794.096483108] [fastlio_bridge_node]: 已桥接并转换里程计: ENU(0.03, 0.02, 0.00) -> NED(-0.03, 0.02, -0.00)
[fastlio_bridge_node-1] [INFO] [1786370796.097433376] [fastlio_bridge_node]: 已桥接并转换里程计: ENU(0.04, 0.01, -0.01) -> NED(-0.04, 0.01, 0.01)
[mapping_manager_node-4] [INFO] [1786370797.766838386] [mapping_manager_node]: Mapping status: in_flight=false, map_loaded=false, map_saved=false
[fastlio_bridge_node-1] [INFO] [1786370800.098113062] [fastlio_bridge_node]: 已桥接并转换里程计: ENU(0.04, 0.01, -0.01) -> NED(-0.04, 0.01, 0.01)
[fastlio_bridge_node-1] [INFO] [1786370802.096975744] [fastlio_bridge_node]: 已桥接并转换里程计: ENU(0.03, 0.01, -0.00) -> NED(-0.03, 0.01, 0.00)
[fastlio_bridge_node-1] [INFO] [1786370804.099514455] [fastlio_bridge_node]: 已桥接并转换里程计: ENU(0.04, 0.01, -0.00) -> NED(-0.04, 0.01, 0.00)
[fastlio_bridge_node-1] [INFO] [1786370806.097077478] [fastlio_bridge_node]: 已桥接并转换里程计: ENU(0.03, 0.01, -0.00) -> NED(-0.03, 0.01, 0.00)
[fastlio_bridge_node-1] [INFO] [1786370808.097106557] [fastlio_bridge_node]: 已桥接并转换里程计: ENU(0.04, 0.01, -0.00) -> NED(-0.04, 0.01, 0.00)
[fastlio_bridge_node-1] [INFO] [1786370810.097967393] [fastlio_bridge_node]: 已桥接并转换里程计: ENU(0.04, 0.02, -0.00) -> NED(-0.04, 0.02, 0.00)
[fastlio_bridge_node-1] [INFO] [1786370812.097233556] [fastlio_bridge_node]: 已桥接并转换里程计: ENU(0.04, 0.02, -0.00) -> NED(-0.04, 0.02, 0.00)
[fastlio_bridge_node-1] [INFO] [1786370814.098578513] [fastlio_bridge_node]: 已桥接并转换里程计: ENU(0.04, 0.02, -0.01) -> NED(-0.04, 0.02, 0.01)
[fastlio_bridge_node-1] [INFO] [1786370816.098792371] [fastlio_bridge_node]: 已桥接并转换里程计: ENU(0.04, 0.02, -0.01) -> NED(-0.04, 0.02, 0.01)
[fastlio_bridge_node-1] [INFO] [1786370818.096823403] [fastlio_bridge_node]: 已桥接并转换里程计: ENU(0.04, 0.02, -0.00) -> NED(-0.04, 0.02, 0.00)
[fastlio_bridge_node-1] [INFO] [1786370820.097911988] [fastlio_bridge_node]: 已桥接并转换里程计: ENU(0.04, 0.02, -0.01) -> NED(-0.04, 0.02, 0.01)
[fastlio_bridge_node-1] [INFO] [1786370824.017997751] [fastlio_bridge_node]: 已桥接并转换里程计: ENU(0.04, 0.02, -0.01) -> NED(-0.04, 0.02, 0.01)
[fastlio_bridge_node-1] [INFO] [1786370826.012138518] [fastlio_bridge_node]: 已桥接并转换里程计: ENU(0.04, 0.02, -0.01) -> NED(-0.04, 0.02, 0.01)
[mapping_manager_node-4] [INFO] [1786370827.770545934] [mapping_manager_node]: Mapping status: in_flight=false, map_loaded=false, map_saved=false
[fastlio_bridge_node-1] [INFO] [1786370828.009113450] [fastlio_bridge_node]: 已桥接并转换里程计: ENU(0.04, 0.02, -0.00) -> NED(-0.04, 0.02, 0.00)
[fastlio_bridge_node-1] [INFO] [1786370830.008416710] [fastlio_bridge_node]: 已桥接并转换里程计: ENU(0.04, 0.02, -0.01) -> NED(-0.04, 0.02, 0.01)
[fastlio_bridge_node-1] [INFO] [1786370830.099570480] [fastlio_bridge_node]: 已桥接并转换里程计: ENU(0.04, 0.02, -0.00) -> NED(-0.04, 0.02, 0.00)
[fastlio_bridge_node-1] [INFO] [1786370832.000192277] [fastlio_bridge_node]: 已桥接并转换里程计: ENU(0.04, 0.02, -0.01) -> NED(-0.04, 0.02, 0.01)
[fastlio_bridge_node-1] [INFO] [1786370832.097652555] [fastlio_bridge_node]: 已桥接并转换里程计: ENU(0.04, 0.02, -0.01) -> NED(-0.04, 0.02, 0.01)
[fastlio_bridge_node-1] [INFO] [1786370836.096984048] [fastlio_bridge_node]: 已桥接并转换里程计: ENU(0.04, 0.02, -0.01) -> NED(-0.04, 0.02, 0.01)
[fastlio_bridge_node-1] [INFO] [1786370840.007652024] [fastlio_bridge_node]: 已桥接并转换里程计: ENU(0.04, 0.02, -0.01) -> NED(-0.04, 0.02, 0.01)
[fastlio_bridge_node-1] [INFO] [1786370842.007446267] [fastlio_bridge_node]: 已桥接并转换里程计: ENU(0.04, 0.02, -0.01) -> NED(-0.04, 0.02, 0.01)
[fastlio_bridge_node-1] [INFO] [1786370844.007038969] [fastlio_bridge_node]: 已桥接并转换里程计: ENU(0.04, 0.02, -0.00) -> NED(-0.04, 0.02, 0.00)
[fastlio_bridge_node-1] [INFO] [1786370846.010477307] [fastlio_bridge_node]: 已桥接并转换里程计: ENU(0.04, 0.03, -0.00) -> NED(-0.04, 0.03, 0.00)
[fastlio_bridge_node-1] [INFO] [1786370848.008728177] [fastlio_bridge_node]: 已桥接并转换里程计: ENU(0.04, 0.02, -0.01) -> NED(-0.04, 0.02, 0.01)
[fastlio_bridge_node-1] [INFO] [1786370850.007148416] [fastlio_bridge_node]: 已桥接并转换里程计: ENU(0.04, 0.02, -0.00) -> NED(-0.04, 0.02, 0.00)
[fastlio_bridge_node-1] [INFO] [1786370852.007929125] [fastlio_bridge_node]: 已桥接并转换里程计: ENU(0.05, 0.02, -0.01) -> NED(-0.05, 0.02, 0.01)
[fastlio_bridge_node-1] [INFO] [1786370852.097043662] [fastlio_bridge_node]: 已桥接并转换里程计: ENU(0.05, 0.02, -0.01) -> NED(-0.05, 0.02, 0.01)
[fastlio_bridge_node-1] [INFO] [1786370854.097298626] [fastlio_bridge_node]: 已桥接并转换里程计: ENU(0.04, 0.02, -0.00) -> NED(-0.04, 0.02, 0.00)
[fastlio_bridge_node-1] [INFO] [1786370856.096777879] [fastlio_bridge_node]: 已桥接并转换里程计: ENU(0.04, 0.02, -0.01) -> NED(-0.04, 0.02, 0.01)
[mapping_manager_node-4] [INFO] [1786370857.774139510] [mapping_manager_node]: Mapping status: in_flight=false, map_loaded=false, map_saved=false
[fastlio_bridge_node-1] [INFO] [1786370860.000637610] [fastlio_bridge_node]: 已桥接并转换里程计: ENU(0.05, 0.02, -0.01) -> NED(-0.05, 0.02, 0.01)
[fastlio_bridge_node-1] [INFO] [1786370862.002941723] [fastlio_bridge_node]: 已桥接并转换里程计: ENU(0.05, 0.02, -0.01) -> NED(-0.05, 0.02, 0.01)
[fastlio_bridge_node-1] [INFO] [1786370864.003985474] [fastlio_bridge_node]: 已桥接并转换里程计: ENU(0.04, 0.02, -0.00) -> NED(-0.04, 0.02, 0.00)
[fastlio_bridge_node-1] [INFO] [1786370864.098222903] [fastlio_bridge_node]: 已桥接并转换里程计: ENU(0.04, 0.03, -0.00) -> NED(-0.04, 0.03, 0.00)
[fastlio_bridge_node-1] [INFO] [1786370866.000253855] [fastlio_bridge_node]: 已桥接并转换里程计: ENU(0.05, 0.02, -0.01) -> NED(-0.05, 0.02, 0.01)
[fastlio_bridge_node-1] [INFO] [1786370868.016396907] [fastlio_bridge_node]: 已桥接并转换里程计: ENU(0.04, 0.02, -0.01) -> NED(-0.04, 0.02, 0.01)
[fastlio_bridge_node-1] [INFO] [1786370870.000918257] [fastlio_bridge_node]: 已桥接并转换里程计: ENU(0.04, 0.02, -0.01) -> NED(-0.04, 0.02, 0.01)
[fastlio_bridge_node-1] [INFO] [1786370870.099561915] [fastlio_bridge_node]: 已桥接并转换里程计: ENU(0.04, 0.02, -0.01) -> NED(-0.04, 0.02, 0.01)
[fastlio_bridge_node-1] [INFO] [1786370872.000366661] [fastlio_bridge_node]: 已桥接并转换里程计: ENU(0.05, 0.02, -0.01) -> NED(-0.05, 0.02, 0.01)
[fastlio_bridge_node-1] [INFO] [1786370874.010171420] [fastlio_bridge_node]: 已桥接并转换里程计: ENU(0.05, 0.02, -0.01) -> NED(-0.05, 0.02, 0.01)
[fastlio_bridge_node-1] [INFO] [1786370874.098913793] [fastlio_bridge_node]: 已桥接并转换里程计: ENU(0.05, 0.03, -0.01) -> NED(-0.05, 0.03, 0.01)
[fastlio_bridge_node-1] [INFO] [1786370876.011205748] [fastlio_bridge_node]: 已桥接并转换里程计: ENU(0.04, 0.02, -0.01) -> NED(-0.04, 0.02, 0.01)
[fastlio_bridge_node-1] [INFO] [1786370878.012559214] [fastlio_bridge_node]: 已桥接并转换里程计: ENU(0.04, 0.02, -0.01) -> NED(-0.04, 0.02, 0.01)
[fastlio_bridge_node-1] [INFO] [1786370880.003639560] [fastlio_bridge_node]: 已桥接并转换里程计: ENU(0.05, 0.02, -0.01) -> NED(-0.05, 0.02, 0.01)
[fastlio_bridge_node-1] [INFO] [1786370882.011415409] [fastlio_bridge_node]: 已桥接并转换里程计: ENU(0.05, 0.02, -0.01) -> NED(-0.05, 0.02, 0.01)
[fastlio_bridge_node-1] [INFO] [1786370884.014214476] [fastlio_bridge_node]: 已桥接并转换里程计: ENU(0.04, 0.02, -0.00) -> NED(-0.04, 0.02, 0.00)
[fastlio_bridge_node-1] [INFO] [1786370884.099336856] [fastlio_bridge_node]: 已桥接并转换里程计: ENU(0.04, 0.02, -0.00) -> NED(-0.04, 0.02, 0.00)
[fastlio_bridge_node-1] [INFO] [1786370886.014089685] [fastlio_bridge_node]: 已桥接并转换里程计: ENU(0.05, 0.02, -0.01) -> NED(-0.05, 0.02, 0.01)
[mapping_manager_node-4] [INFO] [1786370887.777888582] [mapping_manager_node]: Mapping status: in_flight=false, map_loaded=false, map_saved=false
[fastlio_bridge_node-1] [INFO] [1786370888.008886471] [fastlio_bridge_node]: 已桥接并转换里程计: ENU(0.04, 0.02, -0.01) -> NED(-0.04, 0.02, 0.01)
[fastlio_bridge_node-1] [INFO] [1786370890.001134156] [fastlio_bridge_node]: 已桥接并转换里程计: ENU(0.05, 0.02, -0.01) -> NED(-0.05, 0.02, 0.01)
[fastlio_bridge_node-1] [INFO] [1786370894.000692210] [fastlio_bridge_node]: 已桥接并转换里程计: ENU(0.04, 0.03, -0.00) -> NED(-0.04, 0.03, 0.00)
[fastlio_bridge_node-1] [INFO] [1786370896.011718186] [fastlio_bridge_node]: 已桥接并转换里程计: ENU(0.05, 0.03, -0.01) -> NED(-0.05, 0.03, 0.01)
[fastlio_bridge_node-1] [INFO] [1786370898.001403866] [fastlio_bridge_node]: 已桥接并转换里程计: ENU(0.04, 0.03, -0.01) -> NED(-0.04, 0.03, 0.01)
[fastlio_bridge_node-1] [INFO] [1786370900.010362873] [fastlio_bridge_node]: 已桥接并转换里程计: ENU(0.05, 0.02, -0.01) -> NED(-0.05, 0.02, 0.01)
[fastlio_bridge_node-1] [INFO] [1786370902.004098145] [fastlio_bridge_node]: 已桥接并转换里程计: ENU(0.04, 0.02, -0.01) -> NED(-0.04, 0.02, 0.01)
[fastlio_bridge_node-1] [INFO] [1786370904.001673001] [fastlio_bridge_node]: 已桥接并转换里程计: ENU(0.05, 0.02, -0.01) -> NED(-0.05, 0.02, 0.01)
[fastlio_bridge_node-1] [INFO] [1786370906.010947720] [fastlio_bridge_node]: 已桥接并转换里程计: ENU(0.05, 0.03, -0.00) -> NED(-0.05, 0.03, 0.00)
[fastlio_bridge_node-1] [INFO] [1786370906.099218817] [fastlio_bridge_node]: 已桥接并转换里程计: ENU(0.04, 0.03, -0.00) -> NED(-0.04, 0.03, 0.00)
[fastlio_bridge_node-1] [INFO] [1786370908.005990719] [fastlio_bridge_node]: 已桥接并转换里程计: ENU(0.05, 0.02, -0.00) -> NED(-0.05, 0.02, 0.00)
[fastlio_bridge_node-1] [INFO] [1786370910.002510750] [fastlio_bridge_node]: 已桥接并转换里程计: ENU(0.04, 0.02, -0.00) -> NED(-0.04, 0.02, 0.00)
[fastlio_bridge_node-1] [INFO] [1786370914.004297329] [fastlio_bridge_node]: 已桥接并转换里程计: ENU(0.05, 0.02, -0.01) -> NED(-0.05, 0.02, 0.01)
[fastlio_bridge_node-1] [INFO] [1786370916.011888607] [fastlio_bridge_node]: 已桥接并转换里程计: ENU(0.05, 0.02, -0.01) -> NED(-0.05, 0.02, 0.01)
[mapping_manager_node-4] [INFO] [1786370917.781112384] [mapping_manager_node]: Mapping status: in_flight=false, map_loaded=false, map_saved=false
[fastlio_bridge_node-1] [INFO] [1786370920.009325546] [fastlio_bridge_node]: 已桥接并转换里程计: ENU(0.05, 0.02, -0.01) -> NED(-0.05, 0.02, 0.01)
[fastlio_bridge_node-1] [INFO] [1786370920.096594471] [fastlio_bridge_node]: 已桥接并转换里程计: ENU(0.05, 0.02, -0.01) -> NED(-0.05, 0.02, 0.01)
[fastlio_bridge_node-1] [INFO] [1786370922.097692862] [fastlio_bridge_node]: 已桥接并转换里程计: ENU(0.04, 0.02, -0.01) -> NED(-0.04, 0.02, 0.01)
[fastlio_bridge_node-1] [INFO] [1786370924.097103469] [fastlio_bridge_node]: 已桥接并转换里程计: ENU(0.05, 0.02, -0.01) -> NED(-0.05, 0.02, 0.01)
[fastlio_bridge_node-1] [INFO] [1786370938.086196420] [fastlio_bridge_node]: 已桥接并转换里程计: ENU(0.01, 0.01, -0.00) -> NED(-0.01, 0.01, 0.00)
[fastlio_bridge_node-1] [INFO] [1786370940.085964494] [fastlio_bridge_node]: 已桥接并转换里程计: ENU(0.02, 0.02, 0.00) -> NED(-0.02, 0.02, -0.00)
[fastlio_bridge_node-1] [INFO] [1786370942.085536298] [fastlio_bridge_node]: 已桥接并转换里程计: ENU(0.02, 0.02, 0.00) -> NED(-0.02, 0.02, -0.00)
[fastlio_bridge_node-1] [INFO] [1786370944.085931161] [fastlio_bridge_node]: 已桥接并转换里程计: ENU(0.02, 0.02, 0.01) -> NED(-0.02, 0.02, -0.01)
[fastlio_bridge_node-1] [INFO] [1786370946.085607195] [fastlio_bridge_node]: 已桥接并转换里程计: ENU(0.02, 0.02, 0.01) -> NED(-0.02, 0.02, -0.01)
[mapping_manager_node-4] [INFO] [1786370947.784154119] [mapping_manager_node]: Mapping status: in_flight=false, map_loaded=false, map_saved=false
[fastlio_bridge_node-1] [INFO] [1786370948.085173795] [fastlio_bridge_node]: 已桥接并转换里程计: ENU(0.02, 0.02, -0.00) -> NED(-0.02, 0.02, 0.00)
[fastlio_bridge_node-1] [INFO] [1786370950.086282816] [fastlio_bridge_node]: 已桥接并转换里程计: ENU(0.03, 0.02, -0.00) -> NED(-0.03, 0.02, 0.00)
[fastlio_bridge_node-1] [INFO] [1786370952.085317224] [fastlio_bridge_node]: 已桥接并转换里程计: ENU(0.03, 0.02, 0.00) -> NED(-0.03, 0.02, -0.00)
[fastlio_bridge_node-1] [INFO] [1786370954.086531331] [fastlio_bridge_node]: 已桥接并转换里程计: ENU(0.03, 0.02, -0.00) -> NED(-0.03, 0.02, 0.00)
[fastlio_bridge_node-1] [INFO] [1786370956.085322858] [fastlio_bridge_node]: 已桥接并转换里程计: ENU(0.03, 0.02, -0.01) -> NED(-0.03, 0.02, 0.01)
[fastlio_bridge_node-1] [INFO] [1786370958.087818627] [fastlio_bridge_node]: 已桥接并转换里程计: ENU(0.03, 0.02, -0.00) -> NED(-0.03, 0.02, 0.00)
[fastlio_bridge_node-1] [INFO] [1786370960.085932959] [fastlio_bridge_node]: 已桥接并转换里程计: ENU(0.03, 0.02, -0.00) -> NED(-0.03, 0.02, 0.00)
[fastlio_bridge_node-1] [INFO] [1786370962.085730040] [fastlio_bridge_node]: 已桥接并转换里程计: ENU(0.03, 0.02, -0.00) -> NED(-0.03, 0.02, 0.00)
[fastlio_bridge_node-1] [INFO] [1786370964.086234160] [fastlio_bridge_node]: 已桥接并转换里程计: ENU(0.03, 0.02, -0.00) -> NED(-0.03, 0.02, 0.00)
[fastlio_bridge_node-1] [INFO] [1786370966.086380223] [fastlio_bridge_node]: 已桥接并转换里程计: ENU(0.03, 0.02, -0.01) -> NED(-0.03, 0.02, 0.01)
[fastlio_bridge_node-1] [INFO] [1786370968.087142981] [fastlio_bridge_node]: 已桥接并转换里程计: ENU(0.03, 0.02, 0.00) -> NED(-0.03, 0.02, -0.00)
[fastlio_bridge_node-1] [INFO] [1786370970.085890046] [fastlio_bridge_node]: 已桥接并转换里程计: ENU(0.03, 0.02, -0.00) -> NED(-0.03, 0.02, 0.00)
[fastlio_bridge_node-1] [INFO] [1786370972.086880698] [fastlio_bridge_node]: 已桥接并转换里程计: ENU(0.03, 0.02, -0.01) -> NED(-0.03, 0.02, 0.01)
[fastlio_bridge_node-1] [INFO] [1786370974.086468568] [fastlio_bridge_node]: 已桥接并转换里程计: ENU(0.03, 0.02, -0.01) -> NED(-0.03, 0.02, 0.01)
[fastlio_bridge_node-1] [INFO] [1786370976.085715306] [fastlio_bridge_node]: 已桥接并转换里程计: ENU(0.03, 0.02, -0.00) -> NED(-0.03, 0.02, 0.00)
[mapping_manager_node-4] [INFO] [1786370977.787398338] [mapping_manager_node]: Mapping status: in_flight=false, map_loaded=false, map_saved=false
[fastlio_bridge_node-1] [INFO] [1786370978.085866421] [fastlio_bridge_node]: 已桥接并转换里程计: ENU(0.03, 0.02, -0.00) -> NED(-0.03, 0.02, 0.00)
[fastlio_bridge_node-1] [INFO] [1786370980.086211439] [fastlio_bridge_node]: 已桥接并转换里程计: ENU(0.03, 0.02, -0.01) -> NED(-0.03, 0.02, 0.01)
[fastlio_bridge_node-1] [INFO] [1786370982.087812817] [fastlio_bridge_node]: 已桥接并转换里程计: ENU(0.03, 0.02, -0.00) -> NED(-0.03, 0.02, 0.00)
[fastlio_bridge_node-1] [INFO] [1786370984.086015680] [fastlio_bridge_node]: 已桥接并转换里程计: ENU(0.03, 0.03, -0.01) -> NED(-0.03, 0.03, 0.01)
[fastlio_bridge_node-1] [INFO] [1786370986.085965573] [fastlio_bridge_node]: 已桥接并转换里程计: ENU(0.03, 0.02, -0.01) -> NED(-0.03, 0.02, 0.01)
[fastlio_bridge_node-1] [INFO] [1786370988.086736087] [fastlio_bridge_node]: 已桥接并转换里程计: ENU(0.03, 0.03, -0.00) -> NED(-0.03, 0.03, 0.00)
[fastlio_bridge_node-1] [INFO] [1786370990.087556676] [fastlio_bridge_node]: 已桥接并转换里程计: ENU(0.03, 0.02, -0.01) -> NED(-0.03, 0.02, 0.01)
[fastlio_bridge_node-1] [INFO] [1786370992.086660212] [fastlio_bridge_node]: 已桥接并转换里程计: ENU(0.03, 0.03, -0.00) -> NED(-0.03, 0.03, 0.00)
[fastlio_bridge_node-1] [INFO] [1786370994.086151286] [fastlio_bridge_node]: 已桥接并转换里程计: ENU(0.03, 0.02, -0.01) -> NED(-0.03, 0.02, 0.01)
[fastlio_bridge_node-1] [INFO] [1786370996.087972297] [fastlio_bridge_node]: 已桥接并转换里程计: ENU(0.03, 0.03, 0.00) -> NED(-0.03, 0.03, -0.00)
[fastlio_bridge_node-1] [INFO] [1786370998.085927260] [fastlio_bridge_node]: 已桥接并转换里程计: ENU(0.03, 0.03, -0.01) -> NED(-0.03, 0.03, 0.01)
[fastlio_bridge_node-1] [INFO] [1786371000.086643921] [fastlio_bridge_node]: 已桥接并转换里程计: ENU(0.04, 0.03, -0.00) -> NED(-0.04, 0.03, 0.00)
[fastlio_bridge_node-1] [INFO] [1786371002.086350279] [fastlio_bridge_node]: 已桥接并转换里程计: ENU(0.03, 0.03, -0.00) -> NED(-0.03, 0.03, 0.00)
[fastlio_bridge_node-1] [INFO] [1786371004.086664685] [fastlio_bridge_node]: 已桥接并转换里程计: ENU(0.03, 0.02, -0.00) -> NED(-0.03, 0.02, 0.00)
[fastlio_bridge_node-1] [INFO] [1786371006.088101502] [fastlio_bridge_node]: 已桥接并转换里程计: ENU(0.03, 0.03, -0.00) -> NED(-0.03, 0.03, 0.00)
[mapping_manager_node-4] [INFO] [1786371007.790456525] [mapping_manager_node]: Mapping status: in_flight=false, map_loaded=false, map_saved=false
[mapping_manager_node-4] [INFO] [1786371037.793593927] [mapping_manager_node]: Mapping status: in_flight=false, map_loaded=false, map_saved=false
[fastlio_bridge_node-1] [INFO] [1786371042.065644275] [fastlio_bridge_node]: 已桥接并转换里程计: ENU(0.00, 0.01, 0.00) -> NED(-0.00, 0.01, -0.00)
[fastlio_bridge_node-1] [INFO] [1786371044.065781846] [fastlio_bridge_node]: 已桥接并转换里程计: ENU(0.01, 0.01, -0.00) -> NED(-0.01, 0.01, 0.00)
[fastlio_bridge_node-1] [INFO] [1786371046.065643444] [fastlio_bridge_node]: 已桥接并转换里程计: ENU(0.01, 0.02, -0.00) -> NED(-0.01, 0.02, 0.00)
[fastlio_bridge_node-1] [INFO] [1786371048.068192059] [fastlio_bridge_node]: 已桥接并转换里程计: ENU(0.01, 0.02, -0.00) -> NED(-0.01, 0.02, 0.00)
[fastlio_bridge_node-1] [INFO] [1786371050.065941003] [fastlio_bridge_node]: 已桥接并转换里程计: ENU(0.02, 0.02, -0.01) -> NED(-0.02, 0.02, 0.01)
[fastlio_bridge_node-1] [INFO] [1786371052.055683661] [fastlio_bridge_node]: 已桥接并转换里程计: ENU(0.01, 0.02, -0.00) -> NED(-0.01, 0.02, 0.00)
[fastlio_bridge_node-1] [INFO] [1786371054.056276595] [fastlio_bridge_node]: 已桥接并转换里程计: ENU(0.02, 0.02, -0.00) -> NED(-0.02, 0.02, 0.00)
[fastlio_bridge_node-1] [INFO] [1786371056.055511327] [fastlio_bridge_node]: 已桥接并转换里程计: ENU(0.01, 0.02, 0.00) -> NED(-0.01, 0.02, -0.00)
[fastlio_bridge_node-1] [INFO] [1786371058.055278535] [fastlio_bridge_node]: 已桥接并转换里程计: ENU(0.02, 0.02, -0.00) -> NED(-0.02, 0.02, 0.00)
[fastlio_bridge_node-1] [INFO] [1786371060.057432340] [fastlio_bridge_node]: 已桥接并转换里程计: ENU(0.02, 0.02, -0.00) -> NED(-0.02, 0.02, 0.00)
[fastlio_bridge_node-1] [INFO] [1786371062.056976268] [fastlio_bridge_node]: 已桥接并转换里程计: ENU(0.02, 0.02, -0.01) -> NED(-0.02, 0.02, 0.01)
[fastlio_bridge_node-1] [INFO] [1786371064.055347169] [fastlio_bridge_node]: 已桥接并转换里程计: ENU(0.02, 0.02, -0.01) -> NED(-0.02, 0.02, 0.01)
[fastlio_bridge_node-1] [INFO] [1786371066.055648386] [fastlio_bridge_node]: 已桥接并转换里程计: ENU(0.02, 0.02, -0.01) -> NED(-0.02, 0.02, 0.01)
[mapping_manager_node-4] [INFO] [1786371067.796717207] [mapping_manager_node]: Mapping status: in_flight=false, map_loaded=false, map_saved=false
[fastlio_bridge_node-1] [INFO] [1786371068.056834208] [fastlio_bridge_node]: 已桥接并转换里程计: ENU(0.03, 0.02, -0.01) -> NED(-0.03, 0.02, 0.01)
[fastlio_bridge_node-1] [INFO] [1786371070.056804321] [fastlio_bridge_node]: 已桥接并转换里程计: ENU(0.02, 0.03, -0.01) -> NED(-0.02, 0.03, 0.01)
[mapping_manager_node-4] [INFO] [1786371097.799842435] [mapping_manager_node]: Mapping status: in_flight=false, map_loaded=false, map_saved=false
[fastlio_bridge_node-1] [INFO] [1786371104.012413887] [fastlio_bridge_node]: 已桥接并转换里程计: ENU(-0.00, 0.00, 0.00) -> NED(0.00, 0.00, -0.00)
[fastlio_bridge_node-1] [INFO] [1786371106.013751993] [fastlio_bridge_node]: 已桥接并转换里程计: ENU(0.01, -0.00, 0.01) -> NED(-0.01, -0.00, -0.01)
[fastlio_bridge_node-1] [INFO] [1786371108.012179306] [fastlio_bridge_node]: 已桥接并转换里程计: ENU(0.01, 0.00, 0.00) -> NED(-0.01, 0.00, -0.00)
[fastlio_bridge_node-1] [INFO] [1786371110.011485879] [fastlio_bridge_node]: 已桥接并转换里程计: ENU(0.02, 0.01, 0.01) -> NED(-0.02, 0.01, -0.01)
[fastlio_bridge_node-1] [INFO] [1786371112.012395762] [fastlio_bridge_node]: 已桥接并转换里程计: ENU(0.02, 0.01, 0.00) -> NED(-0.02, 0.01, -0.00)
[fastlio_bridge_node-1] [INFO] [1786371114.012757877] [fastlio_bridge_node]: 已桥接并转换里程计: ENU(0.02, 0.01, 0.01) -> NED(-0.02, 0.01, -0.01)
[fastlio_bridge_node-1] [INFO] [1786371116.012997053] [fastlio_bridge_node]: 已桥接并转换里程计: ENU(0.02, 0.01, 0.00) -> NED(-0.02, 0.01, -0.00)
[fastlio_bridge_node-1] [INFO] [1786371118.012889254] [fastlio_bridge_node]: 已桥接并转换里程计: ENU(0.02, 0.01, 0.00) -> NED(-0.02, 0.01, -0.00)
[fastlio_bridge_node-1] [INFO] [1786371120.011723333] [fastlio_bridge_node]: 已桥接并转换里程计: ENU(0.02, 0.01, 0.00) -> NED(-0.02, 0.01, -0.00)
[fastlio_bridge_node-1] [INFO] [1786371122.012361789] [fastlio_bridge_node]: 已桥接并转换里程计: ENU(0.03, 0.01, 0.01) -> NED(-0.03, 0.01, -0.01)
[fastlio_bridge_node-1] [INFO] [1786371124.012685440] [fastlio_bridge_node]: 已桥接并转换里程计: ENU(0.03, 0.01, -0.00) -> NED(-0.03, 0.01, 0.00)
[fastlio_bridge_node-1] [INFO] [1786371126.011860181] [fastlio_bridge_node]: 已桥接并转换里程计: ENU(0.02, 0.01, 0.01) -> NED(-0.02, 0.01, -0.01)
[mapping_manager_node-4] [INFO] [1786371127.802975926] [mapping_manager_node]: Mapping status: in_flight=false, map_loaded=false, map_saved=false
[fastlio_bridge_node-1] [INFO] [1786371128.012004604] [fastlio_bridge_node]: 已桥接并转换里程计: ENU(0.02, 0.01, 0.01) -> NED(-0.02, 0.01, -0.01)
[fastlio_bridge_node-1] [INFO] [1786371130.012421779] [fastlio_bridge_node]: 已桥接并转换里程计: ENU(0.03, 0.01, 0.01) -> NED(-0.03, 0.01, -0.01)
[fastlio_bridge_node-1] [INFO] [1786371132.012966989] [fastlio_bridge_node]: 已桥接并转换里程计: ENU(0.02, 0.02, 0.01) -> NED(-0.02, 0.02, -0.01)
[fastlio_bridge_node-1] [INFO] [1786371134.012450987] [fastlio_bridge_node]: 已桥接并转换里程计: ENU(0.02, 0.01, 0.01) -> NED(-0.02, 0.01, -0.01)
[fastlio_bridge_node-1] [INFO] [1786371136.014356042] [fastlio_bridge_node]: 已桥接并转换里程计: ENU(0.02, 0.02, 0.01) -> NED(-0.02, 0.02, -0.01)
[fastlio_bridge_node-1] [INFO] [1786371138.046091765] [fastlio_bridge_node]: 已桥接并转换里程计: ENU(0.02, 0.02, 0.01) -> NED(-0.02, 0.02, -0.01)
[fastlio_bridge_node-1] [INFO] [1786371140.012201023] [fastlio_bridge_node]: 已桥接并转换里程计: ENU(0.03, 0.01, 0.01) -> NED(-0.03, 0.01, -0.01)
[fastlio_bridge_node-1] [INFO] [1786371142.012387419] [fastlio_bridge_node]: 已桥接并转换里程计: ENU(0.02, 0.02, 0.01) -> NED(-0.02, 0.02, -0.01)
[fastlio_bridge_node-1] [INFO] [1786371144.013127800] [fastlio_bridge_node]: 已桥接并转换里程计: ENU(0.02, 0.02, 0.01) -> NED(-0.02, 0.02, -0.01)
[fastlio_bridge_node-1] [INFO] [1786371146.012351490] [fastlio_bridge_node]: 已桥接并转换里程计: ENU(0.02, 0.02, 0.01) -> NED(-0.02, 0.02, -0.01)
[fastlio_bridge_node-1] [INFO] [1786371148.014901324] [fastlio_bridge_node]: 已桥接并转换里程计: ENU(0.03, 0.02, 0.01) -> NED(-0.03, 0.02, -0.01)
[fastlio_bridge_node-1] [INFO] [1786371150.015646288] [fastlio_bridge_node]: 已桥接并转换里程计: ENU(0.03, 0.02, 0.00) -> NED(-0.03, 0.02, -0.00)
[fastlio_bridge_node-1] [INFO] [1786371152.012484767] [fastlio_bridge_node]: 已桥接并转换里程计: ENU(0.03, 0.01, 0.00) -> NED(-0.03, 0.01, -0.00)
[fastlio_bridge_node-1] [INFO] [1786371154.012146517] [fastlio_bridge_node]: 已桥接并转换里程计: ENU(0.03, 0.02, 0.01) -> NED(-0.03, 0.02, -0.01)
[fastlio_bridge_node-1] [INFO] [1786371156.012527545] [fastlio_bridge_node]: 已桥接并转换里程计: ENU(0.03, 0.02, 0.00) -> NED(-0.03, 0.02, -0.00)
[mapping_manager_node-4] [INFO] [1786371157.806032205] [mapping_manager_node]: Mapping status: in_flight=false, map_loaded=false, map_saved=false
[fastlio_bridge_node-1] [INFO] [1786371158.011485135] [fastlio_bridge_node]: 已桥接并转换里程计: ENU(0.03, 0.01, 0.00) -> NED(-0.03, 0.01, -0.00)
[fastlio_bridge_node-1] [INFO] [1786371160.012686906] [fastlio_bridge_node]: 已桥接并转换里程计: ENU(0.03, 0.02, 0.01) -> NED(-0.03, 0.02, -0.01)
[fastlio_bridge_node-1] [INFO] [1786371162.012416603] [fastlio_bridge_node]: 已桥接并转换里程计: ENU(0.03, 0.01, -0.00) -> NED(-0.03, 0.01, 0.00)
[fastlio_bridge_node-1] [INFO] [1786371164.013425667] [fastlio_bridge_node]: 已桥接并转换里程计: ENU(0.03, 0.02, 0.00) -> NED(-0.03, 0.02, -0.00)
[fastlio_bridge_node-1] [INFO] [1786371166.013851563] [fastlio_bridge_node]: 已桥接并转换里程计: ENU(0.03, 0.02, 0.01) -> NED(-0.03, 0.02, -0.01)
[fastlio_bridge_node-1] [INFO] [1786371168.016755422] [fastlio_bridge_node]: 已桥接并转换里程计: ENU(0.03, 0.02, 0.01) -> NED(-0.03, 0.02, -0.01)
[fastlio_bridge_node-1] [INFO] [1786371170.025393180] [fastlio_bridge_node]: 已桥接并转换里程计: ENU(0.03, 0.02, -0.00) -> NED(-0.03, 0.02, 0.00)
[mapping_manager_node-4] [INFO] [1786371187.809116761] [mapping_manager_node]: Mapping status: in_flight=false, map_loaded=false, map_saved=false
[fastlio_bridge_node-1] [INFO] [1786371198.076120519] [fastlio_bridge_node]: 已桥接并转换里程计: ENU(0.01, 0.01, 0.01) -> NED(-0.01, 0.01, -0.01)
[fastlio_bridge_node-1] [INFO] [1786371200.076625386] [fastlio_bridge_node]: 已桥接并转换里程计: ENU(0.01, 0.02, 0.00) -> NED(-0.01, 0.02, -0.00)
[fastlio_bridge_node-1] [INFO] [1786371202.075571778] [fastlio_bridge_node]: 已桥接并转换里程计: ENU(0.01, 0.02, 0.01) -> NED(-0.01, 0.02, -0.01)
[fastlio_bridge_node-1] [INFO] [1786371204.076087172] [fastlio_bridge_node]: 已桥接并转换里程计: ENU(0.02, 0.02, 0.00) -> NED(-0.02, 0.02, -0.00)
[fastlio_bridge_node-1] [INFO] [1786371206.076387814] [fastlio_bridge_node]: 已桥接并转换里程计: ENU(0.02, 0.02, 0.00) -> NED(-0.02, 0.02, -0.00)
[fastlio_bridge_node-1] [INFO] [1786371208.075347269] [fastlio_bridge_node]: 已桥接并转换里程计: ENU(0.02, 0.03, 0.01) -> NED(-0.02, 0.03, -0.01)
[fastlio_bridge_node-1] [INFO] [1786371210.075367965] [fastlio_bridge_node]: 已桥接并转换里程计: ENU(0.02, 0.03, 0.09) -> NED(-0.02, 0.03, -0.09)
[fastlio_bridge_node-1] [INFO] [1786371212.091083156] [fastlio_bridge_node]: 已桥接并转换里程计: ENU(0.03, 0.03, 0.01) -> NED(-0.03, 0.03, -0.01)
[fastlio_bridge_node-1] [INFO] [1786371214.086691126] [fastlio_bridge_node]: 已桥接并转换里程计: ENU(-0.09, 0.15, 1.44) -> NED(0.09, 0.15, -1.44)
[fastlio_bridge_node-1] [INFO] [1786371216.098722997] [fastlio_bridge_node]: 已桥接并转换里程计: ENU(-0.23, -0.18, 1.14) -> NED(0.23, -0.18, -1.14)
[mapping_manager_node-4] [INFO] [1786371217.810216683] [mapping_manager_node]: Mapping status: in_flight=false, map_loaded=false, map_saved=false
[fastlio_bridge_node-1] [INFO] [1786371218.085381015] [fastlio_bridge_node]: 已桥接并转换里程计: ENU(0.54, -0.65, 1.15) -> NED(-0.54, -0.65, -1.15)
[fastlio_bridge_node-1] [INFO] [1786371220.084031438] [fastlio_bridge_node]: 已桥接并转换里程计: ENU(-0.03, -0.68, 0.83) -> NED(0.03, -0.68, -0.83)
[fastlio_bridge_node-1] [INFO] [1786371222.087292307] [fastlio_bridge_node]: 已桥接并转换里程计: ENU(-0.38, -0.58, 1.01) -> NED(0.38, -0.58, -1.01)
[fastlio_bridge_node-1] [INFO] [1786371224.079389050] [fastlio_bridge_node]: 已桥接并转换里程计: ENU(-0.29, -1.55, 1.06) -> NED(0.29, -1.55, -1.06)
[fastlio_bridge_node-1] [INFO] [1786371226.082169591] [fastlio_bridge_node]: 已桥接并转换里程计: ENU(0.09, -2.56, 1.35) -> NED(-0.09, -2.56, -1.35)
[fastlio_bridge_node-1] [INFO] [1786371228.080637279] [fastlio_bridge_node]: 已桥接并转换里程计: ENU(1.41, -2.84, 1.11) -> NED(-1.41, -2.84, -1.11)
[fastlio_bridge_node-1] [INFO] [1786371230.079965206] [fastlio_bridge_node]: 已桥接并转换里程计: ENU(2.65, -3.25, 0.10) -> NED(-2.65, -3.25, -0.10)
[fastlio_bridge_node-1] [INFO] [1786371232.080415966] [fastlio_bridge_node]: 已桥接并转换里程计: ENU(2.64, -3.20, 0.10) -> NED(-2.64, -3.20, -0.10)
[fastlio_bridge_node-1] [INFO] [1786371234.077766428] [fastlio_bridge_node]: 已桥接并转换里程计: ENU(2.64, -3.19, 0.08) -> NED(-2.64, -3.19, -0.08)
[fastlio_bridge_node-1] [INFO] [1786371236.076620107] [fastlio_bridge_node]: 已桥接并转换里程计: ENU(2.64, -3.20, 0.10) -> NED(-2.64, -3.20, -0.10)
[fastlio_bridge_node-1] [INFO] [1786371238.077948427] [fastlio_bridge_node]: 已桥接并转换里程计: ENU(2.62, -3.19, 0.10) -> NED(-2.62, -3.19, -0.10)
[fastlio_bridge_node-1] [INFO] [1786371240.077536597] [fastlio_bridge_node]: 已桥接并转换里程计: ENU(2.64, -3.20, 0.11) -> NED(-2.64, -3.20, -0.11)
[fastlio_bridge_node-1] [INFO] [1786371242.077479255] [fastlio_bridge_node]: 已桥接并转换里程计: ENU(2.62, -3.19, 0.10) -> NED(-2.62, -3.19, -0.10)
[fastlio_bridge_node-1] [INFO] [1786371244.076406661] [fastlio_bridge_node]: 已桥接并转换里程计: ENU(2.63, -3.19, 0.10) -> NED(-2.63, -3.19, -0.10)
[fastlio_bridge_node-1] [INFO] [1786371246.076810298] [fastlio_bridge_node]: 已桥接并转换里程计: ENU(2.63, -3.19, 0.11) -> NED(-2.63, -3.19, -0.11)
[mapping_manager_node-4] [INFO] [1786371247.799671987] [mapping_manager_node]: Mapping status: in_flight=false, map_loaded=false, map_saved=false
[fastlio_bridge_node-1] [INFO] [1786371248.077623247] [fastlio_bridge_node]: 已桥接并转换里程计: ENU(2.63, -3.19, 0.10) -> NED(-2.63, -3.19, -0.10)
[fastlio_bridge_node-1] [INFO] [1786371250.079103333] [fastlio_bridge_node]: 已桥接并转换里程计: ENU(2.62, -3.18, 0.10) -> NED(-2.62, -3.18, -0.10)
[fastlio_bridge_node-1] [INFO] [1786371252.076854001] [fastlio_bridge_node]: 已桥接并转换里程计: ENU(2.63, -3.18, 0.11) -> NED(-2.63, -3.18, -0.11)
[fastlio_bridge_node-1] [INFO] [1786371254.075445940] [fastlio_bridge_node]: 已桥接并转换里程计: ENU(2.62, -3.18, 0.10) -> NED(-2.62, -3.18, -0.10)
[fastlio_bridge_node-1] [INFO] [1786371256.075469654] [fastlio_bridge_node]: 已桥接并转换里程计: ENU(2.62, -3.19, 0.11) -> NED(-2.62, -3.19, -0.11)
[fastlio_bridge_node-1] [INFO] [1786371258.078641102] [fastlio_bridge_node]: 已桥接并转换里程计: ENU(2.61, -3.18, 0.11) -> NED(-2.61, -3.18, -0.11)
[mapping_manager_node-4] [INFO] [1786371277.781761354] [mapping_manager_node]: Mapping status: in_flight=false, map_loaded=false, map_saved=false
[fastlio_bridge_node-1] [INFO] [1786371286.061591125] [fastlio_bridge_node]: 已桥接并转换里程计: ENU(0.01, 0.01, 0.01) -> NED(-0.01, 0.01, -0.01)
[fastlio_bridge_node-1] [INFO] [1786371288.062846549] [fastlio_bridge_node]: 已桥接并转换里程计: ENU(0.01, 0.02, 0.01) -> NED(-0.01, 0.02, -0.01)
[fastlio_bridge_node-1] [INFO] [1786371290.062670756] [fastlio_bridge_node]: 已桥接并转换里程计: ENU(0.02, 0.02, 0.01) -> NED(-0.02, 0.02, -0.01)
[fastlio_bridge_node-1] [INFO] [1786371292.062117415] [fastlio_bridge_node]: 已桥接并转换里程计: ENU(0.01, 0.02, 0.01) -> NED(-0.01, 0.02, -0.01)
[fastlio_bridge_node-1] [INFO] [1786371294.062009637] [fastlio_bridge_node]: 已桥接并转换里程计: ENU(0.01, 0.02, 0.01) -> NED(-0.01, 0.02, -0.01)
[fastlio_bridge_node-1] [INFO] [1786371296.064895847] [fastlio_bridge_node]: 已桥接并转换里程计: ENU(0.01, 0.02, 0.01) -> NED(-0.01, 0.02, -0.01)
[fastlio_bridge_node-1] [INFO] [1786371298.061096940] [fastlio_bridge_node]: 已桥接并转换里程计: ENU(0.01, 0.02, 0.01) -> NED(-0.01, 0.02, -0.01)
[fastlio_bridge_node-1] [INFO] [1786371300.062318838] [fastlio_bridge_node]: 已桥接并转换里程计: ENU(0.01, 0.02, 0.01) -> NED(-0.01, 0.02, -0.01)
[fastlio_bridge_node-1] [INFO] [1786371302.062060713] [fastlio_bridge_node]: 已桥接并转换里程计: ENU(0.01, 0.02, 0.01) -> NED(-0.01, 0.02, -0.01)
[fastlio_bridge_node-1] [INFO] [1786371304.062179067] [fastlio_bridge_node]: 已桥接并转换里程计: ENU(0.01, 0.02, 0.01) -> NED(-0.01, 0.02, -0.01)
[fastlio_bridge_node-1] [INFO] [1786371306.062344178] [fastlio_bridge_node]: 已桥接并转换里程计: ENU(0.01, 0.02, 0.01) -> NED(-0.01, 0.02, -0.01)
[mapping_manager_node-4] [INFO] [1786371307.779767200] [mapping_manager_node]: Mapping status: in_flight=false, map_loaded=false, map_saved=false
[fastlio_bridge_node-1] [INFO] [1786371308.063558039] [fastlio_bridge_node]: 已桥接并转换里程计: ENU(0.01, 0.02, 0.01) -> NED(-0.01, 0.02, -0.01)
[fastlio_bridge_node-1] [INFO] [1786371310.063115120] [fastlio_bridge_node]: 已桥接并转换里程计: ENU(0.01, 0.02, 0.02) -> NED(-0.01, 0.02, -0.02)
[fastlio_bridge_node-1] [INFO] [1786371312.063636941] [fastlio_bridge_node]: 已桥接并转换里程计: ENU(0.01, 0.02, 0.01) -> NED(-0.01, 0.02, -0.01)
[fastlio_bridge_node-1] [INFO] [1786371314.063200183] [fastlio_bridge_node]: 已桥接并转换里程计: ENU(0.01, 0.02, 0.01) -> NED(-0.01, 0.02, -0.01)
[fastlio_bridge_node-1] [INFO] [1786371316.062117591] [fastlio_bridge_node]: 已桥接并转换里程计: ENU(0.01, 0.03, 0.01) -> NED(-0.01, 0.03, -0.01)
[fastlio_bridge_node-1] [INFO] [1786371318.062705101] [fastlio_bridge_node]: 已桥接并转换里程计: ENU(0.01, 0.03, 0.02) -> NED(-0.01, 0.03, -0.02)
[fastlio_bridge_node-1] [INFO] [1786371320.062367494] [fastlio_bridge_node]: 已桥接并转换里程计: ENU(0.01, 0.02, 0.01) -> NED(-0.01, 0.02, -0.01)
[fastlio_bridge_node-1] [INFO] [1786371322.062281649] [fastlio_bridge_node]: 已桥接并转换里程计: ENU(0.01, 0.02, 0.02) -> NED(-0.01, 0.02, -0.02)
[fastlio_bridge_node-1] [INFO] [1786371324.063001385] [fastlio_bridge_node]: 已桥接并转换里程计: ENU(0.01, 0.03, 0.01) -> NED(-0.01, 0.03, -0.01)
[fastlio_bridge_node-1] [INFO] [1786371326.063074056] [fastlio_bridge_node]: 已桥接并转换里程计: ENU(0.01, 0.03, 0.02) -> NED(-0.01, 0.03, -0.02)
[fastlio_bridge_node-1] [INFO] [1786371328.062377686] [fastlio_bridge_node]: 已桥接并转换里程计: ENU(0.01, 0.02, 0.01) -> NED(-0.01, 0.02, -0.01)
[fastlio_bridge_node-1] [INFO] [1786371330.062523017] [fastlio_bridge_node]: 已桥接并转换里程计: ENU(0.01, 0.03, 0.02) -> NED(-0.01, 0.03, -0.02)
[fastlio_bridge_node-1] [INFO] [1786371332.083172459] [fastlio_bridge_node]: 已桥接并转换里程计: ENU(0.00, 0.03, 0.03) -> NED(-0.00, 0.03, -0.03)
[fastlio_bridge_node-1] [INFO] [1786371334.063691193] [fastlio_bridge_node]: 已桥接并转换里程计: ENU(-0.25, -0.05, 0.06) -> NED(0.25, -0.05, -0.06)
[fastlio_bridge_node-1] [INFO] [1786371336.066729891] [fastlio_bridge_node]: 已桥接并转换里程计: ENU(-0.18, -0.74, 0.10) -> NED(0.18, -0.74, -0.10)
[mapping_manager_node-4] [INFO] [1786371337.775610060] [mapping_manager_node]: Mapping status: in_flight=false, map_loaded=false, map_saved=false
[fastlio_bridge_node-1] [INFO] [1786371338.065165102] [fastlio_bridge_node]: 已桥接并转换里程计: ENU(-0.61, -0.96, 0.29) -> NED(0.61, -0.96, -0.29)
[fastlio_bridge_node-1] [INFO] [1786371340.073599317] [fastlio_bridge_node]: 已桥接并转换里程计: ENU(-0.69, -0.97, 0.23) -> NED(0.69, -0.97, -0.23)
[fastlio_bridge_node-1] [INFO] [1786371342.066821236] [fastlio_bridge_node]: 已桥接并转换里程计: ENU(-0.39, -1.22, 0.21) -> NED(0.39, -1.22, -0.21)
[fastlio_bridge_node-1] [INFO] [1786371344.065002830] [fastlio_bridge_node]: 已桥接并转换里程计: ENU(-0.31, -1.99, 0.25) -> NED(0.31, -1.99, -0.25)
[fastlio_bridge_node-1] [INFO] [1786371346.065440957] [fastlio_bridge_node]: 已桥接并转换里程计: ENU(-0.58, -2.64, 0.30) -> NED(0.58, -2.64, -0.30)
[fastlio_bridge_node-1] [INFO] [1786371348.066418226] [fastlio_bridge_node]: 已桥接并转换里程计: ENU(-0.13, -2.96, 0.16) -> NED(0.13, -2.96, -0.16)
[fastlio_bridge_node-1] [INFO] [1786371350.065163086] [fastlio_bridge_node]: 已桥接并转换里程计: ENU(0.12, -3.05, 0.25) -> NED(-0.12, -3.05, -0.25)
[fastlio_bridge_node-1] [INFO] [1786371352.065301224] [fastlio_bridge_node]: 已桥接并转换里程计: ENU(0.66, -3.17, 0.26) -> NED(-0.66, -3.17, -0.26)
[fastlio_bridge_node-1] [INFO] [1786371354.064958366] [fastlio_bridge_node]: 已桥接并转换里程计: ENU(1.38, -3.53, 0.23) -> NED(-1.38, -3.53, -0.23)
[fastlio_bridge_node-1] [INFO] [1786371356.065402891] [fastlio_bridge_node]: 已桥接并转换里程计: ENU(2.12, -3.78, 0.16) -> NED(-2.12, -3.78, -0.16)
[fastlio_bridge_node-1] [INFO] [1786371358.065836146] [fastlio_bridge_node]: 已桥接并转换里程计: ENU(2.59, -4.04, 0.28) -> NED(-2.59, -4.04, -0.28)
[fastlio_bridge_node-1] [INFO] [1786371360.064071020] [fastlio_bridge_node]: 已桥接并转换里程计: ENU(2.81, -4.24, 0.28) -> NED(-2.81, -4.24, -0.28)
[fastlio_bridge_node-1] [INFO] [1786371362.064797256] [fastlio_bridge_node]: 已桥接并转换里程计: ENU(2.86, -4.23, 0.27) -> NED(-2.86, -4.23, -0.27)
[fastlio_bridge_node-1] [INFO] [1786371364.063461599] [fastlio_bridge_node]: 已桥接并转换里程计: ENU(2.64, -4.20, -0.41) -> NED(-2.64, -4.20, 0.41)
[fastlio_bridge_node-1] [INFO] [1786371366.062040277] [fastlio_bridge_node]: 已桥接并转换里程计: ENU(2.64, -4.24, -0.17) -> NED(-2.64, -4.24, 0.17)
[mapping_manager_node-4] [INFO] [1786371367.774921594] [mapping_manager_node]: Mapping status: in_flight=false, map_loaded=false, map_saved=false
[fastlio_bridge_node-1] [INFO] [1786371368.062657166] [fastlio_bridge_node]: 已桥接并转换里程计: ENU(2.63, -4.23, -0.19) -> NED(-2.63, -4.23, 0.19)
[fastlio_bridge_node-1] [INFO] [1786371370.063703023] [fastlio_bridge_node]: 已桥接并转换里程计: ENU(2.63, -4.23, -0.18) -> NED(-2.63, -4.23, 0.18)
[fastlio_bridge_node-1] [INFO] [1786371372.063048899] [fastlio_bridge_node]: 已桥接并转换里程计: ENU(2.63, -4.24, -0.17) -> NED(-2.63, -4.24, 0.17)
[fastlio_bridge_node-1] [INFO] [1786371374.062401793] [fastlio_bridge_node]: 已桥接并转换里程计: ENU(2.63, -4.24, -0.18) -> NED(-2.63, -4.24, 0.18)
[fastlio_bridge_node-1] [INFO] [1786371376.061997687] [fastlio_bridge_node]: 已桥接并转换里程计: ENU(2.63, -4.24, -0.18) -> NED(-2.63, -4.24, 0.18)
[fastlio_bridge_node-1] [INFO] [1786371378.062889533] [fastlio_bridge_node]: 已桥接并转换里程计: ENU(2.63, -4.23, -0.18) -> NED(-2.63, -4.23, 0.18)
[fastlio_bridge_node-1] [INFO] [1786371380.062238596] [fastlio_bridge_node]: 已桥接并转换里程计: ENU(2.63, -4.23, -0.18) -> NED(-2.63, -4.23, 0.18)
[fastlio_bridge_node-1] [INFO] [1786371382.061694163] [fastlio_bridge_node]: 已桥接并转换里程计: ENU(2.64, -4.24, -0.17) -> NED(-2.64, -4.24, 0.17)
[map_io_node-3] [INFO] [1786371382.606956366] [map_io_node]: Map saved to /home/robot/rong_ws/ws_offboard_control/maps/现场扫图/20260810/扫图_20260810_220543/现场地图.pcd (83024 points)
[mapping_manager_node-4] [INFO] [1786371397.773654574] [mapping_manager_node]: Mapping status: in_flight=false, map_loaded=false, map_saved=false
[mapping_manager_node-4] [INFO] [1786371427.773194953] [mapping_manager_node]: Mapping status: in_flight=false, map_loaded=false, map_saved=false
[mapping_manager_node-4] [INFO] [1786371457.773023411] [mapping_manager_node]: Mapping status: in_flight=false, map_loaded=false, map_saved=false
[mapping_manager_node-4] [INFO] [1786371487.772910932] [mapping_manager_node]: Mapping status: in_flight=false, map_loaded=false, map_saved=false
[mapping_manager_node-4] [INFO] [1786371517.771003991] [mapping_manager_node]: Mapping status: in_flight=false, map_loaded=false, map_saved=false
[mapping_manager_node-4] [INFO] [1786371547.769528410] [mapping_manager_node]: Mapping status: in_flight=false, map_loaded=false, map_saved=false
